Microchip MPLAB XC8 Compiler V2.40

Linker command line:

-W-3 \
  --edf=C:\Program Files\Microchip\xc8\v2.40\pic\dat\20220703182018_en.msgs \
  -pivt0x8=08h -cn -h+dist/default/production\Practica_2a.X.production.sym \
  --cmf=dist/default/production\Practica_2a.X.production.cmf -z -Q18F46K42 \
  -oC:\Users\rrtc2\AppData\Local\Temp\xcAsvdo.4 --defsym=__MPLAB_BUILD=1 \
  --fixupoverflow=error \
  -Mdist/default/production/Practica_2a.X.production.map \
  --md=C:\Users\rrtc2\AppData\Local\Temp\xcAsvdo.dat -E1 -ver=XC8 Compiler \
  --acfsm=1493 -ACODE=00h-0FFFFh -ACONST=00h-0FFFFh \
  -ASMALLCONST=01000h-010FFhx240 -AMEDIUMCONST=01000h-0FFFFh \
  -ACOMRAM=01h-05Fh -AABS1=00h-0FFFh -ABIGRAM=01h-0FFFh \
  -ARAM=060h-0FFh,0100h-01FFhx15 -ABANK0=060h-0FFh -ABANK1=0100h-01FFh \
  -ABANK2=0200h-02FFh -ABANK3=0300h-03FFh -ABANK4=0400h-04FFh \
  -ABANK5=0500h-05FFh -ABANK6=0600h-06FFh -ABANK7=0700h-07FFh \
  -ABANK8=0800h-08FFh -ABANK9=0900h-09FFh -ABANK10=0A00h-0AFFh \
  -ABANK11=0B00h-0BFFh -ABANK12=0C00h-0CFFh -ABANK13=0D00h-0DFFh \
  -ABANK14=0E00h-0EFFh -ABANK15=0F00h-0FFFh \
  -ASFR=03800h-038FFhx7,03F00h-03F5Fh,03F60h-03FFFh -ABIGSFR=03800h-03FFFh \
  -ACONFIG=0300000h-0300009h -AIDLOC=0200000h-020000Fh \
  -AEEDATA=0310000h-03103FFh -peeprom_data=EEDATA -preset_vec=00h \
  -ppowerup=CODE,init -pramtop=01000h -psmallconst=SMALLCONST \
  -pmediumconst=MEDIUMCONST -pconst=CONST -AFARRAM=00h-00h \
  -prdata=COMRAM,nvrram=COMRAM,nvbit=COMRAM,rbss=COMRAM,rbit=COMRAM \
  -pfarbss=FARRAM,fardata=FARRAM,nvFARRAM=FARRAM \
  -pintsave_regs=BIGRAM,bigbss=BIGRAM,bigdata=BIGRAM -pbss=RAM \
  -pidata=CODE,irdata=CODE,ibigdata=CODE,ifardata=CODE -prparam=COMRAM \
  C:\Users\rrtc2\AppData\Local\Temp\xcAsvdo.o \
  dist/default/production\Practica_2a.X.production.o 

Object code version is 3.11

Machine type is 18F46K42



                Name                               Link     Load   Length Selector   Space Scale
C:\Users\rrtc2\AppData\Local\Temp\xcAsvdo.o
                idloc                            200000   200000       10        0       5
                config                           300000   300000        A        0       4
                init                                 AE       AE        4        4       0
                reset_vec                             0        0        4        0       0
dist/default/production\Practica_2a.X.production.o
                idloc                            200000   200000       10        0       5
                config                           300000   300000        A        0       4
                smallconst                         1000     1000       62      800       0
                ivt0x8                                8        8       A6        4       0
                text50                             15CA     15CA       38      556       0
                text49                             194C     194C        6      653       0
                text48                             1558     1558       3A      556       0
                text47                             195A     195A        4      653       0
                text46                             18C8     18C8       10      632       0
                text45                             18E6     18E6        E      632       0
                text44                             17AA     17AA       2C      5BE       0
                text43                             196C     196C        2      653       0
                text42                             196A     196A        2      653       0
                text41                             14B4     14B4       52      831       0
                text40                             1968     1968        2      653       0
                text39                             1966     1966        2      653       0
                text38                             177E     177E       2C      5BE       0
                text37                             16F8     16F8       2E      5BE       0
                text36                             1964     1964        2      653       0
                text35                             1752     1752       2C      5BE       0
                text34                             16C8     16C8       2E      5B2       0
                text33                             1962     1962        2      653       0
                text32                             1726     1726       2C      5BE       0
                text31                             1698     1698       2E      5A6       0
                text30                             1960     1960        2      653       0
                text29                             1944     1944        6      651       0
                text28                             18D8     18D8        E      632       0
                text27                             1930     1930        A      632       0
                text26                             1956     1956        4      653       0
                text25                             1506     1506       50      831       0
                text24                             1062     1062      106      831       0
                text23                             195E     195E        2      653       0
                text22                             1460     1460       54      831       0
                text21                             1800     1800       2A      5BE       0
                text20                             1926     1926        A      632       0
                text19                             137E     137E       74      831       0
                text18                             189E     189E       18      5BE       0
                text17                             193A     193A        8      632       0
                text16                             191C     191C        A      632       0
                text15                             1912     1912        A      632       0
                text14                             1908     1908        A      632       0
                text13                             12FC     12FC       82      831       0
                text12                             1168     1168       E0      831       0
                text11                             1884     1884       1A      5BE       0
                text10                             18FE     18FE        A      632       0
                text9                              1668     1668       2E      556       0
                text8                              18F4     18F4        A      632       0
                text7                              1636     1636       32      556       0
                text6                              1866     1866       1E      5BE       0
                text5                              1848     1848       1E      5BE       0
                text4                              182A     182A       1E      5BE       0
                text3                              1248     1248       B4      831       0
                text2                              1592     1592       38      556       0
                text1                              17D6     17D6       2A      5BE       0
                text0                              1602     1602       34      556       0
                cstackCOMRAM                         38       38        D        1       1
                cstackBANK0                          80       80        D       60       1
                dataBANK0                            70       70       10       60       1
                bssBANK0                             60       60       10       60       1
                dataCOMRAM                           4F       4F        4        1       1
                bssCOMRAM                             1        1       37        1       1
                cinit                              13F2     13F2       6E      831       0
                nvBANK0                              8D       8D        2       60       1
                nvCOMRAM                             45       45        A        1       1
                idataBANK0                         18B6     18B6       10      5BE       0
                idataCOMRAM                        1952     1952        4      653       0

TOTAL           Name                               Link     Load   Length     Space
        CLASS   CODE           
                init                                 AE       AE        4         0
                reset_vec                             0        0        4         0
                ivt0x8                                8        8       A6         0
                text50                             15CA     15CA       38         0
                text49                             194C     194C        6         0
                text48                             1558     1558       3A         0
                text47                             195A     195A        4         0
                text46                             18C8     18C8       10         0
                text45                             18E6     18E6        E         0
                text44                             17AA     17AA       2C         0
                text43                             196C     196C        2         0
                text42                             196A     196A        2         0
                text41                             14B4     14B4       52         0
                text40                             1968     1968        2         0
                text39                             1966     1966        2         0
                text38                             177E     177E       2C         0
                text37                             16F8     16F8       2E         0
                text36                             1964     1964        2         0
                text35                             1752     1752       2C         0
                text34                             16C8     16C8       2E         0
                text33                             1962     1962        2         0
                text32                             1726     1726       2C         0
                text31                             1698     1698       2E         0
                text30                             1960     1960        2         0
                text29                             1944     1944        6         0
                text28                             18D8     18D8        E         0
                text27                             1930     1930        A         0
                text26                             1956     1956        4         0
                text25                             1506     1506       50         0
                text24                             1062     1062      106         0
                text23                             195E     195E        2         0
                text22                             1460     1460       54         0
                text21                             1800     1800       2A         0
                text20                             1926     1926        A         0
                text19                             137E     137E       74         0
                text18                             189E     189E       18         0
                text17                             193A     193A        8         0
                text16                             191C     191C        A         0
                text15                             1912     1912        A         0
                text14                             1908     1908        A         0
                text13                             12FC     12FC       82         0
                text12                             1168     1168       E0         0
                text11                             1884     1884       1A         0
                text10                             18FE     18FE        A         0
                text9                              1668     1668       2E         0
                text8                              18F4     18F4        A         0
                text7                              1636     1636       32         0
                text6                              1866     1866       1E         0
                text5                              1848     1848       1E         0
                text4                              182A     182A       1E         0
                text3                              1248     1248       B4         0
                text2                              1592     1592       38         0
                text1                              17D6     17D6       2A         0
                text0                              1602     1602       34         0
                cinit                              13F2     13F2       6E         0
                idataBANK0                         18B6     18B6       10         0
                idataCOMRAM                        1952     1952        4         0

        CLASS   CONST          

        CLASS   SMALLCONST     
                smallconst                         1000     1000       62         0

        CLASS   MEDIUMCONST    

        CLASS   COMRAM         
                cstackCOMRAM                         38       38        D         1
                dataCOMRAM                           4F       4F        4         1
                bssCOMRAM                             1        1       37         1
                nvCOMRAM                             45       45        A         1

        CLASS   ABS1           

        CLASS   BIGRAM         

        CLASS   RAM            

        CLASS   BANK0          
                cstackBANK0                          80       80        D         1
                dataBANK0                            70       70       10         1
                bssBANK0                             60       60       10         1
                nvBANK0                              8D       8D        2         1

        CLASS   BANK1          

        CLASS   BANK2          

        CLASS   BANK3          

        CLASS   BANK4          

        CLASS   BANK5          

        CLASS   BANK6          

        CLASS   BANK7          

        CLASS   BANK8          

        CLASS   BANK9          

        CLASS   BANK10         

        CLASS   BANK11         

        CLASS   BANK12         

        CLASS   BANK13         

        CLASS   BANK14         

        CLASS   BANK15         

        CLASS   SFR            

        CLASS   BIGSFR         

        CLASS   CONFIG         
                config                           300000   300000        A         4

        CLASS   IDLOC          
                idloc                            200000   200000       10         5

        CLASS   EEDATA         

        CLASS   FARRAM         

        CLASS   HEAP           

        CLASS   STACK          



SEGMENTS        Name                           Load    Length   Top    Selector   Space  Class

                reset_vec                      000000  000004  000004         0       0  CODE    
                bssCOMRAM                      000001  000052  000053         1       1  COMRAM  
                ivt0x8                         000008  0000AA  0000B2         4       0  CODE    
                bssBANK0                       000060  00002F  00008F        60       1  BANK0   
                smallconst                     001000  000062  001062       800       0  SMALLCON
                text24                         001062  0004F4  001556       831       0  CODE    
                text48                         001558  00013E  001696       556       0  CODE    
                text31                         001698  00002E  0016C6       5A6       0  CODE    
                text34                         0016C8  00002E  0016F6       5B2       0  CODE    
                text37                         0016F8  0001CE  0018C6       5BE       0  CODE    
                text46                         0018C8  00007A  001942       632       0  CODE    
                text29                         001944  000006  00194A       651       0  CODE    
                text49                         00194C  000022  00196E       653       0  CODE    


UNUSED ADDRESS RANGES

        Name                Unused          Largest block    Delta
        BANK0            00008F-0000FF               71
        BANK1            000100-0001FF              100
        BANK10           000A00-000AFF              100
        BANK11           000B00-000BFF              100
        BANK12           000C00-000CFF              100
        BANK13           000D00-000DFF              100
        BANK14           000E00-000EFF              100
        BANK15           000F00-000FFF              100
        BANK2            000200-0002FF              100
        BANK3            000300-0003FF              100
        BANK4            000400-0004FF              100
        BANK5            000500-0005FF              100
        BANK6            000600-0006FF              100
        BANK7            000700-0007FF              100
        BANK8            000800-0008FF              100
        BANK9            000900-0009FF              100
        BIGRAM           000053-00005F                D
                         00008F-000FFF              F71
        BIGSFR           003800-003FFF              800
        CODE             000004-000007                4
                         0000B2-000FFF              F4E
                         001556-001557                2
                         001696-001697                2
                         0016C6-0016C7                2
                         0016F6-0016F7                2
                         0018C6-0018C7                2
                         001942-001943                2
                         00194A-00194B                2
                         00196E-00FFFF             E692
        COMRAM           000053-00005F                D
        CONST            000004-000007                4
                         0000B2-000FFF              F4E
                         001556-001557                2
                         001696-001697                2
                         0016C6-0016C7                2
                         0016F6-0016F7                2
                         0018C6-0018C7                2
                         001942-001943                2
                         00194A-00194B                2
                         00196E-00FFFF             E692
        EEDATA           310000-3103FF              400
        MEDIUMCONST      001556-001557                2
                         001696-001697                2
                         0016C6-0016C7                2
                         0016F6-0016F7                2
                         0018C6-0018C7                2
                         001942-001943                2
                         00194A-00194B                2
                         00196E-00FFFF             E692
        RAM              00008F-000FFF              100
        SFR              003800-003FFF              100
        SMALLCONST       001556-001557                2
                         001696-001697                2
                         0016C6-0016C7                2
                         0016F6-0016F7                2
                         0018C6-0018C7                2
                         001942-001943                2
                         00194A-00194B                2
                         00196E-00FFFF              100

                                  Symbol Table

ADCC_SetADIInterruptHandler@InterruptHandler       cstackBANK0  000089
ADCC_StartConversion@channel                       cstackCOMRAM 00003E
INT0_SetInterruptHandler@InterruptHandler          cstackBANK0  000089
INT1_SetInterruptHandler@InterruptHandler          cstackBANK0  000089
INT2_SetInterruptHandler@InterruptHandler          cstackBANK0  000089
INTERRUPT_Initialize@state                         cstackBANK0  00008B
IVTBASEH                                           (abs)        003FD6
IVTBASEL                                           (abs)        003FD5
IVTBASEU                                           (abs)        003FD7
SPI1_ByteWrite@byte                                cstackCOMRAM 00003E
Timer2_OverflowCallbackRegister@InterruptHandler   cstackBANK0  000089
Timer_OverflowCallbackRegister@CallbackHandler     cstackBANK0  000089
Timer_int@count                                    bssCOMRAM    000019
UART1_FramingErrorCallbackRegister@callbackHandler cstackBANK0  000089
UART1_OverrunErrorCallbackRegister@callbackHandler cstackBANK0  000089
UART1_ParityErrorCallbackRegister@callbackHandler  cstackBANK0  000089
UART1_Receive_Vector_ISR@mesage                    dataCOMRAM   00004F
UART1_Receive_Vector_ISR@status                    bssCOMRAM    000031
UART1_TransmitISR@tempTxTail                       cstackCOMRAM 00003D
UART1_Write@tempTxHead                             cstackCOMRAM 00003E
UART1_Write@txData                                 cstackCOMRAM 00003F
UART_RX_int@mesage                                 bssCOMRAM    00001B
UART_RX_int@opcode                                 bssCOMRAM    00002F
UART_RX_int@status                                 bssCOMRAM    000030
_ADACCH                                            (abs)        003EE9
_ADACCL                                            (abs)        003EE8
_ADACCU                                            (abs)        003EEA
_ADACQH                                            (abs)        003EF4
_ADACQL                                            (abs)        003EF3
_ADACT                                             (abs)        003EFE
_ADCAP                                             (abs)        003EF5
_ADCC_ADI_InterruptHandler                         nvCOMRAM     00004D
_ADCC_DefaultADI_ISR                               text23       00195E
_ADCC_ISR                                          text22       001460
_ADCC_Initialize                                   text19       00137E
_ADCC_SetADIInterruptHandler                       text20       001926
_ADCC_StartConversion                              text28       0018D8
_ADCLK                                             (abs)        003EFF
_ADCNT                                             (abs)        003EEB
_ADCON0                                            (abs)        003EF8
_ADCON0bits                                        (abs)        003EF8
_ADCON1                                            (abs)        003EF9
_ADCON1bits                                        (abs)        003EF9
_ADCON2                                            (abs)        003EFA
_ADCON2bits                                        (abs)        003EFA
_ADCON3                                            (abs)        003EFB
_ADCON3bits                                        (abs)        003EFB
_ADC_int                                           text24       001062
_ADERRH                                            (abs)        003EE3
_ADERRL                                            (abs)        003EE2
_ADFLTRH                                           (abs)        003EE7
_ADFLTRL                                           (abs)        003EE6
_ADLTHH                                            (abs)        003EDF
_ADLTHL                                            (abs)        003EDE
_ADPCH                                             (abs)        003EF1
_ADPREH                                            (abs)        003EF7
_ADPREL                                            (abs)        003EF6
_ADPREVH                                           (abs)        003EEE
_ADPREVL                                           (abs)        003EED
_ADREF                                             (abs)        003EFD
_ADRESH                                            (abs)        003EF0
_ADRESL                                            (abs)        003EEF
_ADRPT                                             (abs)        003EEC
_ADSTAT                                            (abs)        003EFC
_ADSTATbits                                        (abs)        003EFC
_ADSTPTH                                           (abs)        003EE5
_ADSTPTL                                           (abs)        003EE4
_ADUTHH                                            (abs)        003EE1
_ADUTHL                                            (abs)        003EE0
_ANSELA                                            (abs)        003A40
_ANSELB                                            (abs)        003A50
_ANSELC                                            (abs)        003A60
_ANSELD                                            (abs)        003A70
_ANSELE                                            (abs)        003A80
_CLOCK_Initialize                                  text18       00189E
_Default_ISR                                       text40       001968
_FVRCON                                            (abs)        003EC1
_FVRCONbits                                        (abs)        003EC1
_FVR_Initialize                                    text17       00193A
_GIE                                               (abs)        01FE97
_INLVLA                                            (abs)        003A44
_INLVLB                                            (abs)        003A54
_INLVLC                                            (abs)        003A64
_INLVLD                                            (abs)        003A74
_INLVLE                                            (abs)        003A84
_INT0_CallBack                                     text32       001726
_INT0_DefaultInterruptHandler                      text33       001962
_INT0_ISR                                          text31       001698
_INT0_InterruptHandler                             bssCOMRAM    00002D
_INT0_SetInterruptHandler                          text16       00191C
_INT1_CallBack                                     text35       001752
_INT1_DefaultInterruptHandler                      text36       001964
_INT1_ISR                                          text34       0016C8
_INT1_InterruptHandler                             bssCOMRAM    00002B
_INT1_SetInterruptHandler                          text15       001912
_INT2_CallBack                                     text38       00177E
_INT2_DefaultInterruptHandler                      text39       001966
_INT2_ISR                                          text37       0016F8
_INT2_InterruptHandler                             bssCOMRAM    000029
_INT2_SetInterruptHandler                          text14       001908
_INTCON0bits                                       (abs)        003FD2
_INTERRUPT_Initialize                              text13       0012FC
_IOCAF                                             (abs)        003A47
_IOCAN                                             (abs)        003A46
_IOCAP                                             (abs)        003A45
_IOCBF                                             (abs)        003A57
_IOCBN                                             (abs)        003A56
_IOCBP                                             (abs)        003A55
_IOCCF                                             (abs)        003A67
_IOCCN                                             (abs)        003A66
_IOCCP                                             (abs)        003A65
_IOCEF                                             (abs)        003A87
_IOCEN                                             (abs)        003A86
_IOCEP                                             (abs)        003A85
_IOC_ISR                                           text29       001944
_IPR0bits                                          (abs)        003980
_IPR1bits                                          (abs)        003981
_IPR3bits                                          (abs)        003983
_IPR4bits                                          (abs)        003984
_IVTBASEH                                          (abs)        003FD6
_IVTBASEL                                          (abs)        003FD5
_IVTBASEU                                          (abs)        003FD7
_IVTLOCK                                           (abs)        003FD4
_IVTLOCKbits                                       (abs)        003FD4
_LATA                                              (abs)        003FBA
_LATB                                              (abs)        003FBB
_LATBbits                                          (abs)        003FBB
_LATC                                              (abs)        003FBC
_LATD                                              (abs)        003FBD
_LATE                                              (abs)        003FBE
_LATEbits                                          (abs)        003FBE
_ODCONA                                            (abs)        003A42
_ODCONB                                            (abs)        003A52
_ODCONC                                            (abs)        003A62
_ODCOND                                            (abs)        003A72
_ODCONE                                            (abs)        003A82
_OSCCON1                                           (abs)        0039D9
_OSCCON3                                           (abs)        0039DB
_OSCEN                                             (abs)        0039DD
_OSCFRQ                                            (abs)        0039DF
_OSCTUNE                                           (abs)        0039DE
_PERIOD                                            dataCOMRAM   000051
_PIE1bits                                          (abs)        003991
_PIE3bits                                          (abs)        003993
_PIE4bits                                          (abs)        003994
_PIN_MANAGER_IOC                                   text30       001960
_PIN_MANAGER_Initialize                            text12       001168
_PIR1bits                                          (abs)        0039A1
_PIR2bits                                          (abs)        0039A2
_PIR3bits                                          (abs)        0039A3
_PIR4bits                                          (abs)        0039A4
_PIR5bits                                          (abs)        0039A5
_PIR7bits                                          (abs)        0039A7
_PR2                                               (abs)        003FAB
_RB1I2C                                            (abs)        003A5A
_RB2I2C                                            (abs)        003A5B
_RC3I2C                                            (abs)        003A6A
_RC3PPS                                            (abs)        003A13
_RC4I2C                                            (abs)        003A6B
_RC5PPS                                            (abs)        003A15
_RC6PPS                                            (abs)        003A16
_RD0I2C                                            (abs)        003A7A
_RD1I2C                                            (abs)        003A7B
_SLRCONA                                           (abs)        003A43
_SLRCONB                                           (abs)        003A53
_SLRCONC                                           (abs)        003A63
_SLRCOND                                           (abs)        003A73
_SLRCONE                                           (abs)        003A83
_SPI1                                              smallconst   001031
_SPI1BAUD                                          (abs)        003D19
_SPI1CLK                                           (abs)        003D1C
_SPI1CON0                                          (abs)        003D14
_SPI1CON0bits                                      (abs)        003D14
_SPI1CON1                                          (abs)        003D15
_SPI1CON2                                          (abs)        003D16
_SPI1RXB                                           (abs)        003D10
_SPI1SCKPPS                                        (abs)        003ADE
_SPI1SDIPPS                                        (abs)        003ADF
_SPI1TCNTL                                         (abs)        003D12
_SPI1TXB                                           (abs)        003D11
_SPI1_BufferExchange                               (abs)        000000
_SPI1_BufferRead                                   (abs)        000000
_SPI1_BufferWrite                                  (abs)        000000
_SPI1_ByteExchange                                 (abs)        000000
_SPI1_ByteRead                                     (abs)        000000
_SPI1_ByteWrite                                    text27       001930
_SPI1_Close                                        (abs)        000000
_SPI1_Initialize                                   text11       001884
_SPI1_Open                                         text21       001800
_SYSTEM_Initialize                                 text1        0017D6
_T0CON0                                            (abs)        003FB8
_T0CON0bits                                        (abs)        003FB8
_T0CON1                                            (abs)        003FB9
_T2CLKCON                                          (abs)        003FAE
_T2CON                                             (abs)        003FAC
_T2CONbits                                         (abs)        003FAC
_T2HLT                                             (abs)        003FAD
_T2HLTbits                                         (abs)        003FAD
_T2PR                                              (abs)        003FAB
_T2RST                                             (abs)        003FAF
_T2RSTbits                                         (abs)        003FAF
_T2TMR                                             (abs)        003FAA
_TMR0H                                             (abs)        003FB7
_TMR0L                                             (abs)        003FB6
_TMR2                                              (abs)        003FAA
_TRISA                                             (abs)        003FC2
_TRISB                                             (abs)        003FC3
_TRISC                                             (abs)        003FC4
_TRISCbits                                         (abs)        003FC4
_TRISD                                             (abs)        003FC5
_TRISE                                             (abs)        003FC6
_Timer                                             smallconst   00104F
_Timer2                                            smallconst   001043
_Timer2_DefaultOverflowCallback                    text42       00196A
_Timer2_ISR                                        text46       0018C8
_Timer2_Initialize                                 text9        001668
_Timer2_OverflowCallback                           nvBANK0      00008D
_Timer2_OverflowCallbackRegister                   text10       0018FE
_Timer2_PeriodCountSet                             (abs)        000000
_Timer2_Start                                      text26       001956
_Timer2_Stop                                       text47       00195A
_Timer_DefaultOverflowCallback                     text43       00196C
_Timer_Initialize                                  text7        001636
_Timer_OverflowCallback                            nvCOMRAM     000045
_Timer_OverflowCallbackRegister                    text8        0018F4
_Timer_OverflowISR                                 text41       0014B4
_Timer_PeriodCountSet                              (abs)        000000
_Timer_Start                                       (abs)        000000
_Timer_Stop                                        (abs)        000000
_Timer_int                                         text44       0017AA
_U1BRGH                                            (abs)        003DF6
_U1BRGL                                            (abs)        003DF5
_U1CON0                                            (abs)        003DF2
_U1CON0bits                                        (abs)        003DF2
_U1CON1                                            (abs)        003DF3
_U1CON1bits                                        (abs)        003DF3
_U1CON2                                            (abs)        003DF4
_U1ERRIE                                           (abs)        003DFA
_U1ERRIR                                           (abs)        003DF9
_U1ERRIRbits                                       (abs)        003DF9
_U1FIFO                                            (abs)        003DF7
_U1P1H                                             (abs)        003DED
_U1P1L                                             (abs)        003DEC
_U1P2H                                             (abs)        003DEF
_U1P2L                                             (abs)        003DEE
_U1P3H                                             (abs)        003DF1
_U1P3L                                             (abs)        003DF0
_U1RXB                                             (abs)        003DE8
_U1RXCHK                                           (abs)        003DE9
_U1RXPPS                                           (abs)        003AE5
_U1TXB                                             (abs)        003DEA
_U1TXCHK                                           (abs)        003DEB
_U1UIR                                             (abs)        003DF8
_U1UIRbits                                         (abs)        003DF8
_U2BRGH                                            (abs)        003DDE
_U2BRGL                                            (abs)        003DDD
_U2CON0                                            (abs)        003DDA
_U2CON1                                            (abs)        003DDB
_U2CON2                                            (abs)        003DDC
_U2ERRIE                                           (abs)        003DE2
_U2ERRIR                                           (abs)        003DE1
_U2FIFO                                            (abs)        003DDF
_U2P1L                                             (abs)        003DD4
_U2P2L                                             (abs)        003DD6
_U2P3L                                             (abs)        003DD8
_U2TXB                                             (abs)        003DD2
_U2UIR                                             (abs)        003DE0
_UART                                              smallconst   001001
_UART1_AutoBaudQuery                               (abs)        000000
_UART1_AutoBaudSet                                 (abs)        000000
_UART1_DefaultFramingErrorCallback                 (abs)        000000
_UART1_DefaultOverrunErrorCallback                 (abs)        000000
_UART1_DefaultParityErrorCallback                  (abs)        000000
_UART1_Deinitialize                                (abs)        000000
_UART1_ErrorGet                                    (abs)        000000
_UART1_FramingErrorCallbackRegister                text6        001866
_UART1_FramingErrorHandler                         bssCOMRAM    000025
_UART1_Initialize                                  text3        001248
_UART1_IsRxReady                                   (abs)        000000
_UART1_IsTxDone                                    (abs)        000000
_UART1_IsTxReady                                   (abs)        000000
_UART1_OverrunErrorCallbackRegister                text5        001848
_UART1_OverrunErrorHandler                         bssCOMRAM    000023
_UART1_ParityErrorCallbackRegister                 text4        00182A
_UART1_ParityErrorHandler                          bssCOMRAM    000021
_UART1_Read                                        (abs)        000000
_UART1_ReceiveISR                                  (abs)        000000
_UART1_Receive_Vector_ISR                          text48       001558
_UART1_RxCompleteCallbackRegister                  (abs)        000000
_UART1_RxCompleteInterruptHandler                  bssCOMRAM    00001D
_UART1_RxInterruptHandler                          nvCOMRAM     000049
_UART1_TransmitDisable                             (abs)        000000
_UART1_TransmitEnable                              (abs)        000000
_UART1_TransmitISR                                 text50       0015CA
_UART1_Transmit_Vector_ISR                         text49       00194C
_UART1_TxCompleteCallbackRegister                  (abs)        000000
_UART1_TxCompleteInterruptHandler                  bssCOMRAM    00001F
_UART1_TxInterruptHandler                          nvCOMRAM     00004B
_UART1_Write                                       text25       001506
_UART2_Initialize                                  text2        001592
_WPUA                                              (abs)        003A41
_WPUB                                              (abs)        003A51
_WPUC                                              (abs)        003A61
_WPUD                                              (abs)        003A71
_WPUE                                              (abs)        003A81
__HRAM                                             (abs)        000000
__Habs1                                            abs1         000000
__Hbank0                                           bank0        000000
__Hbank1                                           bank1        000000
__Hbank10                                          bank10       000000
__Hbank11                                          bank11       000000
__Hbank12                                          bank12       000000
__Hbank13                                          bank13       000000
__Hbank14                                          bank14       000000
__Hbank15                                          bank15       000000
__Hbank2                                           bank2        000000
__Hbank3                                           bank3        000000
__Hbank4                                           bank4        000000
__Hbank5                                           bank5        000000
__Hbank6                                           bank6        000000
__Hbank7                                           bank7        000000
__Hbank8                                           bank8        000000
__Hbank9                                           bank9        000000
__Hbigbss                                          bigbss       000000
__Hbigdata                                         bigdata      000000
__Hbigram                                          bigram       000000
__Hbigsfr                                          bigsfr       000000
__Hbss                                             bss          000000
__HbssBANK0                                        bssBANK0     000000
__HbssCOMRAM                                       bssCOMRAM    000000
__Hcinit                                           cinit        000000
__Hclrtext                                         clrtext      000000
__Hcomram                                          comram       000000
__Hconfig                                          config       30000A
__Hconst                                           const        000000
__HcstackBANK0                                     cstackBANK0  000000
__HcstackCOMRAM                                    cstackCOMRAM 000000
__Hdata                                            data         000000
__HdataBANK0                                       dataBANK0    000000
__HdataCOMRAM                                      dataCOMRAM   000000
__Heeprom_data                                     eeprom_data  000000
__Hfarbss                                          farbss       000000
__Hfardata                                         fardata      000000
__Hheap                                            heap         000000
__Hibigdata                                        ibigdata     000000
__Hidata                                           idata        000000
__HidataBANK0                                      idataBANK0   000000
__HidataCOMRAM                                     idataCOMRAM  000000
__Hidloc                                           idloc        200010
__Hifardata                                        ifardata     000000
__Hinit                                            init         0000B2
__Hintsave_regs                                    intsave_regs 000000
__Hirdata                                          irdata       000000
__Hivt0x8                                          ivt0x8       0000AE
__Hmediumconst                                     mediumconst  000000
__HnvBANK0                                         nvBANK0      000000
__HnvCOMRAM                                        nvCOMRAM     000000
__HnvFARRAM                                        nvFARRAM     000000
__Hnvbit                                           nvbit        000000
__Hnvrram                                          nvrram       000000
__Hparam                                           rparam       000000
__Hpowerup                                         powerup      000000
__Hram                                             ram          000000
__Hramtop                                          ramtop       001000
__Hrbit                                            rbit         000000
__Hrbss                                            rbss         000000
__Hrdata                                           rdata        000000
__Hreset_vec                                       reset_vec    000004
__Hrparam                                          rparam       000000
__Hsfr                                             sfr          000000
__Hsmallconst                                      smallconst   001062
__Hspace_0                                         (abs)        00196E
__Hspace_1                                         (abs)        00008F
__Hspace_2                                         (abs)        000000
__Hspace_4                                         (abs)        60000A
__Hstack                                           stack        000000
__Hstruct                                          struct       000000
__Htemp                                            temp         000000
__Htext                                            text         000000
__Htext0                                           text0        000000
__Htext1                                           text1        000000
__Htext10                                          text10       000000
__Htext11                                          text11       000000
__Htext12                                          text12       000000
__Htext13                                          text13       000000
__Htext14                                          text14       000000
__Htext15                                          text15       000000
__Htext16                                          text16       000000
__Htext17                                          text17       000000
__Htext18                                          text18       000000
__Htext19                                          text19       000000
__Htext2                                           text2        000000
__Htext20                                          text20       000000
__Htext21                                          text21       000000
__Htext22                                          text22       000000
__Htext23                                          text23       000000
__Htext24                                          text24       000000
__Htext25                                          text25       000000
__Htext26                                          text26       000000
__Htext27                                          text27       000000
__Htext28                                          text28       000000
__Htext29                                          text29       000000
__Htext3                                           text3        000000
__Htext30                                          text30       000000
__Htext31                                          text31       000000
__Htext32                                          text32       000000
__Htext33                                          text33       000000
__Htext34                                          text34       000000
__Htext35                                          text35       000000
__Htext36                                          text36       000000
__Htext37                                          text37       000000
__Htext38                                          text38       000000
__Htext39                                          text39       000000
__Htext4                                           text4        000000
__Htext40                                          text40       000000
__Htext41                                          text41       000000
__Htext42                                          text42       000000
__Htext43                                          text43       000000
__Htext44                                          text44       000000
__Htext45                                          text45       000000
__Htext46                                          text46       000000
__Htext47                                          text47       000000
__Htext48                                          text48       000000
__Htext49                                          text49       000000
__Htext5                                           text5        000000
__Htext50                                          text50       000000
__Htext51                                          text51       000000
__Htext6                                           text6        000000
__Htext7                                           text7        000000
__Htext8                                           text8        000000
__Htext9                                           text9        000000
__LRAM                                             (abs)        000001
__Labs1                                            abs1         000000
__Lbank0                                           bank0        000000
__Lbank1                                           bank1        000000
__Lbank10                                          bank10       000000
__Lbank11                                          bank11       000000
__Lbank12                                          bank12       000000
__Lbank13                                          bank13       000000
__Lbank14                                          bank14       000000
__Lbank15                                          bank15       000000
__Lbank2                                           bank2        000000
__Lbank3                                           bank3        000000
__Lbank4                                           bank4        000000
__Lbank5                                           bank5        000000
__Lbank6                                           bank6        000000
__Lbank7                                           bank7        000000
__Lbank8                                           bank8        000000
__Lbank9                                           bank9        000000
__Lbigbss                                          bigbss       000000
__Lbigdata                                         bigdata      000000
__Lbigram                                          bigram       000000
__Lbigsfr                                          bigsfr       000000
__Lbss                                             bss          000000
__LbssBANK0                                        bssBANK0     000000
__LbssCOMRAM                                       bssCOMRAM    000000
__Lcinit                                           cinit        000000
__Lclrtext                                         clrtext      000000
__Lcomram                                          comram       000000
__Lconfig                                          config       000000
__Lconst                                           const        000000
__LcstackBANK0                                     cstackBANK0  000000
__LcstackCOMRAM                                    cstackCOMRAM 000000
__Ldata                                            data         000000
__LdataBANK0                                       dataBANK0    000000
__LdataCOMRAM                                      dataCOMRAM   000000
__Leeprom_data                                     eeprom_data  000000
__Lfarbss                                          farbss       000000
__Lfardata                                         fardata      000000
__Lheap                                            heap         000000
__Libigdata                                        ibigdata     000000
__Lidata                                           idata        000000
__LidataBANK0                                      idataBANK0   000000
__LidataCOMRAM                                     idataCOMRAM  000000
__Lidloc                                           idloc        000000
__Lifardata                                        ifardata     000000
__Linit                                            init         0000AE
__Lintsave_regs                                    intsave_regs 000000
__Lirdata                                          irdata       000000
__Livt0x8                                          ivt0x8       000008
__Lmediumconst                                     mediumconst  000000
__LnvBANK0                                         nvBANK0      000000
__LnvCOMRAM                                        nvCOMRAM     000000
__LnvFARRAM                                        nvFARRAM     000000
__Lnvbit                                           nvbit        000000
__Lnvrram                                          nvrram       000000
__Lparam                                           rparam       000000
__Lpowerup                                         powerup      000000
__Lram                                             ram          000000
__Lramtop                                          ramtop       001000
__Lrbit                                            rbit         000000
__Lrbss                                            rbss         000000
__Lrdata                                           rdata        000000
__Lreset_vec                                       reset_vec    000000
__Lrparam                                          rparam       000000
__Lsfr                                             sfr          000000
__Lsmallconst                                      smallconst   001000
__Lspace_0                                         (abs)        000000
__Lspace_1                                         (abs)        000000
__Lspace_2                                         (abs)        000000
__Lspace_4                                         (abs)        000000
__Lstack                                           stack        000000
__Lstruct                                          struct       000000
__Ltemp                                            temp         000000
__Ltext                                            text         000000
__Ltext0                                           text0        000000
__Ltext1                                           text1        000000
__Ltext10                                          text10       000000
__Ltext11                                          text11       000000
__Ltext12                                          text12       000000
__Ltext13                                          text13       000000
__Ltext14                                          text14       000000
__Ltext15                                          text15       000000
__Ltext16                                          text16       000000
__Ltext17                                          text17       000000
__Ltext18                                          text18       000000
__Ltext19                                          text19       000000
__Ltext2                                           text2        000000
__Ltext20                                          text20       000000
__Ltext21                                          text21       000000
__Ltext22                                          text22       000000
__Ltext23                                          text23       000000
__Ltext24                                          text24       000000
__Ltext25                                          text25       000000
__Ltext26                                          text26       000000
__Ltext27                                          text27       000000
__Ltext28                                          text28       000000
__Ltext29                                          text29       000000
__Ltext3                                           text3        000000
__Ltext30                                          text30       000000
__Ltext31                                          text31       000000
__Ltext32                                          text32       000000
__Ltext33                                          text33       000000
__Ltext34                                          text34       000000
__Ltext35                                          text35       000000
__Ltext36                                          text36       000000
__Ltext37                                          text37       000000
__Ltext38                                          text38       000000
__Ltext39                                          text39       000000
__Ltext4                                           text4        000000
__Ltext40                                          text40       000000
__Ltext41                                          text41       000000
__Ltext42                                          text42       000000
__Ltext43                                          text43       000000
__Ltext44                                          text44       000000
__Ltext45                                          text45       000000
__Ltext46                                          text46       000000
__Ltext47                                          text47       000000
__Ltext48                                          text48       000000
__Ltext49                                          text49       000000
__Ltext5                                           text5        000000
__Ltext50                                          text50       000000
__Ltext51                                          text51       000000
__Ltext6                                           text6        000000
__Ltext7                                           text7        000000
__Ltext8                                           text8        000000
__Ltext9                                           text9        000000
__S0                                               (abs)        00196E
__S1                                               (abs)        00008F
__S4                                               (abs)        000000
__S5                                               (abs)        000000
___heap_hi                                         (abs)        000000
___heap_lo                                         (abs)        000000
___inthi_sp                                        stack        000000
___intlo_sp                                        stack        000000
___param_bank                                      (abs)        000000
___rparam_used                                     (abs)        000001
___sp                                              stack        000000
__accesstop                                        (abs)        000060
__activetblptr                                     (abs)        000003
__end_of_ADCC_DefaultADI_ISR                       text23       001960
__end_of_ADCC_ISR                                  text22       0014B4
__end_of_ADCC_Initialize                           text19       0013F2
__end_of_ADCC_SetADIInterruptHandler               text20       001930
__end_of_ADCC_StartConversion                      text28       0018E6
__end_of_ADC_int                                   text24       001168
__end_of_CLOCK_Initialize                          text18       0018B6
__end_of_Default_ISR                               text40       00196A
__end_of_FVR_Initialize                            text17       001942
__end_of_INT0_CallBack                             text32       001752
__end_of_INT0_DefaultInterruptHandler              text33       001964
__end_of_INT0_ISR                                  text31       0016C6
__end_of_INT0_SetInterruptHandler                  text16       001926
__end_of_INT1_CallBack                             text35       00177E
__end_of_INT1_DefaultInterruptHandler              text36       001966
__end_of_INT1_ISR                                  text34       0016F6
__end_of_INT1_SetInterruptHandler                  text15       00191C
__end_of_INT2_CallBack                             text38       0017AA
__end_of_INT2_DefaultInterruptHandler              text39       001968
__end_of_INT2_ISR                                  text37       001726
__end_of_INT2_SetInterruptHandler                  text14       001912
__end_of_INTERRUPT_Initialize                      text13       00137E
__end_of_IOC_ISR                                   text29       00194A
__end_of_PIN_MANAGER_IOC                           text30       001962
__end_of_PIN_MANAGER_Initialize                    text12       001248
__end_of_SPI1                                      smallconst   001043
__end_of_SPI1_ByteWrite                            text27       00193A
__end_of_SPI1_Initialize                           text11       00189E
__end_of_SPI1_Open                                 text21       00182A
__end_of_SYSTEM_Initialize                         text1        001800
__end_of_Timer                                     smallconst   00105B
__end_of_Timer2                                    smallconst   00104F
__end_of_Timer2_DefaultOverflowCallback            text42       00196C
__end_of_Timer2_ISR                                text46       0018D8
__end_of_Timer2_Initialize                         text9        001696
__end_of_Timer2_OverflowCallbackRegister           text10       001908
__end_of_Timer2_Start                              text26       00195A
__end_of_Timer2_Stop                               text47       00195E
__end_of_Timer_DefaultOverflowCallback             text43       00196E
__end_of_Timer_Initialize                          text7        001668
__end_of_Timer_OverflowCallbackRegister            text8        0018FE
__end_of_Timer_OverflowISR                         text41       001506
__end_of_Timer_int                                 text44       0017D6
__end_of_UART                                      smallconst   001031
__end_of_UART1_FramingErrorCallbackRegister        text6        001884
__end_of_UART1_Initialize                          text3        0012FC
__end_of_UART1_OverrunErrorCallbackRegister        text5        001866
__end_of_UART1_ParityErrorCallbackRegister         text4        001848
__end_of_UART1_Receive_Vector_ISR                  text48       001592
__end_of_UART1_TransmitISR                         text50       001602
__end_of_UART1_Transmit_Vector_ISR                 text49       001952
__end_of_UART1_Write                               text25       001556
__end_of_UART2_Initialize                          text2        0015CA
__end_of__initialization                           cinit        00145A
__end_of_main                                      text0        001636
__end_of_spi1_configuration                        smallconst   001060
__end_ofi2_ADCC_StartConversion                    text45       0018F4
__initialization                                   cinit        0013F2
__mediumconst                                      mediumconst  000000
__pbssBANK0                                        bssBANK0     000060
__pbssCOMRAM                                       bssCOMRAM    000001
__pcinit                                           cinit        0013F2
__pcstackBANK0                                     cstackBANK0  000080
__pcstackCOMRAM                                    cstackCOMRAM 000038
__pdataBANK0                                       dataBANK0    000070
__pdataCOMRAM                                      dataCOMRAM   00004F
__pidataBANK0                                      idataBANK0   0018B6
__pidataCOMRAM                                     idataCOMRAM  001952
__pivt0x8                                          ivt0x8       000008
__pnvBANK0                                         nvBANK0      00008D
__pnvCOMRAM                                        nvCOMRAM     000045
__psmallconst                                      smallconst   001000
__ptext0                                           text0        001602
__ptext1                                           text1        0017D6
__ptext10                                          text10       0018FE
__ptext11                                          text11       001884
__ptext12                                          text12       001168
__ptext13                                          text13       0012FC
__ptext14                                          text14       001908
__ptext15                                          text15       001912
__ptext16                                          text16       00191C
__ptext17                                          text17       00193A
__ptext18                                          text18       00189E
__ptext19                                          text19       00137E
__ptext2                                           text2        001592
__ptext20                                          text20       001926
__ptext21                                          text21       001800
__ptext22                                          text22       001460
__ptext23                                          text23       00195E
__ptext24                                          text24       001062
__ptext25                                          text25       001506
__ptext26                                          text26       001956
__ptext27                                          text27       001930
__ptext28                                          text28       0018D8
__ptext29                                          text29       001944
__ptext3                                           text3        001248
__ptext30                                          text30       001960
__ptext31                                          text31       001698
__ptext32                                          text32       001726
__ptext33                                          text33       001962
__ptext34                                          text34       0016C8
__ptext35                                          text35       001752
__ptext36                                          text36       001964
__ptext37                                          text37       0016F8
__ptext38                                          text38       00177E
__ptext39                                          text39       001966
__ptext4                                           text4        00182A
__ptext40                                          text40       001968
__ptext41                                          text41       0014B4
__ptext42                                          text42       00196A
__ptext43                                          text43       00196C
__ptext44                                          text44       0017AA
__ptext45                                          text45       0018E6
__ptext46                                          text46       0018C8
__ptext47                                          text47       00195A
__ptext48                                          text48       001558
__ptext49                                          text49       00194C
__ptext5                                           text5        001848
__ptext50                                          text50       0015CA
__ptext51                                          text51       000000
__ptext6                                           text6        001866
__ptext7                                           text7        001636
__ptext8                                           text8        0018F4
__ptext9                                           text9        001668
__ramtop                                           ramtop       001000
__smallconst                                       smallconst   001000
_char_hex                                          dataBANK0    000070
_main                                              text0        001602
_timerTMR0ReloadVal16bit                           nvCOMRAM     000047
_uart1RxBuffer                                     bssCOMRAM    000011
_uart1RxCount                                      bssCOMRAM    000032
_uart1RxHead                                       bssCOMRAM    000034
_uart1RxLastError                                  bssCOMRAM    000027
_uart1RxStatusBuffer                               bssCOMRAM    000001
_uart1RxTail                                       bssCOMRAM    000033
_uart1TxBuffer                                     bssBANK0     000060
_uart1TxBufferRemaining                            bssCOMRAM    000035
_uart1TxHead                                       bssCOMRAM    000037
_uart1TxTail                                       bssCOMRAM    000036
end_of_initialization                              cinit        00145A
i2ADCC_StartConversion@channel                     cstackCOMRAM 000038
i2_ADCC_StartConversion                            text45       0018E6
intlevel0                                          text         000000
intlevel1                                          text         000000
intlevel2                                          text         000000
intlevel3                                          text         000000
isa$std                                            (abs)        000001
isa$xinst                                          (abs)        000000
ivt0x8_base                                        ivt0x8       000008
ivt0x8_undefint                                    ivt0x8       0000AC
stackhi                                            (abs)        000000
stacklo                                            (abs)        000000
start                                              init         0000AE
start_initialization                               cinit        0013F2


MODULE INFORMATION

Module		Function		Class		Link	Load	Size
mcc_generated_files/peripheral/src/uart2.c
		_UART2_Initialize		CODE           	1592	0000	56

mcc_generated_files/peripheral/src/uart2.c estimated size: 56

mcc_generated_files/system/src/interrupt.c
		_IOC_ISR       		CODE           	1944	0000	6
		_INT0_SetInterruptHandler		CODE           	191C	0000	10
		_INT1_SetInterruptHandler		CODE           	1912	0000	10
		_INT2_SetInterruptHandler		CODE           	1908	0000	10
		_INTERRUPT_Initialize		CODE           	12FC	0000	130
		_INT0_DefaultInterruptHandler		CODE           	1962	0000	2
		_INT0_CallBack 		CODE           	1726	0000	44
		_INT1_DefaultInterruptHandler		CODE           	1964	0000	2
		_INT1_CallBack 		CODE           	1752	0000	44
		_INT2_DefaultInterruptHandler		CODE           	1966	0000	2
		_INT2_CallBack 		CODE           	177E	0000	44
		_Default_ISR   		CODE           	1968	0000	2
		_INT0_ISR      		CODE           	1698	0000	46
		_INT1_ISR      		CODE           	16C8	0000	46
		_INT2_ISR      		CODE           	16F8	0000	46

mcc_generated_files/system/src/interrupt.c estimated size: 444

mcc_generated_files/adc/src/adcc.c
		_ADCC_DefaultADI_ISR		CODE           	195E	0000	2
		_ADCC_SetADIInterruptHandler		CODE           	1926	0000	10
		_ADCC_ISR      		CODE           	1460	0000	84
		_ADCC_StartConversion		CODE           	18D8	0000	14
		_ADCC_Initialize		CODE           	137E	0000	116

mcc_generated_files/adc/src/adcc.c estimated size: 226

mcc_generated_files/uart/src/uart1.c
		_UART1_Write   		CODE           	1506	0000	80
		_UART1_FramingErrorCallbackRegister		CODE           	1866	0000	30
		_UART1_Transmit_Vector_ISR		CODE           	194C	0000	6
		_UART1_Receive_Vector_ISR		CODE           	1558	0000	58
		_UART1_OverrunErrorCallbackRegister		CODE           	1848	0000	30
		_UART1_Initialize		CODE           	1248	0000	180
		_UART1_TransmitISR		CODE           	15CA	0000	56
		_UART1_ParityErrorCallbackRegister		CODE           	182A	0000	30

mcc_generated_files/uart/src/uart1.c estimated size: 470

mcc_generated_files/system/src/pins.c
		_PIN_MANAGER_Initialize		CODE           	1168	0000	224
		_PIN_MANAGER_IOC		CODE           	1960	0000	2

mcc_generated_files/system/src/pins.c estimated size: 226

Timer_int.c
		_Timer_int     		CODE           	17AA	0000	44

Timer_int.c estimated size: 44

shared
		_SPI1          		SMALLCONST     	1031	0000	18
		_UART          		SMALLCONST     	1001	0000	48
		_Timer         		SMALLCONST     	104F	0000	12
		_Timer2        		SMALLCONST     	1043	0000	12
		__initialization		CODE           	13F2	0000	104
		i2_ADCC_StartConversion		CODE           	18E6	0000	14
		_spi1_configuration		SMALLCONST     	0000	0000	0

shared estimated size: 208

mcc_generated_files/timer/src/tmr2.c
		_Timer2_Initialize		CODE           	1668	0000	46
		_Timer2_OverflowCallbackRegister		CODE           	18FE	0000	10
		_Timer2_DefaultOverflowCallback		CODE           	196A	0000	2
		_Timer2_ISR    		CODE           	18C8	0000	16
		_Timer2_Stop   		CODE           	195A	0000	4
		_Timer2_Start  		CODE           	1956	0000	4

mcc_generated_files/timer/src/tmr2.c estimated size: 82

mcc_generated_files/system/src/clock.c
		_CLOCK_Initialize		CODE           	189E	0000	24

mcc_generated_files/system/src/clock.c estimated size: 24

ADC_int.c
		_ADC_int       		CODE           	1062	0000	262

ADC_int.c estimated size: 262

mcc_generated_files/timer/src/tmr0.c
		_Timer_OverflowISR		CODE           	14B4	0000	82
		_Timer_Initialize		CODE           	1636	0000	50
		_Timer_DefaultOverflowCallback		CODE           	196C	0000	2
		_Timer_OverflowCallbackRegister		CODE           	18F4	0000	10

mcc_generated_files/timer/src/tmr0.c estimated size: 144

main.c
		_main          		CODE           	1602	0000	52

main.c estimated size: 52

mcc_generated_files/fvr/src/fvr.c
		_FVR_Initialize		CODE           	193A	0000	8

mcc_generated_files/fvr/src/fvr.c estimated size: 8

mcc_generated_files/system/src/system.c
		_SYSTEM_Initialize		CODE           	17D6	0000	42

mcc_generated_files/system/src/system.c estimated size: 42

mcc_generated_files/spi/src/spi1.c
		_SPI1_ByteWrite		CODE           	1930	0000	10
		_SPI1_Open     		CODE           	1800	0000	42
		_SPI1_Initialize		CODE           	1884	0000	26

mcc_generated_files/spi/src/spi1.c estimated size: 78

