Microchip MPLAB XC8 Compiler V2.40

Linker command line:

-W-3 \
  --edf=C:\Program Files\Microchip\xc8\v2.40\pic\dat\20220703182018_en.msgs \
  -pivt0x8=08h -cn -h+dist/default/production\Practica_2a.X.production.sym \
  --cmf=dist/default/production\Practica_2a.X.production.cmf -z -Q18F46K42 \
  -oC:\Users\rrtc2\AppData\Local\Temp\xcAs1tc.4 --defsym=__MPLAB_BUILD=1 \
  --fixupoverflow=error \
  -Mdist/default/production/Practica_2a.X.production.map \
  --md=C:\Users\rrtc2\AppData\Local\Temp\xcAs1tc.dat -E1 -ver=XC8 Compiler \
  --acfsm=1493 -AHEAP=0D3h-0FFFh -pheap=HEAP -ACODE=00h-0FFFFh \
  -ACONST=00h-0FFFFh -ASMALLCONST=01000h-010FFhx240 \
  -AMEDIUMCONST=01000h-0FFFFh -ACOMRAM=01h-05Fh -AABS1=00h-0FFFh \
  -ABIGRAM=01h-0FFFh -ARAM=060h-0FFh,0100h-01FFhx15 -ABANK0=060h-0FFh \
  -ABANK1=0100h-01FFh -ABANK2=0200h-02FFh -ABANK3=0300h-03FFh \
  -ABANK4=0400h-04FFh -ABANK5=0500h-05FFh -ABANK6=0600h-06FFh \
  -ABANK7=0700h-07FFh -ABANK8=0800h-08FFh -ABANK9=0900h-09FFh \
  -ABANK10=0A00h-0AFFh -ABANK11=0B00h-0BFFh -ABANK12=0C00h-0CFFh \
  -ABANK13=0D00h-0DFFh -ABANK14=0E00h-0EFFh -ABANK15=0F00h-0FFFh \
  -ASFR=03800h-038FFhx7,03F00h-03F5Fh,03F60h-03FFFh -ABIGSFR=03800h-03FFFh \
  -ACONFIG=0300000h-0300009h -AIDLOC=0200000h-020000Fh \
  -AEEDATA=0310000h-03103FFh -peeprom_data=EEDATA -preset_vec=00h \
  -ppowerup=CODE,init -pramtop=01000h -psmallconst=SMALLCONST \
  -pmediumconst=MEDIUMCONST -pconst=CONST -AFARRAM=00h-00h \
  -prdata=COMRAM,nvrram=COMRAM,nvbit=COMRAM,rbss=COMRAM,rbit=COMRAM \
  -pfarbss=FARRAM,fardata=FARRAM,nvFARRAM=FARRAM \
  -pintsave_regs=BIGRAM,bigbss=BIGRAM,bigdata=BIGRAM -pbss=RAM \
  -pidata=CODE,irdata=CODE,ibigdata=CODE,ifardata=CODE -prparam=COMRAM \
  C:\Users\rrtc2\AppData\Local\Temp\xcAs1tc.o \
  dist/default/production\Practica_2a.X.production.o 

Object code version is 3.11

Machine type is 18F46K42



                Name                               Link     Load   Length Selector   Space Scale
C:\Users\rrtc2\AppData\Local\Temp\xcAs1tc.o
                heap                                 D3       D3      F2D       D3       7
                idloc                            200000   200000       10        0       5
                config                           300000   300000        A        0       4
                init                                 AE       AE        4        4       0
                reset_vec                             0        0        4        0       0
dist/default/production\Practica_2a.X.production.o
                idloc                            200000   200000       10        0       5
                config                           300000   300000        A        0       4
                smallconst                         1000     1000       62      800       0
                ivt0x8                                8        8       A6        4       0
                text50                             15D6     15D6       38      530       0
                text49                             196C     196C        6      65B       0
                text48                             1564     1564       3A      530       0
                text47                             1976     1976        4      65B       0
                text46                             18E8     18E8       10      63A       0
                text45                             1906     1906        E      63A       0
                text44                             17B6     17B6       2C      5C1       0
                text43                             1988     1988        2      65B       0
                text42                             1986     1986        2      65B       0
                text41                             14C0     14C0       54      530       0
                text40                             1984     1984        2      65B       0
                text39                             1982     1982        2      65B       0
                text38                             178A     178A       2C      5C1       0
                text37                             1704     1704       2E      5C1       0
                text36                             1980     1980        2      65B       0
                text35                             175E     175E       2C      5C1       0
                text34                             16D4     16D4       2E      5B5       0
                text33                             197E     197E        2      65B       0
                text32                             1732     1732       2C      5C1       0
                text31                             16A4     16A4       2E      5A9       0
                text30                             197C     197C        2      65B       0
                text29                             1964     1964        6      659       0
                text28                             18F8     18F8        E      63A       0
                text27                             1950     1950        A      63A       0
                text26                             1972     1972        4      65B       0
                text25                             1514     1514       50      530       0
                text24                             1062     1062      106      831       0
                text23                             197A     197A        2      65B       0
                text22                             1468     1468       56      51A       0
                text21                             180C     180C       2A      5C1       0
                text20                             1946     1946        A      63A       0
                text19                             1384     1384       74      831       0
                text18                             18AA     18AA       18      5C1       0
                text17                             195A     195A        8      63A       0
                text16                             193C     193C        A      63A       0
                text15                             1932     1932        A      63A       0
                text14                             1928     1928        A      63A       0
                text13                             1302     1302       82      831       0
                text12                             1168     1168       E0      831       0
                text11                             1890     1890       1A      5C1       0
                text10                             191E     191E        A      63A       0
                text9                              1674     1674       2E      530       0
                text8                              1914     1914        A      63A       0
                text7                              1642     1642       32      530       0
                text6                              1872     1872       1E      5C1       0
                text5                              1854     1854       1E      5C1       0
                text4                              1836     1836       1E      5C1       0
                text3                              1248     1248       BA      831       0
                text2                              159E     159E       38      530       0
                text1                              17E2     17E2       2A      5C1       0
                text0                              160E     160E       34      530       0
                cstackCOMRAM                         44       44        D        1       1
                cstackBANK0                          BC       BC        D       60       1
                dataBANK0                            AC       AC       10       60       1
                bssBANK0                             60       60       4C       60       1
                dataCOMRAM                           30       30       14        1       1
                bssCOMRAM                             1        1       2F        1       1
                cinit                              13F8     13F8       6E      831       0
                nvBANK0                              C9       C9        A       60       1
                nvCOMRAM                             51       51        2        1       1
                idataBANK0                         18D6     18D6       10      5C1       0
                idataCOMRAM                        18C2     18C2       14      5C1       0

TOTAL           Name                               Link     Load   Length     Space
        CLASS   HEAP           
                heap                                 D3       D3      F2D         7

        CLASS   CODE           
                init                                 AE       AE        4         0
                reset_vec                             0        0        4         0
                ivt0x8                                8        8       A6         0
                text50                             15D6     15D6       38         0
                text49                             196C     196C        6         0
                text48                             1564     1564       3A         0
                text47                             1976     1976        4         0
                text46                             18E8     18E8       10         0
                text45                             1906     1906        E         0
                text44                             17B6     17B6       2C         0
                text43                             1988     1988        2         0
                text42                             1986     1986        2         0
                text41                             14C0     14C0       54         0
                text40                             1984     1984        2         0
                text39                             1982     1982        2         0
                text38                             178A     178A       2C         0
                text37                             1704     1704       2E         0
                text36                             1980     1980        2         0
                text35                             175E     175E       2C         0
                text34                             16D4     16D4       2E         0
                text33                             197E     197E        2         0
                text32                             1732     1732       2C         0
                text31                             16A4     16A4       2E         0
                text30                             197C     197C        2         0
                text29                             1964     1964        6         0
                text28                             18F8     18F8        E         0
                text27                             1950     1950        A         0
                text26                             1972     1972        4         0
                text25                             1514     1514       50         0
                text24                             1062     1062      106         0
                text23                             197A     197A        2         0
                text22                             1468     1468       56         0
                text21                             180C     180C       2A         0
                text20                             1946     1946        A         0
                text19                             1384     1384       74         0
                text18                             18AA     18AA       18         0
                text17                             195A     195A        8         0
                text16                             193C     193C        A         0
                text15                             1932     1932        A         0
                text14                             1928     1928        A         0
                text13                             1302     1302       82         0
                text12                             1168     1168       E0         0
                text11                             1890     1890       1A         0
                text10                             191E     191E        A         0
                text9                              1674     1674       2E         0
                text8                              1914     1914        A         0
                text7                              1642     1642       32         0
                text6                              1872     1872       1E         0
                text5                              1854     1854       1E         0
                text4                              1836     1836       1E         0
                text3                              1248     1248       BA         0
                text2                              159E     159E       38         0
                text1                              17E2     17E2       2A         0
                text0                              160E     160E       34         0
                cinit                              13F8     13F8       6E         0
                idataBANK0                         18D6     18D6       10         0
                idataCOMRAM                        18C2     18C2       14         0

        CLASS   CONST          

        CLASS   SMALLCONST     
                smallconst                         1000     1000       62         0

        CLASS   MEDIUMCONST    

        CLASS   COMRAM         
                cstackCOMRAM                         44       44        D         1
                dataCOMRAM                           30       30       14         1
                bssCOMRAM                             1        1       2F         1
                nvCOMRAM                             51       51        2         1

        CLASS   ABS1           

        CLASS   BIGRAM         

        CLASS   RAM            

        CLASS   BANK0          
                cstackBANK0                          BC       BC        D         1
                dataBANK0                            AC       AC       10         1
                bssBANK0                             60       60       4C         1
                nvBANK0                              C9       C9        A         1

        CLASS   BANK1          

        CLASS   BANK2          

        CLASS   BANK3          

        CLASS   BANK4          

        CLASS   BANK5          

        CLASS   BANK6          

        CLASS   BANK7          

        CLASS   BANK8          

        CLASS   BANK9          

        CLASS   BANK10         

        CLASS   BANK11         

        CLASS   BANK12         

        CLASS   BANK13         

        CLASS   BANK14         

        CLASS   BANK15         

        CLASS   SFR            

        CLASS   BIGSFR         

        CLASS   CONFIG         
                config                           300000   300000        A         4

        CLASS   IDLOC          
                idloc                            200000   200000       10         5

        CLASS   EEDATA         

        CLASS   FARRAM         

        CLASS   STACK          



SEGMENTS        Name                           Load    Length   Top    Selector   Space  Class

                reset_vec                      000000  000004  000004         0       0  CODE    
                bssCOMRAM                      000001  000052  000053         1       1  COMRAM  
                ivt0x8                         000008  0000AA  0000B2         4       0  CODE    
                bssBANK0                       000060  000073  0000D3        60       1  BANK0   
                heap                           0000D3  000F2D  001000        D3       7  HEAP    
                smallconst                     001000  000062  001062       800       0  SMALLCON
                text24                         001062  000404  001466       831       0  CODE    
                text22                         001468  000056  0014BE       51A       0  CODE    
                text41                         0014C0  0001E2  0016A2       530       0  CODE    
                text31                         0016A4  00002E  0016D2       5A9       0  CODE    
                text34                         0016D4  00002E  001702       5B5       0  CODE    
                text37                         001704  0001E2  0018E6       5C1       0  CODE    
                text46                         0018E8  00007A  001962       63A       0  CODE    
                text29                         001964  000006  00196A       659       0  CODE    
                text49                         00196C  00001E  00198A       65B       0  CODE    


UNUSED ADDRESS RANGES

        Name                Unused          Largest block    Delta
        BANK0            0000D3-0000FF               2D
        BANK1            000100-0001FF              100
        BANK10           000A00-000AFF              100
        BANK11           000B00-000BFF              100
        BANK12           000C00-000CFF              100
        BANK13           000D00-000DFF              100
        BANK14           000E00-000EFF              100
        BANK15           000F00-000FFF              100
        BANK2            000200-0002FF              100
        BANK3            000300-0003FF              100
        BANK4            000400-0004FF              100
        BANK5            000500-0005FF              100
        BANK6            000600-0006FF              100
        BANK7            000700-0007FF              100
        BANK8            000800-0008FF              100
        BANK9            000900-0009FF              100
        BIGRAM           000053-00005F                D
                         0000D3-000FFF              F2D
        BIGSFR           003800-003FFF              800
        CODE             000004-000007                4
                         0000B2-000FFF              F4E
                         001466-001467                2
                         0014BE-0014BF                2
                         0016A2-0016A3                2
                         0016D2-0016D3                2
                         001702-001703                2
                         0018E6-0018E7                2
                         001962-001963                2
                         00196A-00196B                2
                         00198A-00FFFF             E676
        COMRAM           000053-00005F                D
        CONST            000004-000007                4
                         0000B2-000FFF              F4E
                         001466-001467                2
                         0014BE-0014BF                2
                         0016A2-0016A3                2
                         0016D2-0016D3                2
                         001702-001703                2
                         0018E6-0018E7                2
                         001962-001963                2
                         00196A-00196B                2
                         00198A-00FFFF             E676
        EEDATA           310000-3103FF              400
        MEDIUMCONST      001466-001467                2
                         0014BE-0014BF                2
                         0016A2-0016A3                2
                         0016D2-0016D3                2
                         001702-001703                2
                         0018E6-0018E7                2
                         001962-001963                2
                         00196A-00196B                2
                         00198A-00FFFF             E676
        RAM              0000D3-000FFF              100
        SFR              003800-003FFF              100
        SMALLCONST       001466-001467                2
                         0014BE-0014BF                2
                         0016A2-0016A3                2
                         0016D2-0016D3                2
                         001702-001703                2
                         0018E6-0018E7                2
                         001962-001963                2
                         00196A-00196B                2
                         00198A-00FFFF              100

                                  Symbol Table

ADCC_SetADIInterruptHandler@InterruptHandler       cstackBANK0  0000C5
ADCC_StartConversion@channel                       cstackCOMRAM 00004A
FIR@buffer                                         bssBANK0     000060
FIR@index                                          bssCOMRAM    00000F
FIR_p@index                                        bssCOMRAM    00000D
FIR_pE@buffer                                      bssBANK0     00009C
FIR_pE@head                                        dataCOMRAM   000038
FIR_pE@head_i                                      dataCOMRAM   000034
FIR_pE@indexHead                                   bssCOMRAM    00000B
FIR_pE@indexTail                                   dataCOMRAM   000030
FIR_pE@tail                                        dataCOMRAM   000036
FIR_pE@tail_i                                      dataCOMRAM   000032
INT0_SetInterruptHandler@InterruptHandler          cstackBANK0  0000C5
INT1_SetInterruptHandler@InterruptHandler          cstackBANK0  0000C5
INT2_SetInterruptHandler@InterruptHandler          cstackBANK0  0000C5
INTERRUPT_Initialize@state                         cstackBANK0  0000C7
IVTBASEH                                           (abs)        003FD6
IVTBASEL                                           (abs)        003FD5
IVTBASEU                                           (abs)        003FD7
SPI1_ByteWrite@byte                                cstackCOMRAM 00004A
Timer2_OverflowCallbackRegister@InterruptHandler   cstackBANK0  0000C5
Timer_OverflowCallbackRegister@CallbackHandler     cstackBANK0  0000C5
Timer_int@count                                    bssCOMRAM    000011
UART1_FramingErrorCallbackRegister@callbackHandler cstackBANK0  0000C5
UART1_OverrunErrorCallbackRegister@callbackHandler cstackBANK0  0000C5
UART1_ParityErrorCallbackRegister@callbackHandler  cstackBANK0  0000C5
UART1_Receive_Vector_ISR@mesage                    dataCOMRAM   000040
UART1_Receive_Vector_ISR@status                    bssCOMRAM    000029
UART1_TransmitISR@tempTxTail                       cstackCOMRAM 000049
UART1_Write@tempTxHead                             cstackCOMRAM 00004A
UART1_Write@txData                                 cstackCOMRAM 00004B
UART_RX_int@mesage                                 bssCOMRAM    000013
UART_RX_int@opcode                                 bssCOMRAM    000027
UART_RX_int@status                                 bssCOMRAM    000028
_ADACCH                                            (abs)        003EE9
_ADACCL                                            (abs)        003EE8
_ADACCU                                            (abs)        003EEA
_ADACQH                                            (abs)        003EF4
_ADACQL                                            (abs)        003EF3
_ADACT                                             (abs)        003EFE
_ADCAP                                             (abs)        003EF5
_ADCC_ADI_InterruptHandler                         nvBANK0      0000D1
_ADCC_DefaultADI_ISR                               text23       00197A
_ADCC_ISR                                          text22       001468
_ADCC_Initialize                                   text19       001384
_ADCC_SetADIInterruptHandler                       text20       001946
_ADCC_StartConversion                              text28       0018F8
_ADCLK                                             (abs)        003EFF
_ADCNT                                             (abs)        003EEB
_ADCON0                                            (abs)        003EF8
_ADCON0bits                                        (abs)        003EF8
_ADCON1                                            (abs)        003EF9
_ADCON1bits                                        (abs)        003EF9
_ADCON2                                            (abs)        003EFA
_ADCON2bits                                        (abs)        003EFA
_ADCON3                                            (abs)        003EFB
_ADCON3bits                                        (abs)        003EFB
_ADC_int                                           text24       001062
_ADERRH                                            (abs)        003EE3
_ADERRL                                            (abs)        003EE2
_ADFLTRH                                           (abs)        003EE7
_ADFLTRL                                           (abs)        003EE6
_ADLTHH                                            (abs)        003EDF
_ADLTHL                                            (abs)        003EDE
_ADPCH                                             (abs)        003EF1
_ADPREH                                            (abs)        003EF7
_ADPREL                                            (abs)        003EF6
_ADPREVH                                           (abs)        003EEE
_ADPREVL                                           (abs)        003EED
_ADREF                                             (abs)        003EFD
_ADRESH                                            (abs)        003EF0
_ADRESL                                            (abs)        003EEF
_ADRPT                                             (abs)        003EEC
_ADSTAT                                            (abs)        003EFC
_ADSTATbits                                        (abs)        003EFC
_ADSTPTH                                           (abs)        003EE5
_ADSTPTL                                           (abs)        003EE4
_ADUTHH                                            (abs)        003EE1
_ADUTHL                                            (abs)        003EE0
_ANSELA                                            (abs)        003A40
_ANSELB                                            (abs)        003A50
_ANSELC                                            (abs)        003A60
_ANSELD                                            (abs)        003A70
_ANSELE                                            (abs)        003A80
_CLOCK_Initialize                                  text18       0018AA
_Default_ISR                                       text40       001984
_FVRCON                                            (abs)        003EC1
_FVRCONbits                                        (abs)        003EC1
_FVR_Initialize                                    text17       00195A
_GIE                                               (abs)        01FE97
_INLVLA                                            (abs)        003A44
_INLVLB                                            (abs)        003A54
_INLVLC                                            (abs)        003A64
_INLVLD                                            (abs)        003A74
_INLVLE                                            (abs)        003A84
_INT0_CallBack                                     text32       001732
_INT0_DefaultInterruptHandler                      text33       00197E
_INT0_ISR                                          text31       0016A4
_INT0_InterruptHandler                             bssCOMRAM    000025
_INT0_SetInterruptHandler                          text16       00193C
_INT1_CallBack                                     text35       00175E
_INT1_DefaultInterruptHandler                      text36       001980
_INT1_ISR                                          text34       0016D4
_INT1_InterruptHandler                             bssCOMRAM    000023
_INT1_SetInterruptHandler                          text15       001932
_INT2_CallBack                                     text38       00178A
_INT2_DefaultInterruptHandler                      text39       001982
_INT2_ISR                                          text37       001704
_INT2_InterruptHandler                             bssCOMRAM    000021
_INT2_SetInterruptHandler                          text14       001928
_INTCON0bits                                       (abs)        003FD2
_INTERRUPT_Initialize                              text13       001302
_IOCAF                                             (abs)        003A47
_IOCAN                                             (abs)        003A46
_IOCAP                                             (abs)        003A45
_IOCBF                                             (abs)        003A57
_IOCBN                                             (abs)        003A56
_IOCBP                                             (abs)        003A55
_IOCCF                                             (abs)        003A67
_IOCCN                                             (abs)        003A66
_IOCCP                                             (abs)        003A65
_IOCEF                                             (abs)        003A87
_IOCEN                                             (abs)        003A86
_IOCEP                                             (abs)        003A85
_IOC_ISR                                           text29       001964
_IPR0bits                                          (abs)        003980
_IPR1bits                                          (abs)        003981
_IPR3bits                                          (abs)        003983
_IPR4bits                                          (abs)        003984
_IVTBASEH                                          (abs)        003FD6
_IVTBASEL                                          (abs)        003FD5
_IVTBASEU                                          (abs)        003FD7
_IVTLOCK                                           (abs)        003FD4
_IVTLOCKbits                                       (abs)        003FD4
_LATA                                              (abs)        003FBA
_LATB                                              (abs)        003FBB
_LATBbits                                          (abs)        003FBB
_LATC                                              (abs)        003FBC
_LATD                                              (abs)        003FBD
_LATE                                              (abs)        003FBE
_LATEbits                                          (abs)        003FBE
_ODCONA                                            (abs)        003A42
_ODCONB                                            (abs)        003A52
_ODCONC                                            (abs)        003A62
_ODCOND                                            (abs)        003A72
_ODCONE                                            (abs)        003A82
_OSCCON1                                           (abs)        0039D9
_OSCCON3                                           (abs)        0039DB
_OSCEN                                             (abs)        0039DD
_OSCFRQ                                            (abs)        0039DF
_OSCTUNE                                           (abs)        0039DE
_PERIOD                                            dataCOMRAM   000042
_PIE1bits                                          (abs)        003991
_PIE3bits                                          (abs)        003993
_PIE4bits                                          (abs)        003994
_PIN_MANAGER_IOC                                   text30       00197C
_PIN_MANAGER_Initialize                            text12       001168
_PIR1bits                                          (abs)        0039A1
_PIR2bits                                          (abs)        0039A2
_PIR3bits                                          (abs)        0039A3
_PIR4bits                                          (abs)        0039A4
_PIR5bits                                          (abs)        0039A5
_PIR7bits                                          (abs)        0039A7
_PR2                                               (abs)        003FAB
_RB1I2C                                            (abs)        003A5A
_RB2I2C                                            (abs)        003A5B
_RC3I2C                                            (abs)        003A6A
_RC3PPS                                            (abs)        003A13
_RC4I2C                                            (abs)        003A6B
_RC5PPS                                            (abs)        003A15
_RC6PPS                                            (abs)        003A16
_RD0I2C                                            (abs)        003A7A
_RD1I2C                                            (abs)        003A7B
_SLRCONA                                           (abs)        003A43
_SLRCONB                                           (abs)        003A53
_SLRCONC                                           (abs)        003A63
_SLRCOND                                           (abs)        003A73
_SLRCONE                                           (abs)        003A83
_SPI1                                              smallconst   001031
_SPI1BAUD                                          (abs)        003D19
_SPI1CLK                                           (abs)        003D1C
_SPI1CON0                                          (abs)        003D14
_SPI1CON0bits                                      (abs)        003D14
_SPI1CON1                                          (abs)        003D15
_SPI1CON2                                          (abs)        003D16
_SPI1RXB                                           (abs)        003D10
_SPI1SCKPPS                                        (abs)        003ADE
_SPI1SDIPPS                                        (abs)        003ADF
_SPI1TCNTL                                         (abs)        003D12
_SPI1TXB                                           (abs)        003D11
_SPI1_BufferExchange                               (abs)        000000
_SPI1_BufferRead                                   (abs)        000000
_SPI1_BufferWrite                                  (abs)        000000
_SPI1_ByteExchange                                 (abs)        000000
_SPI1_ByteRead                                     (abs)        000000
_SPI1_ByteWrite                                    text27       001950
_SPI1_Close                                        (abs)        000000
_SPI1_Initialize                                   text11       001890
_SPI1_Open                                         text21       00180C
_SYSTEM_Initialize                                 text1        0017E2
_T0CON0                                            (abs)        003FB8
_T0CON0bits                                        (abs)        003FB8
_T0CON1                                            (abs)        003FB9
_T2CLKCON                                          (abs)        003FAE
_T2CON                                             (abs)        003FAC
_T2CONbits                                         (abs)        003FAC
_T2HLT                                             (abs)        003FAD
_T2HLTbits                                         (abs)        003FAD
_T2PR                                              (abs)        003FAB
_T2RST                                             (abs)        003FAF
_T2RSTbits                                         (abs)        003FAF
_T2TMR                                             (abs)        003FAA
_TMR0H                                             (abs)        003FB7
_TMR0L                                             (abs)        003FB6
_TMR2                                              (abs)        003FAA
_TRISA                                             (abs)        003FC2
_TRISB                                             (abs)        003FC3
_TRISC                                             (abs)        003FC4
_TRISCbits                                         (abs)        003FC4
_TRISD                                             (abs)        003FC5
_TRISE                                             (abs)        003FC6
_Timer                                             smallconst   00104F
_Timer2                                            smallconst   001043
_Timer2_DefaultOverflowCallback                    text42       001986
_Timer2_ISR                                        text46       0018E8
_Timer2_Initialize                                 text9        001674
_Timer2_OverflowCallback                           nvBANK0      0000C9
_Timer2_OverflowCallbackRegister                   text10       00191E
_Timer2_PeriodCountSet                             (abs)        000000
_Timer2_Start                                      text26       001972
_Timer2_Stop                                       text47       001976
_Timer_DefaultOverflowCallback                     text43       001988
_Timer_Initialize                                  text7        001642
_Timer_OverflowCallback                            nvBANK0      0000CB
_Timer_OverflowCallbackRegister                    text8        001914
_Timer_OverflowISR                                 text41       0014C0
_Timer_PeriodCountSet                              (abs)        000000
_Timer_Start                                       (abs)        000000
_Timer_Stop                                        (abs)        000000
_Timer_int                                         text44       0017B6
_U1BRGH                                            (abs)        003DF6
_U1BRGL                                            (abs)        003DF5
_U1CON0                                            (abs)        003DF2
_U1CON0bits                                        (abs)        003DF2
_U1CON1                                            (abs)        003DF3
_U1CON1bits                                        (abs)        003DF3
_U1CON2                                            (abs)        003DF4
_U1ERRIE                                           (abs)        003DFA
_U1ERRIR                                           (abs)        003DF9
_U1ERRIRbits                                       (abs)        003DF9
_U1FIFO                                            (abs)        003DF7
_U1P1H                                             (abs)        003DED
_U1P1L                                             (abs)        003DEC
_U1P2H                                             (abs)        003DEF
_U1P2L                                             (abs)        003DEE
_U1P3H                                             (abs)        003DF1
_U1P3L                                             (abs)        003DF0
_U1RXB                                             (abs)        003DE8
_U1RXCHK                                           (abs)        003DE9
_U1RXPPS                                           (abs)        003AE5
_U1TXB                                             (abs)        003DEA
_U1TXCHK                                           (abs)        003DEB
_U1UIR                                             (abs)        003DF8
_U1UIRbits                                         (abs)        003DF8
_U2BRGH                                            (abs)        003DDE
_U2BRGL                                            (abs)        003DDD
_U2CON0                                            (abs)        003DDA
_U2CON1                                            (abs)        003DDB
_U2CON2                                            (abs)        003DDC
_U2ERRIE                                           (abs)        003DE2
_U2ERRIR                                           (abs)        003DE1
_U2FIFO                                            (abs)        003DDF
_U2P1L                                             (abs)        003DD4
_U2P2L                                             (abs)        003DD6
_U2P3L                                             (abs)        003DD8
_U2TXB                                             (abs)        003DD2
_U2UIR                                             (abs)        003DE0
_UART                                              smallconst   001001
_UART1_AutoBaudQuery                               (abs)        000000
_UART1_AutoBaudSet                                 (abs)        000000
_UART1_DefaultFramingErrorCallback                 (abs)        000000
_UART1_DefaultOverrunErrorCallback                 (abs)        000000
_UART1_DefaultParityErrorCallback                  (abs)        000000
_UART1_Deinitialize                                (abs)        000000
_UART1_ErrorGet                                    (abs)        000000
_UART1_FramingErrorCallbackRegister                text6        001872
_UART1_FramingErrorHandler                         bssCOMRAM    00001D
_UART1_Initialize                                  text3        001248
_UART1_IsRxReady                                   (abs)        000000
_UART1_IsTxDone                                    (abs)        000000
_UART1_IsTxReady                                   (abs)        000000
_UART1_OverrunErrorCallbackRegister                text5        001854
_UART1_OverrunErrorHandler                         bssCOMRAM    00001B
_UART1_ParityErrorCallbackRegister                 text4        001836
_UART1_ParityErrorHandler                          bssCOMRAM    000019
_UART1_Read                                        (abs)        000000
_UART1_ReceiveISR                                  (abs)        000000
_UART1_Receive_Vector_ISR                          text48       001564
_UART1_RxCompleteCallbackRegister                  (abs)        000000
_UART1_RxCompleteInterruptHandler                  bssCOMRAM    000015
_UART1_RxInterruptHandler                          nvBANK0      0000CD
_UART1_TransmitDisable                             (abs)        000000
_UART1_TransmitEnable                              (abs)        000000
_UART1_TransmitISR                                 text50       0015D6
_UART1_Transmit_Vector_ISR                         text49       00196C
_UART1_TxCompleteCallbackRegister                  (abs)        000000
_UART1_TxCompleteInterruptHandler                  bssCOMRAM    000017
_UART1_TxInterruptHandler                          nvBANK0      0000CF
_UART1_Write                                       text25       001514
_UART2_Initialize                                  text2        00159E
_WPUA                                              (abs)        003A41
_WPUB                                              (abs)        003A51
_WPUC                                              (abs)        003A61
_WPUD                                              (abs)        003A71
_WPUE                                              (abs)        003A81
__HRAM                                             (abs)        000000
__Habs1                                            abs1         000000
__Hbank0                                           bank0        000000
__Hbank1                                           bank1        000000
__Hbank10                                          bank10       000000
__Hbank11                                          bank11       000000
__Hbank12                                          bank12       000000
__Hbank13                                          bank13       000000
__Hbank14                                          bank14       000000
__Hbank15                                          bank15       000000
__Hbank2                                           bank2        000000
__Hbank3                                           bank3        000000
__Hbank4                                           bank4        000000
__Hbank5                                           bank5        000000
__Hbank6                                           bank6        000000
__Hbank7                                           bank7        000000
__Hbank8                                           bank8        000000
__Hbank9                                           bank9        000000
__Hbigbss                                          bigbss       000000
__Hbigdata                                         bigdata      000000
__Hbigram                                          bigram       000000
__Hbigsfr                                          bigsfr       000000
__Hbss                                             bss          000000
__HbssBANK0                                        bssBANK0     000000
__HbssCOMRAM                                       bssCOMRAM    000000
__Hcinit                                           cinit        000000
__Hclrtext                                         clrtext      000000
__Hcomram                                          comram       000000
__Hconfig                                          config       30000A
__Hconst                                           const        000000
__HcstackBANK0                                     cstackBANK0  000000
__HcstackCOMRAM                                    cstackCOMRAM 000000
__Hdata                                            data         000000
__HdataBANK0                                       dataBANK0    000000
__HdataCOMRAM                                      dataCOMRAM   000000
__Heeprom_data                                     eeprom_data  000000
__Hfarbss                                          farbss       000000
__Hfardata                                         fardata      000000
__Hheap                                            heap         001000
__Hibigdata                                        ibigdata     000000
__Hidata                                           idata        000000
__HidataBANK0                                      idataBANK0   000000
__HidataCOMRAM                                     idataCOMRAM  000000
__Hidloc                                           idloc        200010
__Hifardata                                        ifardata     000000
__Hinit                                            init         0000B2
__Hintsave_regs                                    intsave_regs 000000
__Hirdata                                          irdata       000000
__Hivt0x8                                          ivt0x8       0000AE
__Hmediumconst                                     mediumconst  000000
__HnvBANK0                                         nvBANK0      000000
__HnvCOMRAM                                        nvCOMRAM     000000
__HnvFARRAM                                        nvFARRAM     000000
__Hnvbit                                           nvbit        000000
__Hnvrram                                          nvrram       000000
__Hparam                                           rparam       000000
__Hpowerup                                         powerup      000000
__Hram                                             ram          000000
__Hramtop                                          ramtop       001000
__Hrbit                                            rbit         000000
__Hrbss                                            rbss         000000
__Hrdata                                           rdata        000000
__Hreset_vec                                       reset_vec    000004
__Hrparam                                          rparam       000000
__Hsfr                                             sfr          000000
__Hsmallconst                                      smallconst   001062
__Hspace_0                                         (abs)        00198A
__Hspace_1                                         (abs)        0000D3
__Hspace_2                                         (abs)        000000
__Hspace_4                                         (abs)        60000A
__Hstack                                           stack        000000
__Hstruct                                          struct       000000
__Htemp                                            temp         000000
__Htext                                            text         000000
__Htext0                                           text0        000000
__Htext1                                           text1        000000
__Htext10                                          text10       000000
__Htext11                                          text11       000000
__Htext12                                          text12       000000
__Htext13                                          text13       000000
__Htext14                                          text14       000000
__Htext15                                          text15       000000
__Htext16                                          text16       000000
__Htext17                                          text17       000000
__Htext18                                          text18       000000
__Htext19                                          text19       000000
__Htext2                                           text2        000000
__Htext20                                          text20       000000
__Htext21                                          text21       000000
__Htext22                                          text22       000000
__Htext23                                          text23       000000
__Htext24                                          text24       000000
__Htext25                                          text25       000000
__Htext26                                          text26       000000
__Htext27                                          text27       000000
__Htext28                                          text28       000000
__Htext29                                          text29       000000
__Htext3                                           text3        000000
__Htext30                                          text30       000000
__Htext31                                          text31       000000
__Htext32                                          text32       000000
__Htext33                                          text33       000000
__Htext34                                          text34       000000
__Htext35                                          text35       000000
__Htext36                                          text36       000000
__Htext37                                          text37       000000
__Htext38                                          text38       000000
__Htext39                                          text39       000000
__Htext4                                           text4        000000
__Htext40                                          text40       000000
__Htext41                                          text41       000000
__Htext42                                          text42       000000
__Htext43                                          text43       000000
__Htext44                                          text44       000000
__Htext45                                          text45       000000
__Htext46                                          text46       000000
__Htext47                                          text47       000000
__Htext48                                          text48       000000
__Htext49                                          text49       000000
__Htext5                                           text5        000000
__Htext50                                          text50       000000
__Htext51                                          text51       000000
__Htext6                                           text6        000000
__Htext7                                           text7        000000
__Htext8                                           text8        000000
__Htext9                                           text9        000000
__LRAM                                             (abs)        000001
__Labs1                                            abs1         000000
__Lbank0                                           bank0        000000
__Lbank1                                           bank1        000000
__Lbank10                                          bank10       000000
__Lbank11                                          bank11       000000
__Lbank12                                          bank12       000000
__Lbank13                                          bank13       000000
__Lbank14                                          bank14       000000
__Lbank15                                          bank15       000000
__Lbank2                                           bank2        000000
__Lbank3                                           bank3        000000
__Lbank4                                           bank4        000000
__Lbank5                                           bank5        000000
__Lbank6                                           bank6        000000
__Lbank7                                           bank7        000000
__Lbank8                                           bank8        000000
__Lbank9                                           bank9        000000
__Lbigbss                                          bigbss       000000
__Lbigdata                                         bigdata      000000
__Lbigram                                          bigram       000000
__Lbigsfr                                          bigsfr       000000
__Lbss                                             bss          000000
__LbssBANK0                                        bssBANK0     000000
__LbssCOMRAM                                       bssCOMRAM    000000
__Lcinit                                           cinit        000000
__Lclrtext                                         clrtext      000000
__Lcomram                                          comram       000000
__Lconfig                                          config       000000
__Lconst                                           const        000000
__LcstackBANK0                                     cstackBANK0  000000
__LcstackCOMRAM                                    cstackCOMRAM 000000
__Ldata                                            data         000000
__LdataBANK0                                       dataBANK0    000000
__LdataCOMRAM                                      dataCOMRAM   000000
__Leeprom_data                                     eeprom_data  000000
__Lfarbss                                          farbss       000000
__Lfardata                                         fardata      000000
__Lheap                                            heap         0000D3
__Libigdata                                        ibigdata     000000
__Lidata                                           idata        000000
__LidataBANK0                                      idataBANK0   000000
__LidataCOMRAM                                     idataCOMRAM  000000
__Lidloc                                           idloc        000000
__Lifardata                                        ifardata     000000
__Linit                                            init         0000AE
__Lintsave_regs                                    intsave_regs 000000
__Lirdata                                          irdata       000000
__Livt0x8                                          ivt0x8       000008
__Lmediumconst                                     mediumconst  000000
__LnvBANK0                                         nvBANK0      000000
__LnvCOMRAM                                        nvCOMRAM     000000
__LnvFARRAM                                        nvFARRAM     000000
__Lnvbit                                           nvbit        000000
__Lnvrram                                          nvrram       000000
__Lparam                                           rparam       000000
__Lpowerup                                         powerup      000000
__Lram                                             ram          000000
__Lramtop                                          ramtop       001000
__Lrbit                                            rbit         000000
__Lrbss                                            rbss         000000
__Lrdata                                           rdata        000000
__Lreset_vec                                       reset_vec    000000
__Lrparam                                          rparam       000000
__Lsfr                                             sfr          000000
__Lsmallconst                                      smallconst   001000
__Lspace_0                                         (abs)        000000
__Lspace_1                                         (abs)        000000
__Lspace_2                                         (abs)        000000
__Lspace_4                                         (abs)        000000
__Lstack                                           stack        000000
__Lstruct                                          struct       000000
__Ltemp                                            temp         000000
__Ltext                                            text         000000
__Ltext0                                           text0        000000
__Ltext1                                           text1        000000
__Ltext10                                          text10       000000
__Ltext11                                          text11       000000
__Ltext12                                          text12       000000
__Ltext13                                          text13       000000
__Ltext14                                          text14       000000
__Ltext15                                          text15       000000
__Ltext16                                          text16       000000
__Ltext17                                          text17       000000
__Ltext18                                          text18       000000
__Ltext19                                          text19       000000
__Ltext2                                           text2        000000
__Ltext20                                          text20       000000
__Ltext21                                          text21       000000
__Ltext22                                          text22       000000
__Ltext23                                          text23       000000
__Ltext24                                          text24       000000
__Ltext25                                          text25       000000
__Ltext26                                          text26       000000
__Ltext27                                          text27       000000
__Ltext28                                          text28       000000
__Ltext29                                          text29       000000
__Ltext3                                           text3        000000
__Ltext30                                          text30       000000
__Ltext31                                          text31       000000
__Ltext32                                          text32       000000
__Ltext33                                          text33       000000
__Ltext34                                          text34       000000
__Ltext35                                          text35       000000
__Ltext36                                          text36       000000
__Ltext37                                          text37       000000
__Ltext38                                          text38       000000
__Ltext39                                          text39       000000
__Ltext4                                           text4        000000
__Ltext40                                          text40       000000
__Ltext41                                          text41       000000
__Ltext42                                          text42       000000
__Ltext43                                          text43       000000
__Ltext44                                          text44       000000
__Ltext45                                          text45       000000
__Ltext46                                          text46       000000
__Ltext47                                          text47       000000
__Ltext48                                          text48       000000
__Ltext49                                          text49       000000
__Ltext5                                           text5        000000
__Ltext50                                          text50       000000
__Ltext51                                          text51       000000
__Ltext6                                           text6        000000
__Ltext7                                           text7        000000
__Ltext8                                           text8        000000
__Ltext9                                           text9        000000
__S0                                               (abs)        00198A
__S1                                               (abs)        0000D3
__S4                                               (abs)        000000
__S5                                               (abs)        000000
__S7                                               (abs)        001000
___freelist                                        bssCOMRAM    000001
___heap_hi                                         heap         001000
___heap_lo                                         heap         0000D3
___inthi_sp                                        stack        000000
___intlo_sp                                        stack        000000
___param_bank                                      (abs)        000000
___rparam_used                                     (abs)        000001
___sp                                              stack        000000
__accesstop                                        (abs)        000060
__activetblptr                                     (abs)        000003
__end_of_ADCC_DefaultADI_ISR                       text23       00197C
__end_of_ADCC_ISR                                  text22       0014BE
__end_of_ADCC_Initialize                           text19       0013F8
__end_of_ADCC_SetADIInterruptHandler               text20       001950
__end_of_ADCC_StartConversion                      text28       001906
__end_of_ADC_int                                   text24       001168
__end_of_CLOCK_Initialize                          text18       0018C2
__end_of_Default_ISR                               text40       001986
__end_of_FVR_Initialize                            text17       001962
__end_of_INT0_CallBack                             text32       00175E
__end_of_INT0_DefaultInterruptHandler              text33       001980
__end_of_INT0_ISR                                  text31       0016D2
__end_of_INT0_SetInterruptHandler                  text16       001946
__end_of_INT1_CallBack                             text35       00178A
__end_of_INT1_DefaultInterruptHandler              text36       001982
__end_of_INT1_ISR                                  text34       001702
__end_of_INT1_SetInterruptHandler                  text15       00193C
__end_of_INT2_CallBack                             text38       0017B6
__end_of_INT2_DefaultInterruptHandler              text39       001984
__end_of_INT2_ISR                                  text37       001732
__end_of_INT2_SetInterruptHandler                  text14       001932
__end_of_INTERRUPT_Initialize                      text13       001384
__end_of_IOC_ISR                                   text29       00196A
__end_of_PIN_MANAGER_IOC                           text30       00197E
__end_of_PIN_MANAGER_Initialize                    text12       001248
__end_of_SPI1                                      smallconst   001043
__end_of_SPI1_ByteWrite                            text27       00195A
__end_of_SPI1_Initialize                           text11       0018AA
__end_of_SPI1_Open                                 text21       001836
__end_of_SYSTEM_Initialize                         text1        00180C
__end_of_Timer                                     smallconst   00105B
__end_of_Timer2                                    smallconst   00104F
__end_of_Timer2_DefaultOverflowCallback            text42       001988
__end_of_Timer2_ISR                                text46       0018F8
__end_of_Timer2_Initialize                         text9        0016A2
__end_of_Timer2_OverflowCallbackRegister           text10       001928
__end_of_Timer2_Start                              text26       001976
__end_of_Timer2_Stop                               text47       00197A
__end_of_Timer_DefaultOverflowCallback             text43       00198A
__end_of_Timer_Initialize                          text7        001674
__end_of_Timer_OverflowCallbackRegister            text8        00191E
__end_of_Timer_OverflowISR                         text41       001514
__end_of_Timer_int                                 text44       0017E2
__end_of_UART                                      smallconst   001031
__end_of_UART1_FramingErrorCallbackRegister        text6        001890
__end_of_UART1_Initialize                          text3        001302
__end_of_UART1_OverrunErrorCallbackRegister        text5        001872
__end_of_UART1_ParityErrorCallbackRegister         text4        001854
__end_of_UART1_Receive_Vector_ISR                  text48       00159E
__end_of_UART1_TransmitISR                         text50       00160E
__end_of_UART1_Transmit_Vector_ISR                 text49       001972
__end_of_UART1_Write                               text25       001564
__end_of_UART2_Initialize                          text2        0015D6
__end_of__initialization                           cinit        001460
__end_of_main                                      text0        001642
__end_of_spi1_configuration                        smallconst   001060
__end_ofi2_ADCC_StartConversion                    text45       001914
__initialization                                   cinit        0013F8
__mediumconst                                      mediumconst  000000
__pbssBANK0                                        bssBANK0     000060
__pbssCOMRAM                                       bssCOMRAM    000001
__pcinit                                           cinit        0013F8
__pcstackBANK0                                     cstackBANK0  0000BC
__pcstackCOMRAM                                    cstackCOMRAM 000044
__pdataBANK0                                       dataBANK0    0000AC
__pdataCOMRAM                                      dataCOMRAM   000030
__pidataBANK0                                      idataBANK0   0018D6
__pidataCOMRAM                                     idataCOMRAM  0018C2
__pivt0x8                                          ivt0x8       000008
__pnvBANK0                                         nvBANK0      0000C9
__pnvCOMRAM                                        nvCOMRAM     000051
__psmallconst                                      smallconst   001000
__ptext0                                           text0        00160E
__ptext1                                           text1        0017E2
__ptext10                                          text10       00191E
__ptext11                                          text11       001890
__ptext12                                          text12       001168
__ptext13                                          text13       001302
__ptext14                                          text14       001928
__ptext15                                          text15       001932
__ptext16                                          text16       00193C
__ptext17                                          text17       00195A
__ptext18                                          text18       0018AA
__ptext19                                          text19       001384
__ptext2                                           text2        00159E
__ptext20                                          text20       001946
__ptext21                                          text21       00180C
__ptext22                                          text22       001468
__ptext23                                          text23       00197A
__ptext24                                          text24       001062
__ptext25                                          text25       001514
__ptext26                                          text26       001972
__ptext27                                          text27       001950
__ptext28                                          text28       0018F8
__ptext29                                          text29       001964
__ptext3                                           text3        001248
__ptext30                                          text30       00197C
__ptext31                                          text31       0016A4
__ptext32                                          text32       001732
__ptext33                                          text33       00197E
__ptext34                                          text34       0016D4
__ptext35                                          text35       00175E
__ptext36                                          text36       001980
__ptext37                                          text37       001704
__ptext38                                          text38       00178A
__ptext39                                          text39       001982
__ptext4                                           text4        001836
__ptext40                                          text40       001984
__ptext41                                          text41       0014C0
__ptext42                                          text42       001986
__ptext43                                          text43       001988
__ptext44                                          text44       0017B6
__ptext45                                          text45       001906
__ptext46                                          text46       0018E8
__ptext47                                          text47       001976
__ptext48                                          text48       001564
__ptext49                                          text49       00196C
__ptext5                                           text5        001854
__ptext50                                          text50       0015D6
__ptext51                                          text51       000000
__ptext6                                           text6        001872
__ptext7                                           text7        001642
__ptext8                                           text8        001914
__ptext9                                           text9        001674
__ramtop                                           ramtop       001000
__smallconst                                       smallconst   001000
_char_hex                                          dataBANK0    0000AC
_errno                                             bssCOMRAM    000005
_main                                              text0        00160E
_timerTMR0ReloadVal16bit                           nvCOMRAM     000051
_uart1RxBuffer                                     bssBANK0     000090
_uart1RxCount                                      bssCOMRAM    00002A
_uart1RxHead                                       bssCOMRAM    00002C
_uart1RxLastError                                  bssCOMRAM    00001F
_uart1RxStatusBuffer                               bssBANK0     000070
_uart1RxTail                                       bssCOMRAM    00002B
_uart1TxBuffer                                     bssBANK0     000080
_uart1TxBufferRemaining                            bssCOMRAM    00002D
_uart1TxHead                                       bssCOMRAM    00002F
_uart1TxTail                                       bssCOMRAM    00002E
end_of_initialization                              cinit        001460
i2ADCC_StartConversion@channel                     cstackCOMRAM 000044
i2_ADCC_StartConversion                            text45       001906
intlevel0                                          text         000000
intlevel1                                          text         000000
intlevel2                                          text         000000
intlevel3                                          text         000000
isa$std                                            (abs)        000001
isa$xinst                                          (abs)        000000
ivt0x8_base                                        ivt0x8       000008
ivt0x8_undefint                                    ivt0x8       0000AC
malloc@cur                                         bssCOMRAM    000009
malloc@end                                         bssCOMRAM    000007
malloc@lock                                        bssBANK0     000098
stackhi                                            (abs)        000000
stacklo                                            (abs)        000000
start                                              init         0000AE
start_initialization                               cinit        0013F8


MODULE INFORMATION

Module		Function		Class		Link	Load	Size
mcc_generated_files/peripheral/src/uart2.c
		_UART2_Initialize		CODE           	159E	0000	56

mcc_generated_files/peripheral/src/uart2.c estimated size: 56

mcc_generated_files/system/src/interrupt.c
		_IOC_ISR       		CODE           	1964	0000	6
		_INT0_SetInterruptHandler		CODE           	193C	0000	10
		_INT1_SetInterruptHandler		CODE           	1932	0000	10
		_INT2_SetInterruptHandler		CODE           	1928	0000	10
		_INTERRUPT_Initialize		CODE           	1302	0000	130
		_INT0_DefaultInterruptHandler		CODE           	197E	0000	2
		_INT0_CallBack 		CODE           	1732	0000	44
		_INT1_DefaultInterruptHandler		CODE           	1980	0000	2
		_INT1_CallBack 		CODE           	175E	0000	44
		_INT2_DefaultInterruptHandler		CODE           	1982	0000	2
		_INT2_CallBack 		CODE           	178A	0000	44
		_Default_ISR   		CODE           	1984	0000	2
		_INT0_ISR      		CODE           	16A4	0000	46
		_INT1_ISR      		CODE           	16D4	0000	46
		_INT2_ISR      		CODE           	1704	0000	46

mcc_generated_files/system/src/interrupt.c estimated size: 444

mcc_generated_files/adc/src/adcc.c
		_ADCC_DefaultADI_ISR		CODE           	197A	0000	2
		_ADCC_SetADIInterruptHandler		CODE           	1946	0000	10
		_ADCC_ISR      		CODE           	1468	0000	86
		_ADCC_StartConversion		CODE           	18F8	0000	14
		_ADCC_Initialize		CODE           	1384	0000	116

mcc_generated_files/adc/src/adcc.c estimated size: 228

mcc_generated_files/uart/src/uart1.c
		_UART1_Write   		CODE           	1514	0000	80
		_UART1_FramingErrorCallbackRegister		CODE           	1872	0000	30
		_UART1_Transmit_Vector_ISR		CODE           	196C	0000	6
		_UART1_Receive_Vector_ISR		CODE           	1564	0000	58
		_UART1_OverrunErrorCallbackRegister		CODE           	1854	0000	30
		_UART1_Initialize		CODE           	1248	0000	186
		_UART1_TransmitISR		CODE           	15D6	0000	56
		_UART1_ParityErrorCallbackRegister		CODE           	1836	0000	30

mcc_generated_files/uart/src/uart1.c estimated size: 476

mcc_generated_files/system/src/pins.c
		_PIN_MANAGER_Initialize		CODE           	1168	0000	224
		_PIN_MANAGER_IOC		CODE           	197C	0000	2

mcc_generated_files/system/src/pins.c estimated size: 226

Timer_int.c
		_Timer_int     		CODE           	17B6	0000	44

Timer_int.c estimated size: 44

shared
		_SPI1          		SMALLCONST     	1031	0000	18
		_UART          		SMALLCONST     	1001	0000	48
		_Timer         		SMALLCONST     	104F	0000	12
		_Timer2        		SMALLCONST     	1043	0000	12
		__initialization		CODE           	13F8	0000	104
		i2_ADCC_StartConversion		CODE           	1906	0000	14
		_spi1_configuration		SMALLCONST     	0000	0000	0

shared estimated size: 208

mcc_generated_files/timer/src/tmr2.c
		_Timer2_Initialize		CODE           	1674	0000	46
		_Timer2_OverflowCallbackRegister		CODE           	191E	0000	10
		_Timer2_DefaultOverflowCallback		CODE           	1986	0000	2
		_Timer2_ISR    		CODE           	18E8	0000	16
		_Timer2_Stop   		CODE           	1976	0000	4
		_Timer2_Start  		CODE           	1972	0000	4

mcc_generated_files/timer/src/tmr2.c estimated size: 82

mcc_generated_files/system/src/clock.c
		_CLOCK_Initialize		CODE           	18AA	0000	24

mcc_generated_files/system/src/clock.c estimated size: 24

ADC_int.c
		_ADC_int       		CODE           	1062	0000	262

ADC_int.c estimated size: 262

mcc_generated_files/timer/src/tmr0.c
		_Timer_OverflowISR		CODE           	14C0	0000	84
		_Timer_Initialize		CODE           	1642	0000	50
		_Timer_DefaultOverflowCallback		CODE           	1988	0000	2
		_Timer_OverflowCallbackRegister		CODE           	1914	0000	10

mcc_generated_files/timer/src/tmr0.c estimated size: 146

main.c
		_main          		CODE           	160E	0000	52

main.c estimated size: 52

mcc_generated_files/fvr/src/fvr.c
		_FVR_Initialize		CODE           	195A	0000	8

mcc_generated_files/fvr/src/fvr.c estimated size: 8

mcc_generated_files/system/src/system.c
		_SYSTEM_Initialize		CODE           	17E2	0000	42

mcc_generated_files/system/src/system.c estimated size: 42

mcc_generated_files/spi/src/spi1.c
		_SPI1_ByteWrite		CODE           	1950	0000	10
		_SPI1_Open     		CODE           	180C	0000	42
		_SPI1_Initialize		CODE           	1890	0000	26

mcc_generated_files/spi/src/spi1.c estimated size: 78

