Microchip MPLAB XC8 Compiler V2.40

Linker command line:

-W-3 \
  --edf=C:\Program Files\Microchip\xc8\v2.40\pic\dat\20220703182018_en.msgs \
  -pivt0x8=08h -cn -h+dist/default/production\Practica_2a.X.production.sym \
  --cmf=dist/default/production\Practica_2a.X.production.cmf -z -Q18F46K42 \
  -oC:\Users\rrtc2\AppData\Local\Temp\xcAs3ls.4 --defsym=__MPLAB_BUILD=1 \
  --fixupoverflow=error \
  -Mdist/default/production/Practica_2a.X.production.map \
  --md=C:\Users\rrtc2\AppData\Local\Temp\xcAs3ls.dat -E1 -ver=XC8 Compiler \
  --acfsm=1493 -ACODE=00h-0FFFFh -ACONST=00h-0FFFFh \
  -ASMALLCONST=01000h-010FFhx240 -AMEDIUMCONST=01000h-0FFFFh \
  -ACOMRAM=01h-05Fh -AABS1=00h-0FFFh -ABIGRAM=01h-0FFFh \
  -ARAM=060h-0FFh,0100h-01FFhx15 -ABANK0=060h-0FFh -ABANK1=0100h-01FFh \
  -ABANK2=0200h-02FFh -ABANK3=0300h-03FFh -ABANK4=0400h-04FFh \
  -ABANK5=0500h-05FFh -ABANK6=0600h-06FFh -ABANK7=0700h-07FFh \
  -ABANK8=0800h-08FFh -ABANK9=0900h-09FFh -ABANK10=0A00h-0AFFh \
  -ABANK11=0B00h-0BFFh -ABANK12=0C00h-0CFFh -ABANK13=0D00h-0DFFh \
  -ABANK14=0E00h-0EFFh -ABANK15=0F00h-0FFFh \
  -ASFR=03800h-038FFhx7,03F00h-03F5Fh,03F60h-03FFFh -ABIGSFR=03800h-03FFFh \
  -ACONFIG=0300000h-0300009h -AIDLOC=0200000h-020000Fh \
  -AEEDATA=0310000h-03103FFh -peeprom_data=EEDATA -preset_vec=00h \
  -ppowerup=CODE,init -pramtop=01000h -psmallconst=SMALLCONST \
  -pmediumconst=MEDIUMCONST -pconst=CONST -AFARRAM=00h-00h \
  -prdata=COMRAM,nvrram=COMRAM,nvbit=COMRAM,rbss=COMRAM,rbit=COMRAM \
  -pfarbss=FARRAM,fardata=FARRAM,nvFARRAM=FARRAM \
  -pintsave_regs=BIGRAM,bigbss=BIGRAM,bigdata=BIGRAM -pbss=RAM \
  -pidata=CODE,irdata=CODE,ibigdata=CODE,ifardata=CODE -prparam=COMRAM \
  C:\Users\rrtc2\AppData\Local\Temp\xcAs3ls.o \
  dist/default/production\Practica_2a.X.production.o 

Object code version is 3.11

Machine type is 18F46K42



                Name                               Link     Load   Length Selector   Space Scale
C:\Users\rrtc2\AppData\Local\Temp\xcAs3ls.o
                idloc                            200000   200000       10        0       5
                config                           300000   300000        A        0       4
                init                                 AE       AE        4        4       0
                reset_vec                             0        0        4        0       0
dist/default/production\Practica_2a.X.production.o
                idloc                            200000   200000       10        0       5
                config                           300000   300000        A        0       4
                smallconst                         1000     1000       5E      800       0
                ivt0x8                                8        8       A6        4       0
                text66                             1B26     1B26        2      6C4       0
                text65                             1618     1618       48      4FA       0
                text64                             16D2     16D2       38      4FA       0
                text63                             1B10     1B10        6      6C4       0
                text62                             1B24     1B24        2      6C4       0
                text61                             1B22     1B22        2      6C4       0
                text60                             1246     1246       EC      418       0
                text59                             1948     1948       1E      652       0
                text58                             19B0     19B0       18      652       0
                text57                             1B08     1B08        6      652       0
                text56                             1998     1998       18      652       0
                text55                             1A62     1A62       16      652       0
                text54                             1A4C     1A4C       16      652       0
                text53                             1660     1660       3A      4FA       0
                text52                             1B20     1B20        2      6C4       0
                text51                             1A36     1A36       16      652       0
                text50                             1A20     1A20       16      652       0
                text49                             1A0A     1A0A       16      652       0
                text48                             19F4     19F4       16      652       0
                text47                             19DE     19DE       16      652       0
                text46                             1060     1060       F6      418       0
                text45                             1AD6     1AD6        A      652       0
                text44                             1ACC     1ACC        A      652       0
                text43                             1AE8     1AE8        8      652       0
                text42                             1812     1812       28      5C3       0
                text41                             1AC2     1AC2        A      652       0
                text40                             1AB8     1AB8        A      652       0
                text39                             1B02     1B02        6      652       0
                text38                             1860     1860       26      5C3       0
                text37                             1AFC     1AFC        6      652       0
                text36                             1AAE     1AAE        A      652       0
                text35                             1AF6     1AF6        6      652       0
                text34                             183A     183A       26      5C3       0
                text33                             13E8     13E8       90      4FA       0
                text32                             1B1E     1B1E        2      6C4       0
                text31                             1792     1792       2C      5C3       0
                text30                             18AC     18AC       22      62B       0
                text29                             1B1C     1B1C        2      6C4       0
                text28                             1766     1766       2C      5C3       0
                text27                             1888     1888       22      622       0
                text26                             1B1A     1B1A        2      6C4       0
                text25                             1AF0     1AF0        6      652       0
                text24                             1B18     1B18        2      6C4       0
                text23                             1B16     1B16        2      6C4       0
                text22                             173A     173A       2C      5C3       0
                text21                             170C     170C       2E      5C3       0
                text20                             1AA4     1AA4        A      652       0
                text19                             14FC     14FC       74      4FA       0
                text18                             1980     1980       18      652       0
                text17                             1AE0     1AE0        8      652       0
                text16                             15D0     15D0       48      4FA       0
                text15                             1928     1928       1E      62B       0
                text14                             19C8     19C8       16      652       0
                text13                             1570     1570       60      4FA       0
                text12                             1A9A     1A9A        A      652       0
                text11                             1A90     1A90        A      652       0
                text10                             1A86     1A86        A      652       0
                text9                              1478     1478       84      4FA       0
                text8                              1156     1156       F0      418       0
                text7                              1966     1966       1A      652       0
                text6                              190A     190A       1E      62B       0
                text5                              18EC     18EC       1E      62B       0
                text4                              18CE     18CE       1E      62B       0
                text3                              1332     1332       B4      418       0
                text2                              169A     169A       38      4FA       0
                text1                              17E8     17E8       2A      5C3       0
                text0                              1A78     1A78        E      652       0
                cstackCOMRAM                         3C       3C       11        1       1
                cstackBANK0                          70       70        5       60       1
                bssBANK0                             60       60       10       60       1
                bssCOMRAM                             1        1       3B        1       1
                cinit                              17BE     17BE       2A      5C3       0
                nvCOMRAM                             4D       4D        2        1       1

TOTAL           Name                               Link     Load   Length     Space
        CLASS   CODE           
                init                                 AE       AE        4         0
                reset_vec                             0        0        4         0
                ivt0x8                                8        8       A6         0
                text66                             1B26     1B26        2         0
                text65                             1618     1618       48         0
                text64                             16D2     16D2       38         0
                text63                             1B10     1B10        6         0
                text62                             1B24     1B24        2         0
                text61                             1B22     1B22        2         0
                text60                             1246     1246       EC         0
                text59                             1948     1948       1E         0
                text58                             19B0     19B0       18         0
                text57                             1B08     1B08        6         0
                text56                             1998     1998       18         0
                text55                             1A62     1A62       16         0
                text54                             1A4C     1A4C       16         0
                text53                             1660     1660       3A         0
                text52                             1B20     1B20        2         0
                text51                             1A36     1A36       16         0
                text50                             1A20     1A20       16         0
                text49                             1A0A     1A0A       16         0
                text48                             19F4     19F4       16         0
                text47                             19DE     19DE       16         0
                text46                             1060     1060       F6         0
                text45                             1AD6     1AD6        A         0
                text44                             1ACC     1ACC        A         0
                text43                             1AE8     1AE8        8         0
                text42                             1812     1812       28         0
                text41                             1AC2     1AC2        A         0
                text40                             1AB8     1AB8        A         0
                text39                             1B02     1B02        6         0
                text38                             1860     1860       26         0
                text37                             1AFC     1AFC        6         0
                text36                             1AAE     1AAE        A         0
                text35                             1AF6     1AF6        6         0
                text34                             183A     183A       26         0
                text33                             13E8     13E8       90         0
                text32                             1B1E     1B1E        2         0
                text31                             1792     1792       2C         0
                text30                             18AC     18AC       22         0
                text29                             1B1C     1B1C        2         0
                text28                             1766     1766       2C         0
                text27                             1888     1888       22         0
                text26                             1B1A     1B1A        2         0
                text25                             1AF0     1AF0        6         0
                text24                             1B18     1B18        2         0
                text23                             1B16     1B16        2         0
                text22                             173A     173A       2C         0
                text21                             170C     170C       2E         0
                text20                             1AA4     1AA4        A         0
                text19                             14FC     14FC       74         0
                text18                             1980     1980       18         0
                text17                             1AE0     1AE0        8         0
                text16                             15D0     15D0       48         0
                text15                             1928     1928       1E         0
                text14                             19C8     19C8       16         0
                text13                             1570     1570       60         0
                text12                             1A9A     1A9A        A         0
                text11                             1A90     1A90        A         0
                text10                             1A86     1A86        A         0
                text9                              1478     1478       84         0
                text8                              1156     1156       F0         0
                text7                              1966     1966       1A         0
                text6                              190A     190A       1E         0
                text5                              18EC     18EC       1E         0
                text4                              18CE     18CE       1E         0
                text3                              1332     1332       B4         0
                text2                              169A     169A       38         0
                text1                              17E8     17E8       2A         0
                text0                              1A78     1A78        E         0
                cinit                              17BE     17BE       2A         0

        CLASS   CONST          

        CLASS   SMALLCONST     
                smallconst                         1000     1000       5E         0

        CLASS   MEDIUMCONST    

        CLASS   COMRAM         
                cstackCOMRAM                         3C       3C       11         1
                bssCOMRAM                             1        1       3B         1
                nvCOMRAM                             4D       4D        2         1

        CLASS   ABS1           

        CLASS   BIGRAM         

        CLASS   RAM            

        CLASS   BANK0          
                cstackBANK0                          70       70        5         1
                bssBANK0                             60       60       10         1

        CLASS   BANK1          

        CLASS   BANK2          

        CLASS   BANK3          

        CLASS   BANK4          

        CLASS   BANK5          

        CLASS   BANK6          

        CLASS   BANK7          

        CLASS   BANK8          

        CLASS   BANK9          

        CLASS   BANK10         

        CLASS   BANK11         

        CLASS   BANK12         

        CLASS   BANK13         

        CLASS   BANK14         

        CLASS   BANK15         

        CLASS   SFR            

        CLASS   BIGSFR         

        CLASS   CONFIG         
                config                           300000   300000        A         4

        CLASS   IDLOC          
                idloc                            200000   200000       10         5

        CLASS   EEDATA         

        CLASS   FARRAM         

        CLASS   HEAP           

        CLASS   STACK          



SEGMENTS        Name                           Load    Length   Top    Selector   Space  Class

                reset_vec                      000000  000004  000004         0       0  CODE    
                bssCOMRAM                      000001  00004E  00004F         1       1  COMRAM  
                ivt0x8                         000008  0000AA  0000B2         4       0  CODE    
                bssBANK0                       000060  000015  000075        60       1  BANK0   
                smallconst                     001000  00005E  00105E       800       0  SMALLCON
                text46                         001060  000386  0013E6       418       0  CODE    
                text33                         0013E8  000322  00170A       4FA       0  CODE    
                text21                         00170C  00017A  001886       5C3       0  CODE    
                text27                         001888  000022  0018AA       622       0  CODE    
                text30                         0018AC  00009A  001946       62B       0  CODE    
                text59                         001948  0001C6  001B0E       652       0  CODE    
                text63                         001B10  000018  001B28       6C4       0  CODE    


UNUSED ADDRESS RANGES

        Name                Unused          Largest block    Delta
        BANK0            000075-0000FF               8B
        BANK1            000100-0001FF              100
        BANK10           000A00-000AFF              100
        BANK11           000B00-000BFF              100
        BANK12           000C00-000CFF              100
        BANK13           000D00-000DFF              100
        BANK14           000E00-000EFF              100
        BANK15           000F00-000FFF              100
        BANK2            000200-0002FF              100
        BANK3            000300-0003FF              100
        BANK4            000400-0004FF              100
        BANK5            000500-0005FF              100
        BANK6            000600-0006FF              100
        BANK7            000700-0007FF              100
        BANK8            000800-0008FF              100
        BANK9            000900-0009FF              100
        BIGRAM           00004F-00005F               11
                         000075-000FFF              F8B
        BIGSFR           003800-003FFF              800
        CODE             000004-000007                4
                         0000B2-000FFF              F4E
                         00105E-00105F                2
                         0013E6-0013E7                2
                         00170A-00170B                2
                         001886-001887                2
                         0018AA-0018AB                2
                         001946-001947                2
                         001B0E-001B0F                2
                         001B28-00FFFF             E4D8
        COMRAM           00004F-00005F               11
        CONST            000004-000007                4
                         0000B2-000FFF              F4E
                         00105E-00105F                2
                         0013E6-0013E7                2
                         00170A-00170B                2
                         001886-001887                2
                         0018AA-0018AB                2
                         001946-001947                2
                         001B0E-001B0F                2
                         001B28-00FFFF             E4D8
        EEDATA           310000-3103FF              400
        MEDIUMCONST      00105E-00105F                2
                         0013E6-0013E7                2
                         00170A-00170B                2
                         001886-001887                2
                         0018AA-0018AB                2
                         001946-001947                2
                         001B0E-001B0F                2
                         001B28-00FFFF             E4D8
        RAM              000075-000FFF              100
        SFR              003800-003FFF              100
        SMALLCONST       00105E-00105F                2
                         0013E6-0013E7                2
                         00170A-00170B                2
                         001886-001887                2
                         0018AA-0018AB                2
                         001946-001947                2
                         001B0E-001B0F                2
                         001B28-00FFFF              100

                                  Symbol Table

ADCC_SetADIInterruptHandler@InterruptHandler       cstackBANK0  000073
I2C2_AddrTransmit@addr                             cstackCOMRAM 000040
I2C2_CallbackRegister@callbackHandler              cstackBANK0  000073
I2C2_CounterSet@counter                            cstackCOMRAM 000041
I2C2_DataTransmit@data                             cstackCOMRAM 000044
INT0_SetInterruptHandler@InterruptHandler          cstackBANK0  000073
INT1_SetInterruptHandler@InterruptHandler          cstackBANK0  000073
INT2_SetInterruptHandler@InterruptHandler          cstackBANK0  000073
INTERRUPT_Initialize@state                         cstackCOMRAM 00004C
IVTBASEH                                           (abs)        003FD6
IVTBASEL                                           (abs)        003FD5
IVTBASEU                                           (abs)        003FD7
UART1_FramingErrorCallbackRegister@callbackHandler cstackBANK0  000073
UART1_OverrunErrorCallbackRegister@callbackHandler cstackBANK0  000073
UART1_ParityErrorCallbackRegister@callbackHandler  cstackBANK0  000073
UART1_ReceiveISR@regValue                          cstackCOMRAM 000045
UART1_ReceiveISR@tempRxHead                        cstackCOMRAM 000046
UART1_TransmitISR@tempTxTail                       cstackCOMRAM 000049
_ADACCH                                            (abs)        003EE9
_ADACCL                                            (abs)        003EE8
_ADACCU                                            (abs)        003EEA
_ADACQH                                            (abs)        003EF4
_ADACQL                                            (abs)        003EF3
_ADACT                                             (abs)        003EFE
_ADCAP                                             (abs)        003EF5
_ADCC_ADI_InterruptHandler                         nvCOMRAM     00004D
_ADCC_DefaultADI_ISR                               text66       001B26
_ADCC_ISR                                          text65       001618
_ADCC_Initialize                                   text19       0014FC
_ADCC_SetADIInterruptHandler                       text20       001AA4
_ADCLK                                             (abs)        003EFF
_ADCNT                                             (abs)        003EEB
_ADCON0                                            (abs)        003EF8
_ADCON0bits                                        (abs)        003EF8
_ADCON1                                            (abs)        003EF9
_ADCON1bits                                        (abs)        003EF9
_ADCON2                                            (abs)        003EFA
_ADCON2bits                                        (abs)        003EFA
_ADCON3                                            (abs)        003EFB
_ADCON3bits                                        (abs)        003EFB
_ADERRH                                            (abs)        003EE3
_ADERRL                                            (abs)        003EE2
_ADFLTRH                                           (abs)        003EE7
_ADFLTRL                                           (abs)        003EE6
_ADLTHH                                            (abs)        003EDF
_ADLTHL                                            (abs)        003EDE
_ADPCH                                             (abs)        003EF1
_ADPREH                                            (abs)        003EF7
_ADPREL                                            (abs)        003EF6
_ADPREVH                                           (abs)        003EEE
_ADPREVL                                           (abs)        003EED
_ADREF                                             (abs)        003EFD
_ADRESH                                            (abs)        003EF0
_ADRESL                                            (abs)        003EEF
_ADRPT                                             (abs)        003EEC
_ADSTAT                                            (abs)        003EFC
_ADSTATbits                                        (abs)        003EFC
_ADSTPTH                                           (abs)        003EE5
_ADSTPTL                                           (abs)        003EE4
_ADUTHH                                            (abs)        003EE1
_ADUTHL                                            (abs)        003EE0
_ANSELA                                            (abs)        003A40
_ANSELB                                            (abs)        003A50
_ANSELC                                            (abs)        003A60
_ANSELD                                            (abs)        003A70
_ANSELE                                            (abs)        003A80
_CLOCK_Initialize                                  text18       001980
_Default_ISR                                       text24       001B18
_FVRCON                                            (abs)        003EC1
_FVRCONbits                                        (abs)        003EC1
_FVR_Initialize                                    text17       001AE0
_GIE                                               (abs)        01FE97
_I2C1ADB0                                          (abs)        003D6D
_I2C1ADB1                                          (abs)        003D6E
_I2C1ADR0                                          (abs)        003D6F
_I2C1ADR1                                          (abs)        003D70
_I2C1ADR2                                          (abs)        003D71
_I2C1ADR3                                          (abs)        003D72
_I2C1BTO                                           (abs)        003D7C
_I2C1CLK                                           (abs)        003D7B
_I2C1CNT                                           (abs)        003D6C
_I2C1CON0                                          (abs)        003D73
_I2C1CON1                                          (abs)        003D74
_I2C1CON2                                          (abs)        003D75
_I2C1ERR                                           (abs)        003D76
_I2C1PIE                                           (abs)        003D7A
_I2C1PIR                                           (abs)        003D79
_I2C1STAT1                                         (abs)        003D78
_I2C1TXB                                           (abs)        003D6B
_I2C1_Initialize                                   text16       0015D0
_I2C2ADB1                                          (abs)        003D58
_I2C2CLK                                           (abs)        003D65
_I2C2CNT                                           (abs)        003D56
_I2C2CON0                                          (abs)        003D5D
_I2C2CON0bits                                      (abs)        003D5D
_I2C2CON1                                          (abs)        003D5E
_I2C2CON1bits                                      (abs)        003D5E
_I2C2CON2                                          (abs)        003D5F
_I2C2ERR                                           (abs)        003D60
_I2C2ERRbits                                       (abs)        003D60
_I2C2PIE                                           (abs)        003D64
_I2C2PIEbits                                       (abs)        003D64
_I2C2PIR                                           (abs)        003D63
_I2C2PIRbits                                       (abs)        003D63
_I2C2RXB                                           (abs)        003D54
_I2C2SCLPPS                                        (abs)        003AE3
_I2C2SDAPPS                                        (abs)        003AE4
_I2C2STAT0bits                                     (abs)        003D61
_I2C2STAT1                                         (abs)        003D62
_I2C2STAT1bits                                     (abs)        003D62
_I2C2TXB                                           (abs)        003D55
_I2C2_AddrTransmit                                 text41       001AC2
_I2C2_BufferClear                                  text45       001AD6
_I2C2_BusReset                                     text53       001660
_I2C2_Callback                                     bssCOMRAM    00002A
_I2C2_CallbackRegister                             text15       001928
_I2C2_Close                                        text42       001812
_I2C2_CounterGet                                   text37       001AFC
_I2C2_CounterSet                                   text40       001AB8
_I2C2_DataReceive                                  text57       001B08
_I2C2_DataTransmit                                 text36       001AAE
_I2C2_DefaultCallback                              text52       001B20
_I2C2_Deinitialize                                 (abs)        000000
_I2C2_ERROR_ISR                                    text46       001060
_I2C2_ErrorFlagsClear                              text44       001ACC
_I2C2_ErrorGet                                     (abs)        000000
_I2C2_ISR                                          text33       0013E8
_I2C2_Initialize                                   text13       001570
_I2C2_InterruptsClear                              text43       001AE8
_I2C2_InterruptsDisable                            text55       001A62
_I2C2_InterruptsEnable                             text14       0019C8
_I2C2_IsAddr                                       text51       001A36
_I2C2_IsBusCol                                     text50       001A20
_I2C2_IsBusTimeOut                                 text49       001A0A
_I2C2_IsBusy                                       (abs)        000000
_I2C2_IsData                                       text48       0019F4
_I2C2_IsNack                                       text47       0019DE
_I2C2_RX_ISR                                       text56       001998
_I2C2_Read                                         (abs)        000000
_I2C2_ReadStart                                    text38       001860
_I2C2_RestartDisable                               text35       001AF6
_I2C2_StartSend                                    text39       001B02
_I2C2_StopSend                                     text34       00183A
_I2C2_TX_ISR                                       text58       0019B0
_I2C2_Write                                        (abs)        000000
_I2C2_WriteRead                                    (abs)        000000
_I2C_Host                                          smallconst   001031
_INLVLA                                            (abs)        003A44
_INLVLB                                            (abs)        003A54
_INLVLC                                            (abs)        003A64
_INLVLD                                            (abs)        003A74
_INLVLE                                            (abs)        003A84
_INT0_CallBack                                     text28       001766
_INT0_DefaultInterruptHandler                      text29       001B1C
_INT0_ISR                                          text27       001888
_INT0_InterruptHandler                             bssCOMRAM    000030
_INT0_SetInterruptHandler                          text12       001A9A
_INT1_CallBack                                     text31       001792
_INT1_DefaultInterruptHandler                      text32       001B1E
_INT1_ISR                                          text30       0018AC
_INT1_InterruptHandler                             bssCOMRAM    00002E
_INT1_SetInterruptHandler                          text11       001A90
_INT2_CallBack                                     text22       00173A
_INT2_DefaultInterruptHandler                      text23       001B16
_INT2_ISR                                          text21       00170C
_INT2_InterruptHandler                             bssCOMRAM    00002C
_INT2_SetInterruptHandler                          text10       001A86
_INTCON0bits                                       (abs)        003FD2
_INTERRUPT_Initialize                              text9        001478
_IOCAF                                             (abs)        003A47
_IOCAN                                             (abs)        003A46
_IOCAP                                             (abs)        003A45
_IOCBF                                             (abs)        003A57
_IOCBN                                             (abs)        003A56
_IOCBP                                             (abs)        003A55
_IOCCF                                             (abs)        003A67
_IOCCN                                             (abs)        003A66
_IOCCP                                             (abs)        003A65
_IOCEF                                             (abs)        003A87
_IOCEN                                             (abs)        003A86
_IOCEP                                             (abs)        003A85
_IOC_ISR                                           text25       001AF0
_IPR0bits                                          (abs)        003980
_IPR1bits                                          (abs)        003981
_IPR3bits                                          (abs)        003983
_IPR5bits                                          (abs)        003985
_IPR6bits                                          (abs)        003986
_IVTBASEH                                          (abs)        003FD6
_IVTBASEL                                          (abs)        003FD5
_IVTBASEU                                          (abs)        003FD7
_IVTLOCK                                           (abs)        003FD4
_IVTLOCKbits                                       (abs)        003FD4
_LATA                                              (abs)        003FBA
_LATB                                              (abs)        003FBB
_LATC                                              (abs)        003FBC
_LATD                                              (abs)        003FBD
_LATE                                              (abs)        003FBE
_ODCONA                                            (abs)        003A42
_ODCONB                                            (abs)        003A52
_ODCONC                                            (abs)        003A62
_ODCOND                                            (abs)        003A72
_ODCONE                                            (abs)        003A82
_OSCCON1                                           (abs)        0039D9
_OSCCON3                                           (abs)        0039DB
_OSCEN                                             (abs)        0039DD
_OSCFRQ                                            (abs)        0039DF
_OSCTUNE                                           (abs)        0039DE
_PIE1bits                                          (abs)        003991
_PIE3bits                                          (abs)        003993
_PIE5bits                                          (abs)        003995
_PIE6bits                                          (abs)        003996
_PIN_MANAGER_IOC                                   text26       001B1A
_PIN_MANAGER_Initialize                            text8        001156
_PIR1bits                                          (abs)        0039A1
_PIR2bits                                          (abs)        0039A2
_PIR5bits                                          (abs)        0039A5
_PIR7bits                                          (abs)        0039A7
_RB1I2C                                            (abs)        003A5A
_RB1PPS                                            (abs)        003A09
_RB2I2C                                            (abs)        003A5B
_RB2PPS                                            (abs)        003A0A
_RC3I2C                                            (abs)        003A6A
_RC3PPS                                            (abs)        003A13
_RC4I2C                                            (abs)        003A6B
_RC5PPS                                            (abs)        003A15
_RC6PPS                                            (abs)        003A16
_RD0I2C                                            (abs)        003A7A
_RD1I2C                                            (abs)        003A7B
_SLRCONA                                           (abs)        003A43
_SLRCONB                                           (abs)        003A53
_SLRCONC                                           (abs)        003A63
_SLRCOND                                           (abs)        003A73
_SLRCONE                                           (abs)        003A83
_SPI                                               smallconst   001045
_SPI1BAUD                                          (abs)        003D19
_SPI1CLK                                           (abs)        003D1C
_SPI1CON0                                          (abs)        003D14
_SPI1CON0bits                                      (abs)        003D14
_SPI1CON1                                          (abs)        003D15
_SPI1CON2                                          (abs)        003D16
_SPI1RXB                                           (abs)        003D10
_SPI1SCKPPS                                        (abs)        003ADE
_SPI1SDIPPS                                        (abs)        003ADF
_SPI1TCNTL                                         (abs)        003D12
_SPI1TXB                                           (abs)        003D11
_SPI_BufferExchange                                (abs)        000000
_SPI_BufferRead                                    (abs)        000000
_SPI_BufferWrite                                   (abs)        000000
_SPI_ByteExchange                                  (abs)        000000
_SPI_ByteRead                                      (abs)        000000
_SPI_ByteWrite                                     (abs)        000000
_SPI_Close                                         (abs)        000000
_SPI_Initialize                                    text7        001966
_SPI_Open                                          (abs)        000000
_SYSTEM_Initialize                                 text1        0017E8
_TRISA                                             (abs)        003FC2
_TRISB                                             (abs)        003FC3
_TRISC                                             (abs)        003FC4
_TRISCbits                                         (abs)        003FC4
_TRISD                                             (abs)        003FC5
_TRISE                                             (abs)        003FC6
_U1BRGH                                            (abs)        003DF6
_U1BRGL                                            (abs)        003DF5
_U1CON0                                            (abs)        003DF2
_U1CON0bits                                        (abs)        003DF2
_U1CON1                                            (abs)        003DF3
_U1CON1bits                                        (abs)        003DF3
_U1CON2                                            (abs)        003DF4
_U1ERRIE                                           (abs)        003DFA
_U1ERRIR                                           (abs)        003DF9
_U1ERRIRbits                                       (abs)        003DF9
_U1FIFO                                            (abs)        003DF7
_U1P1H                                             (abs)        003DED
_U1P1L                                             (abs)        003DEC
_U1P2H                                             (abs)        003DEF
_U1P2L                                             (abs)        003DEE
_U1P3H                                             (abs)        003DF1
_U1P3L                                             (abs)        003DF0
_U1RXB                                             (abs)        003DE8
_U1RXCHK                                           (abs)        003DE9
_U1RXPPS                                           (abs)        003AE5
_U1TXB                                             (abs)        003DEA
_U1TXCHK                                           (abs)        003DEB
_U1UIR                                             (abs)        003DF8
_U1UIRbits                                         (abs)        003DF8
_U2BRGH                                            (abs)        003DDE
_U2BRGL                                            (abs)        003DDD
_U2CON0                                            (abs)        003DDA
_U2CON1                                            (abs)        003DDB
_U2CON2                                            (abs)        003DDC
_U2ERRIE                                           (abs)        003DE2
_U2ERRIR                                           (abs)        003DE1
_U2FIFO                                            (abs)        003DDF
_U2P1L                                             (abs)        003DD4
_U2P2L                                             (abs)        003DD6
_U2P3L                                             (abs)        003DD8
_U2TXB                                             (abs)        003DD2
_U2UIR                                             (abs)        003DE0
_UART                                              smallconst   001001
_UART1_AutoBaudQuery                               (abs)        000000
_UART1_AutoBaudSet                                 (abs)        000000
_UART1_DefaultFramingErrorCallback                 text62       001B24
_UART1_DefaultOverrunErrorCallback                 text61       001B22
_UART1_DefaultParityErrorCallback                  (abs)        000000
_UART1_Deinitialize                                (abs)        000000
_UART1_ErrorGet                                    (abs)        000000
_UART1_FramingErrorCallbackRegister                text6        00190A
_UART1_FramingErrorHandler                         bssCOMRAM    000026
_UART1_Initialize                                  text3        001332
_UART1_IsRxReady                                   (abs)        000000
_UART1_IsTxDone                                    (abs)        000000
_UART1_IsTxReady                                   (abs)        000000
_UART1_OverrunErrorCallbackRegister                text5        0018EC
_UART1_OverrunErrorHandler                         bssCOMRAM    000024
_UART1_ParityErrorCallbackRegister                 text4        0018CE
_UART1_ParityErrorHandler                          bssCOMRAM    000022
_UART1_Read                                        (abs)        000000
_UART1_ReceiveISR                                  text60       001246
_UART1_Receive_Vector_ISR                          text59       001948
_UART1_RxCompleteCallbackRegister                  (abs)        000000
_UART1_RxCompleteInterruptHandler                  bssCOMRAM    00001E
_UART1_RxInterruptHandler                          bssCOMRAM    000032
_UART1_TransmitDisable                             (abs)        000000
_UART1_TransmitEnable                              (abs)        000000
_UART1_TransmitISR                                 text64       0016D2
_UART1_Transmit_Vector_ISR                         text63       001B10
_UART1_TxCompleteCallbackRegister                  (abs)        000000
_UART1_TxCompleteInterruptHandler                  bssCOMRAM    000020
_UART1_TxInterruptHandler                          bssCOMRAM    000034
_UART1_Write                                       (abs)        000000
_UART2_Initialize                                  text2        00169A
_WPUA                                              (abs)        003A41
_WPUB                                              (abs)        003A51
_WPUC                                              (abs)        003A61
_WPUD                                              (abs)        003A71
_WPUE                                              (abs)        003A81
__HRAM                                             (abs)        000000
__Habs1                                            abs1         000000
__Hbank0                                           bank0        000000
__Hbank1                                           bank1        000000
__Hbank10                                          bank10       000000
__Hbank11                                          bank11       000000
__Hbank12                                          bank12       000000
__Hbank13                                          bank13       000000
__Hbank14                                          bank14       000000
__Hbank15                                          bank15       000000
__Hbank2                                           bank2        000000
__Hbank3                                           bank3        000000
__Hbank4                                           bank4        000000
__Hbank5                                           bank5        000000
__Hbank6                                           bank6        000000
__Hbank7                                           bank7        000000
__Hbank8                                           bank8        000000
__Hbank9                                           bank9        000000
__Hbigbss                                          bigbss       000000
__Hbigdata                                         bigdata      000000
__Hbigram                                          bigram       000000
__Hbigsfr                                          bigsfr       000000
__Hbss                                             bss          000000
__HbssBANK0                                        bssBANK0     000000
__HbssCOMRAM                                       bssCOMRAM    000000
__Hcinit                                           cinit        000000
__Hclrtext                                         clrtext      000000
__Hcomram                                          comram       000000
__Hconfig                                          config       30000A
__Hconst                                           const        000000
__HcstackBANK0                                     cstackBANK0  000000
__HcstackCOMRAM                                    cstackCOMRAM 000000
__Hdata                                            data         000000
__Heeprom_data                                     eeprom_data  000000
__Hfarbss                                          farbss       000000
__Hfardata                                         fardata      000000
__Hheap                                            heap         000000
__Hibigdata                                        ibigdata     000000
__Hidata                                           idata        000000
__Hidloc                                           idloc        200010
__Hifardata                                        ifardata     000000
__Hinit                                            init         0000B2
__Hintsave_regs                                    intsave_regs 000000
__Hirdata                                          irdata       000000
__Hivt0x8                                          ivt0x8       0000AE
__Hmediumconst                                     mediumconst  000000
__HnvCOMRAM                                        nvCOMRAM     000000
__HnvFARRAM                                        nvFARRAM     000000
__Hnvbit                                           nvbit        000000
__Hnvrram                                          nvrram       000000
__Hparam                                           rparam       000000
__Hpowerup                                         powerup      000000
__Hram                                             ram          000000
__Hramtop                                          ramtop       001000
__Hrbit                                            rbit         000000
__Hrbss                                            rbss         000000
__Hrdata                                           rdata        000000
__Hreset_vec                                       reset_vec    000004
__Hrparam                                          rparam       000000
__Hsfr                                             sfr          000000
__Hsmallconst                                      smallconst   00105E
__Hspace_0                                         (abs)        001B28
__Hspace_1                                         (abs)        000075
__Hspace_2                                         (abs)        000000
__Hspace_4                                         (abs)        60000A
__Hstack                                           stack        000000
__Hstruct                                          struct       000000
__Htemp                                            temp         000000
__Htext                                            text         000000
__Htext0                                           text0        000000
__Htext1                                           text1        000000
__Htext10                                          text10       000000
__Htext11                                          text11       000000
__Htext12                                          text12       000000
__Htext13                                          text13       000000
__Htext14                                          text14       000000
__Htext15                                          text15       000000
__Htext16                                          text16       000000
__Htext17                                          text17       000000
__Htext18                                          text18       000000
__Htext19                                          text19       000000
__Htext2                                           text2        000000
__Htext20                                          text20       000000
__Htext21                                          text21       000000
__Htext22                                          text22       000000
__Htext23                                          text23       000000
__Htext24                                          text24       000000
__Htext25                                          text25       000000
__Htext26                                          text26       000000
__Htext27                                          text27       000000
__Htext28                                          text28       000000
__Htext29                                          text29       000000
__Htext3                                           text3        000000
__Htext30                                          text30       000000
__Htext31                                          text31       000000
__Htext32                                          text32       000000
__Htext33                                          text33       000000
__Htext34                                          text34       000000
__Htext35                                          text35       000000
__Htext36                                          text36       000000
__Htext37                                          text37       000000
__Htext38                                          text38       000000
__Htext39                                          text39       000000
__Htext4                                           text4        000000
__Htext40                                          text40       000000
__Htext41                                          text41       000000
__Htext42                                          text42       000000
__Htext43                                          text43       000000
__Htext44                                          text44       000000
__Htext45                                          text45       000000
__Htext46                                          text46       000000
__Htext47                                          text47       000000
__Htext48                                          text48       000000
__Htext49                                          text49       000000
__Htext5                                           text5        000000
__Htext50                                          text50       000000
__Htext51                                          text51       000000
__Htext52                                          text52       000000
__Htext53                                          text53       000000
__Htext54                                          text54       000000
__Htext55                                          text55       000000
__Htext56                                          text56       000000
__Htext57                                          text57       000000
__Htext58                                          text58       000000
__Htext59                                          text59       000000
__Htext6                                           text6        000000
__Htext60                                          text60       000000
__Htext61                                          text61       000000
__Htext62                                          text62       000000
__Htext63                                          text63       000000
__Htext64                                          text64       000000
__Htext65                                          text65       000000
__Htext66                                          text66       000000
__Htext67                                          text67       000000
__Htext7                                           text7        000000
__Htext8                                           text8        000000
__Htext9                                           text9        000000
__LRAM                                             (abs)        000001
__Labs1                                            abs1         000000
__Lbank0                                           bank0        000000
__Lbank1                                           bank1        000000
__Lbank10                                          bank10       000000
__Lbank11                                          bank11       000000
__Lbank12                                          bank12       000000
__Lbank13                                          bank13       000000
__Lbank14                                          bank14       000000
__Lbank15                                          bank15       000000
__Lbank2                                           bank2        000000
__Lbank3                                           bank3        000000
__Lbank4                                           bank4        000000
__Lbank5                                           bank5        000000
__Lbank6                                           bank6        000000
__Lbank7                                           bank7        000000
__Lbank8                                           bank8        000000
__Lbank9                                           bank9        000000
__Lbigbss                                          bigbss       000000
__Lbigdata                                         bigdata      000000
__Lbigram                                          bigram       000000
__Lbigsfr                                          bigsfr       000000
__Lbss                                             bss          000000
__LbssBANK0                                        bssBANK0     000000
__LbssCOMRAM                                       bssCOMRAM    000000
__Lcinit                                           cinit        000000
__Lclrtext                                         clrtext      000000
__Lcomram                                          comram       000000
__Lconfig                                          config       000000
__Lconst                                           const        000000
__LcstackBANK0                                     cstackBANK0  000000
__LcstackCOMRAM                                    cstackCOMRAM 000000
__Ldata                                            data         000000
__Leeprom_data                                     eeprom_data  000000
__Lfarbss                                          farbss       000000
__Lfardata                                         fardata      000000
__Lheap                                            heap         000000
__Libigdata                                        ibigdata     000000
__Lidata                                           idata        000000
__Lidloc                                           idloc        000000
__Lifardata                                        ifardata     000000
__Linit                                            init         0000AE
__Lintsave_regs                                    intsave_regs 000000
__Lirdata                                          irdata       000000
__Livt0x8                                          ivt0x8       000008
__Lmediumconst                                     mediumconst  000000
__LnvCOMRAM                                        nvCOMRAM     000000
__LnvFARRAM                                        nvFARRAM     000000
__Lnvbit                                           nvbit        000000
__Lnvrram                                          nvrram       000000
__Lparam                                           rparam       000000
__Lpowerup                                         powerup      000000
__Lram                                             ram          000000
__Lramtop                                          ramtop       001000
__Lrbit                                            rbit         000000
__Lrbss                                            rbss         000000
__Lrdata                                           rdata        000000
__Lreset_vec                                       reset_vec    000000
__Lrparam                                          rparam       000000
__Lsfr                                             sfr          000000
__Lsmallconst                                      smallconst   001000
__Lspace_0                                         (abs)        000000
__Lspace_1                                         (abs)        000000
__Lspace_2                                         (abs)        000000
__Lspace_4                                         (abs)        000000
__Lstack                                           stack        000000
__Lstruct                                          struct       000000
__Ltemp                                            temp         000000
__Ltext                                            text         000000
__Ltext0                                           text0        000000
__Ltext1                                           text1        000000
__Ltext10                                          text10       000000
__Ltext11                                          text11       000000
__Ltext12                                          text12       000000
__Ltext13                                          text13       000000
__Ltext14                                          text14       000000
__Ltext15                                          text15       000000
__Ltext16                                          text16       000000
__Ltext17                                          text17       000000
__Ltext18                                          text18       000000
__Ltext19                                          text19       000000
__Ltext2                                           text2        000000
__Ltext20                                          text20       000000
__Ltext21                                          text21       000000
__Ltext22                                          text22       000000
__Ltext23                                          text23       000000
__Ltext24                                          text24       000000
__Ltext25                                          text25       000000
__Ltext26                                          text26       000000
__Ltext27                                          text27       000000
__Ltext28                                          text28       000000
__Ltext29                                          text29       000000
__Ltext3                                           text3        000000
__Ltext30                                          text30       000000
__Ltext31                                          text31       000000
__Ltext32                                          text32       000000
__Ltext33                                          text33       000000
__Ltext34                                          text34       000000
__Ltext35                                          text35       000000
__Ltext36                                          text36       000000
__Ltext37                                          text37       000000
__Ltext38                                          text38       000000
__Ltext39                                          text39       000000
__Ltext4                                           text4        000000
__Ltext40                                          text40       000000
__Ltext41                                          text41       000000
__Ltext42                                          text42       000000
__Ltext43                                          text43       000000
__Ltext44                                          text44       000000
__Ltext45                                          text45       000000
__Ltext46                                          text46       000000
__Ltext47                                          text47       000000
__Ltext48                                          text48       000000
__Ltext49                                          text49       000000
__Ltext5                                           text5        000000
__Ltext50                                          text50       000000
__Ltext51                                          text51       000000
__Ltext52                                          text52       000000
__Ltext53                                          text53       000000
__Ltext54                                          text54       000000
__Ltext55                                          text55       000000
__Ltext56                                          text56       000000
__Ltext57                                          text57       000000
__Ltext58                                          text58       000000
__Ltext59                                          text59       000000
__Ltext6                                           text6        000000
__Ltext60                                          text60       000000
__Ltext61                                          text61       000000
__Ltext62                                          text62       000000
__Ltext63                                          text63       000000
__Ltext64                                          text64       000000
__Ltext65                                          text65       000000
__Ltext66                                          text66       000000
__Ltext67                                          text67       000000
__Ltext7                                           text7        000000
__Ltext8                                           text8        000000
__Ltext9                                           text9        000000
__S0                                               (abs)        001B28
__S1                                               (abs)        000075
__S4                                               (abs)        000000
__S5                                               (abs)        000000
___heap_hi                                         (abs)        000000
___heap_lo                                         (abs)        000000
___inthi_sp                                        stack        000000
___intlo_sp                                        stack        000000
___param_bank                                      (abs)        000000
___rparam_used                                     (abs)        000001
___sp                                              stack        000000
__accesstop                                        (abs)        000060
__activetblptr                                     (abs)        000003
__end_of_ADCC_DefaultADI_ISR                       text66       001B28
__end_of_ADCC_ISR                                  text65       001660
__end_of_ADCC_Initialize                           text19       001570
__end_of_ADCC_SetADIInterruptHandler               text20       001AAE
__end_of_CLOCK_Initialize                          text18       001998
__end_of_Default_ISR                               text24       001B1A
__end_of_FVR_Initialize                            text17       001AE8
__end_of_I2C1_Initialize                           text16       001618
__end_of_I2C2_AddrTransmit                         text41       001ACC
__end_of_I2C2_BufferClear                          text45       001AE0
__end_of_I2C2_BusReset                             text53       00169A
__end_of_I2C2_CallbackRegister                     text15       001946
__end_of_I2C2_Close                                text42       00183A
__end_of_I2C2_CounterGet                           text37       001B02
__end_of_I2C2_CounterSet                           text40       001AC2
__end_of_I2C2_DataReceive                          text57       001B0E
__end_of_I2C2_DataTransmit                         text36       001AB8
__end_of_I2C2_DefaultCallback                      text52       001B22
__end_of_I2C2_ERROR_ISR                            text46       001156
__end_of_I2C2_ErrorFlagsClear                      text44       001AD6
__end_of_I2C2_ISR                                  text33       001478
__end_of_I2C2_Initialize                           text13       0015D0
__end_of_I2C2_InterruptsClear                      text43       001AF0
__end_of_I2C2_InterruptsDisable                    text55       001A78
__end_of_I2C2_InterruptsEnable                     text14       0019DE
__end_of_I2C2_IsAddr                               text51       001A4C
__end_of_I2C2_IsBusCol                             text50       001A36
__end_of_I2C2_IsBusTimeOut                         text49       001A20
__end_of_I2C2_IsData                               text48       001A0A
__end_of_I2C2_IsNack                               text47       0019F4
__end_of_I2C2_RX_ISR                               text56       0019B0
__end_of_I2C2_ReadStart                            text38       001886
__end_of_I2C2_RestartDisable                       text35       001AFC
__end_of_I2C2_StartSend                            text39       001B08
__end_of_I2C2_StopSend                             text34       001860
__end_of_I2C2_TX_ISR                               text58       0019C8
__end_of_I2C_Host                                  smallconst   001045
__end_of_INT0_CallBack                             text28       001792
__end_of_INT0_DefaultInterruptHandler              text29       001B1E
__end_of_INT0_ISR                                  text27       0018AA
__end_of_INT0_SetInterruptHandler                  text12       001AA4
__end_of_INT1_CallBack                             text31       0017BE
__end_of_INT1_DefaultInterruptHandler              text32       001B20
__end_of_INT1_ISR                                  text30       0018CE
__end_of_INT1_SetInterruptHandler                  text11       001A9A
__end_of_INT2_CallBack                             text22       001766
__end_of_INT2_DefaultInterruptHandler              text23       001B18
__end_of_INT2_ISR                                  text21       00173A
__end_of_INT2_SetInterruptHandler                  text10       001A90
__end_of_INTERRUPT_Initialize                      text9        0014FC
__end_of_IOC_ISR                                   text25       001AF6
__end_of_PIN_MANAGER_IOC                           text26       001B1C
__end_of_PIN_MANAGER_Initialize                    text8        001246
__end_of_SPI                                       smallconst   001057
__end_of_SPI_Initialize                            text7        001980
__end_of_SYSTEM_Initialize                         text1        001812
__end_of_UART                                      smallconst   001031
__end_of_UART1_DefaultFramingErrorCallback         text62       001B26
__end_of_UART1_DefaultOverrunErrorCallback         text61       001B24
__end_of_UART1_FramingErrorCallbackRegister        text6        001928
__end_of_UART1_Initialize                          text3        0013E6
__end_of_UART1_OverrunErrorCallbackRegister        text5        00190A
__end_of_UART1_ParityErrorCallbackRegister         text4        0018EC
__end_of_UART1_ReceiveISR                          text60       001332
__end_of_UART1_Receive_Vector_ISR                  text59       001966
__end_of_UART1_TransmitISR                         text64       00170A
__end_of_UART1_Transmit_Vector_ISR                 text63       001B16
__end_of_UART2_Initialize                          text2        0016D2
__end_of__initialization                           cinit        0017E2
__end_of_main                                      text0        001A86
__end_of_spi1_configuration                        smallconst   00105C
__end_ofi2_I2C2_InterruptsEnable                   text54       001A62
__initialization                                   cinit        0017BE
__mediumconst                                      mediumconst  000000
__pbssBANK0                                        bssBANK0     000060
__pbssCOMRAM                                       bssCOMRAM    000001
__pcinit                                           cinit        0017BE
__pcstackBANK0                                     cstackBANK0  000070
__pcstackCOMRAM                                    cstackCOMRAM 00003C
__pivt0x8                                          ivt0x8       000008
__pnvCOMRAM                                        nvCOMRAM     00004D
__psmallconst                                      smallconst   001000
__ptext0                                           text0        001A78
__ptext1                                           text1        0017E8
__ptext10                                          text10       001A86
__ptext11                                          text11       001A90
__ptext12                                          text12       001A9A
__ptext13                                          text13       001570
__ptext14                                          text14       0019C8
__ptext15                                          text15       001928
__ptext16                                          text16       0015D0
__ptext17                                          text17       001AE0
__ptext18                                          text18       001980
__ptext19                                          text19       0014FC
__ptext2                                           text2        00169A
__ptext20                                          text20       001AA4
__ptext21                                          text21       00170C
__ptext22                                          text22       00173A
__ptext23                                          text23       001B16
__ptext24                                          text24       001B18
__ptext25                                          text25       001AF0
__ptext26                                          text26       001B1A
__ptext27                                          text27       001888
__ptext28                                          text28       001766
__ptext29                                          text29       001B1C
__ptext3                                           text3        001332
__ptext30                                          text30       0018AC
__ptext31                                          text31       001792
__ptext32                                          text32       001B1E
__ptext33                                          text33       0013E8
__ptext34                                          text34       00183A
__ptext35                                          text35       001AF6
__ptext36                                          text36       001AAE
__ptext37                                          text37       001AFC
__ptext38                                          text38       001860
__ptext39                                          text39       001B02
__ptext4                                           text4        0018CE
__ptext40                                          text40       001AB8
__ptext41                                          text41       001AC2
__ptext42                                          text42       001812
__ptext43                                          text43       001AE8
__ptext44                                          text44       001ACC
__ptext45                                          text45       001AD6
__ptext46                                          text46       001060
__ptext47                                          text47       0019DE
__ptext48                                          text48       0019F4
__ptext49                                          text49       001A0A
__ptext5                                           text5        0018EC
__ptext50                                          text50       001A20
__ptext51                                          text51       001A36
__ptext52                                          text52       001B20
__ptext53                                          text53       001660
__ptext54                                          text54       001A4C
__ptext55                                          text55       001A62
__ptext56                                          text56       001998
__ptext57                                          text57       001B08
__ptext58                                          text58       0019B0
__ptext59                                          text59       001948
__ptext6                                           text6        00190A
__ptext60                                          text60       001246
__ptext61                                          text61       001B22
__ptext62                                          text62       001B24
__ptext63                                          text63       001B10
__ptext64                                          text64       0016D2
__ptext65                                          text65       001618
__ptext66                                          text66       001B26
__ptext67                                          text67       000000
__ptext7                                           text7        001966
__ptext8                                           text8        001156
__ptext9                                           text9        001478
__ramtop                                           ramtop       001000
__smallconst                                       smallconst   001000
_i2c2Status                                        bssCOMRAM    000011
_main                                              text0        001A78
_spi1_configuration                                smallconst   001057
_uart1RxBuffer                                     bssBANK0     000060
_uart1RxCount                                      bssCOMRAM    000036
_uart1RxHead                                       bssCOMRAM    000038
_uart1RxLastError                                  bssCOMRAM    000028
_uart1RxStatusBuffer                               bssCOMRAM    000001
_uart1RxTail                                       bssCOMRAM    000037
_uart1TxBuffer                                     bssBANK0     000068
_uart1TxBufferRemaining                            bssCOMRAM    000039
_uart1TxHead                                       bssCOMRAM    00003B
_uart1TxTail                                       bssCOMRAM    00003A
end_of_initialization                              cinit        0017E2
i2_I2C2_InterruptsEnable                           text54       001A4C
intlevel0                                          text         000000
intlevel1                                          text         000000
intlevel2                                          text         000000
intlevel3                                          text         000000
isa$std                                            (abs)        000001
isa$xinst                                          (abs)        000000
ivt0x8_base                                        ivt0x8       000008
ivt0x8_undefint                                    ivt0x8       0000AC
stackhi                                            (abs)        000000
stacklo                                            (abs)        000000
start                                              init         0000AE
start_initialization                               cinit        0017BE


MODULE INFORMATION

Module		Function		Class		Link	Load	Size
mcc_generated_files/peripheral/src/uart2.c
		_UART2_Initialize		CODE           	169A	0000	56

mcc_generated_files/peripheral/src/uart2.c estimated size: 56

mcc_generated_files/peripheral/src/i2c1.c
		_I2C1_Initialize		CODE           	15D0	0000	72

mcc_generated_files/peripheral/src/i2c1.c estimated size: 72

mcc_generated_files/system/src/interrupt.c
		_IOC_ISR       		CODE           	1AF0	0000	6
		_INT0_SetInterruptHandler		CODE           	1A9A	0000	10
		_INT1_SetInterruptHandler		CODE           	1A90	0000	10
		_INT2_SetInterruptHandler		CODE           	1A86	0000	10
		_INTERRUPT_Initialize		CODE           	1478	0000	132
		_INT0_DefaultInterruptHandler		CODE           	1B1C	0000	2
		_INT0_CallBack 		CODE           	1766	0000	44
		_INT1_DefaultInterruptHandler		CODE           	1B1E	0000	2
		_INT1_CallBack 		CODE           	1792	0000	44
		_INT2_DefaultInterruptHandler		CODE           	1B16	0000	2
		_INT2_CallBack 		CODE           	173A	0000	44
		_Default_ISR   		CODE           	1B18	0000	2
		_INT0_ISR      		CODE           	1888	0000	34
		_INT1_ISR      		CODE           	18AC	0000	34
		_INT2_ISR      		CODE           	170C	0000	46

mcc_generated_files/system/src/interrupt.c estimated size: 422

mcc_generated_files/adc/src/adcc.c
		_ADCC_DefaultADI_ISR		CODE           	1B26	0000	2
		_ADCC_SetADIInterruptHandler		CODE           	1AA4	0000	10
		_ADCC_ISR      		CODE           	1618	0000	72
		_ADCC_Initialize		CODE           	14FC	0000	116

mcc_generated_files/adc/src/adcc.c estimated size: 200

mcc_generated_files/uart/src/uart1.c
		_UART1_DefaultOverrunErrorCallback		CODE           	1B22	0000	2
		_UART1_FramingErrorCallbackRegister		CODE           	190A	0000	30
		_UART1_Transmit_Vector_ISR		CODE           	1B10	0000	6
		_UART1_Receive_Vector_ISR		CODE           	1948	0000	30
		_UART1_OverrunErrorCallbackRegister		CODE           	18EC	0000	30
		_UART1_ReceiveISR		CODE           	1246	0000	236
		_UART1_Initialize		CODE           	1332	0000	180
		_UART1_DefaultFramingErrorCallback		CODE           	1B24	0000	2
		_UART1_TransmitISR		CODE           	16D2	0000	56
		_UART1_ParityErrorCallbackRegister		CODE           	18CE	0000	30

mcc_generated_files/uart/src/uart1.c estimated size: 602

mcc_generated_files/system/src/pins.c
		_PIN_MANAGER_Initialize		CODE           	1156	0000	240
		_PIN_MANAGER_IOC		CODE           	1B1A	0000	2

mcc_generated_files/system/src/pins.c estimated size: 242

shared
		_UART          		SMALLCONST     	1001	0000	48
		__initialization		CODE           	17BE	0000	36
		_I2C_Host      		SMALLCONST     	1031	0000	20
		i2_I2C2_InterruptsEnable		CODE           	1A4C	0000	22
		_SPI           		SMALLCONST     	1045	0000	18
		_spi1_configuration		SMALLCONST     	1057	0000	5

shared estimated size: 149

mcc_generated_files/system/src/clock.c
		_CLOCK_Initialize		CODE           	1980	0000	24

mcc_generated_files/system/src/clock.c estimated size: 24

main.c
		_main          		CODE           	1A78	0000	14

main.c estimated size: 14

mcc_generated_files/fvr/src/fvr.c
		_FVR_Initialize		CODE           	1AE0	0000	8

mcc_generated_files/fvr/src/fvr.c estimated size: 8

mcc_generated_files/i2c_host/src/i2c2.c
		_I2C2_AddrTransmit		CODE           	1AC2	0000	10
		_I2C2_IsBusTimeOut		CODE           	1A0A	0000	22
		_I2C2_DefaultCallback		CODE           	1B20	0000	2
		_I2C2_StartSend		CODE           	1B02	0000	6
		_I2C2_CallbackRegister		CODE           	1928	0000	30
		_I2C2_RX_ISR   		CODE           	1998	0000	24
		_I2C2_InterruptsEnable		CODE           	19C8	0000	22
		_I2C2_CounterGet		CODE           	1AFC	0000	6
		_I2C2_CounterSet		CODE           	1AB8	0000	10
		_I2C2_ReadStart		CODE           	1860	0000	38
		_I2C2_InterruptsClear		CODE           	1AE8	0000	8
		_I2C2_ISR      		CODE           	13E8	0000	144
		_I2C2_DataReceive		CODE           	1B08	0000	6
		_I2C2_IsData   		CODE           	19F4	0000	22
		_I2C2_IsNack   		CODE           	19DE	0000	22
		_I2C2_IsAddr   		CODE           	1A36	0000	22
		_I2C2_InterruptsDisable		CODE           	1A62	0000	22
		_I2C2_BufferClear		CODE           	1AD6	0000	10
		_I2C2_BusReset 		CODE           	1660	0000	58
		_I2C2_Initialize		CODE           	1570	0000	96
		_I2C2_Close    		CODE           	1812	0000	40
		_I2C2_IsBusCol 		CODE           	1A20	0000	22
		_I2C2_ERROR_ISR		CODE           	1060	0000	246
		_I2C2_ErrorFlagsClear		CODE           	1ACC	0000	10
		_I2C2_TX_ISR   		CODE           	19B0	0000	24
		_I2C2_StopSend 		CODE           	183A	0000	38
		_I2C2_RestartDisable		CODE           	1AF6	0000	6
		_I2C2_DataTransmit		CODE           	1AAE	0000	10

mcc_generated_files/i2c_host/src/i2c2.c estimated size: 976

mcc_generated_files/system/src/system.c
		_SYSTEM_Initialize		CODE           	17E8	0000	42

mcc_generated_files/system/src/system.c estimated size: 42

mcc_generated_files/spi/src/spi1.c
		_SPI_Initialize		CODE           	1966	0000	26

mcc_generated_files/spi/src/spi1.c estimated size: 26

