Microchip MPLAB XC8 Compiler V2.40

Linker command line:

-W-3 \
  --edf=C:\Program Files\Microchip\xc8\v2.40\pic\dat\20220703182018_en.msgs \
  -pivt0x8=08h -cn -h+dist/default/production\Practica_2a.X.production.sym \
  --cmf=dist/default/production\Practica_2a.X.production.cmf -z -Q18F46K42 \
  -oC:\Users\rrtc2\AppData\Local\Temp\xcAsfpo.4 --defsym=__MPLAB_BUILD=1 \
  --fixupoverflow=error \
  -Mdist/default/production/Practica_2a.X.production.map \
  --md=C:\Users\rrtc2\AppData\Local\Temp\xcAsfpo.dat -E1 -ver=XC8 Compiler \
  --acfsm=1493 -ACODE=00h-0FFFFh -ACONST=00h-0FFFFh \
  -ASMALLCONST=01000h-010FFhx240 -AMEDIUMCONST=01000h-0FFFFh \
  -ACOMRAM=01h-05Fh -AABS1=00h-0FFFh -ABIGRAM=01h-0FFFh \
  -ARAM=060h-0FFh,0100h-01FFhx15 -ABANK0=060h-0FFh -ABANK1=0100h-01FFh \
  -ABANK2=0200h-02FFh -ABANK3=0300h-03FFh -ABANK4=0400h-04FFh \
  -ABANK5=0500h-05FFh -ABANK6=0600h-06FFh -ABANK7=0700h-07FFh \
  -ABANK8=0800h-08FFh -ABANK9=0900h-09FFh -ABANK10=0A00h-0AFFh \
  -ABANK11=0B00h-0BFFh -ABANK12=0C00h-0CFFh -ABANK13=0D00h-0DFFh \
  -ABANK14=0E00h-0EFFh -ABANK15=0F00h-0FFFh \
  -ASFR=03800h-038FFhx7,03F00h-03F5Fh,03F60h-03FFFh -ABIGSFR=03800h-03FFFh \
  -ACONFIG=0300000h-0300009h -AIDLOC=0200000h-020000Fh \
  -AEEDATA=0310000h-03103FFh -peeprom_data=EEDATA -preset_vec=00h \
  -ppowerup=CODE,init -pramtop=01000h -psmallconst=SMALLCONST \
  -pmediumconst=MEDIUMCONST -pconst=CONST -AFARRAM=00h-00h \
  -prdata=COMRAM,nvrram=COMRAM,nvbit=COMRAM,rbss=COMRAM,rbit=COMRAM \
  -pfarbss=FARRAM,fardata=FARRAM,nvFARRAM=FARRAM \
  -pintsave_regs=BIGRAM,bigbss=BIGRAM,bigdata=BIGRAM -pbss=RAM \
  -pidata=CODE,irdata=CODE,ibigdata=CODE,ifardata=CODE -prparam=COMRAM \
  C:\Users\rrtc2\AppData\Local\Temp\xcAsfpo.o \
  dist/default/production\Practica_2a.X.production.o 

Object code version is 3.11

Machine type is 18F46K42



                Name                               Link     Load   Length Selector   Space Scale
C:\Users\rrtc2\AppData\Local\Temp\xcAsfpo.o
                idloc                            200000   200000       10        0       5
                config                           300000   300000        A        0       4
                init                                 AE       AE        4        4       0
                reset_vec                             0        0        4        0       0
dist/default/production\Practica_2a.X.production.o
                idloc                            200000   200000       10        0       5
                config                           300000   300000        A        0       4
                smallconst                         1000     1000       6A      800       0
                ivt0x8                                8        8       A6        4       0
                text76                             1E56     1E56        2      794       0
                text75                             1E54     1E54        2      794       0
                text74                             125E     125E       F0      41B       0
                text73                             1C70     1C70       1E      68E       0
                text72                             1B3C     1B3C       28      68E       0
                text71                             1E52     1E52        2      794       0
                text70                             1760     1760       52      5D8       0
                text69                             1E50     1E50        2      794       0
                text68                             1D96     1D96        E      761       0
                text67                             1E08     1E08        A      761       0
                text66                             1610     1610       76      53B       0
                text65                             134E     134E       E2      41B       0
                text64                             1E4C     1E4C        2      78F       0
                text63                             1800     1800       4A      600       0
                text62                             1908     1908       38      600       0
                text61                             1D84     1D84       12      761       0
                text60                             1E4A     1E4A        2      78F       0
                text59                             1ABE     1ABE       2C      68E       0
                text58                             1A38     1A38       2E      68E       0
                text57                             1E48     1E48        2      78F       0
                text56                             1A92     1A92       2C      68E       0
                text55                             1A08     1A08       2E      682       0
                text54                             1E46     1E46        2      78F       0
                text53                             1A66     1A66       2C      68E       0
                text52                             19D8     19D8       2E      676       0
                text51                             1E44     1E44        2      78F       0
                text50                             1E3C     1E3C        6      78F       0
                text49                             1BD4     1BD4       24      68E       0
                text48                             1E34     1E34        6      761       0
                text47                             1BB0     1BB0       24      68E       0
                text46                             1D5A     1D5A       16      68E       0
                text45                             1D44     1D44       16      68E       0
                text44                             1892     1892       3E      600       0
                text43                             1E42     1E42        2      78F       0
                text42                             1D2E     1D2E       16      68E       0
                text41                             1D18     1D18       16      68E       0
                text40                             1D02     1D02       16      68E       0
                text39                             1CEC     1CEC       16      68E       0
                text38                             1CD6     1CD6       16      68E       0
                text37                             106C     106C      102      41B       0
                text36                             1DFE     1DFE        A      761       0
                text35                             1DF4     1DF4        A      761       0
                text34                             1E1A     1E1A        8      761       0
                text33                             1B14     1B14       28      68E       0
                text32                             1DEA     1DEA        A      761       0
                text31                             1DE0     1DE0        A      761       0
                text30                             1E2E     1E2E        6      761       0
                text29                             1B8A     1B8A       26      68E       0
                text28                             1E28     1E28        6      761       0
                text27                             1DD6     1DD6        A      761       0
                text26                             1E22     1E22        6      761       0
                text25                             1B64     1B64       26      68E       0
                text24                             14EC     14EC       9C      53B       0
                text23                             1AEA     1AEA       2A      68E       0
                text22                             1DCC     1DCC        A      761       0
                text21                             1686     1686       74      53B       0
                text20                             1CA8     1CA8       18      68E       0
                text19                             1E12     1E12        8      761       0
                text18                             184A     184A       48      600       0
                text17                             1C52     1C52       1E      68E       0
                text16                             1CC0     1CC0       16      68E       0
                text15                             16FA     16FA       64      53B       0
                text14                             1DC2     1DC2        A      761       0
                text13                             1DB8     1DB8        A      761       0
                text12                             1DAE     1DAE        A      761       0
                text11                             1588     1588       88      53B       0
                text10                             116E     116E       F0      41B       0
                text9                              1C8E     1C8E       1A      68E       0
                text8                              1DA4     1DA4        A      761       0
                text7                              1976     1976       32      600       0
                text6                              1C34     1C34       1E      68E       0
                text5                              1C16     1C16       1E      68E       0
                text4                              1BF8     1BF8       1E      68E       0
                text3                              1430     1430       BA      41B       0
                text2                              18D0     18D0       38      600       0
                text1                              19A8     19A8       2E      600       0
                text0                              1940     1940       36      600       0
                cstackCOMRAM                         30       30       19        1       1
                cstackBANK0                          A0       A0        D       60       1
                dataBANK0                            8E       8E       12       60       1
                bssBANK0                             60       60       2E       60       1
                bssCOMRAM                             1        1       2F        1       1
                cinit                              17B2     17B2       4C      5D8       0
                nvBANK0                              AD       AD        2       60       1
                idataBANK0                         1D70     1D70       12      68E       0

TOTAL           Name                               Link     Load   Length     Space
        CLASS   CODE           
                init                                 AE       AE        4         0
                reset_vec                             0        0        4         0
                ivt0x8                                8        8       A6         0
                text76                             1E56     1E56        2         0
                text75                             1E54     1E54        2         0
                text74                             125E     125E       F0         0
                text73                             1C70     1C70       1E         0
                text72                             1B3C     1B3C       28         0
                text71                             1E52     1E52        2         0
                text70                             1760     1760       52         0
                text69                             1E50     1E50        2         0
                text68                             1D96     1D96        E         0
                text67                             1E08     1E08        A         0
                text66                             1610     1610       76         0
                text65                             134E     134E       E2         0
                text64                             1E4C     1E4C        2         0
                text63                             1800     1800       4A         0
                text62                             1908     1908       38         0
                text61                             1D84     1D84       12         0
                text60                             1E4A     1E4A        2         0
                text59                             1ABE     1ABE       2C         0
                text58                             1A38     1A38       2E         0
                text57                             1E48     1E48        2         0
                text56                             1A92     1A92       2C         0
                text55                             1A08     1A08       2E         0
                text54                             1E46     1E46        2         0
                text53                             1A66     1A66       2C         0
                text52                             19D8     19D8       2E         0
                text51                             1E44     1E44        2         0
                text50                             1E3C     1E3C        6         0
                text49                             1BD4     1BD4       24         0
                text48                             1E34     1E34        6         0
                text47                             1BB0     1BB0       24         0
                text46                             1D5A     1D5A       16         0
                text45                             1D44     1D44       16         0
                text44                             1892     1892       3E         0
                text43                             1E42     1E42        2         0
                text42                             1D2E     1D2E       16         0
                text41                             1D18     1D18       16         0
                text40                             1D02     1D02       16         0
                text39                             1CEC     1CEC       16         0
                text38                             1CD6     1CD6       16         0
                text37                             106C     106C      102         0
                text36                             1DFE     1DFE        A         0
                text35                             1DF4     1DF4        A         0
                text34                             1E1A     1E1A        8         0
                text33                             1B14     1B14       28         0
                text32                             1DEA     1DEA        A         0
                text31                             1DE0     1DE0        A         0
                text30                             1E2E     1E2E        6         0
                text29                             1B8A     1B8A       26         0
                text28                             1E28     1E28        6         0
                text27                             1DD6     1DD6        A         0
                text26                             1E22     1E22        6         0
                text25                             1B64     1B64       26         0
                text24                             14EC     14EC       9C         0
                text23                             1AEA     1AEA       2A         0
                text22                             1DCC     1DCC        A         0
                text21                             1686     1686       74         0
                text20                             1CA8     1CA8       18         0
                text19                             1E12     1E12        8         0
                text18                             184A     184A       48         0
                text17                             1C52     1C52       1E         0
                text16                             1CC0     1CC0       16         0
                text15                             16FA     16FA       64         0
                text14                             1DC2     1DC2        A         0
                text13                             1DB8     1DB8        A         0
                text12                             1DAE     1DAE        A         0
                text11                             1588     1588       88         0
                text10                             116E     116E       F0         0
                text9                              1C8E     1C8E       1A         0
                text8                              1DA4     1DA4        A         0
                text7                              1976     1976       32         0
                text6                              1C34     1C34       1E         0
                text5                              1C16     1C16       1E         0
                text4                              1BF8     1BF8       1E         0
                text3                              1430     1430       BA         0
                text2                              18D0     18D0       38         0
                text1                              19A8     19A8       2E         0
                text0                              1940     1940       36         0
                cinit                              17B2     17B2       4C         0
                idataBANK0                         1D70     1D70       12         0

        CLASS   CONST          

        CLASS   SMALLCONST     
                smallconst                         1000     1000       6A         0

        CLASS   MEDIUMCONST    

        CLASS   COMRAM         
                cstackCOMRAM                         30       30       19         1
                bssCOMRAM                             1        1       2F         1

        CLASS   ABS1           

        CLASS   BIGRAM         

        CLASS   RAM            

        CLASS   BANK0          
                cstackBANK0                          A0       A0        D         1
                dataBANK0                            8E       8E       12         1
                bssBANK0                             60       60       2E         1
                nvBANK0                              AD       AD        2         1

        CLASS   BANK1          

        CLASS   BANK2          

        CLASS   BANK3          

        CLASS   BANK4          

        CLASS   BANK5          

        CLASS   BANK6          

        CLASS   BANK7          

        CLASS   BANK8          

        CLASS   BANK9          

        CLASS   BANK10         

        CLASS   BANK11         

        CLASS   BANK12         

        CLASS   BANK13         

        CLASS   BANK14         

        CLASS   BANK15         

        CLASS   SFR            

        CLASS   BIGSFR         

        CLASS   CONFIG         
                config                           300000   300000        A         4

        CLASS   IDLOC          
                idloc                            200000   200000       10         5

        CLASS   EEDATA         

        CLASS   FARRAM         

        CLASS   HEAP           

        CLASS   STACK          



SEGMENTS        Name                           Load    Length   Top    Selector   Space  Class

                reset_vec                      000000  000004  000004         0       0  CODE    
                bssCOMRAM                      000001  000048  000049         1       1  COMRAM  
                ivt0x8                         000008  0000AA  0000B2         4       0  CODE    
                bssBANK0                       000060  00004F  0000AF        60       1  BANK0   
                smallconst                     001000  00006A  00106A       800       0  SMALLCON
                text37                         00106C  00047E  0014EA       41B       0  CODE    
                text24                         0014EC  000272  00175E       53B       0  CODE    
                text70                         001760  00009E  0017FE       5D8       0  CODE    
                text63                         001800  0001D6  0019D6       600       0  CODE    
                text52                         0019D8  00002E  001A06       676       0  CODE    
                text55                         001A08  00002E  001A36       682       0  CODE    
                text58                         001A38  00034A  001D82       68E       0  CODE    
                text61                         001D84  0000B6  001E3A       761       0  CODE    
                text50                         001E3C  000012  001E4E       78F       0  CODE    
                text69                         001E50  000008  001E58       794       0  CODE    


UNUSED ADDRESS RANGES

        Name                Unused          Largest block    Delta
        BANK0            0000AF-0000FF               51
        BANK1            000100-0001FF              100
        BANK10           000A00-000AFF              100
        BANK11           000B00-000BFF              100
        BANK12           000C00-000CFF              100
        BANK13           000D00-000DFF              100
        BANK14           000E00-000EFF              100
        BANK15           000F00-000FFF              100
        BANK2            000200-0002FF              100
        BANK3            000300-0003FF              100
        BANK4            000400-0004FF              100
        BANK5            000500-0005FF              100
        BANK6            000600-0006FF              100
        BANK7            000700-0007FF              100
        BANK8            000800-0008FF              100
        BANK9            000900-0009FF              100
        BIGRAM           000049-00005F               17
                         0000AF-000FFF              F51
        BIGSFR           003800-003FFF              800
        CODE             000004-000007                4
                         0000B2-000FFF              F4E
                         00106A-00106B                2
                         0014EA-0014EB                2
                         00175E-00175F                2
                         0017FE-0017FF                2
                         0019D6-0019D7                2
                         001A06-001A07                2
                         001A36-001A37                2
                         001D82-001D83                2
                         001E3A-001E3B                2
                         001E4E-001E4F                2
                         001E58-00FFFF             E1A8
        COMRAM           000049-00005F               17
        CONST            000004-000007                4
                         0000B2-000FFF              F4E
                         00106A-00106B                2
                         0014EA-0014EB                2
                         00175E-00175F                2
                         0017FE-0017FF                2
                         0019D6-0019D7                2
                         001A06-001A07                2
                         001A36-001A37                2
                         001D82-001D83                2
                         001E3A-001E3B                2
                         001E4E-001E4F                2
                         001E58-00FFFF             E1A8
        EEDATA           310000-3103FF              400
        MEDIUMCONST      00106A-00106B                2
                         0014EA-0014EB                2
                         00175E-00175F                2
                         0017FE-0017FF                2
                         0019D6-0019D7                2
                         001A06-001A07                2
                         001A36-001A37                2
                         001D82-001D83                2
                         001E3A-001E3B                2
                         001E4E-001E4F                2
                         001E58-00FFFF             E1A8
        RAM              0000AF-000FFF              100
        SFR              003800-003FFF              100
        SMALLCONST       00106A-00106B                2
                         0014EA-0014EB                2
                         00175E-00175F                2
                         0017FE-0017FF                2
                         0019D6-0019D7                2
                         001A06-001A07                2
                         001A36-001A37                2
                         001D82-001D83                2
                         001E3A-001E3B                2
                         001E4E-001E4F                2
                         001E58-00FFFF              100

                                  Symbol Table

ADCC_SetADIInterruptHandler@InterruptHandler       cstackBANK0  0000A9
ADCC_StartConversion@channel                       cstackCOMRAM 000037
I2C2_AddrTransmit@addr                             cstackCOMRAM 00003E
I2C2_CallbackRegister@callbackHandler              cstackBANK0  0000A9
I2C2_CounterSet@counter                            cstackCOMRAM 000040
I2C2_DataTransmit@data                             cstackCOMRAM 000045
INT0_SetInterruptHandler@InterruptHandler          cstackBANK0  0000A9
INT1_SetInterruptHandler@InterruptHandler          cstackBANK0  0000A9
INT2_SetInterruptHandler@InterruptHandler          cstackBANK0  0000A9
INTERRUPT_Initialize@state                         cstackBANK0  0000AB
IVTBASEH                                           (abs)        003FD6
IVTBASEL                                           (abs)        003FD5
IVTBASEU                                           (abs)        003FD7
SPI1_ByteWrite@byte                                cstackCOMRAM 000030
Timer_OverflowCallbackRegister@CallbackHandler     cstackBANK0  0000A9
Timer_int@count                                    bssCOMRAM    00000E
UART1_FramingErrorCallbackRegister@callbackHandler cstackBANK0  0000A9
UART1_OverrunErrorCallbackRegister@callbackHandler cstackBANK0  0000A9
UART1_ParityErrorCallbackRegister@callbackHandler  cstackBANK0  0000A9
UART1_ReceiveISR@regValue                          cstackCOMRAM 00003A
UART1_ReceiveISR@tempRxHead                        cstackCOMRAM 00003B
UART1_TransmitISR@tempTxTail                       cstackCOMRAM 000047
UART1_Write@tempTxHead                             cstackCOMRAM 000031
UART1_Write@txData                                 cstackCOMRAM 000032
UART_RX_int@mesage                                 bssCOMRAM    000010
UART_RX_int@opcode                                 bssCOMRAM    000028
UART_RX_int@status                                 bssCOMRAM    000029
_ADACCH                                            (abs)        003EE9
_ADACCL                                            (abs)        003EE8
_ADACCU                                            (abs)        003EEA
_ADACQH                                            (abs)        003EF4
_ADACQL                                            (abs)        003EF3
_ADACT                                             (abs)        003EFE
_ADCAP                                             (abs)        003EF5
_ADCC_ADI_InterruptHandler                         nvBANK0      0000AD
_ADCC_DefaultADI_ISR                               text64       001E4C
_ADCC_ISR                                          text63       001800
_ADCC_Initialize                                   text21       001686
_ADCC_SetADIInterruptHandler                       text22       001DCC
_ADCC_StartConversion                              text68       001D96
_ADCLK                                             (abs)        003EFF
_ADCNT                                             (abs)        003EEB
_ADCON0                                            (abs)        003EF8
_ADCON0bits                                        (abs)        003EF8
_ADCON1                                            (abs)        003EF9
_ADCON1bits                                        (abs)        003EF9
_ADCON2                                            (abs)        003EFA
_ADCON2bits                                        (abs)        003EFA
_ADCON3                                            (abs)        003EFB
_ADCON3bits                                        (abs)        003EFB
_ADC_int                                           text65       00134E
_ADERRH                                            (abs)        003EE3
_ADERRL                                            (abs)        003EE2
_ADFLTRH                                           (abs)        003EE7
_ADFLTRL                                           (abs)        003EE6
_ADLTHH                                            (abs)        003EDF
_ADLTHL                                            (abs)        003EDE
_ADPCH                                             (abs)        003EF1
_ADPREH                                            (abs)        003EF7
_ADPREL                                            (abs)        003EF6
_ADPREVH                                           (abs)        003EEE
_ADPREVL                                           (abs)        003EED
_ADREF                                             (abs)        003EFD
_ADRESH                                            (abs)        003EF0
_ADRESL                                            (abs)        003EEF
_ADRPT                                             (abs)        003EEC
_ADSTAT                                            (abs)        003EFC
_ADSTATbits                                        (abs)        003EFC
_ADSTPTH                                           (abs)        003EE5
_ADSTPTL                                           (abs)        003EE4
_ADUTHH                                            (abs)        003EE1
_ADUTHL                                            (abs)        003EE0
_ANSELA                                            (abs)        003A40
_ANSELB                                            (abs)        003A50
_ANSELC                                            (abs)        003A60
_ANSELD                                            (abs)        003A70
_ANSELE                                            (abs)        003A80
_CLOCK_Initialize                                  text20       001CA8
_Default_ISR                                       text69       001E50
_FVRCON                                            (abs)        003EC1
_FVRCONbits                                        (abs)        003EC1
_FVR_Initialize                                    text19       001E12
_GIE                                               (abs)        01FE97
_I2C1ADB0                                          (abs)        003D6D
_I2C1ADB1                                          (abs)        003D6E
_I2C1ADR0                                          (abs)        003D6F
_I2C1ADR1                                          (abs)        003D70
_I2C1ADR2                                          (abs)        003D71
_I2C1ADR3                                          (abs)        003D72
_I2C1BTO                                           (abs)        003D7C
_I2C1CLK                                           (abs)        003D7B
_I2C1CNT                                           (abs)        003D6C
_I2C1CON0                                          (abs)        003D73
_I2C1CON1                                          (abs)        003D74
_I2C1CON2                                          (abs)        003D75
_I2C1ERR                                           (abs)        003D76
_I2C1PIE                                           (abs)        003D7A
_I2C1PIR                                           (abs)        003D79
_I2C1STAT1                                         (abs)        003D78
_I2C1TXB                                           (abs)        003D6B
_I2C1_Initialize                                   text18       00184A
_I2C2ADB1                                          (abs)        003D58
_I2C2CLK                                           (abs)        003D65
_I2C2CNT                                           (abs)        003D56
_I2C2CON0                                          (abs)        003D5D
_I2C2CON0bits                                      (abs)        003D5D
_I2C2CON1                                          (abs)        003D5E
_I2C2CON1bits                                      (abs)        003D5E
_I2C2CON2                                          (abs)        003D5F
_I2C2ERR                                           (abs)        003D60
_I2C2ERRbits                                       (abs)        003D60
_I2C2PIE                                           (abs)        003D64
_I2C2PIEbits                                       (abs)        003D64
_I2C2PIR                                           (abs)        003D63
_I2C2PIRbits                                       (abs)        003D63
_I2C2RXB                                           (abs)        003D54
_I2C2SCLPPS                                        (abs)        003AE3
_I2C2SDAPPS                                        (abs)        003AE4
_I2C2STAT0bits                                     (abs)        003D61
_I2C2STAT1                                         (abs)        003D62
_I2C2STAT1bits                                     (abs)        003D62
_I2C2TXB                                           (abs)        003D55
_I2C2_AddrTransmit                                 text32       001DEA
_I2C2_BufferClear                                  text36       001DFE
_I2C2_BusReset                                     text44       001892
_I2C2_Callback                                     bssCOMRAM    000026
_I2C2_CallbackRegister                             text17       001C52
_I2C2_Close                                        text33       001B14
_I2C2_CounterGet                                   text28       001E28
_I2C2_CounterSet                                   text31       001DE0
_I2C2_DataReceive                                  text48       001E34
_I2C2_DataTransmit                                 text27       001DD6
_I2C2_DefaultCallback                              text43       001E42
_I2C2_Deinitialize                                 (abs)        000000
_I2C2_ERROR_ISR                                    text37       00106C
_I2C2_ErrorFlagsClear                              text35       001DF4
_I2C2_ErrorGet                                     (abs)        000000
_I2C2_ISR                                          text24       0014EC
_I2C2_Initialize                                   text15       0016FA
_I2C2_InterruptsClear                              text34       001E1A
_I2C2_InterruptsDisable                            text46       001D5A
_I2C2_InterruptsEnable                             text16       001CC0
_I2C2_IsAddr                                       text42       001D2E
_I2C2_IsBusCol                                     text41       001D18
_I2C2_IsBusTimeOut                                 text40       001D02
_I2C2_IsBusy                                       (abs)        000000
_I2C2_IsData                                       text39       001CEC
_I2C2_IsNack                                       text38       001CD6
_I2C2_RX_ISR                                       text47       001BB0
_I2C2_Read                                         (abs)        000000
_I2C2_ReadStart                                    text29       001B8A
_I2C2_RestartDisable                               text26       001E22
_I2C2_StartSend                                    text30       001E2E
_I2C2_StopSend                                     text25       001B64
_I2C2_TX_ISR                                       text49       001BD4
_I2C2_Write                                        (abs)        000000
_I2C2_WriteRead                                    (abs)        000000
_I2C_Host                                          smallconst   001031
_INLVLA                                            (abs)        003A44
_INLVLB                                            (abs)        003A54
_INLVLC                                            (abs)        003A64
_INLVLD                                            (abs)        003A74
_INLVLE                                            (abs)        003A84
_INT0_CallBack                                     text53       001A66
_INT0_DefaultInterruptHandler                      text54       001E46
_INT0_ISR                                          text52       0019D8
_INT0_InterruptHandler                             bssCOMRAM    000022
_INT0_SetInterruptHandler                          text14       001DC2
_INT1_CallBack                                     text56       001A92
_INT1_DefaultInterruptHandler                      text57       001E48
_INT1_ISR                                          text55       001A08
_INT1_InterruptHandler                             bssCOMRAM    000020
_INT1_SetInterruptHandler                          text13       001DB8
_INT2_CallBack                                     text59       001ABE
_INT2_DefaultInterruptHandler                      text60       001E4A
_INT2_ISR                                          text58       001A38
_INT2_InterruptHandler                             bssCOMRAM    00001E
_INT2_SetInterruptHandler                          text12       001DAE
_INTCON0bits                                       (abs)        003FD2
_INTERRUPT_Initialize                              text11       001588
_IOCAF                                             (abs)        003A47
_IOCAN                                             (abs)        003A46
_IOCAP                                             (abs)        003A45
_IOCBF                                             (abs)        003A57
_IOCBN                                             (abs)        003A56
_IOCBP                                             (abs)        003A55
_IOCCF                                             (abs)        003A67
_IOCCN                                             (abs)        003A66
_IOCCP                                             (abs)        003A65
_IOCEF                                             (abs)        003A87
_IOCEN                                             (abs)        003A86
_IOCEP                                             (abs)        003A85
_IOC_ISR                                           text50       001E3C
_IPR0bits                                          (abs)        003980
_IPR1bits                                          (abs)        003981
_IPR3bits                                          (abs)        003983
_IPR5bits                                          (abs)        003985
_IPR6bits                                          (abs)        003986
_IVTBASEH                                          (abs)        003FD6
_IVTBASEL                                          (abs)        003FD5
_IVTBASEU                                          (abs)        003FD7
_IVTLOCK                                           (abs)        003FD4
_IVTLOCKbits                                       (abs)        003FD4
_LATA                                              (abs)        003FBA
_LATB                                              (abs)        003FBB
_LATBbits                                          (abs)        003FBB
_LATC                                              (abs)        003FBC
_LATD                                              (abs)        003FBD
_LATDbits                                          (abs)        003FBD
_LATE                                              (abs)        003FBE
_LATEbits                                          (abs)        003FBE
_ODCONA                                            (abs)        003A42
_ODCONB                                            (abs)        003A52
_ODCONC                                            (abs)        003A62
_ODCOND                                            (abs)        003A72
_ODCONE                                            (abs)        003A82
_OSCCON1                                           (abs)        0039D9
_OSCCON3                                           (abs)        0039DB
_OSCEN                                             (abs)        0039DD
_OSCFRQ                                            (abs)        0039DF
_OSCTUNE                                           (abs)        0039DE
_PERIOD                                            dataBANK0    00009E
_PIE1bits                                          (abs)        003991
_PIE3bits                                          (abs)        003993
_PIE5bits                                          (abs)        003995
_PIE6bits                                          (abs)        003996
_PIN_MANAGER_IOC                                   text51       001E44
_PIN_MANAGER_Initialize                            text10       00116E
_PIR1bits                                          (abs)        0039A1
_PIR2bits                                          (abs)        0039A2
_PIR3bits                                          (abs)        0039A3
_PIR5bits                                          (abs)        0039A5
_PIR7bits                                          (abs)        0039A7
_RB1I2C                                            (abs)        003A5A
_RB1PPS                                            (abs)        003A09
_RB2I2C                                            (abs)        003A5B
_RB2PPS                                            (abs)        003A0A
_RC3I2C                                            (abs)        003A6A
_RC3PPS                                            (abs)        003A13
_RC4I2C                                            (abs)        003A6B
_RC5PPS                                            (abs)        003A15
_RC6PPS                                            (abs)        003A16
_RD0I2C                                            (abs)        003A7A
_RD1I2C                                            (abs)        003A7B
_SLRCONA                                           (abs)        003A43
_SLRCONB                                           (abs)        003A53
_SLRCONC                                           (abs)        003A63
_SLRCOND                                           (abs)        003A73
_SLRCONE                                           (abs)        003A83
_SPI1                                              smallconst   001045
_SPI1BAUD                                          (abs)        003D19
_SPI1CLK                                           (abs)        003D1C
_SPI1CON0                                          (abs)        003D14
_SPI1CON0bits                                      (abs)        003D14
_SPI1CON1                                          (abs)        003D15
_SPI1CON2                                          (abs)        003D16
_SPI1RXB                                           (abs)        003D10
_SPI1SCKPPS                                        (abs)        003ADE
_SPI1SDIPPS                                        (abs)        003ADF
_SPI1TCNTL                                         (abs)        003D12
_SPI1TXB                                           (abs)        003D11
_SPI1_BufferExchange                               (abs)        000000
_SPI1_BufferRead                                   (abs)        000000
_SPI1_BufferWrite                                  (abs)        000000
_SPI1_ByteExchange                                 (abs)        000000
_SPI1_ByteRead                                     (abs)        000000
_SPI1_ByteWrite                                    text67       001E08
_SPI1_Close                                        (abs)        000000
_SPI1_Initialize                                   text9        001C8E
_SPI1_Open                                         text23       001AEA
_SYSTEM_Initialize                                 text1        0019A8
_T0CON0                                            (abs)        003FB8
_T0CON0bits                                        (abs)        003FB8
_T0CON1                                            (abs)        003FB9
_TMR0H                                             (abs)        003FB7
_TMR0L                                             (abs)        003FB6
_TRISA                                             (abs)        003FC2
_TRISB                                             (abs)        003FC3
_TRISC                                             (abs)        003FC4
_TRISCbits                                         (abs)        003FC4
_TRISD                                             (abs)        003FC5
_TRISE                                             (abs)        003FC6
_Timer                                             smallconst   001057
_Timer_DefaultOverflowCallback                     text71       001E52
_Timer_Initialize                                  text7        001976
_Timer_OverflowCallback                            bssCOMRAM    00001A
_Timer_OverflowCallbackRegister                    text8        001DA4
_Timer_OverflowISR                                 text70       001760
_Timer_PeriodCountSet                              (abs)        000000
_Timer_Start                                       (abs)        000000
_Timer_Stop                                        (abs)        000000
_Timer_int                                         text72       001B3C
_U1BRGH                                            (abs)        003DF6
_U1BRGL                                            (abs)        003DF5
_U1CON0                                            (abs)        003DF2
_U1CON0bits                                        (abs)        003DF2
_U1CON1                                            (abs)        003DF3
_U1CON1bits                                        (abs)        003DF3
_U1CON2                                            (abs)        003DF4
_U1ERRIE                                           (abs)        003DFA
_U1ERRIR                                           (abs)        003DF9
_U1ERRIRbits                                       (abs)        003DF9
_U1FIFO                                            (abs)        003DF7
_U1P1H                                             (abs)        003DED
_U1P1L                                             (abs)        003DEC
_U1P2H                                             (abs)        003DEF
_U1P2L                                             (abs)        003DEE
_U1P3H                                             (abs)        003DF1
_U1P3L                                             (abs)        003DF0
_U1RXB                                             (abs)        003DE8
_U1RXCHK                                           (abs)        003DE9
_U1RXPPS                                           (abs)        003AE5
_U1TXB                                             (abs)        003DEA
_U1TXCHK                                           (abs)        003DEB
_U1UIR                                             (abs)        003DF8
_U1UIRbits                                         (abs)        003DF8
_U2BRGH                                            (abs)        003DDE
_U2BRGL                                            (abs)        003DDD
_U2CON0                                            (abs)        003DDA
_U2CON1                                            (abs)        003DDB
_U2CON2                                            (abs)        003DDC
_U2ERRIE                                           (abs)        003DE2
_U2ERRIR                                           (abs)        003DE1
_U2FIFO                                            (abs)        003DDF
_U2P1L                                             (abs)        003DD4
_U2P2L                                             (abs)        003DD6
_U2P3L                                             (abs)        003DD8
_U2TXB                                             (abs)        003DD2
_U2UIR                                             (abs)        003DE0
_UART                                              smallconst   001001
_UART1_AutoBaudQuery                               (abs)        000000
_UART1_AutoBaudSet                                 (abs)        000000
_UART1_DefaultFramingErrorCallback                 text76       001E56
_UART1_DefaultOverrunErrorCallback                 text75       001E54
_UART1_DefaultParityErrorCallback                  (abs)        000000
_UART1_Deinitialize                                (abs)        000000
_UART1_ErrorGet                                    (abs)        000000
_UART1_FramingErrorCallbackRegister                text6        001C34
_UART1_FramingErrorHandler                         bssCOMRAM    000018
_UART1_Initialize                                  text3        001430
_UART1_IsRxReady                                   (abs)        000000
_UART1_IsTxDone                                    (abs)        000000
_UART1_IsTxReady                                   (abs)        000000
_UART1_OverrunErrorCallbackRegister                text5        001C16
_UART1_OverrunErrorHandler                         bssCOMRAM    000016
_UART1_ParityErrorCallbackRegister                 text4        001BF8
_UART1_ParityErrorHandler                          bssBANK0     000088
_UART1_Read                                        (abs)        000000
_UART1_ReceiveISR                                  text74       00125E
_UART1_Receive_Vector_ISR                          text73       001C70
_UART1_RxCompleteCallbackRegister                  (abs)        000000
_UART1_RxCompleteInterruptHandler                  bssCOMRAM    000012
_UART1_RxInterruptHandler                          bssBANK0     00008C
_UART1_TransmitDisable                             (abs)        000000
_UART1_TransmitEnable                              (abs)        000000
_UART1_TransmitISR                                 text62       001908
_UART1_Transmit_Vector_ISR                         text61       001D84
_UART1_TxCompleteCallbackRegister                  (abs)        000000
_UART1_TxCompleteInterruptHandler                  bssCOMRAM    000014
_UART1_TxInterruptHandler                          bssCOMRAM    000024
_UART1_Write                                       text66       001610
_UART2_Initialize                                  text2        0018D0
_WPUA                                              (abs)        003A41
_WPUB                                              (abs)        003A51
_WPUC                                              (abs)        003A61
_WPUD                                              (abs)        003A71
_WPUE                                              (abs)        003A81
__HRAM                                             (abs)        000000
__Habs1                                            abs1         000000
__Hbank0                                           bank0        000000
__Hbank1                                           bank1        000000
__Hbank10                                          bank10       000000
__Hbank11                                          bank11       000000
__Hbank12                                          bank12       000000
__Hbank13                                          bank13       000000
__Hbank14                                          bank14       000000
__Hbank15                                          bank15       000000
__Hbank2                                           bank2        000000
__Hbank3                                           bank3        000000
__Hbank4                                           bank4        000000
__Hbank5                                           bank5        000000
__Hbank6                                           bank6        000000
__Hbank7                                           bank7        000000
__Hbank8                                           bank8        000000
__Hbank9                                           bank9        000000
__Hbigbss                                          bigbss       000000
__Hbigdata                                         bigdata      000000
__Hbigram                                          bigram       000000
__Hbigsfr                                          bigsfr       000000
__Hbss                                             bss          000000
__HbssBANK0                                        bssBANK0     000000
__HbssCOMRAM                                       bssCOMRAM    000000
__Hcinit                                           cinit        000000
__Hclrtext                                         clrtext      000000
__Hcomram                                          comram       000000
__Hconfig                                          config       30000A
__Hconst                                           const        000000
__HcstackBANK0                                     cstackBANK0  000000
__HcstackCOMRAM                                    cstackCOMRAM 000000
__Hdata                                            data         000000
__HdataBANK0                                       dataBANK0    000000
__Heeprom_data                                     eeprom_data  000000
__Hfarbss                                          farbss       000000
__Hfardata                                         fardata      000000
__Hheap                                            heap         000000
__Hibigdata                                        ibigdata     000000
__Hidata                                           idata        000000
__HidataBANK0                                      idataBANK0   000000
__Hidloc                                           idloc        200010
__Hifardata                                        ifardata     000000
__Hinit                                            init         0000B2
__Hintsave_regs                                    intsave_regs 000000
__Hirdata                                          irdata       000000
__Hivt0x8                                          ivt0x8       0000AE
__Hmediumconst                                     mediumconst  000000
__HnvBANK0                                         nvBANK0      000000
__HnvFARRAM                                        nvFARRAM     000000
__Hnvbit                                           nvbit        000000
__Hnvrram                                          nvrram       000000
__Hparam                                           rparam       000000
__Hpowerup                                         powerup      000000
__Hram                                             ram          000000
__Hramtop                                          ramtop       001000
__Hrbit                                            rbit         000000
__Hrbss                                            rbss         000000
__Hrdata                                           rdata        000000
__Hreset_vec                                       reset_vec    000004
__Hrparam                                          rparam       000000
__Hsfr                                             sfr          000000
__Hsmallconst                                      smallconst   00106A
__Hspace_0                                         (abs)        001E58
__Hspace_1                                         (abs)        0000AF
__Hspace_2                                         (abs)        000000
__Hspace_4                                         (abs)        60000A
__Hstack                                           stack        000000
__Hstruct                                          struct       000000
__Htemp                                            temp         000000
__Htext                                            text         000000
__Htext0                                           text0        000000
__Htext1                                           text1        000000
__Htext10                                          text10       000000
__Htext11                                          text11       000000
__Htext12                                          text12       000000
__Htext13                                          text13       000000
__Htext14                                          text14       000000
__Htext15                                          text15       000000
__Htext16                                          text16       000000
__Htext17                                          text17       000000
__Htext18                                          text18       000000
__Htext19                                          text19       000000
__Htext2                                           text2        000000
__Htext20                                          text20       000000
__Htext21                                          text21       000000
__Htext22                                          text22       000000
__Htext23                                          text23       000000
__Htext24                                          text24       000000
__Htext25                                          text25       000000
__Htext26                                          text26       000000
__Htext27                                          text27       000000
__Htext28                                          text28       000000
__Htext29                                          text29       000000
__Htext3                                           text3        000000
__Htext30                                          text30       000000
__Htext31                                          text31       000000
__Htext32                                          text32       000000
__Htext33                                          text33       000000
__Htext34                                          text34       000000
__Htext35                                          text35       000000
__Htext36                                          text36       000000
__Htext37                                          text37       000000
__Htext38                                          text38       000000
__Htext39                                          text39       000000
__Htext4                                           text4        000000
__Htext40                                          text40       000000
__Htext41                                          text41       000000
__Htext42                                          text42       000000
__Htext43                                          text43       000000
__Htext44                                          text44       000000
__Htext45                                          text45       000000
__Htext46                                          text46       000000
__Htext47                                          text47       000000
__Htext48                                          text48       000000
__Htext49                                          text49       000000
__Htext5                                           text5        000000
__Htext50                                          text50       000000
__Htext51                                          text51       000000
__Htext52                                          text52       000000
__Htext53                                          text53       000000
__Htext54                                          text54       000000
__Htext55                                          text55       000000
__Htext56                                          text56       000000
__Htext57                                          text57       000000
__Htext58                                          text58       000000
__Htext59                                          text59       000000
__Htext6                                           text6        000000
__Htext60                                          text60       000000
__Htext61                                          text61       000000
__Htext62                                          text62       000000
__Htext63                                          text63       000000
__Htext64                                          text64       000000
__Htext65                                          text65       000000
__Htext66                                          text66       000000
__Htext67                                          text67       000000
__Htext68                                          text68       000000
__Htext69                                          text69       000000
__Htext7                                           text7        000000
__Htext70                                          text70       000000
__Htext71                                          text71       000000
__Htext72                                          text72       000000
__Htext73                                          text73       000000
__Htext74                                          text74       000000
__Htext75                                          text75       000000
__Htext76                                          text76       000000
__Htext77                                          text77       000000
__Htext8                                           text8        000000
__Htext9                                           text9        000000
__LRAM                                             (abs)        000001
__Labs1                                            abs1         000000
__Lbank0                                           bank0        000000
__Lbank1                                           bank1        000000
__Lbank10                                          bank10       000000
__Lbank11                                          bank11       000000
__Lbank12                                          bank12       000000
__Lbank13                                          bank13       000000
__Lbank14                                          bank14       000000
__Lbank15                                          bank15       000000
__Lbank2                                           bank2        000000
__Lbank3                                           bank3        000000
__Lbank4                                           bank4        000000
__Lbank5                                           bank5        000000
__Lbank6                                           bank6        000000
__Lbank7                                           bank7        000000
__Lbank8                                           bank8        000000
__Lbank9                                           bank9        000000
__Lbigbss                                          bigbss       000000
__Lbigdata                                         bigdata      000000
__Lbigram                                          bigram       000000
__Lbigsfr                                          bigsfr       000000
__Lbss                                             bss          000000
__LbssBANK0                                        bssBANK0     000000
__LbssCOMRAM                                       bssCOMRAM    000000
__Lcinit                                           cinit        000000
__Lclrtext                                         clrtext      000000
__Lcomram                                          comram       000000
__Lconfig                                          config       000000
__Lconst                                           const        000000
__LcstackBANK0                                     cstackBANK0  000000
__LcstackCOMRAM                                    cstackCOMRAM 000000
__Ldata                                            data         000000
__LdataBANK0                                       dataBANK0    000000
__Leeprom_data                                     eeprom_data  000000
__Lfarbss                                          farbss       000000
__Lfardata                                         fardata      000000
__Lheap                                            heap         000000
__Libigdata                                        ibigdata     000000
__Lidata                                           idata        000000
__LidataBANK0                                      idataBANK0   000000
__Lidloc                                           idloc        000000
__Lifardata                                        ifardata     000000
__Linit                                            init         0000AE
__Lintsave_regs                                    intsave_regs 000000
__Lirdata                                          irdata       000000
__Livt0x8                                          ivt0x8       000008
__Lmediumconst                                     mediumconst  000000
__LnvBANK0                                         nvBANK0      000000
__LnvFARRAM                                        nvFARRAM     000000
__Lnvbit                                           nvbit        000000
__Lnvrram                                          nvrram       000000
__Lparam                                           rparam       000000
__Lpowerup                                         powerup      000000
__Lram                                             ram          000000
__Lramtop                                          ramtop       001000
__Lrbit                                            rbit         000000
__Lrbss                                            rbss         000000
__Lrdata                                           rdata        000000
__Lreset_vec                                       reset_vec    000000
__Lrparam                                          rparam       000000
__Lsfr                                             sfr          000000
__Lsmallconst                                      smallconst   001000
__Lspace_0                                         (abs)        000000
__Lspace_1                                         (abs)        000000
__Lspace_2                                         (abs)        000000
__Lspace_4                                         (abs)        000000
__Lstack                                           stack        000000
__Lstruct                                          struct       000000
__Ltemp                                            temp         000000
__Ltext                                            text         000000
__Ltext0                                           text0        000000
__Ltext1                                           text1        000000
__Ltext10                                          text10       000000
__Ltext11                                          text11       000000
__Ltext12                                          text12       000000
__Ltext13                                          text13       000000
__Ltext14                                          text14       000000
__Ltext15                                          text15       000000
__Ltext16                                          text16       000000
__Ltext17                                          text17       000000
__Ltext18                                          text18       000000
__Ltext19                                          text19       000000
__Ltext2                                           text2        000000
__Ltext20                                          text20       000000
__Ltext21                                          text21       000000
__Ltext22                                          text22       000000
__Ltext23                                          text23       000000
__Ltext24                                          text24       000000
__Ltext25                                          text25       000000
__Ltext26                                          text26       000000
__Ltext27                                          text27       000000
__Ltext28                                          text28       000000
__Ltext29                                          text29       000000
__Ltext3                                           text3        000000
__Ltext30                                          text30       000000
__Ltext31                                          text31       000000
__Ltext32                                          text32       000000
__Ltext33                                          text33       000000
__Ltext34                                          text34       000000
__Ltext35                                          text35       000000
__Ltext36                                          text36       000000
__Ltext37                                          text37       000000
__Ltext38                                          text38       000000
__Ltext39                                          text39       000000
__Ltext4                                           text4        000000
__Ltext40                                          text40       000000
__Ltext41                                          text41       000000
__Ltext42                                          text42       000000
__Ltext43                                          text43       000000
__Ltext44                                          text44       000000
__Ltext45                                          text45       000000
__Ltext46                                          text46       000000
__Ltext47                                          text47       000000
__Ltext48                                          text48       000000
__Ltext49                                          text49       000000
__Ltext5                                           text5        000000
__Ltext50                                          text50       000000
__Ltext51                                          text51       000000
__Ltext52                                          text52       000000
__Ltext53                                          text53       000000
__Ltext54                                          text54       000000
__Ltext55                                          text55       000000
__Ltext56                                          text56       000000
__Ltext57                                          text57       000000
__Ltext58                                          text58       000000
__Ltext59                                          text59       000000
__Ltext6                                           text6        000000
__Ltext60                                          text60       000000
__Ltext61                                          text61       000000
__Ltext62                                          text62       000000
__Ltext63                                          text63       000000
__Ltext64                                          text64       000000
__Ltext65                                          text65       000000
__Ltext66                                          text66       000000
__Ltext67                                          text67       000000
__Ltext68                                          text68       000000
__Ltext69                                          text69       000000
__Ltext7                                           text7        000000
__Ltext70                                          text70       000000
__Ltext71                                          text71       000000
__Ltext72                                          text72       000000
__Ltext73                                          text73       000000
__Ltext74                                          text74       000000
__Ltext75                                          text75       000000
__Ltext76                                          text76       000000
__Ltext77                                          text77       000000
__Ltext8                                           text8        000000
__Ltext9                                           text9        000000
__S0                                               (abs)        001E58
__S1                                               (abs)        0000AF
__S4                                               (abs)        000000
__S5                                               (abs)        000000
___heap_hi                                         (abs)        000000
___heap_lo                                         (abs)        000000
___inthi_sp                                        stack        000000
___intlo_sp                                        stack        000000
___param_bank                                      (abs)        000000
___rparam_used                                     (abs)        000001
___sp                                              stack        000000
__accesstop                                        (abs)        000060
__activetblptr                                     (abs)        000003
__end_of_ADCC_DefaultADI_ISR                       text64       001E4E
__end_of_ADCC_ISR                                  text63       00184A
__end_of_ADCC_Initialize                           text21       0016FA
__end_of_ADCC_SetADIInterruptHandler               text22       001DD6
__end_of_ADCC_StartConversion                      text68       001DA4
__end_of_ADC_int                                   text65       001430
__end_of_CLOCK_Initialize                          text20       001CC0
__end_of_Default_ISR                               text69       001E52
__end_of_FVR_Initialize                            text19       001E1A
__end_of_I2C1_Initialize                           text18       001892
__end_of_I2C2_AddrTransmit                         text32       001DF4
__end_of_I2C2_BufferClear                          text36       001E08
__end_of_I2C2_BusReset                             text44       0018D0
__end_of_I2C2_CallbackRegister                     text17       001C70
__end_of_I2C2_Close                                text33       001B3C
__end_of_I2C2_CounterGet                           text28       001E2E
__end_of_I2C2_CounterSet                           text31       001DEA
__end_of_I2C2_DataReceive                          text48       001E3A
__end_of_I2C2_DataTransmit                         text27       001DE0
__end_of_I2C2_DefaultCallback                      text43       001E44
__end_of_I2C2_ERROR_ISR                            text37       00116E
__end_of_I2C2_ErrorFlagsClear                      text35       001DFE
__end_of_I2C2_ISR                                  text24       001588
__end_of_I2C2_Initialize                           text15       00175E
__end_of_I2C2_InterruptsClear                      text34       001E22
__end_of_I2C2_InterruptsDisable                    text46       001D70
__end_of_I2C2_InterruptsEnable                     text16       001CD6
__end_of_I2C2_IsAddr                               text42       001D44
__end_of_I2C2_IsBusCol                             text41       001D2E
__end_of_I2C2_IsBusTimeOut                         text40       001D18
__end_of_I2C2_IsData                               text39       001D02
__end_of_I2C2_IsNack                               text38       001CEC
__end_of_I2C2_RX_ISR                               text47       001BD4
__end_of_I2C2_ReadStart                            text29       001BB0
__end_of_I2C2_RestartDisable                       text26       001E28
__end_of_I2C2_StartSend                            text30       001E34
__end_of_I2C2_StopSend                             text25       001B8A
__end_of_I2C2_TX_ISR                               text49       001BF8
__end_of_I2C_Host                                  smallconst   001045
__end_of_INT0_CallBack                             text53       001A92
__end_of_INT0_DefaultInterruptHandler              text54       001E48
__end_of_INT0_ISR                                  text52       001A06
__end_of_INT0_SetInterruptHandler                  text14       001DCC
__end_of_INT1_CallBack                             text56       001ABE
__end_of_INT1_DefaultInterruptHandler              text57       001E4A
__end_of_INT1_ISR                                  text55       001A36
__end_of_INT1_SetInterruptHandler                  text13       001DC2
__end_of_INT2_CallBack                             text59       001AEA
__end_of_INT2_DefaultInterruptHandler              text60       001E4C
__end_of_INT2_ISR                                  text58       001A66
__end_of_INT2_SetInterruptHandler                  text12       001DB8
__end_of_INTERRUPT_Initialize                      text11       001610
__end_of_IOC_ISR                                   text50       001E42
__end_of_PIN_MANAGER_IOC                           text51       001E46
__end_of_PIN_MANAGER_Initialize                    text10       00125E
__end_of_SPI1                                      smallconst   001057
__end_of_SPI1_ByteWrite                            text67       001E12
__end_of_SPI1_Initialize                           text9        001CA8
__end_of_SPI1_Open                                 text23       001B14
__end_of_SYSTEM_Initialize                         text1        0019D6
__end_of_Timer                                     smallconst   001063
__end_of_Timer_DefaultOverflowCallback             text71       001E54
__end_of_Timer_Initialize                          text7        0019A8
__end_of_Timer_OverflowCallbackRegister            text8        001DAE
__end_of_Timer_OverflowISR                         text70       0017B2
__end_of_Timer_int                                 text72       001B64
__end_of_UART                                      smallconst   001031
__end_of_UART1_DefaultFramingErrorCallback         text76       001E58
__end_of_UART1_DefaultOverrunErrorCallback         text75       001E56
__end_of_UART1_FramingErrorCallbackRegister        text6        001C52
__end_of_UART1_Initialize                          text3        0014EA
__end_of_UART1_OverrunErrorCallbackRegister        text5        001C34
__end_of_UART1_ParityErrorCallbackRegister         text4        001C16
__end_of_UART1_ReceiveISR                          text74       00134E
__end_of_UART1_Receive_Vector_ISR                  text73       001C8E
__end_of_UART1_TransmitISR                         text62       001940
__end_of_UART1_Transmit_Vector_ISR                 text61       001D96
__end_of_UART1_Write                               text66       001686
__end_of_UART2_Initialize                          text2        001908
__end_of__initialization                           cinit        0017F8
__end_of_main                                      text0        001976
__end_of_spi1_configuration                        smallconst   001068
__end_ofi1_I2C2_InterruptsEnable                   text45       001D5A
__initialization                                   cinit        0017B2
__mediumconst                                      mediumconst  000000
__pbssBANK0                                        bssBANK0     000060
__pbssCOMRAM                                       bssCOMRAM    000001
__pcinit                                           cinit        0017B2
__pcstackBANK0                                     cstackBANK0  0000A0
__pcstackCOMRAM                                    cstackCOMRAM 000030
__pdataBANK0                                       dataBANK0    00008E
__pidataBANK0                                      idataBANK0   001D70
__pivt0x8                                          ivt0x8       000008
__pnvBANK0                                         nvBANK0      0000AD
__psmallconst                                      smallconst   001000
__ptext0                                           text0        001940
__ptext1                                           text1        0019A8
__ptext10                                          text10       00116E
__ptext11                                          text11       001588
__ptext12                                          text12       001DAE
__ptext13                                          text13       001DB8
__ptext14                                          text14       001DC2
__ptext15                                          text15       0016FA
__ptext16                                          text16       001CC0
__ptext17                                          text17       001C52
__ptext18                                          text18       00184A
__ptext19                                          text19       001E12
__ptext2                                           text2        0018D0
__ptext20                                          text20       001CA8
__ptext21                                          text21       001686
__ptext22                                          text22       001DCC
__ptext23                                          text23       001AEA
__ptext24                                          text24       0014EC
__ptext25                                          text25       001B64
__ptext26                                          text26       001E22
__ptext27                                          text27       001DD6
__ptext28                                          text28       001E28
__ptext29                                          text29       001B8A
__ptext3                                           text3        001430
__ptext30                                          text30       001E2E
__ptext31                                          text31       001DE0
__ptext32                                          text32       001DEA
__ptext33                                          text33       001B14
__ptext34                                          text34       001E1A
__ptext35                                          text35       001DF4
__ptext36                                          text36       001DFE
__ptext37                                          text37       00106C
__ptext38                                          text38       001CD6
__ptext39                                          text39       001CEC
__ptext4                                           text4        001BF8
__ptext40                                          text40       001D02
__ptext41                                          text41       001D18
__ptext42                                          text42       001D2E
__ptext43                                          text43       001E42
__ptext44                                          text44       001892
__ptext45                                          text45       001D44
__ptext46                                          text46       001D5A
__ptext47                                          text47       001BB0
__ptext48                                          text48       001E34
__ptext49                                          text49       001BD4
__ptext5                                           text5        001C16
__ptext50                                          text50       001E3C
__ptext51                                          text51       001E44
__ptext52                                          text52       0019D8
__ptext53                                          text53       001A66
__ptext54                                          text54       001E46
__ptext55                                          text55       001A08
__ptext56                                          text56       001A92
__ptext57                                          text57       001E48
__ptext58                                          text58       001A38
__ptext59                                          text59       001ABE
__ptext6                                           text6        001C34
__ptext60                                          text60       001E4A
__ptext61                                          text61       001D84
__ptext62                                          text62       001908
__ptext63                                          text63       001800
__ptext64                                          text64       001E4C
__ptext65                                          text65       00134E
__ptext66                                          text66       001610
__ptext67                                          text67       001E08
__ptext68                                          text68       001D96
__ptext69                                          text69       001E50
__ptext7                                           text7        001976
__ptext70                                          text70       001760
__ptext71                                          text71       001E52
__ptext72                                          text72       001B3C
__ptext73                                          text73       001C70
__ptext74                                          text74       00125E
__ptext75                                          text75       001E54
__ptext76                                          text76       001E56
__ptext77                                          text77       000000
__ptext8                                           text8        001DA4
__ptext9                                           text9        001C8E
__ramtop                                           ramtop       001000
__smallconst                                       smallconst   001000
_i2c2Status                                        bssCOMRAM    000001
_main                                              text0        001940
_timerTMR0ReloadVal16bit                           bssCOMRAM    00001C
_uart1RxBuffer                                     bssBANK0     000080
_uart1RxCount                                      bssCOMRAM    00002A
_uart1RxHead                                       bssCOMRAM    00002C
_uart1RxLastError                                  bssBANK0     00008A
_uart1RxStatusBuffer                               bssBANK0     000060
_uart1RxTail                                       bssCOMRAM    00002B
_uart1TxBuffer                                     bssBANK0     000070
_uart1TxBufferRemaining                            bssCOMRAM    00002D
_uart1TxHead                                       bssCOMRAM    00002F
_uart1TxTail                                       bssCOMRAM    00002E
_valp                                              dataBANK0    00008E
end_of_initialization                              cinit        0017F8
i1_I2C2_InterruptsEnable                           text45       001D44
intlevel0                                          text         000000
intlevel1                                          text         000000
intlevel2                                          text         000000
intlevel3                                          text         000000
isa$std                                            (abs)        000001
isa$xinst                                          (abs)        000000
ivt0x8_base                                        ivt0x8       000008
ivt0x8_undefint                                    ivt0x8       0000AC
stackhi                                            (abs)        000000
stacklo                                            (abs)        000000
start                                              init         0000AE
start_initialization                               cinit        0017B2


MODULE INFORMATION

Module		Function		Class		Link	Load	Size
mcc_generated_files/peripheral/src/uart2.c
		_UART2_Initialize		CODE           	18D0	0000	56

mcc_generated_files/peripheral/src/uart2.c estimated size: 56

mcc_generated_files/peripheral/src/i2c1.c
		_I2C1_Initialize		CODE           	184A	0000	72

mcc_generated_files/peripheral/src/i2c1.c estimated size: 72

mcc_generated_files/system/src/interrupt.c
		_IOC_ISR       		CODE           	1E3C	0000	6
		_INT0_SetInterruptHandler		CODE           	1DC2	0000	10
		_INT1_SetInterruptHandler		CODE           	1DB8	0000	10
		_INT2_SetInterruptHandler		CODE           	1DAE	0000	10
		_INTERRUPT_Initialize		CODE           	1588	0000	136
		_INT0_DefaultInterruptHandler		CODE           	1E46	0000	2
		_INT0_CallBack 		CODE           	1A66	0000	44
		_INT1_DefaultInterruptHandler		CODE           	1E48	0000	2
		_INT1_CallBack 		CODE           	1A92	0000	44
		_INT2_DefaultInterruptHandler		CODE           	1E4A	0000	2
		_INT2_CallBack 		CODE           	1ABE	0000	44
		_Default_ISR   		CODE           	1E50	0000	2
		_INT0_ISR      		CODE           	19D8	0000	46
		_INT1_ISR      		CODE           	1A08	0000	46
		_INT2_ISR      		CODE           	1A38	0000	46

mcc_generated_files/system/src/interrupt.c estimated size: 450

mcc_generated_files/adc/src/adcc.c
		_ADCC_DefaultADI_ISR		CODE           	1E4C	0000	2
		_ADCC_SetADIInterruptHandler		CODE           	1DCC	0000	10
		_ADCC_ISR      		CODE           	1800	0000	74
		_ADCC_StartConversion		CODE           	1D96	0000	14
		_ADCC_Initialize		CODE           	1686	0000	116

mcc_generated_files/adc/src/adcc.c estimated size: 216

mcc_generated_files/uart/src/uart1.c
		_UART1_DefaultOverrunErrorCallback		CODE           	1E54	0000	2
		_UART1_Write   		CODE           	1610	0000	118
		_UART1_FramingErrorCallbackRegister		CODE           	1C34	0000	30
		_UART1_Transmit_Vector_ISR		CODE           	1D84	0000	18
		_UART1_Receive_Vector_ISR		CODE           	1C70	0000	30
		_UART1_OverrunErrorCallbackRegister		CODE           	1C16	0000	30
		_UART1_ReceiveISR		CODE           	125E	0000	240
		_UART1_Initialize		CODE           	1430	0000	186
		_UART1_DefaultFramingErrorCallback		CODE           	1E56	0000	2
		_UART1_TransmitISR		CODE           	1908	0000	56
		_UART1_ParityErrorCallbackRegister		CODE           	1BF8	0000	30

mcc_generated_files/uart/src/uart1.c estimated size: 742

mcc_generated_files/system/src/pins.c
		_PIN_MANAGER_Initialize		CODE           	116E	0000	240
		_PIN_MANAGER_IOC		CODE           	1E44	0000	2

mcc_generated_files/system/src/pins.c estimated size: 242

Timer_int.c
		_Timer_int     		CODE           	1B3C	0000	40

Timer_int.c estimated size: 40

shared
		_SPI1          		SMALLCONST     	1045	0000	18
		_UART          		SMALLCONST     	1001	0000	48
		_Timer         		SMALLCONST     	1057	0000	12
		__initialization		CODE           	17B2	0000	70
		_I2C_Host      		SMALLCONST     	1031	0000	20
		i1_I2C2_InterruptsEnable		CODE           	1D44	0000	22
		_spi1_configuration		SMALLCONST     	0000	0000	0

shared estimated size: 190

mcc_generated_files/system/src/clock.c
		_CLOCK_Initialize		CODE           	1CA8	0000	24

mcc_generated_files/system/src/clock.c estimated size: 24

ADC_int.c
		_ADC_int       		CODE           	134E	0000	226

ADC_int.c estimated size: 226

mcc_generated_files/timer/src/tmr0.c
		_Timer_OverflowISR		CODE           	1760	0000	82
		_Timer_Initialize		CODE           	1976	0000	50
		_Timer_DefaultOverflowCallback		CODE           	1E52	0000	2
		_Timer_OverflowCallbackRegister		CODE           	1DA4	0000	10

mcc_generated_files/timer/src/tmr0.c estimated size: 144

main.c
		_main          		CODE           	1940	0000	54

main.c estimated size: 54

mcc_generated_files/fvr/src/fvr.c
		_FVR_Initialize		CODE           	1E12	0000	8

mcc_generated_files/fvr/src/fvr.c estimated size: 8

mcc_generated_files/i2c_host/src/i2c2.c
		_I2C2_AddrTransmit		CODE           	1DEA	0000	10
		_I2C2_IsBusTimeOut		CODE           	1D02	0000	22
		_I2C2_DefaultCallback		CODE           	1E42	0000	2
		_I2C2_StartSend		CODE           	1E2E	0000	6
		_I2C2_CallbackRegister		CODE           	1C52	0000	30
		_I2C2_RX_ISR   		CODE           	1BB0	0000	36
		_I2C2_InterruptsEnable		CODE           	1CC0	0000	22
		_I2C2_CounterGet		CODE           	1E28	0000	6
		_I2C2_CounterSet		CODE           	1DE0	0000	10
		_I2C2_ReadStart		CODE           	1B8A	0000	38
		_I2C2_InterruptsClear		CODE           	1E1A	0000	8
		_I2C2_ISR      		CODE           	14EC	0000	156
		_I2C2_DataReceive		CODE           	1E34	0000	6
		_I2C2_IsData   		CODE           	1CEC	0000	22
		_I2C2_IsNack   		CODE           	1CD6	0000	22
		_I2C2_IsAddr   		CODE           	1D2E	0000	22
		_I2C2_InterruptsDisable		CODE           	1D5A	0000	22
		_I2C2_BufferClear		CODE           	1DFE	0000	10
		_I2C2_BusReset 		CODE           	1892	0000	62
		_I2C2_Initialize		CODE           	16FA	0000	100
		_I2C2_Close    		CODE           	1B14	0000	40
		_I2C2_IsBusCol 		CODE           	1D18	0000	22
		_I2C2_ERROR_ISR		CODE           	106C	0000	258
		_I2C2_ErrorFlagsClear		CODE           	1DF4	0000	10
		_I2C2_TX_ISR   		CODE           	1BD4	0000	36
		_I2C2_StopSend 		CODE           	1B64	0000	38
		_I2C2_RestartDisable		CODE           	1E22	0000	6
		_I2C2_DataTransmit		CODE           	1DD6	0000	10

mcc_generated_files/i2c_host/src/i2c2.c estimated size: 1032

mcc_generated_files/system/src/system.c
		_SYSTEM_Initialize		CODE           	19A8	0000	46

mcc_generated_files/system/src/system.c estimated size: 46

mcc_generated_files/spi/src/spi1.c
		_SPI1_ByteWrite		CODE           	1E08	0000	10
		_SPI1_Open     		CODE           	1AEA	0000	42
		_SPI1_Initialize		CODE           	1C8E	0000	26

mcc_generated_files/spi/src/spi1.c estimated size: 78

