Microchip MPLAB XC8 Compiler V2.40

Linker command line:

-W-3 \
  --edf=C:\Program Files\Microchip\xc8\v2.40\pic\dat\20220703182018_en.msgs \
  -pivt0x8=08h -cn -h+dist/default/production\Practica_2a.X.production.sym \
  --cmf=dist/default/production\Practica_2a.X.production.cmf -z -Q18F46K42 \
  -oC:\Users\rrtc2\AppData\Local\Temp\xcAsugc.4 --defsym=__MPLAB_BUILD=1 \
  --fixupoverflow=error \
  -Mdist/default/production/Practica_2a.X.production.map \
  --md=C:\Users\rrtc2\AppData\Local\Temp\xcAsugc.dat -E1 -ver=XC8 Compiler \
  --acfsm=1493 -ACODE=00h-0FFFFh -ACONST=00h-0FFFFh \
  -ASMALLCONST=01000h-010FFhx240 -AMEDIUMCONST=01000h-0FFFFh \
  -ACOMRAM=01h-05Fh -AABS1=00h-0FFFh -ABIGRAM=01h-0FFFh \
  -ARAM=060h-0FFh,0100h-01FFhx15 -ABANK0=060h-0FFh -ABANK1=0100h-01FFh \
  -ABANK2=0200h-02FFh -ABANK3=0300h-03FFh -ABANK4=0400h-04FFh \
  -ABANK5=0500h-05FFh -ABANK6=0600h-06FFh -ABANK7=0700h-07FFh \
  -ABANK8=0800h-08FFh -ABANK9=0900h-09FFh -ABANK10=0A00h-0AFFh \
  -ABANK11=0B00h-0BFFh -ABANK12=0C00h-0CFFh -ABANK13=0D00h-0DFFh \
  -ABANK14=0E00h-0EFFh -ABANK15=0F00h-0FFFh \
  -ASFR=03800h-038FFhx7,03F00h-03F5Fh,03F60h-03FFFh -ABIGSFR=03800h-03FFFh \
  -ACONFIG=0300000h-0300009h -AIDLOC=0200000h-020000Fh \
  -AEEDATA=0310000h-03103FFh -peeprom_data=EEDATA -preset_vec=00h \
  -ppowerup=CODE,init -pramtop=01000h -psmallconst=SMALLCONST \
  -pmediumconst=MEDIUMCONST -pconst=CONST -AFARRAM=00h-00h \
  -prdata=COMRAM,nvrram=COMRAM,nvbit=COMRAM,rbss=COMRAM,rbit=COMRAM \
  -pfarbss=FARRAM,fardata=FARRAM,nvFARRAM=FARRAM \
  -pintsave_regs=BIGRAM,bigbss=BIGRAM,bigdata=BIGRAM -pbss=RAM \
  -pidata=CODE,irdata=CODE,ibigdata=CODE,ifardata=CODE -prparam=COMRAM \
  C:\Users\rrtc2\AppData\Local\Temp\xcAsugc.o \
  dist/default/production\Practica_2a.X.production.o 

Object code version is 3.11

Machine type is 18F46K42



                Name                               Link     Load   Length Selector   Space Scale
C:\Users\rrtc2\AppData\Local\Temp\xcAsugc.o
                idloc                            200000   200000       10        0       5
                config                           300000   300000        A        0       4
                init                                 AE       AE        4        4       0
                reset_vec                             0        0        4        0       0
dist/default/production\Practica_2a.X.production.o
                idloc                            200000   200000       10        0       5
                config                           300000   300000        A        0       4
                smallconst                         1000     1000       62      800       0
                ivt0x8                                8        8       A6        4       0
                text50                             161E     161E       38      56B       0
                text49                             198C     198C        6      663       0
                text48                             15AC     15AC       3A      56B       0
                text47                             199A     199A        4      663       0
                text46                             1508     1508       52      542       0
                text45                             1928     1928        E      5D3       0
                text44                             17FE     17FE       2C      5D3       0
                text43                             19AC     19AC        2      663       0
                text42                             19AA     19AA        2      663       0
                text41                             14B4     14B4       52      831       0
                text40                             19A8     19A8        2      663       0
                text39                             19A6     19A6        2      663       0
                text38                             17D2     17D2       2C      5D3       0
                text37                             174C     174C       2E      5D3       0
                text36                             19A4     19A4        2      663       0
                text35                             17A6     17A6       2C      5D3       0
                text34                             171C     171C       2E      5C7       0
                text33                             19A2     19A2        2      663       0
                text32                             177A     177A       2C      5D3       0
                text31                             16EC     16EC       2E      5BB       0
                text30                             19A0     19A0        2      663       0
                text29                             1984     1984        6      5D3       0
                text28                             191A     191A        E      5D3       0
                text27                             1972     1972        A      5D3       0
                text26                             1996     1996        4      663       0
                text25                             155A     155A       50      542       0
                text24                             1062     1062      106      831       0
                text23                             199E     199E        2      663       0
                text22                             1460     1460       54      831       0
                text21                             1854     1854       2A      5D3       0
                text20                             1968     1968        A      5D3       0
                text19                             137E     137E       74      831       0
                text18                             18F2     18F2       18      5D3       0
                text17                             197C     197C        8      5D3       0
                text16                             195E     195E        A      5D3       0
                text15                             1954     1954        A      5D3       0
                text14                             194A     194A        A      5D3       0
                text13                             12FC     12FC       82      831       0
                text12                             1168     1168       E0      831       0
                text11                             18D8     18D8       1A      5D3       0
                text10                             1940     1940        A      5D3       0
                text9                              16BC     16BC       2E      56B       0
                text8                              1936     1936        A      5D3       0
                text7                              168A     168A       32      56B       0
                text6                              18BA     18BA       1E      5D3       0
                text5                              189C     189C       1E      5D3       0
                text4                              187E     187E       1E      5D3       0
                text3                              1248     1248       B4      831       0
                text2                              15E6     15E6       38      56B       0
                text1                              182A     182A       2A      5D3       0
                text0                              1656     1656       34      56B       0
                cstackCOMRAM                         30       30       10        1       1
                cstackBANK0                          88       88        D       60       1
                dataBANK0                            78       78       10       60       1
                bssBANK0                             60       60       18       60       1
                dataCOMRAM                           4C       4C        4        1       1
                bssCOMRAM                             1        1       2F        1       1
                cinit                              13F2     13F2       6E      831       0
                nvCOMRAM                             40       40        C        1       1
                idataBANK0                         190A     190A       10      5D3       0
                idataCOMRAM                        1992     1992        4      663       0

TOTAL           Name                               Link     Load   Length     Space
        CLASS   CODE           
                init                                 AE       AE        4         0
                reset_vec                             0        0        4         0
                ivt0x8                                8        8       A6         0
                text50                             161E     161E       38         0
                text49                             198C     198C        6         0
                text48                             15AC     15AC       3A         0
                text47                             199A     199A        4         0
                text46                             1508     1508       52         0
                text45                             1928     1928        E         0
                text44                             17FE     17FE       2C         0
                text43                             19AC     19AC        2         0
                text42                             19AA     19AA        2         0
                text41                             14B4     14B4       52         0
                text40                             19A8     19A8        2         0
                text39                             19A6     19A6        2         0
                text38                             17D2     17D2       2C         0
                text37                             174C     174C       2E         0
                text36                             19A4     19A4        2         0
                text35                             17A6     17A6       2C         0
                text34                             171C     171C       2E         0
                text33                             19A2     19A2        2         0
                text32                             177A     177A       2C         0
                text31                             16EC     16EC       2E         0
                text30                             19A0     19A0        2         0
                text29                             1984     1984        6         0
                text28                             191A     191A        E         0
                text27                             1972     1972        A         0
                text26                             1996     1996        4         0
                text25                             155A     155A       50         0
                text24                             1062     1062      106         0
                text23                             199E     199E        2         0
                text22                             1460     1460       54         0
                text21                             1854     1854       2A         0
                text20                             1968     1968        A         0
                text19                             137E     137E       74         0
                text18                             18F2     18F2       18         0
                text17                             197C     197C        8         0
                text16                             195E     195E        A         0
                text15                             1954     1954        A         0
                text14                             194A     194A        A         0
                text13                             12FC     12FC       82         0
                text12                             1168     1168       E0         0
                text11                             18D8     18D8       1A         0
                text10                             1940     1940        A         0
                text9                              16BC     16BC       2E         0
                text8                              1936     1936        A         0
                text7                              168A     168A       32         0
                text6                              18BA     18BA       1E         0
                text5                              189C     189C       1E         0
                text4                              187E     187E       1E         0
                text3                              1248     1248       B4         0
                text2                              15E6     15E6       38         0
                text1                              182A     182A       2A         0
                text0                              1656     1656       34         0
                cinit                              13F2     13F2       6E         0
                idataBANK0                         190A     190A       10         0
                idataCOMRAM                        1992     1992        4         0

        CLASS   CONST          

        CLASS   SMALLCONST     
                smallconst                         1000     1000       62         0

        CLASS   MEDIUMCONST    

        CLASS   COMRAM         
                cstackCOMRAM                         30       30       10         1
                dataCOMRAM                           4C       4C        4         1
                bssCOMRAM                             1        1       2F         1
                nvCOMRAM                             40       40        C         1

        CLASS   ABS1           

        CLASS   BIGRAM         

        CLASS   RAM            

        CLASS   BANK0          
                cstackBANK0                          88       88        D         1
                dataBANK0                            78       78       10         1
                bssBANK0                             60       60       18         1

        CLASS   BANK1          

        CLASS   BANK2          

        CLASS   BANK3          

        CLASS   BANK4          

        CLASS   BANK5          

        CLASS   BANK6          

        CLASS   BANK7          

        CLASS   BANK8          

        CLASS   BANK9          

        CLASS   BANK10         

        CLASS   BANK11         

        CLASS   BANK12         

        CLASS   BANK13         

        CLASS   BANK14         

        CLASS   BANK15         

        CLASS   SFR            

        CLASS   BIGSFR         

        CLASS   CONFIG         
                config                           300000   300000        A         4

        CLASS   IDLOC          
                idloc                            200000   200000       10         5

        CLASS   EEDATA         

        CLASS   FARRAM         

        CLASS   HEAP           

        CLASS   STACK          



SEGMENTS        Name                           Load    Length   Top    Selector   Space  Class

                reset_vec                      000000  000004  000004         0       0  CODE    
                bssCOMRAM                      000001  00004F  000050         1       1  COMRAM  
                ivt0x8                         000008  0000AA  0000B2         4       0  CODE    
                bssBANK0                       000060  000035  000095        60       1  BANK0   
                smallconst                     001000  000062  001062       800       0  SMALLCON
                text24                         001062  0004A4  001506       831       0  CODE    
                text46                         001508  0000A2  0015AA       542       0  CODE    
                text48                         0015AC  00013E  0016EA       56B       0  CODE    
                text31                         0016EC  00002E  00171A       5BB       0  CODE    
                text34                         00171C  00002E  00174A       5C7       0  CODE    
                text37                         00174C  00023E  00198A       5D3       0  CODE    
                text49                         00198C  000022  0019AE       663       0  CODE    


UNUSED ADDRESS RANGES

        Name                Unused          Largest block    Delta
        BANK0            000095-0000FF               6B
        BANK1            000100-0001FF              100
        BANK10           000A00-000AFF              100
        BANK11           000B00-000BFF              100
        BANK12           000C00-000CFF              100
        BANK13           000D00-000DFF              100
        BANK14           000E00-000EFF              100
        BANK15           000F00-000FFF              100
        BANK2            000200-0002FF              100
        BANK3            000300-0003FF              100
        BANK4            000400-0004FF              100
        BANK5            000500-0005FF              100
        BANK6            000600-0006FF              100
        BANK7            000700-0007FF              100
        BANK8            000800-0008FF              100
        BANK9            000900-0009FF              100
        BIGRAM           000050-00005F               10
                         000095-000FFF              F6B
        BIGSFR           003800-003FFF              800
        CODE             000004-000007                4
                         0000B2-000FFF              F4E
                         001506-001507                2
                         0015AA-0015AB                2
                         0016EA-0016EB                2
                         00171A-00171B                2
                         00174A-00174B                2
                         00198A-00198B                2
                         0019AE-00FFFF             E652
        COMRAM           000050-00005F               10
        CONST            000004-000007                4
                         0000B2-000FFF              F4E
                         001506-001507                2
                         0015AA-0015AB                2
                         0016EA-0016EB                2
                         00171A-00171B                2
                         00174A-00174B                2
                         00198A-00198B                2
                         0019AE-00FFFF             E652
        EEDATA           310000-3103FF              400
        MEDIUMCONST      001506-001507                2
                         0015AA-0015AB                2
                         0016EA-0016EB                2
                         00171A-00171B                2
                         00174A-00174B                2
                         00198A-00198B                2
                         0019AE-00FFFF             E652
        RAM              000095-000FFF              100
        SFR              003800-003FFF              100
        SMALLCONST       001506-001507                2
                         0015AA-0015AB                2
                         0016EA-0016EB                2
                         00171A-00171B                2
                         00174A-00174B                2
                         00198A-00198B                2
                         0019AE-00FFFF              100

                                  Symbol Table

ADCC_SetADIInterruptHandler@InterruptHandler       cstackBANK0  000091
ADCC_StartConversion@channel                       cstackCOMRAM 000039
INT0_SetInterruptHandler@InterruptHandler          cstackBANK0  000091
INT1_SetInterruptHandler@InterruptHandler          cstackBANK0  000091
INT2_SetInterruptHandler@InterruptHandler          cstackBANK0  000091
INTERRUPT_Initialize@state                         cstackBANK0  000093
IVTBASEH                                           (abs)        003FD6
IVTBASEL                                           (abs)        003FD5
IVTBASEU                                           (abs)        003FD7
SPI1_ByteWrite@byte                                cstackCOMRAM 000039
Timer2_OverflowCallbackRegister@InterruptHandler   cstackBANK0  000091
Timer_OverflowCallbackRegister@CallbackHandler     cstackBANK0  000091
Timer_int@count                                    bssCOMRAM    000011
UART1_FramingErrorCallbackRegister@callbackHandler cstackBANK0  000091
UART1_OverrunErrorCallbackRegister@callbackHandler cstackBANK0  000091
UART1_ParityErrorCallbackRegister@callbackHandler  cstackBANK0  000091
UART1_Receive_Vector_ISR@mesage                    dataCOMRAM   00004C
UART1_Receive_Vector_ISR@status                    bssCOMRAM    000029
UART1_TransmitISR@tempTxTail                       cstackCOMRAM 000038
UART1_Write@tempTxHead                             cstackCOMRAM 000039
UART1_Write@txData                                 cstackCOMRAM 00003A
UART_RX_int@mesage                                 bssCOMRAM    000013
UART_RX_int@opcode                                 bssCOMRAM    000027
UART_RX_int@status                                 bssCOMRAM    000028
_ADACCH                                            (abs)        003EE9
_ADACCL                                            (abs)        003EE8
_ADACCU                                            (abs)        003EEA
_ADACQH                                            (abs)        003EF4
_ADACQL                                            (abs)        003EF3
_ADACT                                             (abs)        003EFE
_ADCAP                                             (abs)        003EF5
_ADCC_ADI_InterruptHandler                         nvCOMRAM     00004A
_ADCC_DefaultADI_ISR                               text23       00199E
_ADCC_ISR                                          text22       001460
_ADCC_Initialize                                   text19       00137E
_ADCC_SetADIInterruptHandler                       text20       001968
_ADCC_StartConversion                              text28       00191A
_ADCLK                                             (abs)        003EFF
_ADCNT                                             (abs)        003EEB
_ADCON0                                            (abs)        003EF8
_ADCON0bits                                        (abs)        003EF8
_ADCON1                                            (abs)        003EF9
_ADCON1bits                                        (abs)        003EF9
_ADCON2                                            (abs)        003EFA
_ADCON2bits                                        (abs)        003EFA
_ADCON3                                            (abs)        003EFB
_ADCON3bits                                        (abs)        003EFB
_ADC_int                                           text24       001062
_ADERRH                                            (abs)        003EE3
_ADERRL                                            (abs)        003EE2
_ADFLTRH                                           (abs)        003EE7
_ADFLTRL                                           (abs)        003EE6
_ADLTHH                                            (abs)        003EDF
_ADLTHL                                            (abs)        003EDE
_ADPCH                                             (abs)        003EF1
_ADPREH                                            (abs)        003EF7
_ADPREL                                            (abs)        003EF6
_ADPREVH                                           (abs)        003EEE
_ADPREVL                                           (abs)        003EED
_ADREF                                             (abs)        003EFD
_ADRESH                                            (abs)        003EF0
_ADRESL                                            (abs)        003EEF
_ADRPT                                             (abs)        003EEC
_ADSTAT                                            (abs)        003EFC
_ADSTATbits                                        (abs)        003EFC
_ADSTPTH                                           (abs)        003EE5
_ADSTPTL                                           (abs)        003EE4
_ADUTHH                                            (abs)        003EE1
_ADUTHL                                            (abs)        003EE0
_ANSELA                                            (abs)        003A40
_ANSELB                                            (abs)        003A50
_ANSELC                                            (abs)        003A60
_ANSELD                                            (abs)        003A70
_ANSELE                                            (abs)        003A80
_CLOCK_Initialize                                  text18       0018F2
_Default_ISR                                       text40       0019A8
_FVRCON                                            (abs)        003EC1
_FVRCONbits                                        (abs)        003EC1
_FVR_Initialize                                    text17       00197C
_GIE                                               (abs)        01FE97
_INLVLA                                            (abs)        003A44
_INLVLB                                            (abs)        003A54
_INLVLC                                            (abs)        003A64
_INLVLD                                            (abs)        003A74
_INLVLE                                            (abs)        003A84
_INT0_CallBack                                     text32       00177A
_INT0_DefaultInterruptHandler                      text33       0019A2
_INT0_ISR                                          text31       0016EC
_INT0_InterruptHandler                             bssCOMRAM    000025
_INT0_SetInterruptHandler                          text16       00195E
_INT1_CallBack                                     text35       0017A6
_INT1_DefaultInterruptHandler                      text36       0019A4
_INT1_ISR                                          text34       00171C
_INT1_InterruptHandler                             bssCOMRAM    000023
_INT1_SetInterruptHandler                          text15       001954
_INT2_CallBack                                     text38       0017D2
_INT2_DefaultInterruptHandler                      text39       0019A6
_INT2_ISR                                          text37       00174C
_INT2_InterruptHandler                             bssCOMRAM    000021
_INT2_SetInterruptHandler                          text14       00194A
_INTCON0bits                                       (abs)        003FD2
_INTERRUPT_Initialize                              text13       0012FC
_IOCAF                                             (abs)        003A47
_IOCAN                                             (abs)        003A46
_IOCAP                                             (abs)        003A45
_IOCBF                                             (abs)        003A57
_IOCBN                                             (abs)        003A56
_IOCBP                                             (abs)        003A55
_IOCCF                                             (abs)        003A67
_IOCCN                                             (abs)        003A66
_IOCCP                                             (abs)        003A65
_IOCEF                                             (abs)        003A87
_IOCEN                                             (abs)        003A86
_IOCEP                                             (abs)        003A85
_IOC_ISR                                           text29       001984
_IPR0bits                                          (abs)        003980
_IPR1bits                                          (abs)        003981
_IPR3bits                                          (abs)        003983
_IPR4bits                                          (abs)        003984
_IVTBASEH                                          (abs)        003FD6
_IVTBASEL                                          (abs)        003FD5
_IVTBASEU                                          (abs)        003FD7
_IVTLOCK                                           (abs)        003FD4
_IVTLOCKbits                                       (abs)        003FD4
_LATA                                              (abs)        003FBA
_LATB                                              (abs)        003FBB
_LATBbits                                          (abs)        003FBB
_LATC                                              (abs)        003FBC
_LATD                                              (abs)        003FBD
_LATE                                              (abs)        003FBE
_LATEbits                                          (abs)        003FBE
_ODCONA                                            (abs)        003A42
_ODCONB                                            (abs)        003A52
_ODCONC                                            (abs)        003A62
_ODCOND                                            (abs)        003A72
_ODCONE                                            (abs)        003A82
_OSCCON1                                           (abs)        0039D9
_OSCCON3                                           (abs)        0039DB
_OSCEN                                             (abs)        0039DD
_OSCFRQ                                            (abs)        0039DF
_OSCTUNE                                           (abs)        0039DE
_PERIOD                                            dataCOMRAM   00004E
_PIE1bits                                          (abs)        003991
_PIE3bits                                          (abs)        003993
_PIE4bits                                          (abs)        003994
_PIN_MANAGER_IOC                                   text30       0019A0
_PIN_MANAGER_Initialize                            text12       001168
_PIR1bits                                          (abs)        0039A1
_PIR2bits                                          (abs)        0039A2
_PIR3bits                                          (abs)        0039A3
_PIR4bits                                          (abs)        0039A4
_PIR5bits                                          (abs)        0039A5
_PIR7bits                                          (abs)        0039A7
_PR2                                               (abs)        003FAB
_RB1I2C                                            (abs)        003A5A
_RB2I2C                                            (abs)        003A5B
_RC3I2C                                            (abs)        003A6A
_RC3PPS                                            (abs)        003A13
_RC4I2C                                            (abs)        003A6B
_RC5PPS                                            (abs)        003A15
_RC6PPS                                            (abs)        003A16
_RD0I2C                                            (abs)        003A7A
_RD1I2C                                            (abs)        003A7B
_SLRCONA                                           (abs)        003A43
_SLRCONB                                           (abs)        003A53
_SLRCONC                                           (abs)        003A63
_SLRCOND                                           (abs)        003A73
_SLRCONE                                           (abs)        003A83
_SPI1                                              smallconst   001031
_SPI1BAUD                                          (abs)        003D19
_SPI1CLK                                           (abs)        003D1C
_SPI1CON0                                          (abs)        003D14
_SPI1CON0bits                                      (abs)        003D14
_SPI1CON1                                          (abs)        003D15
_SPI1CON2                                          (abs)        003D16
_SPI1RXB                                           (abs)        003D10
_SPI1SCKPPS                                        (abs)        003ADE
_SPI1SDIPPS                                        (abs)        003ADF
_SPI1TCNTL                                         (abs)        003D12
_SPI1TXB                                           (abs)        003D11
_SPI1_BufferExchange                               (abs)        000000
_SPI1_BufferRead                                   (abs)        000000
_SPI1_BufferWrite                                  (abs)        000000
_SPI1_ByteExchange                                 (abs)        000000
_SPI1_ByteRead                                     (abs)        000000
_SPI1_ByteWrite                                    text27       001972
_SPI1_Close                                        (abs)        000000
_SPI1_Initialize                                   text11       0018D8
_SPI1_Open                                         text21       001854
_SYSTEM_Initialize                                 text1        00182A
_T0CON0                                            (abs)        003FB8
_T0CON0bits                                        (abs)        003FB8
_T0CON1                                            (abs)        003FB9
_T2CLKCON                                          (abs)        003FAE
_T2CON                                             (abs)        003FAC
_T2CONbits                                         (abs)        003FAC
_T2HLT                                             (abs)        003FAD
_T2HLTbits                                         (abs)        003FAD
_T2PR                                              (abs)        003FAB
_T2RST                                             (abs)        003FAF
_T2RSTbits                                         (abs)        003FAF
_T2TMR                                             (abs)        003FAA
_TMR0H                                             (abs)        003FB7
_TMR0L                                             (abs)        003FB6
_TMR2                                              (abs)        003FAA
_TRISA                                             (abs)        003FC2
_TRISB                                             (abs)        003FC3
_TRISC                                             (abs)        003FC4
_TRISCbits                                         (abs)        003FC4
_TRISD                                             (abs)        003FC5
_TRISE                                             (abs)        003FC6
_Timer                                             smallconst   00104F
_Timer2                                            smallconst   001043
_Timer2_DefaultOverflowCallback                    text42       0019AA
_Timer2_ISR                                        text46       001508
_Timer2_Initialize                                 text9        0016BC
_Timer2_OverflowCallback                           nvCOMRAM     000040
_Timer2_OverflowCallbackRegister                   text10       001940
_Timer2_PeriodCountSet                             (abs)        000000
_Timer2_Start                                      text26       001996
_Timer2_Stop                                       text47       00199A
_Timer_DefaultOverflowCallback                     text43       0019AC
_Timer_Initialize                                  text7        00168A
_Timer_OverflowCallback                            nvCOMRAM     000042
_Timer_OverflowCallbackRegister                    text8        001936
_Timer_OverflowISR                                 text41       0014B4
_Timer_PeriodCountSet                              (abs)        000000
_Timer_Start                                       (abs)        000000
_Timer_Stop                                        (abs)        000000
_Timer_int                                         text44       0017FE
_U1BRGH                                            (abs)        003DF6
_U1BRGL                                            (abs)        003DF5
_U1CON0                                            (abs)        003DF2
_U1CON0bits                                        (abs)        003DF2
_U1CON1                                            (abs)        003DF3
_U1CON1bits                                        (abs)        003DF3
_U1CON2                                            (abs)        003DF4
_U1ERRIE                                           (abs)        003DFA
_U1ERRIR                                           (abs)        003DF9
_U1ERRIRbits                                       (abs)        003DF9
_U1FIFO                                            (abs)        003DF7
_U1P1H                                             (abs)        003DED
_U1P1L                                             (abs)        003DEC
_U1P2H                                             (abs)        003DEF
_U1P2L                                             (abs)        003DEE
_U1P3H                                             (abs)        003DF1
_U1P3L                                             (abs)        003DF0
_U1RXB                                             (abs)        003DE8
_U1RXCHK                                           (abs)        003DE9
_U1RXPPS                                           (abs)        003AE5
_U1TXB                                             (abs)        003DEA
_U1TXCHK                                           (abs)        003DEB
_U1UIR                                             (abs)        003DF8
_U1UIRbits                                         (abs)        003DF8
_U2BRGH                                            (abs)        003DDE
_U2BRGL                                            (abs)        003DDD
_U2CON0                                            (abs)        003DDA
_U2CON1                                            (abs)        003DDB
_U2CON2                                            (abs)        003DDC
_U2ERRIE                                           (abs)        003DE2
_U2ERRIR                                           (abs)        003DE1
_U2FIFO                                            (abs)        003DDF
_U2P1L                                             (abs)        003DD4
_U2P2L                                             (abs)        003DD6
_U2P3L                                             (abs)        003DD8
_U2TXB                                             (abs)        003DD2
_U2UIR                                             (abs)        003DE0
_UART                                              smallconst   001001
_UART1_AutoBaudQuery                               (abs)        000000
_UART1_AutoBaudSet                                 (abs)        000000
_UART1_DefaultFramingErrorCallback                 (abs)        000000
_UART1_DefaultOverrunErrorCallback                 (abs)        000000
_UART1_DefaultParityErrorCallback                  (abs)        000000
_UART1_Deinitialize                                (abs)        000000
_UART1_ErrorGet                                    (abs)        000000
_UART1_FramingErrorCallbackRegister                text6        0018BA
_UART1_FramingErrorHandler                         bssCOMRAM    00001D
_UART1_Initialize                                  text3        001248
_UART1_IsRxReady                                   (abs)        000000
_UART1_IsTxDone                                    (abs)        000000
_UART1_IsTxReady                                   (abs)        000000
_UART1_OverrunErrorCallbackRegister                text5        00189C
_UART1_OverrunErrorHandler                         bssCOMRAM    00001B
_UART1_ParityErrorCallbackRegister                 text4        00187E
_UART1_ParityErrorHandler                          bssCOMRAM    000019
_UART1_Read                                        (abs)        000000
_UART1_ReceiveISR                                  (abs)        000000
_UART1_Receive_Vector_ISR                          text48       0015AC
_UART1_RxCompleteCallbackRegister                  (abs)        000000
_UART1_RxCompleteInterruptHandler                  bssCOMRAM    000015
_UART1_RxInterruptHandler                          nvCOMRAM     000046
_UART1_TransmitDisable                             (abs)        000000
_UART1_TransmitEnable                              (abs)        000000
_UART1_TransmitISR                                 text50       00161E
_UART1_Transmit_Vector_ISR                         text49       00198C
_UART1_TxCompleteCallbackRegister                  (abs)        000000
_UART1_TxCompleteInterruptHandler                  bssCOMRAM    000017
_UART1_TxInterruptHandler                          nvCOMRAM     000048
_UART1_Write                                       text25       00155A
_UART2_Initialize                                  text2        0015E6
_WPUA                                              (abs)        003A41
_WPUB                                              (abs)        003A51
_WPUC                                              (abs)        003A61
_WPUD                                              (abs)        003A71
_WPUE                                              (abs)        003A81
__HRAM                                             (abs)        000000
__Habs1                                            abs1         000000
__Hbank0                                           bank0        000000
__Hbank1                                           bank1        000000
__Hbank10                                          bank10       000000
__Hbank11                                          bank11       000000
__Hbank12                                          bank12       000000
__Hbank13                                          bank13       000000
__Hbank14                                          bank14       000000
__Hbank15                                          bank15       000000
__Hbank2                                           bank2        000000
__Hbank3                                           bank3        000000
__Hbank4                                           bank4        000000
__Hbank5                                           bank5        000000
__Hbank6                                           bank6        000000
__Hbank7                                           bank7        000000
__Hbank8                                           bank8        000000
__Hbank9                                           bank9        000000
__Hbigbss                                          bigbss       000000
__Hbigdata                                         bigdata      000000
__Hbigram                                          bigram       000000
__Hbigsfr                                          bigsfr       000000
__Hbss                                             bss          000000
__HbssBANK0                                        bssBANK0     000000
__HbssCOMRAM                                       bssCOMRAM    000000
__Hcinit                                           cinit        000000
__Hclrtext                                         clrtext      000000
__Hcomram                                          comram       000000
__Hconfig                                          config       30000A
__Hconst                                           const        000000
__HcstackBANK0                                     cstackBANK0  000000
__HcstackCOMRAM                                    cstackCOMRAM 000000
__Hdata                                            data         000000
__HdataBANK0                                       dataBANK0    000000
__HdataCOMRAM                                      dataCOMRAM   000000
__Heeprom_data                                     eeprom_data  000000
__Hfarbss                                          farbss       000000
__Hfardata                                         fardata      000000
__Hheap                                            heap         000000
__Hibigdata                                        ibigdata     000000
__Hidata                                           idata        000000
__HidataBANK0                                      idataBANK0   000000
__HidataCOMRAM                                     idataCOMRAM  000000
__Hidloc                                           idloc        200010
__Hifardata                                        ifardata     000000
__Hinit                                            init         0000B2
__Hintsave_regs                                    intsave_regs 000000
__Hirdata                                          irdata       000000
__Hivt0x8                                          ivt0x8       0000AE
__Hmediumconst                                     mediumconst  000000
__HnvCOMRAM                                        nvCOMRAM     000000
__HnvFARRAM                                        nvFARRAM     000000
__Hnvbit                                           nvbit        000000
__Hnvrram                                          nvrram       000000
__Hparam                                           rparam       000000
__Hpowerup                                         powerup      000000
__Hram                                             ram          000000
__Hramtop                                          ramtop       001000
__Hrbit                                            rbit         000000
__Hrbss                                            rbss         000000
__Hrdata                                           rdata        000000
__Hreset_vec                                       reset_vec    000004
__Hrparam                                          rparam       000000
__Hsfr                                             sfr          000000
__Hsmallconst                                      smallconst   001062
__Hspace_0                                         (abs)        0019AE
__Hspace_1                                         (abs)        000095
__Hspace_2                                         (abs)        000000
__Hspace_4                                         (abs)        60000A
__Hstack                                           stack        000000
__Hstruct                                          struct       000000
__Htemp                                            temp         000000
__Htext                                            text         000000
__Htext0                                           text0        000000
__Htext1                                           text1        000000
__Htext10                                          text10       000000
__Htext11                                          text11       000000
__Htext12                                          text12       000000
__Htext13                                          text13       000000
__Htext14                                          text14       000000
__Htext15                                          text15       000000
__Htext16                                          text16       000000
__Htext17                                          text17       000000
__Htext18                                          text18       000000
__Htext19                                          text19       000000
__Htext2                                           text2        000000
__Htext20                                          text20       000000
__Htext21                                          text21       000000
__Htext22                                          text22       000000
__Htext23                                          text23       000000
__Htext24                                          text24       000000
__Htext25                                          text25       000000
__Htext26                                          text26       000000
__Htext27                                          text27       000000
__Htext28                                          text28       000000
__Htext29                                          text29       000000
__Htext3                                           text3        000000
__Htext30                                          text30       000000
__Htext31                                          text31       000000
__Htext32                                          text32       000000
__Htext33                                          text33       000000
__Htext34                                          text34       000000
__Htext35                                          text35       000000
__Htext36                                          text36       000000
__Htext37                                          text37       000000
__Htext38                                          text38       000000
__Htext39                                          text39       000000
__Htext4                                           text4        000000
__Htext40                                          text40       000000
__Htext41                                          text41       000000
__Htext42                                          text42       000000
__Htext43                                          text43       000000
__Htext44                                          text44       000000
__Htext45                                          text45       000000
__Htext46                                          text46       000000
__Htext47                                          text47       000000
__Htext48                                          text48       000000
__Htext49                                          text49       000000
__Htext5                                           text5        000000
__Htext50                                          text50       000000
__Htext51                                          text51       000000
__Htext6                                           text6        000000
__Htext7                                           text7        000000
__Htext8                                           text8        000000
__Htext9                                           text9        000000
__LRAM                                             (abs)        000001
__Labs1                                            abs1         000000
__Lbank0                                           bank0        000000
__Lbank1                                           bank1        000000
__Lbank10                                          bank10       000000
__Lbank11                                          bank11       000000
__Lbank12                                          bank12       000000
__Lbank13                                          bank13       000000
__Lbank14                                          bank14       000000
__Lbank15                                          bank15       000000
__Lbank2                                           bank2        000000
__Lbank3                                           bank3        000000
__Lbank4                                           bank4        000000
__Lbank5                                           bank5        000000
__Lbank6                                           bank6        000000
__Lbank7                                           bank7        000000
__Lbank8                                           bank8        000000
__Lbank9                                           bank9        000000
__Lbigbss                                          bigbss       000000
__Lbigdata                                         bigdata      000000
__Lbigram                                          bigram       000000
__Lbigsfr                                          bigsfr       000000
__Lbss                                             bss          000000
__LbssBANK0                                        bssBANK0     000000
__LbssCOMRAM                                       bssCOMRAM    000000
__Lcinit                                           cinit        000000
__Lclrtext                                         clrtext      000000
__Lcomram                                          comram       000000
__Lconfig                                          config       000000
__Lconst                                           const        000000
__LcstackBANK0                                     cstackBANK0  000000
__LcstackCOMRAM                                    cstackCOMRAM 000000
__Ldata                                            data         000000
__LdataBANK0                                       dataBANK0    000000
__LdataCOMRAM                                      dataCOMRAM   000000
__Leeprom_data                                     eeprom_data  000000
__Lfarbss                                          farbss       000000
__Lfardata                                         fardata      000000
__Lheap                                            heap         000000
__Libigdata                                        ibigdata     000000
__Lidata                                           idata        000000
__LidataBANK0                                      idataBANK0   000000
__LidataCOMRAM                                     idataCOMRAM  000000
__Lidloc                                           idloc        000000
__Lifardata                                        ifardata     000000
__Linit                                            init         0000AE
__Lintsave_regs                                    intsave_regs 000000
__Lirdata                                          irdata       000000
__Livt0x8                                          ivt0x8       000008
__Lmediumconst                                     mediumconst  000000
__LnvCOMRAM                                        nvCOMRAM     000000
__LnvFARRAM                                        nvFARRAM     000000
__Lnvbit                                           nvbit        000000
__Lnvrram                                          nvrram       000000
__Lparam                                           rparam       000000
__Lpowerup                                         powerup      000000
__Lram                                             ram          000000
__Lramtop                                          ramtop       001000
__Lrbit                                            rbit         000000
__Lrbss                                            rbss         000000
__Lrdata                                           rdata        000000
__Lreset_vec                                       reset_vec    000000
__Lrparam                                          rparam       000000
__Lsfr                                             sfr          000000
__Lsmallconst                                      smallconst   001000
__Lspace_0                                         (abs)        000000
__Lspace_1                                         (abs)        000000
__Lspace_2                                         (abs)        000000
__Lspace_4                                         (abs)        000000
__Lstack                                           stack        000000
__Lstruct                                          struct       000000
__Ltemp                                            temp         000000
__Ltext                                            text         000000
__Ltext0                                           text0        000000
__Ltext1                                           text1        000000
__Ltext10                                          text10       000000
__Ltext11                                          text11       000000
__Ltext12                                          text12       000000
__Ltext13                                          text13       000000
__Ltext14                                          text14       000000
__Ltext15                                          text15       000000
__Ltext16                                          text16       000000
__Ltext17                                          text17       000000
__Ltext18                                          text18       000000
__Ltext19                                          text19       000000
__Ltext2                                           text2        000000
__Ltext20                                          text20       000000
__Ltext21                                          text21       000000
__Ltext22                                          text22       000000
__Ltext23                                          text23       000000
__Ltext24                                          text24       000000
__Ltext25                                          text25       000000
__Ltext26                                          text26       000000
__Ltext27                                          text27       000000
__Ltext28                                          text28       000000
__Ltext29                                          text29       000000
__Ltext3                                           text3        000000
__Ltext30                                          text30       000000
__Ltext31                                          text31       000000
__Ltext32                                          text32       000000
__Ltext33                                          text33       000000
__Ltext34                                          text34       000000
__Ltext35                                          text35       000000
__Ltext36                                          text36       000000
__Ltext37                                          text37       000000
__Ltext38                                          text38       000000
__Ltext39                                          text39       000000
__Ltext4                                           text4        000000
__Ltext40                                          text40       000000
__Ltext41                                          text41       000000
__Ltext42                                          text42       000000
__Ltext43                                          text43       000000
__Ltext44                                          text44       000000
__Ltext45                                          text45       000000
__Ltext46                                          text46       000000
__Ltext47                                          text47       000000
__Ltext48                                          text48       000000
__Ltext49                                          text49       000000
__Ltext5                                           text5        000000
__Ltext50                                          text50       000000
__Ltext51                                          text51       000000
__Ltext6                                           text6        000000
__Ltext7                                           text7        000000
__Ltext8                                           text8        000000
__Ltext9                                           text9        000000
__S0                                               (abs)        0019AE
__S1                                               (abs)        000095
__S4                                               (abs)        000000
__S5                                               (abs)        000000
___heap_hi                                         (abs)        000000
___heap_lo                                         (abs)        000000
___inthi_sp                                        stack        000000
___intlo_sp                                        stack        000000
___param_bank                                      (abs)        000000
___rparam_used                                     (abs)        000001
___sp                                              stack        000000
__accesstop                                        (abs)        000060
__activetblptr                                     (abs)        000003
__end_of_ADCC_DefaultADI_ISR                       text23       0019A0
__end_of_ADCC_ISR                                  text22       0014B4
__end_of_ADCC_Initialize                           text19       0013F2
__end_of_ADCC_SetADIInterruptHandler               text20       001972
__end_of_ADCC_StartConversion                      text28       001928
__end_of_ADC_int                                   text24       001168
__end_of_CLOCK_Initialize                          text18       00190A
__end_of_Default_ISR                               text40       0019AA
__end_of_FVR_Initialize                            text17       001984
__end_of_INT0_CallBack                             text32       0017A6
__end_of_INT0_DefaultInterruptHandler              text33       0019A4
__end_of_INT0_ISR                                  text31       00171A
__end_of_INT0_SetInterruptHandler                  text16       001968
__end_of_INT1_CallBack                             text35       0017D2
__end_of_INT1_DefaultInterruptHandler              text36       0019A6
__end_of_INT1_ISR                                  text34       00174A
__end_of_INT1_SetInterruptHandler                  text15       00195E
__end_of_INT2_CallBack                             text38       0017FE
__end_of_INT2_DefaultInterruptHandler              text39       0019A8
__end_of_INT2_ISR                                  text37       00177A
__end_of_INT2_SetInterruptHandler                  text14       001954
__end_of_INTERRUPT_Initialize                      text13       00137E
__end_of_IOC_ISR                                   text29       00198A
__end_of_PIN_MANAGER_IOC                           text30       0019A2
__end_of_PIN_MANAGER_Initialize                    text12       001248
__end_of_SPI1                                      smallconst   001043
__end_of_SPI1_ByteWrite                            text27       00197C
__end_of_SPI1_Initialize                           text11       0018F2
__end_of_SPI1_Open                                 text21       00187E
__end_of_SYSTEM_Initialize                         text1        001854
__end_of_Timer                                     smallconst   00105B
__end_of_Timer2                                    smallconst   00104F
__end_of_Timer2_DefaultOverflowCallback            text42       0019AC
__end_of_Timer2_ISR                                text46       00155A
__end_of_Timer2_Initialize                         text9        0016EA
__end_of_Timer2_OverflowCallbackRegister           text10       00194A
__end_of_Timer2_Start                              text26       00199A
__end_of_Timer2_Stop                               text47       00199E
__end_of_Timer_DefaultOverflowCallback             text43       0019AE
__end_of_Timer_Initialize                          text7        0016BC
__end_of_Timer_OverflowCallbackRegister            text8        001940
__end_of_Timer_OverflowISR                         text41       001506
__end_of_Timer_int                                 text44       00182A
__end_of_UART                                      smallconst   001031
__end_of_UART1_FramingErrorCallbackRegister        text6        0018D8
__end_of_UART1_Initialize                          text3        0012FC
__end_of_UART1_OverrunErrorCallbackRegister        text5        0018BA
__end_of_UART1_ParityErrorCallbackRegister         text4        00189C
__end_of_UART1_Receive_Vector_ISR                  text48       0015E6
__end_of_UART1_TransmitISR                         text50       001656
__end_of_UART1_Transmit_Vector_ISR                 text49       001992
__end_of_UART1_Write                               text25       0015AA
__end_of_UART2_Initialize                          text2        00161E
__end_of__initialization                           cinit        00145A
__end_of_main                                      text0        00168A
__end_of_spi1_configuration                        smallconst   001060
__end_ofi2_ADCC_StartConversion                    text45       001936
__initialization                                   cinit        0013F2
__mediumconst                                      mediumconst  000000
__pbssBANK0                                        bssBANK0     000060
__pbssCOMRAM                                       bssCOMRAM    000001
__pcinit                                           cinit        0013F2
__pcstackBANK0                                     cstackBANK0  000088
__pcstackCOMRAM                                    cstackCOMRAM 000030
__pdataBANK0                                       dataBANK0    000078
__pdataCOMRAM                                      dataCOMRAM   00004C
__pidataBANK0                                      idataBANK0   00190A
__pidataCOMRAM                                     idataCOMRAM  001992
__pivt0x8                                          ivt0x8       000008
__pnvCOMRAM                                        nvCOMRAM     000040
__psmallconst                                      smallconst   001000
__ptext0                                           text0        001656
__ptext1                                           text1        00182A
__ptext10                                          text10       001940
__ptext11                                          text11       0018D8
__ptext12                                          text12       001168
__ptext13                                          text13       0012FC
__ptext14                                          text14       00194A
__ptext15                                          text15       001954
__ptext16                                          text16       00195E
__ptext17                                          text17       00197C
__ptext18                                          text18       0018F2
__ptext19                                          text19       00137E
__ptext2                                           text2        0015E6
__ptext20                                          text20       001968
__ptext21                                          text21       001854
__ptext22                                          text22       001460
__ptext23                                          text23       00199E
__ptext24                                          text24       001062
__ptext25                                          text25       00155A
__ptext26                                          text26       001996
__ptext27                                          text27       001972
__ptext28                                          text28       00191A
__ptext29                                          text29       001984
__ptext3                                           text3        001248
__ptext30                                          text30       0019A0
__ptext31                                          text31       0016EC
__ptext32                                          text32       00177A
__ptext33                                          text33       0019A2
__ptext34                                          text34       00171C
__ptext35                                          text35       0017A6
__ptext36                                          text36       0019A4
__ptext37                                          text37       00174C
__ptext38                                          text38       0017D2
__ptext39                                          text39       0019A6
__ptext4                                           text4        00187E
__ptext40                                          text40       0019A8
__ptext41                                          text41       0014B4
__ptext42                                          text42       0019AA
__ptext43                                          text43       0019AC
__ptext44                                          text44       0017FE
__ptext45                                          text45       001928
__ptext46                                          text46       001508
__ptext47                                          text47       00199A
__ptext48                                          text48       0015AC
__ptext49                                          text49       00198C
__ptext5                                           text5        00189C
__ptext50                                          text50       00161E
__ptext51                                          text51       000000
__ptext6                                           text6        0018BA
__ptext7                                           text7        00168A
__ptext8                                           text8        001936
__ptext9                                           text9        0016BC
__ramtop                                           ramtop       001000
__smallconst                                       smallconst   001000
_main                                              text0        001656
_timerTMR0ReloadVal16bit                           nvCOMRAM     000044
_uart1RxBuffer                                     bssBANK0     000070
_uart1RxCount                                      bssCOMRAM    00002A
_uart1RxHead                                       bssCOMRAM    00002C
_uart1RxLastError                                  bssCOMRAM    00001F
_uart1RxStatusBuffer                               bssCOMRAM    000001
_uart1RxTail                                       bssCOMRAM    00002B
_uart1TxBuffer                                     bssBANK0     000060
_uart1TxBufferRemaining                            bssCOMRAM    00002D
_uart1TxHead                                       bssCOMRAM    00002F
_uart1TxTail                                       bssCOMRAM    00002E
_valp                                              dataBANK0    000078
end_of_initialization                              cinit        00145A
i2ADCC_StartConversion@channel                     cstackCOMRAM 000033
i2_ADCC_StartConversion                            text45       001928
intlevel0                                          text         000000
intlevel1                                          text         000000
intlevel2                                          text         000000
intlevel3                                          text         000000
isa$std                                            (abs)        000001
isa$xinst                                          (abs)        000000
ivt0x8_base                                        ivt0x8       000008
ivt0x8_undefint                                    ivt0x8       0000AC
stackhi                                            (abs)        000000
stacklo                                            (abs)        000000
start                                              init         0000AE
start_initialization                               cinit        0013F2


MODULE INFORMATION

Module		Function		Class		Link	Load	Size
mcc_generated_files/peripheral/src/uart2.c
		_UART2_Initialize		CODE           	15E6	0000	56

mcc_generated_files/peripheral/src/uart2.c estimated size: 56

mcc_generated_files/system/src/interrupt.c
		_IOC_ISR       		CODE           	1984	0000	6
		_INT0_SetInterruptHandler		CODE           	195E	0000	10
		_INT1_SetInterruptHandler		CODE           	1954	0000	10
		_INT2_SetInterruptHandler		CODE           	194A	0000	10
		_INTERRUPT_Initialize		CODE           	12FC	0000	130
		_INT0_DefaultInterruptHandler		CODE           	19A2	0000	2
		_INT0_CallBack 		CODE           	177A	0000	44
		_INT1_DefaultInterruptHandler		CODE           	19A4	0000	2
		_INT1_CallBack 		CODE           	17A6	0000	44
		_INT2_DefaultInterruptHandler		CODE           	19A6	0000	2
		_INT2_CallBack 		CODE           	17D2	0000	44
		_Default_ISR   		CODE           	19A8	0000	2
		_INT0_ISR      		CODE           	16EC	0000	46
		_INT1_ISR      		CODE           	171C	0000	46
		_INT2_ISR      		CODE           	174C	0000	46

mcc_generated_files/system/src/interrupt.c estimated size: 444

mcc_generated_files/adc/src/adcc.c
		_ADCC_DefaultADI_ISR		CODE           	199E	0000	2
		_ADCC_SetADIInterruptHandler		CODE           	1968	0000	10
		_ADCC_ISR      		CODE           	1460	0000	84
		_ADCC_StartConversion		CODE           	191A	0000	14
		_ADCC_Initialize		CODE           	137E	0000	116

mcc_generated_files/adc/src/adcc.c estimated size: 226

mcc_generated_files/uart/src/uart1.c
		_UART1_Write   		CODE           	155A	0000	80
		_UART1_FramingErrorCallbackRegister		CODE           	18BA	0000	30
		_UART1_Transmit_Vector_ISR		CODE           	198C	0000	6
		_UART1_Receive_Vector_ISR		CODE           	15AC	0000	58
		_UART1_OverrunErrorCallbackRegister		CODE           	189C	0000	30
		_UART1_Initialize		CODE           	1248	0000	180
		_UART1_TransmitISR		CODE           	161E	0000	56
		_UART1_ParityErrorCallbackRegister		CODE           	187E	0000	30

mcc_generated_files/uart/src/uart1.c estimated size: 470

mcc_generated_files/system/src/pins.c
		_PIN_MANAGER_Initialize		CODE           	1168	0000	224
		_PIN_MANAGER_IOC		CODE           	19A0	0000	2

mcc_generated_files/system/src/pins.c estimated size: 226

Timer_int.c
		_Timer_int     		CODE           	17FE	0000	44

Timer_int.c estimated size: 44

shared
		_SPI1          		SMALLCONST     	1031	0000	18
		_UART          		SMALLCONST     	1001	0000	48
		_Timer         		SMALLCONST     	104F	0000	12
		_Timer2        		SMALLCONST     	1043	0000	12
		__initialization		CODE           	13F2	0000	104
		i2_ADCC_StartConversion		CODE           	1928	0000	14
		_spi1_configuration		SMALLCONST     	0000	0000	0

shared estimated size: 208

mcc_generated_files/timer/src/tmr2.c
		_Timer2_Initialize		CODE           	16BC	0000	46
		_Timer2_OverflowCallbackRegister		CODE           	1940	0000	10
		_Timer2_DefaultOverflowCallback		CODE           	19AA	0000	2
		_Timer2_ISR    		CODE           	1508	0000	82
		_Timer2_Stop   		CODE           	199A	0000	4
		_Timer2_Start  		CODE           	1996	0000	4

mcc_generated_files/timer/src/tmr2.c estimated size: 148

mcc_generated_files/system/src/clock.c
		_CLOCK_Initialize		CODE           	18F2	0000	24

mcc_generated_files/system/src/clock.c estimated size: 24

ADC_int.c
		_ADC_int       		CODE           	1062	0000	262

ADC_int.c estimated size: 262

mcc_generated_files/timer/src/tmr0.c
		_Timer_OverflowISR		CODE           	14B4	0000	82
		_Timer_Initialize		CODE           	168A	0000	50
		_Timer_DefaultOverflowCallback		CODE           	19AC	0000	2
		_Timer_OverflowCallbackRegister		CODE           	1936	0000	10

mcc_generated_files/timer/src/tmr0.c estimated size: 144

main.c
		_main          		CODE           	1656	0000	52

main.c estimated size: 52

mcc_generated_files/fvr/src/fvr.c
		_FVR_Initialize		CODE           	197C	0000	8

mcc_generated_files/fvr/src/fvr.c estimated size: 8

mcc_generated_files/system/src/system.c
		_SYSTEM_Initialize		CODE           	182A	0000	42

mcc_generated_files/system/src/system.c estimated size: 42

mcc_generated_files/spi/src/spi1.c
		_SPI1_ByteWrite		CODE           	1972	0000	10
		_SPI1_Open     		CODE           	1854	0000	42
		_SPI1_Initialize		CODE           	18D8	0000	26

mcc_generated_files/spi/src/spi1.c estimated size: 78

