Microchip MPLAB XC8 Compiler V2.40

Linker command line:

-W-3 \
  --edf=C:\Program Files\Microchip\xc8\v2.40\pic\dat\20220703182018_en.msgs \
  -pivt0x8=08h -cn -h+dist/default/production\Practica_2a.X.production.sym \
  --cmf=dist/default/production\Practica_2a.X.production.cmf -z -Q18F46K42 \
  -oC:\Users\AULASI~1\AppData\Local\Temp\xcAshg8.4 --defsym=__MPLAB_BUILD=1 \
  --fixupoverflow=error \
  -Mdist/default/production/Practica_2a.X.production.map \
  --md=C:\Users\AULASI~1\AppData\Local\Temp\xcAshg8.dat -E1 \
  -ver=XC8 Compiler --acfsm=1493 -ACODE=00h-0FFFFh -ACONST=00h-0FFFFh \
  -ASMALLCONST=01000h-010FFhx240 -AMEDIUMCONST=01000h-0FFFFh \
  -ACOMRAM=01h-05Fh -AABS1=00h-0FFFh -ABIGRAM=01h-0FFFh \
  -ARAM=060h-0FFh,0100h-01FFhx15 -ABANK0=060h-0FFh -ABANK1=0100h-01FFh \
  -ABANK2=0200h-02FFh -ABANK3=0300h-03FFh -ABANK4=0400h-04FFh \
  -ABANK5=0500h-05FFh -ABANK6=0600h-06FFh -ABANK7=0700h-07FFh \
  -ABANK8=0800h-08FFh -ABANK9=0900h-09FFh -ABANK10=0A00h-0AFFh \
  -ABANK11=0B00h-0BFFh -ABANK12=0C00h-0CFFh -ABANK13=0D00h-0DFFh \
  -ABANK14=0E00h-0EFFh -ABANK15=0F00h-0FFFh \
  -ASFR=03800h-038FFhx7,03F00h-03F5Fh,03F60h-03FFFh -ABIGSFR=03800h-03FFFh \
  -ACONFIG=0300000h-0300009h -AIDLOC=0200000h-020000Fh \
  -AEEDATA=0310000h-03103FFh -peeprom_data=EEDATA -preset_vec=00h \
  -ppowerup=CODE,init -pramtop=01000h -psmallconst=SMALLCONST \
  -pmediumconst=MEDIUMCONST -pconst=CONST -AFARRAM=00h-00h \
  -prdata=COMRAM,nvrram=COMRAM,nvbit=COMRAM,rbss=COMRAM,rbit=COMRAM \
  -pfarbss=FARRAM,fardata=FARRAM,nvFARRAM=FARRAM \
  -pintsave_regs=BIGRAM,bigbss=BIGRAM,bigdata=BIGRAM -pbss=RAM \
  -pidata=CODE,irdata=CODE,ibigdata=CODE,ifardata=CODE -prparam=COMRAM \
  C:\Users\AULASI~1\AppData\Local\Temp\xcAshg8.o \
  dist/default/production\Practica_2a.X.production.o 

Object code version is 3.11

Machine type is 18F46K42



                Name                               Link     Load   Length Selector   Space Scale
C:\Users\AULASI~1\AppData\Local\Temp\xcAshg8.o
                idloc                            200000   200000       10        0       5
                config                           300000   300000        A        0       4
                init                                 AE       AE        4        4       0
                reset_vec                             0        0        4        0       0
dist/default/production\Practica_2a.X.production.o
                idloc                            200000   200000       10        0       5
                config                           300000   300000        A        0       4
                mediumconst                        FEE2     FEE2      11E     7F71       0
                ivt0x8                                8        8       A6        4       0
                text53                              982      982       38      21B       0
                text52                              D54      D54        6      355       0
                text51                              910      910       3A      21B       0
                text50                              D62      D62        4      355       0
                text49                              CD0      CD0       10      2A2       0
                text48                              CEE      CEE        E      2A2       0
                text47                              B9C      B9C       2E      2A2       0
                text46                              D74      D74        2      355       0
                text45                              D72      D72        2      355       0
                text44                              86C      86C       54      21B       0
                text43                              D70      D70        2      355       0
                text42                              D6E      D6E        2      355       0
                text41                              B6E      B6E       2E      2A2       0
                text40                              B40      B40       2E      2A2       0
                text39                              D6C      D6C        2      355       0
                text38                              B12      B12       2E      2A2       0
                text37                              AE4      AE4       2E      2A2       0
                text36                              D6A      D6A        2      355       0
                text35                              AB6      AB6       2E      2A2       0
                text34                              A88      A88       2E      2A2       0
                text33                              D68      D68        2      355       0
                text32                              D4C      D4C        6      353       0
                text31                              CE0      CE0        E      2A2       0
                text30                              800      800       6A      1A1       0
                text29                               B2       B2      25A        4       0
                text28                              A24      A24       34      21B       0
                text27                              D38      D38        A      2A2       0
                text26                              D5E      D5E        4      355       0
                text25                              8C0      8C0       50      21B       0
                text24                              30C      30C      13E        4       0
                text23                              D66      D66        2      355       0
                text22                              684      684       86      1A1       0
                text21                              BF4      BF4       2A      2A2       0
                text20                              D2E      D2E        A      2A2       0
                text19                              78C      78C       74      1A1       0
                text18                              C92      C92       18      2A2       0
                text17                              D42      D42        8      2A2       0
                text16                              D24      D24        A      2A2       0
                text15                              D1A      D1A        A      2A2       0
                text14                              D10      D10        A      2A2       0
                text13                              70A      70A       82      1A1       0
                text12                              44A      44A       E0        4       0
                text11                              C78      C78       1A      2A2       0
                text10                              D06      D06        A      2A2       0
                text9                               A58      A58       2E      21B       0
                text8                               CFC      CFC        A      2A2       0
                text7                               9BA      9BA       36      21B       0
                text6                               C5A      C5A       1E      2A2       0
                text5                               C3C      C3C       1E      2A2       0
                text4                               C1E      C1E       1E      2A2       0
                text3                               52A      52A       BC        4       0
                text2                               94A      94A       38      21B       0
                text1                               BCA      BCA       2A      2A2       0
                text0                               9F0      9F0       34      21B       0
                cstackCOMRAM                          1        1       2F        1       1
                cstackBANK0                          EE       EE        7       60       1
                cstackBANK1                         1A0      1A0        D      100       1
                dataBANK1                           190      190       10      100       1
                bssBANK1                            100      100       90      100       1
                dataBANK0                            F5       F5        4       60       1
                bssBANK0                             60       60       82       60       1
                dataCOMRAM                           30       30       16        1       1
                bssCOMRAM                            46       46       13        1       1
                cinit                               5E6      5E6       9C        4       0
                nvBANK0                              E2       E2        C       60       1
                idataBANK1                          CC0      CC0       10      2A2       0
                idataBANK0                          D5A      D5A        4      355       0
                idataCOMRAM                         CAA      CAA       16      2A2       0

TOTAL           Name                               Link     Load   Length     Space
        CLASS   CODE           
                init                                 AE       AE        4         0
                reset_vec                             0        0        4         0
                ivt0x8                                8        8       A6         0
                text53                              982      982       38         0
                text52                              D54      D54        6         0
                text51                              910      910       3A         0
                text50                              D62      D62        4         0
                text49                              CD0      CD0       10         0
                text48                              CEE      CEE        E         0
                text47                              B9C      B9C       2E         0
                text46                              D74      D74        2         0
                text45                              D72      D72        2         0
                text44                              86C      86C       54         0
                text43                              D70      D70        2         0
                text42                              D6E      D6E        2         0
                text41                              B6E      B6E       2E         0
                text40                              B40      B40       2E         0
                text39                              D6C      D6C        2         0
                text38                              B12      B12       2E         0
                text37                              AE4      AE4       2E         0
                text36                              D6A      D6A        2         0
                text35                              AB6      AB6       2E         0
                text34                              A88      A88       2E         0
                text33                              D68      D68        2         0
                text32                              D4C      D4C        6         0
                text31                              CE0      CE0        E         0
                text30                              800      800       6A         0
                text29                               B2       B2      25A         0
                text28                              A24      A24       34         0
                text27                              D38      D38        A         0
                text26                              D5E      D5E        4         0
                text25                              8C0      8C0       50         0
                text24                              30C      30C      13E         0
                text23                              D66      D66        2         0
                text22                              684      684       86         0
                text21                              BF4      BF4       2A         0
                text20                              D2E      D2E        A         0
                text19                              78C      78C       74         0
                text18                              C92      C92       18         0
                text17                              D42      D42        8         0
                text16                              D24      D24        A         0
                text15                              D1A      D1A        A         0
                text14                              D10      D10        A         0
                text13                              70A      70A       82         0
                text12                              44A      44A       E0         0
                text11                              C78      C78       1A         0
                text10                              D06      D06        A         0
                text9                               A58      A58       2E         0
                text8                               CFC      CFC        A         0
                text7                               9BA      9BA       36         0
                text6                               C5A      C5A       1E         0
                text5                               C3C      C3C       1E         0
                text4                               C1E      C1E       1E         0
                text3                               52A      52A       BC         0
                text2                               94A      94A       38         0
                text1                               BCA      BCA       2A         0
                text0                               9F0      9F0       34         0
                cinit                               5E6      5E6       9C         0
                idataBANK1                          CC0      CC0       10         0
                idataBANK0                          D5A      D5A        4         0
                idataCOMRAM                         CAA      CAA       16         0

        CLASS   CONST          

        CLASS   SMALLCONST     

        CLASS   MEDIUMCONST    
                mediumconst                        FEE2     FEE2      11E         0

        CLASS   COMRAM         
                cstackCOMRAM                          1        1       2F         1
                dataCOMRAM                           30       30       16         1
                bssCOMRAM                            46       46       13         1

        CLASS   ABS1           

        CLASS   BIGRAM         

        CLASS   RAM            

        CLASS   BANK0          
                cstackBANK0                          EE       EE        7         1
                dataBANK0                            F5       F5        4         1
                bssBANK0                             60       60       82         1
                nvBANK0                              E2       E2        C         1

        CLASS   BANK1          
                cstackBANK1                         1A0      1A0        D         1
                dataBANK1                           190      190       10         1
                bssBANK1                            100      100       90         1

        CLASS   BANK2          

        CLASS   BANK3          

        CLASS   BANK4          

        CLASS   BANK5          

        CLASS   BANK6          

        CLASS   BANK7          

        CLASS   BANK8          

        CLASS   BANK9          

        CLASS   BANK10         

        CLASS   BANK11         

        CLASS   BANK12         

        CLASS   BANK13         

        CLASS   BANK14         

        CLASS   BANK15         

        CLASS   SFR            

        CLASS   BIGSFR         

        CLASS   CONFIG         
                config                           300000   300000        A         4

        CLASS   IDLOC          
                idloc                            200000   200000       10         5

        CLASS   EEDATA         

        CLASS   FARRAM         

        CLASS   HEAP           

        CLASS   STACK          



SEGMENTS        Name                           Load    Length   Top    Selector   Space  Class

                reset_vec                      000000  000004  000004         0       0  CODE    
                cstackCOMRAM                   000001  000058  000059         1       1  COMRAM  
                ivt0x8                         000008  00067A  000682         4       0  CODE    
                bssBANK0                       000060  000099  0000F9        60       1  BANK0   
                bssBANK1                       000100  0000AD  0001AD       100       1  BANK1   
                text22                         000684  0001E6  00086A       1A1       0  CODE    
                text44                         00086C  00021A  000A86       21B       0  CODE    
                text34                         000A88  0002C2  000D4A       2A2       0  CODE    
                text32                         000D4C  000006  000D52       353       0  CODE    
                text52                         000D54  000022  000D76       355       0  CODE    
                mediumconst                    00FEE2  00011E  010000      7F71       0  MEDIUMCO


UNUSED ADDRESS RANGES

        Name                Unused          Largest block    Delta
        BANK0            0000F9-0000FF                7
        BANK1            0001AD-0001FF               53
        BANK10           000A00-000AFF              100
        BANK11           000B00-000BFF              100
        BANK12           000C00-000CFF              100
        BANK13           000D00-000DFF              100
        BANK14           000E00-000EFF              100
        BANK15           000F00-000FFF              100
        BANK2            000200-0002FF              100
        BANK3            000300-0003FF              100
        BANK4            000400-0004FF              100
        BANK5            000500-0005FF              100
        BANK6            000600-0006FF              100
        BANK7            000700-0007FF              100
        BANK8            000800-0008FF              100
        BANK9            000900-0009FF              100
        BIGRAM           000059-00005F                7
                         0000F9-0000FF                7
                         0001AD-000FFF              E53
        BIGSFR           003800-003FFF              800
        CODE             000004-000007                4
                         000682-000683                2
                         00086A-00086B                2
                         000A86-000A87                2
                         000D4A-000D4B                2
                         000D52-000D53                2
                         000D76-00FEE1             F16C
        COMRAM           000059-00005F                7
        CONST            000004-000007                4
                         000682-000683                2
                         00086A-00086B                2
                         000A86-000A87                2
                         000D4A-000D4B                2
                         000D52-000D53                2
                         000D76-00FEE1             F16C
        EEDATA           310000-3103FF              400
        MEDIUMCONST      001000-00FEE1             EEE2
        RAM              0000F9-0000FF                7
                         0001AD-000FFF              100
        SFR              003800-003FFF              100
        SMALLCONST       001000-00FEE1              100

                                  Symbol Table

?_FIR_p                                            cstackCOMRAM 000013
?_FilterFIR                                        cstackCOMRAM 000029
?___lmul                                           cstackCOMRAM 000007
ADCC_SetADIInterruptHandler@InterruptHandler       cstackBANK1  0001A9
ADCC_StartConversion@channel                       cstackCOMRAM 000007
ADC_int@result                                     cstackCOMRAM 00002E
FIR@buffer                                         bssBANK1     000100
FIR@index                                          bssCOMRAM    000048
FIR_p@buffer                                       bssBANK1     000150
FIR_p@coeffs                                       cstackCOMRAM 000013
FIR_p@endBuffer                                    dataCOMRAM   00003E
FIR_p@head                                         dataCOMRAM   00003C
FIR_p@head_i                                       dataCOMRAM   00003A
FIR_p@i                                            cstackCOMRAM 000027
FIR_p@indexHead                                    bssCOMRAM    000046
FIR_p@indexTail                                    dataCOMRAM   000036
FIR_p@input                                        cstackCOMRAM 000015
FIR_p@output                                       cstackCOMRAM 000023
FIR_p@startBuffer                                  dataCOMRAM   000040
FIR_p@tail                                         dataBANK0    0000F7
FIR_p@tail_i                                       dataCOMRAM   000038
FilterFIR@input                                    cstackCOMRAM 000029
FilterIIR@W_1                                      bssBANK0     00007C
FilterIIR@W_2                                      bssBANK0     000070
IIR_p1@W                                           bssBANK0     0000CA
IIR_p1@W_i                                         dataCOMRAM   000034
IIR_p1@X                                           bssBANK0     0000D6
IIR_p1@X_i                                         dataBANK0    0000F5
IIR_p1@Y                                           bssBANK0     00009C
IIR_p2@W                                           bssBANK0     0000B2
IIR_p2@W_i                                         dataCOMRAM   000030
IIR_p2@X                                           bssBANK0     0000BE
IIR_p2@X_i                                         dataCOMRAM   000032
IIR_p2@Y                                           bssBANK0     000098
INT0_SetInterruptHandler@InterruptHandler          cstackBANK1  0001A9
INT1_SetInterruptHandler@InterruptHandler          cstackBANK1  0001A9
INT2_SetInterruptHandler@InterruptHandler          cstackBANK1  0001A9
INTERRUPT_Initialize@state                         cstackBANK1  0001AB
IVTBASEH                                           (abs)        003FD6
IVTBASEL                                           (abs)        003FD5
IVTBASEU                                           (abs)        003FD7
SPI1_ByteWrite@byte                                cstackCOMRAM 000007
Timer2_OverflowCallbackRegister@InterruptHandler   cstackBANK1  0001A9
Timer_OverflowCallbackRegister@CallbackHandler     cstackBANK1  0001A9
Timer_int@count                                    bssBANK0     0000A2
UART1_FramingErrorCallbackRegister@callbackHandler cstackBANK1  0001A9
UART1_OverrunErrorCallbackRegister@callbackHandler cstackBANK1  0001A9
UART1_ParityErrorCallbackRegister@callbackHandler  cstackBANK1  0001A9
UART1_Receive_Vector_ISR@mesage                    dataCOMRAM   000042
UART1_Receive_Vector_ISR@status                    bssCOMRAM    000052
UART1_TransmitISR@tempTxTail                       cstackCOMRAM 000006
UART1_Write@tempTxHead                             cstackCOMRAM 000007
UART1_Write@txData                                 cstackCOMRAM 000008
UART_RX_int@mesage                                 bssCOMRAM    00004A
UART_RX_int@opcode                                 bssCOMRAM    000050
UART_RX_int@status                                 bssCOMRAM    000051
_ADACCH                                            (abs)        003EE9
_ADACCL                                            (abs)        003EE8
_ADACCU                                            (abs)        003EEA
_ADACQH                                            (abs)        003EF4
_ADACQL                                            (abs)        003EF3
_ADACT                                             (abs)        003EFE
_ADCAP                                             (abs)        003EF5
_ADCC_ADI_InterruptHandler                         nvBANK0      0000EC
_ADCC_DefaultADI_ISR                               text23       000D66
_ADCC_ISR                                          text22       000684
_ADCC_Initialize                                   text19       00078C
_ADCC_SetADIInterruptHandler                       text20       000D2E
_ADCC_StartConversion                              text31       000CE0
_ADCLK                                             (abs)        003EFF
_ADCNT                                             (abs)        003EEB
_ADCON0                                            (abs)        003EF8
_ADCON0bits                                        (abs)        003EF8
_ADCON1                                            (abs)        003EF9
_ADCON1bits                                        (abs)        003EF9
_ADCON2                                            (abs)        003EFA
_ADCON2bits                                        (abs)        003EFA
_ADCON3                                            (abs)        003EFB
_ADCON3bits                                        (abs)        003EFB
_ADC_int                                           text24       00030C
_ADERRH                                            (abs)        003EE3
_ADERRL                                            (abs)        003EE2
_ADFLTRH                                           (abs)        003EE7
_ADFLTRL                                           (abs)        003EE6
_ADLTHH                                            (abs)        003EDF
_ADLTHL                                            (abs)        003EDE
_ADPCH                                             (abs)        003EF1
_ADPREH                                            (abs)        003EF7
_ADPREL                                            (abs)        003EF6
_ADPREVH                                           (abs)        003EEE
_ADPREVL                                           (abs)        003EED
_ADREF                                             (abs)        003EFD
_ADRESH                                            (abs)        003EF0
_ADRESL                                            (abs)        003EEF
_ADRPT                                             (abs)        003EEC
_ADSTAT                                            (abs)        003EFC
_ADSTATbits                                        (abs)        003EFC
_ADSTPTH                                           (abs)        003EE5
_ADSTPTL                                           (abs)        003EE4
_ADUTHH                                            (abs)        003EE1
_ADUTHL                                            (abs)        003EE0
_ANSELA                                            (abs)        003A40
_ANSELB                                            (abs)        003A50
_ANSELC                                            (abs)        003A60
_ANSELD                                            (abs)        003A70
_ANSELE                                            (abs)        003A80
_B                                                 mediumconst  00FFCE
_CLOCK_Initialize                                  text18       000C92
_DEN                                               mediumconst  00FEE3
_DL                                                mediumconst  00FFB5
_Default_ISR                                       text43       000D70
_FIR_p                                             text29       0000B2
_FVRCON                                            (abs)        003EC1
_FVRCONbits                                        (abs)        003EC1
_FVR_Initialize                                    text17       000D42
_FilterFIR                                         text28       000A24
_GIE                                               (abs)        01FE97
_INLVLA                                            (abs)        003A44
_INLVLB                                            (abs)        003A54
_INLVLC                                            (abs)        003A64
_INLVLD                                            (abs)        003A74
_INLVLE                                            (abs)        003A84
_INT0_CallBack                                     text35       000AB6
_INT0_DefaultInterruptHandler                      text36       000D6A
_INT0_ISR                                          text34       000A88
_INT0_InterruptHandler                             bssBANK0     0000B0
_INT0_SetInterruptHandler                          text16       000D24
_INT1_CallBack                                     text38       000B12
_INT1_DefaultInterruptHandler                      text39       000D6C
_INT1_ISR                                          text37       000AE4
_INT1_InterruptHandler                             bssBANK0     0000AE
_INT1_SetInterruptHandler                          text15       000D1A
_INT2_CallBack                                     text41       000B6E
_INT2_DefaultInterruptHandler                      text42       000D6E
_INT2_ISR                                          text40       000B40
_INT2_InterruptHandler                             bssBANK0     0000AC
_INT2_SetInterruptHandler                          text14       000D10
_INTCON0bits                                       (abs)        003FD2
_INTERRUPT_Initialize                              text13       00070A
_IOCAF                                             (abs)        003A47
_IOCAN                                             (abs)        003A46
_IOCAP                                             (abs)        003A45
_IOCBF                                             (abs)        003A57
_IOCBN                                             (abs)        003A56
_IOCBP                                             (abs)        003A55
_IOCCF                                             (abs)        003A67
_IOCCN                                             (abs)        003A66
_IOCCP                                             (abs)        003A65
_IOCEF                                             (abs)        003A87
_IOCEN                                             (abs)        003A86
_IOCEP                                             (abs)        003A85
_IOC_ISR                                           text32       000D4C
_IPR0bits                                          (abs)        003980
_IPR1bits                                          (abs)        003981
_IPR3bits                                          (abs)        003983
_IPR4bits                                          (abs)        003984
_IVTBASEH                                          (abs)        003FD6
_IVTBASEL                                          (abs)        003FD5
_IVTBASEU                                          (abs)        003FD7
_IVTLOCK                                           (abs)        003FD4
_IVTLOCKbits                                       (abs)        003FD4
_LATA                                              (abs)        003FBA
_LATB                                              (abs)        003FBB
_LATBbits                                          (abs)        003FBB
_LATC                                              (abs)        003FBC
_LATD                                              (abs)        003FBD
_LATE                                              (abs)        003FBE
_LATEbits                                          (abs)        003FBE
_NL                                                mediumconst  00FFBF
_NUM                                               mediumconst  00FF1F
_ODCONA                                            (abs)        003A42
_ODCONB                                            (abs)        003A52
_ODCONC                                            (abs)        003A62
_ODCOND                                            (abs)        003A72
_ODCONE                                            (abs)        003A82
_OSCCON1                                           (abs)        0039D9
_OSCCON3                                           (abs)        0039DB
_OSCEN                                             (abs)        0039DD
_OSCFRQ                                            (abs)        0039DF
_OSCTUNE                                           (abs)        0039DE
_PERIOD                                            dataCOMRAM   000044
_PIE1bits                                          (abs)        003991
_PIE3bits                                          (abs)        003993
_PIE4bits                                          (abs)        003994
_PIN_MANAGER_IOC                                   text33       000D68
_PIN_MANAGER_Initialize                            text12       00044A
_PIR1bits                                          (abs)        0039A1
_PIR2bits                                          (abs)        0039A2
_PIR3bits                                          (abs)        0039A3
_PIR4bits                                          (abs)        0039A4
_PIR5bits                                          (abs)        0039A5
_PIR7bits                                          (abs)        0039A7
_PR2                                               (abs)        003FAB
_RB1I2C                                            (abs)        003A5A
_RB2I2C                                            (abs)        003A5B
_RC3I2C                                            (abs)        003A6A
_RC3PPS                                            (abs)        003A13
_RC4I2C                                            (abs)        003A6B
_RC5PPS                                            (abs)        003A15
_RC6PPS                                            (abs)        003A16
_RD0I2C                                            (abs)        003A7A
_RD1I2C                                            (abs)        003A7B
_SLRCONA                                           (abs)        003A43
_SLRCONB                                           (abs)        003A53
_SLRCONC                                           (abs)        003A63
_SLRCOND                                           (abs)        003A73
_SLRCONE                                           (abs)        003A83
_SPI1                                              mediumconst  00FF8B
_SPI1BAUD                                          (abs)        003D19
_SPI1CLK                                           (abs)        003D1C
_SPI1CON0                                          (abs)        003D14
_SPI1CON0bits                                      (abs)        003D14
_SPI1CON1                                          (abs)        003D15
_SPI1CON2                                          (abs)        003D16
_SPI1RXB                                           (abs)        003D10
_SPI1SCKPPS                                        (abs)        003ADE
_SPI1SDIPPS                                        (abs)        003ADF
_SPI1TCNTL                                         (abs)        003D12
_SPI1TXB                                           (abs)        003D11
_SPI1_BufferExchange                               (abs)        000000
_SPI1_BufferRead                                   (abs)        000000
_SPI1_BufferWrite                                  (abs)        000000
_SPI1_ByteExchange                                 (abs)        000000
_SPI1_ByteRead                                     (abs)        000000
_SPI1_ByteWrite                                    text27       000D38
_SPI1_Close                                        (abs)        000000
_SPI1_Initialize                                   text11       000C78
_SPI1_Open                                         text21       000BF4
_SYSTEM_Initialize                                 text1        000BCA
_T0CON0                                            (abs)        003FB8
_T0CON0bits                                        (abs)        003FB8
_T0CON1                                            (abs)        003FB9
_T2CLKCON                                          (abs)        003FAE
_T2CON                                             (abs)        003FAC
_T2CONbits                                         (abs)        003FAC
_T2HLT                                             (abs)        003FAD
_T2HLTbits                                         (abs)        003FAD
_T2PR                                              (abs)        003FAB
_T2RST                                             (abs)        003FAF
_T2RSTbits                                         (abs)        003FAF
_T2TMR                                             (abs)        003FAA
_TMR0H                                             (abs)        003FB7
_TMR0L                                             (abs)        003FB6
_TMR2                                              (abs)        003FAA
_TRISA                                             (abs)        003FC2
_TRISB                                             (abs)        003FC3
_TRISC                                             (abs)        003FC4
_TRISCbits                                         (abs)        003FC4
_TRISD                                             (abs)        003FC5
_TRISE                                             (abs)        003FC6
_Timer                                             mediumconst  00FFA9
_Timer2                                            mediumconst  00FF9D
_Timer2_DefaultOverflowCallback                    text45       000D72
_Timer2_ISR                                        text49       000CD0
_Timer2_Initialize                                 text9        000A58
_Timer2_OverflowCallback                           nvBANK0      0000E2
_Timer2_OverflowCallbackRegister                   text10       000D06
_Timer2_PeriodCountSet                             (abs)        000000
_Timer2_Start                                      text26       000D5E
_Timer2_Stop                                       text50       000D62
_Timer_DefaultOverflowCallback                     text46       000D74
_Timer_Initialize                                  text7        0009BA
_Timer_OverflowCallback                            nvBANK0      0000E4
_Timer_OverflowCallbackRegister                    text8        000CFC
_Timer_OverflowISR                                 text44       00086C
_Timer_PeriodCountSet                              (abs)        000000
_Timer_Start                                       (abs)        000000
_Timer_Stop                                        (abs)        000000
_Timer_int                                         text47       000B9C
_U1BRGH                                            (abs)        003DF6
_U1BRGL                                            (abs)        003DF5
_U1CON0                                            (abs)        003DF2
_U1CON0bits                                        (abs)        003DF2
_U1CON1                                            (abs)        003DF3
_U1CON1bits                                        (abs)        003DF3
_U1CON2                                            (abs)        003DF4
_U1ERRIE                                           (abs)        003DFA
_U1ERRIR                                           (abs)        003DF9
_U1ERRIRbits                                       (abs)        003DF9
_U1FIFO                                            (abs)        003DF7
_U1P1H                                             (abs)        003DED
_U1P1L                                             (abs)        003DEC
_U1P2H                                             (abs)        003DEF
_U1P2L                                             (abs)        003DEE
_U1P3H                                             (abs)        003DF1
_U1P3L                                             (abs)        003DF0
_U1RXB                                             (abs)        003DE8
_U1RXCHK                                           (abs)        003DE9
_U1RXPPS                                           (abs)        003AE5
_U1TXB                                             (abs)        003DEA
_U1TXCHK                                           (abs)        003DEB
_U1UIR                                             (abs)        003DF8
_U1UIRbits                                         (abs)        003DF8
_U2BRGH                                            (abs)        003DDE
_U2BRGL                                            (abs)        003DDD
_U2CON0                                            (abs)        003DDA
_U2CON1                                            (abs)        003DDB
_U2CON2                                            (abs)        003DDC
_U2ERRIE                                           (abs)        003DE2
_U2ERRIR                                           (abs)        003DE1
_U2FIFO                                            (abs)        003DDF
_U2P1L                                             (abs)        003DD4
_U2P2L                                             (abs)        003DD6
_U2P3L                                             (abs)        003DD8
_U2TXB                                             (abs)        003DD2
_U2UIR                                             (abs)        003DE0
_UART                                              mediumconst  00FF5B
_UART1_AutoBaudQuery                               (abs)        000000
_UART1_AutoBaudSet                                 (abs)        000000
_UART1_DefaultFramingErrorCallback                 (abs)        000000
_UART1_DefaultOverrunErrorCallback                 (abs)        000000
_UART1_DefaultParityErrorCallback                  (abs)        000000
_UART1_Deinitialize                                (abs)        000000
_UART1_ErrorGet                                    (abs)        000000
_UART1_FramingErrorCallbackRegister                text6        000C5A
_UART1_FramingErrorHandler                         bssCOMRAM    00004E
_UART1_Initialize                                  text3        00052A
_UART1_IsRxReady                                   (abs)        000000
_UART1_IsTxDone                                    (abs)        000000
_UART1_IsTxReady                                   (abs)        000000
_UART1_OverrunErrorCallbackRegister                text5        000C3C
_UART1_OverrunErrorHandler                         bssCOMRAM    00004C
_UART1_ParityErrorCallbackRegister                 text4        000C1E
_UART1_ParityErrorHandler                          bssBANK0     0000A8
_UART1_Read                                        (abs)        000000
_UART1_ReceiveISR                                  (abs)        000000
_UART1_Receive_Vector_ISR                          text51       000910
_UART1_RxCompleteCallbackRegister                  (abs)        000000
_UART1_RxCompleteInterruptHandler                  bssBANK0     0000A4
_UART1_RxInterruptHandler                          nvBANK0      0000E8
_UART1_TransmitDisable                             (abs)        000000
_UART1_TransmitEnable                              (abs)        000000
_UART1_TransmitISR                                 text53       000982
_UART1_Transmit_Vector_ISR                         text52       000D54
_UART1_TxCompleteCallbackRegister                  (abs)        000000
_UART1_TxCompleteInterruptHandler                  bssBANK0     0000A6
_UART1_TxInterruptHandler                          nvBANK0      0000EA
_UART1_Write                                       text25       0008C0
_UART2_Initialize                                  text2        00094A
_WPUA                                              (abs)        003A41
_WPUB                                              (abs)        003A51
_WPUC                                              (abs)        003A61
_WPUD                                              (abs)        003A71
_WPUE                                              (abs)        003A81
__HRAM                                             (abs)        000000
__Habs1                                            abs1         000000
__Hbank0                                           bank0        000000
__Hbank1                                           bank1        000000
__Hbank10                                          bank10       000000
__Hbank11                                          bank11       000000
__Hbank12                                          bank12       000000
__Hbank13                                          bank13       000000
__Hbank14                                          bank14       000000
__Hbank15                                          bank15       000000
__Hbank2                                           bank2        000000
__Hbank3                                           bank3        000000
__Hbank4                                           bank4        000000
__Hbank5                                           bank5        000000
__Hbank6                                           bank6        000000
__Hbank7                                           bank7        000000
__Hbank8                                           bank8        000000
__Hbank9                                           bank9        000000
__Hbigbss                                          bigbss       000000
__Hbigdata                                         bigdata      000000
__Hbigram                                          bigram       000000
__Hbigsfr                                          bigsfr       000000
__Hbss                                             bss          000000
__HbssBANK0                                        bssBANK0     000000
__HbssBANK1                                        bssBANK1     000000
__HbssCOMRAM                                       bssCOMRAM    000000
__Hcinit                                           cinit        000000
__Hclrtext                                         clrtext      000000
__Hcomram                                          comram       000000
__Hconfig                                          config       30000A
__Hconst                                           const        000000
__HcstackBANK0                                     cstackBANK0  000000
__HcstackBANK1                                     cstackBANK1  000000
__HcstackCOMRAM                                    cstackCOMRAM 000000
__Hdata                                            data         000000
__HdataBANK0                                       dataBANK0    000000
__HdataBANK1                                       dataBANK1    000000
__HdataCOMRAM                                      dataCOMRAM   000000
__Heeprom_data                                     eeprom_data  000000
__Hfarbss                                          farbss       000000
__Hfardata                                         fardata      000000
__Hheap                                            heap         000000
__Hibigdata                                        ibigdata     000000
__Hidata                                           idata        000000
__HidataBANK0                                      idataBANK0   000000
__HidataBANK1                                      idataBANK1   000000
__HidataCOMRAM                                     idataCOMRAM  000000
__Hidloc                                           idloc        200010
__Hifardata                                        ifardata     000000
__Hinit                                            init         0000B2
__Hintsave_regs                                    intsave_regs 000000
__Hirdata                                          irdata       000000
__Hivt0x8                                          ivt0x8       0000AE
__Hmediumconst                                     mediumconst  010000
__HnvBANK0                                         nvBANK0      000000
__HnvFARRAM                                        nvFARRAM     000000
__Hnvbit                                           nvbit        000000
__Hnvrram                                          nvrram       000000
__Hparam                                           rparam       000000
__Hpowerup                                         powerup      000000
__Hram                                             ram          000000
__Hramtop                                          ramtop       001000
__Hrbit                                            rbit         000000
__Hrbss                                            rbss         000000
__Hrdata                                           rdata        000000
__Hreset_vec                                       reset_vec    000004
__Hrparam                                          rparam       000000
__Hsfr                                             sfr          000000
__Hsmallconst                                      smallconst   000000
__Hspace_0                                         (abs)        010000
__Hspace_1                                         (abs)        0001AD
__Hspace_2                                         (abs)        000000
__Hspace_4                                         (abs)        60000A
__Hstack                                           stack        000000
__Hstruct                                          struct       000000
__Htemp                                            temp         000000
__Htext                                            text         000000
__Htext0                                           text0        000000
__Htext1                                           text1        000000
__Htext10                                          text10       000000
__Htext11                                          text11       000000
__Htext12                                          text12       000000
__Htext13                                          text13       000000
__Htext14                                          text14       000000
__Htext15                                          text15       000000
__Htext16                                          text16       000000
__Htext17                                          text17       000000
__Htext18                                          text18       000000
__Htext19                                          text19       000000
__Htext2                                           text2        000000
__Htext20                                          text20       000000
__Htext21                                          text21       000000
__Htext22                                          text22       000000
__Htext23                                          text23       000000
__Htext24                                          text24       000000
__Htext25                                          text25       000000
__Htext26                                          text26       000000
__Htext27                                          text27       000000
__Htext28                                          text28       000000
__Htext29                                          text29       000000
__Htext3                                           text3        000000
__Htext30                                          text30       000000
__Htext31                                          text31       000000
__Htext32                                          text32       000000
__Htext33                                          text33       000000
__Htext34                                          text34       000000
__Htext35                                          text35       000000
__Htext36                                          text36       000000
__Htext37                                          text37       000000
__Htext38                                          text38       000000
__Htext39                                          text39       000000
__Htext4                                           text4        000000
__Htext40                                          text40       000000
__Htext41                                          text41       000000
__Htext42                                          text42       000000
__Htext43                                          text43       000000
__Htext44                                          text44       000000
__Htext45                                          text45       000000
__Htext46                                          text46       000000
__Htext47                                          text47       000000
__Htext48                                          text48       000000
__Htext49                                          text49       000000
__Htext5                                           text5        000000
__Htext50                                          text50       000000
__Htext51                                          text51       000000
__Htext52                                          text52       000000
__Htext53                                          text53       000000
__Htext54                                          text54       000000
__Htext6                                           text6        000000
__Htext7                                           text7        000000
__Htext8                                           text8        000000
__Htext9                                           text9        000000
__LRAM                                             (abs)        000001
__Labs1                                            abs1         000000
__Lbank0                                           bank0        000000
__Lbank1                                           bank1        000000
__Lbank10                                          bank10       000000
__Lbank11                                          bank11       000000
__Lbank12                                          bank12       000000
__Lbank13                                          bank13       000000
__Lbank14                                          bank14       000000
__Lbank15                                          bank15       000000
__Lbank2                                           bank2        000000
__Lbank3                                           bank3        000000
__Lbank4                                           bank4        000000
__Lbank5                                           bank5        000000
__Lbank6                                           bank6        000000
__Lbank7                                           bank7        000000
__Lbank8                                           bank8        000000
__Lbank9                                           bank9        000000
__Lbigbss                                          bigbss       000000
__Lbigdata                                         bigdata      000000
__Lbigram                                          bigram       000000
__Lbigsfr                                          bigsfr       000000
__Lbss                                             bss          000000
__LbssBANK0                                        bssBANK0     000000
__LbssBANK1                                        bssBANK1     000000
__LbssCOMRAM                                       bssCOMRAM    000000
__Lcinit                                           cinit        000000
__Lclrtext                                         clrtext      000000
__Lcomram                                          comram       000000
__Lconfig                                          config       000000
__Lconst                                           const        000000
__LcstackBANK0                                     cstackBANK0  000000
__LcstackBANK1                                     cstackBANK1  000000
__LcstackCOMRAM                                    cstackCOMRAM 000000
__Ldata                                            data         000000
__LdataBANK0                                       dataBANK0    000000
__LdataBANK1                                       dataBANK1    000000
__LdataCOMRAM                                      dataCOMRAM   000000
__Leeprom_data                                     eeprom_data  000000
__Lfarbss                                          farbss       000000
__Lfardata                                         fardata      000000
__Lheap                                            heap         000000
__Libigdata                                        ibigdata     000000
__Lidata                                           idata        000000
__LidataBANK0                                      idataBANK0   000000
__LidataBANK1                                      idataBANK1   000000
__LidataCOMRAM                                     idataCOMRAM  000000
__Lidloc                                           idloc        000000
__Lifardata                                        ifardata     000000
__Linit                                            init         0000AE
__Lintsave_regs                                    intsave_regs 000000
__Lirdata                                          irdata       000000
__Livt0x8                                          ivt0x8       000008
__Lmediumconst                                     mediumconst  00FEE2
__LnvBANK0                                         nvBANK0      000000
__LnvFARRAM                                        nvFARRAM     000000
__Lnvbit                                           nvbit        000000
__Lnvrram                                          nvrram       000000
__Lparam                                           rparam       000000
__Lpowerup                                         powerup      000000
__Lram                                             ram          000000
__Lramtop                                          ramtop       001000
__Lrbit                                            rbit         000000
__Lrbss                                            rbss         000000
__Lrdata                                           rdata        000000
__Lreset_vec                                       reset_vec    000000
__Lrparam                                          rparam       000000
__Lsfr                                             sfr          000000
__Lsmallconst                                      smallconst   000000
__Lspace_0                                         (abs)        000000
__Lspace_1                                         (abs)        000000
__Lspace_2                                         (abs)        000000
__Lspace_4                                         (abs)        000000
__Lstack                                           stack        000000
__Lstruct                                          struct       000000
__Ltemp                                            temp         000000
__Ltext                                            text         000000
__Ltext0                                           text0        000000
__Ltext1                                           text1        000000
__Ltext10                                          text10       000000
__Ltext11                                          text11       000000
__Ltext12                                          text12       000000
__Ltext13                                          text13       000000
__Ltext14                                          text14       000000
__Ltext15                                          text15       000000
__Ltext16                                          text16       000000
__Ltext17                                          text17       000000
__Ltext18                                          text18       000000
__Ltext19                                          text19       000000
__Ltext2                                           text2        000000
__Ltext20                                          text20       000000
__Ltext21                                          text21       000000
__Ltext22                                          text22       000000
__Ltext23                                          text23       000000
__Ltext24                                          text24       000000
__Ltext25                                          text25       000000
__Ltext26                                          text26       000000
__Ltext27                                          text27       000000
__Ltext28                                          text28       000000
__Ltext29                                          text29       000000
__Ltext3                                           text3        000000
__Ltext30                                          text30       000000
__Ltext31                                          text31       000000
__Ltext32                                          text32       000000
__Ltext33                                          text33       000000
__Ltext34                                          text34       000000
__Ltext35                                          text35       000000
__Ltext36                                          text36       000000
__Ltext37                                          text37       000000
__Ltext38                                          text38       000000
__Ltext39                                          text39       000000
__Ltext4                                           text4        000000
__Ltext40                                          text40       000000
__Ltext41                                          text41       000000
__Ltext42                                          text42       000000
__Ltext43                                          text43       000000
__Ltext44                                          text44       000000
__Ltext45                                          text45       000000
__Ltext46                                          text46       000000
__Ltext47                                          text47       000000
__Ltext48                                          text48       000000
__Ltext49                                          text49       000000
__Ltext5                                           text5        000000
__Ltext50                                          text50       000000
__Ltext51                                          text51       000000
__Ltext52                                          text52       000000
__Ltext53                                          text53       000000
__Ltext54                                          text54       000000
__Ltext6                                           text6        000000
__Ltext7                                           text7        000000
__Ltext8                                           text8        000000
__Ltext9                                           text9        000000
__S0                                               (abs)        010000
__S1                                               (abs)        0001AD
__S4                                               (abs)        000000
__S5                                               (abs)        000000
___heap_hi                                         (abs)        000000
___heap_lo                                         (abs)        000000
___inthi_sp                                        stack        000000
___intlo_sp                                        stack        000000
___lmul                                            text30       000800
___lmul@multiplicand                               cstackCOMRAM 00000B
___lmul@multiplier                                 cstackCOMRAM 000007
___lmul@product                                    cstackCOMRAM 00000F
___param_bank                                      (abs)        000000
___rparam_used                                     (abs)        000001
___sp                                              stack        000000
__accesstop                                        (abs)        000060
__activetblptr                                     (abs)        000003
__end_of_ADCC_DefaultADI_ISR                       text23       000D68
__end_of_ADCC_ISR                                  text22       00070A
__end_of_ADCC_Initialize                           text19       000800
__end_of_ADCC_SetADIInterruptHandler               text20       000D38
__end_of_ADCC_StartConversion                      text31       000CEE
__end_of_ADC_int                                   text24       00044A
__end_of_B                                         mediumconst  00FFFE
__end_of_CLOCK_Initialize                          text18       000CAA
__end_of_DEN                                       mediumconst  00FF1F
__end_of_DL                                        mediumconst  00FFBF
__end_of_Default_ISR                               text43       000D72
__end_of_FIR_p                                     text29       00030C
__end_of_FVR_Initialize                            text17       000D4A
__end_of_FilterFIR                                 text28       000A58
__end_of_INT0_CallBack                             text35       000AE4
__end_of_INT0_DefaultInterruptHandler              text36       000D6C
__end_of_INT0_ISR                                  text34       000AB6
__end_of_INT0_SetInterruptHandler                  text16       000D2E
__end_of_INT1_CallBack                             text38       000B40
__end_of_INT1_DefaultInterruptHandler              text39       000D6E
__end_of_INT1_ISR                                  text37       000B12
__end_of_INT1_SetInterruptHandler                  text15       000D24
__end_of_INT2_CallBack                             text41       000B9C
__end_of_INT2_DefaultInterruptHandler              text42       000D70
__end_of_INT2_ISR                                  text40       000B6E
__end_of_INT2_SetInterruptHandler                  text14       000D1A
__end_of_INTERRUPT_Initialize                      text13       00078C
__end_of_IOC_ISR                                   text32       000D52
__end_of_NL                                        mediumconst  00FFC9
__end_of_NUM                                       mediumconst  00FF5B
__end_of_PIN_MANAGER_IOC                           text33       000D6A
__end_of_PIN_MANAGER_Initialize                    text12       00052A
__end_of_SPI1                                      mediumconst  00FF9D
__end_of_SPI1_ByteWrite                            text27       000D42
__end_of_SPI1_Initialize                           text11       000C92
__end_of_SPI1_Open                                 text21       000C1E
__end_of_SYSTEM_Initialize                         text1        000BF4
__end_of_Timer                                     mediumconst  00FFB5
__end_of_Timer2                                    mediumconst  00FFA9
__end_of_Timer2_DefaultOverflowCallback            text45       000D74
__end_of_Timer2_ISR                                text49       000CE0
__end_of_Timer2_Initialize                         text9        000A86
__end_of_Timer2_OverflowCallbackRegister           text10       000D10
__end_of_Timer2_Start                              text26       000D62
__end_of_Timer2_Stop                               text50       000D66
__end_of_Timer_DefaultOverflowCallback             text46       000D76
__end_of_Timer_Initialize                          text7        0009F0
__end_of_Timer_OverflowCallbackRegister            text8        000D06
__end_of_Timer_OverflowISR                         text44       0008C0
__end_of_Timer_int                                 text47       000BCA
__end_of_UART                                      mediumconst  00FF8B
__end_of_UART1_FramingErrorCallbackRegister        text6        000C78
__end_of_UART1_Initialize                          text3        0005E6
__end_of_UART1_OverrunErrorCallbackRegister        text5        000C5A
__end_of_UART1_ParityErrorCallbackRegister         text4        000C3C
__end_of_UART1_Receive_Vector_ISR                  text51       00094A
__end_of_UART1_TransmitISR                         text53       0009BA
__end_of_UART1_Transmit_Vector_ISR                 text52       000D5A
__end_of_UART1_Write                               text25       000910
__end_of_UART2_Initialize                          text2        000982
__end_of___lmul                                    text30       00086A
__end_of__initialization                           cinit        00067C
__end_of_main                                      text0        000A24
__end_of_spi1_configuration                        mediumconst  00FFCE
__end_ofi2_ADCC_StartConversion                    text48       000CFC
__initialization                                   cinit        0005E6
__mediumconst                                      mediumconst  00FEE2
__pbssBANK0                                        bssBANK0     000060
__pbssBANK1                                        bssBANK1     000100
__pbssCOMRAM                                       bssCOMRAM    000046
__pcinit                                           cinit        0005E6
__pcstackBANK0                                     cstackBANK0  0000EE
__pcstackBANK1                                     cstackBANK1  0001A0
__pcstackCOMRAM                                    cstackCOMRAM 000001
__pdataBANK0                                       dataBANK0    0000F5
__pdataBANK1                                       dataBANK1    000190
__pdataCOMRAM                                      dataCOMRAM   000030
__pidataBANK0                                      idataBANK0   000D5A
__pidataBANK1                                      idataBANK1   000CC0
__pidataCOMRAM                                     idataCOMRAM  000CAA
__pivt0x8                                          ivt0x8       000008
__pmediumconst                                     mediumconst  00FEE2
__pnvBANK0                                         nvBANK0      0000E2
__ptext0                                           text0        0009F0
__ptext1                                           text1        000BCA
__ptext10                                          text10       000D06
__ptext11                                          text11       000C78
__ptext12                                          text12       00044A
__ptext13                                          text13       00070A
__ptext14                                          text14       000D10
__ptext15                                          text15       000D1A
__ptext16                                          text16       000D24
__ptext17                                          text17       000D42
__ptext18                                          text18       000C92
__ptext19                                          text19       00078C
__ptext2                                           text2        00094A
__ptext20                                          text20       000D2E
__ptext21                                          text21       000BF4
__ptext22                                          text22       000684
__ptext23                                          text23       000D66
__ptext24                                          text24       00030C
__ptext25                                          text25       0008C0
__ptext26                                          text26       000D5E
__ptext27                                          text27       000D38
__ptext28                                          text28       000A24
__ptext29                                          text29       0000B2
__ptext3                                           text3        00052A
__ptext30                                          text30       000800
__ptext31                                          text31       000CE0
__ptext32                                          text32       000D4C
__ptext33                                          text33       000D68
__ptext34                                          text34       000A88
__ptext35                                          text35       000AB6
__ptext36                                          text36       000D6A
__ptext37                                          text37       000AE4
__ptext38                                          text38       000B12
__ptext39                                          text39       000D6C
__ptext4                                           text4        000C1E
__ptext40                                          text40       000B40
__ptext41                                          text41       000B6E
__ptext42                                          text42       000D6E
__ptext43                                          text43       000D70
__ptext44                                          text44       00086C
__ptext45                                          text45       000D72
__ptext46                                          text46       000D74
__ptext47                                          text47       000B9C
__ptext48                                          text48       000CEE
__ptext49                                          text49       000CD0
__ptext5                                           text5        000C3C
__ptext50                                          text50       000D62
__ptext51                                          text51       000910
__ptext52                                          text52       000D54
__ptext53                                          text53       000982
__ptext54                                          text54       000000
__ptext6                                           text6        000C5A
__ptext7                                           text7        0009BA
__ptext8                                           text8        000CFC
__ptext9                                           text9        000A58
__ramtop                                           ramtop       001000
__smallconst                                       smallconst   000000
_char_hex                                          dataBANK1    000190
_main                                              text0        0009F0
_timerTMR0ReloadVal16bit                           nvBANK0      0000E6
_uart1RxBuffer                                     bssBANK0     000090
_uart1RxCount                                      bssCOMRAM    000053
_uart1RxHead                                       bssCOMRAM    000055
_uart1RxLastError                                  bssBANK0     0000AA
_uart1RxStatusBuffer                               bssBANK0     000060
_uart1RxTail                                       bssCOMRAM    000054
_uart1TxBuffer                                     bssBANK1     000140
_uart1TxBufferRemaining                            bssCOMRAM    000056
_uart1TxHead                                       bssCOMRAM    000058
_uart1TxTail                                       bssCOMRAM    000057
end_of_initialization                              cinit        00067C
i2ADCC_StartConversion@channel                     cstackCOMRAM 000001
i2_ADCC_StartConversion                            text48       000CEE
intlevel0                                          text         000000
intlevel1                                          text         000000
intlevel2                                          text         000000
intlevel3                                          text         000000
isa$std                                            (abs)        000001
isa$xinst                                          (abs)        000000
ivt0x8_base                                        ivt0x8       000008
ivt0x8_undefint                                    ivt0x8       0000AC
stackhi                                            (abs)        000000
stacklo                                            (abs)        000000
start                                              init         0000AE
start_initialization                               cinit        0005E6


MODULE INFORMATION

Module		Function		Class		Link	Load	Size
mcc_generated_files/peripheral/src/uart2.c
		_UART2_Initialize		CODE           	094A	0000	56

mcc_generated_files/peripheral/src/uart2.c estimated size: 56

mcc_generated_files/system/src/interrupt.c
		_IOC_ISR       		CODE           	0D4C	0000	6
		_INT0_SetInterruptHandler		CODE           	0D24	0000	10
		_INT1_SetInterruptHandler		CODE           	0D1A	0000	10
		_INT2_SetInterruptHandler		CODE           	0D10	0000	10
		_INTERRUPT_Initialize		CODE           	070A	0000	130
		_INT0_DefaultInterruptHandler		CODE           	0D6A	0000	2
		_INT0_CallBack 		CODE           	0AB6	0000	46
		_INT1_DefaultInterruptHandler		CODE           	0D6C	0000	2
		_INT1_CallBack 		CODE           	0B12	0000	46
		_INT2_DefaultInterruptHandler		CODE           	0D6E	0000	2
		_INT2_CallBack 		CODE           	0B6E	0000	46
		_Default_ISR   		CODE           	0D70	0000	2
		_INT0_ISR      		CODE           	0A88	0000	46
		_INT1_ISR      		CODE           	0AE4	0000	46
		_INT2_ISR      		CODE           	0B40	0000	46

mcc_generated_files/system/src/interrupt.c estimated size: 450

mcc_generated_files/adc/src/adcc.c
		_ADCC_DefaultADI_ISR		CODE           	0D66	0000	2
		_ADCC_SetADIInterruptHandler		CODE           	0D2E	0000	10
		_ADCC_ISR      		CODE           	0684	0000	134
		_ADCC_StartConversion		CODE           	0CE0	0000	14
		_ADCC_Initialize		CODE           	078C	0000	116

mcc_generated_files/adc/src/adcc.c estimated size: 276

C:\Program Files\Microchip\xc8\v2.40\pic\sources\c99\common\Umul32.c
		___lmul        		CODE           	0800	0000	106

C:\Program Files\Microchip\xc8\v2.40\pic\sources\c99\common\Umul32.c estimated size: 106

mcc_generated_files/uart/src/uart1.c
		_UART1_Write   		CODE           	08C0	0000	80
		_UART1_FramingErrorCallbackRegister		CODE           	0C5A	0000	30
		_UART1_Transmit_Vector_ISR		CODE           	0D54	0000	6
		_UART1_Receive_Vector_ISR		CODE           	0910	0000	58
		_UART1_OverrunErrorCallbackRegister		CODE           	0C3C	0000	30
		_UART1_Initialize		CODE           	052A	0000	188
		_UART1_TransmitISR		CODE           	0982	0000	56
		_UART1_ParityErrorCallbackRegister		CODE           	0C1E	0000	30

mcc_generated_files/uart/src/uart1.c estimated size: 478

mcc_generated_files/system/src/pins.c
		_PIN_MANAGER_Initialize		CODE           	044A	0000	224
		_PIN_MANAGER_IOC		CODE           	0D68	0000	2

mcc_generated_files/system/src/pins.c estimated size: 226

Timer_int.c
		_Timer_int     		CODE           	0B9C	0000	46

Timer_int.c estimated size: 46

shared
		_SPI1          		MEDIUMCONST    	FF8B	0000	18
		_NUM           		MEDIUMCONST    	FF1F	0000	60
		_UART          		MEDIUMCONST    	FF5B	0000	48
		_Timer         		MEDIUMCONST    	FFA9	0000	12
		_Timer2        		MEDIUMCONST    	FF9D	0000	12
		_DL            		MEDIUMCONST    	FFB5	0000	10
		__initialization		CODE           	05E6	0000	150
		_NL            		MEDIUMCONST    	FFBF	0000	10
		_DEN           		MEDIUMCONST    	FEE3	0000	60
		_B             		MEDIUMCONST    	FFCE	0000	48
		i2_ADCC_StartConversion		CODE           	0CEE	0000	14
		_spi1_configuration		MEDIUMCONST    	0000	0000	0

shared estimated size: 442

FIR.c
		_FIR_p         		CODE           	00B2	0000	602
		_FilterFIR     		CODE           	0A24	0000	52

FIR.c estimated size: 654

mcc_generated_files/timer/src/tmr2.c
		_Timer2_Initialize		CODE           	0A58	0000	46
		_Timer2_OverflowCallbackRegister		CODE           	0D06	0000	10
		_Timer2_DefaultOverflowCallback		CODE           	0D72	0000	2
		_Timer2_ISR    		CODE           	0CD0	0000	16
		_Timer2_Stop   		CODE           	0D62	0000	4
		_Timer2_Start  		CODE           	0D5E	0000	4

mcc_generated_files/timer/src/tmr2.c estimated size: 82

mcc_generated_files/system/src/clock.c
		_CLOCK_Initialize		CODE           	0C92	0000	24

mcc_generated_files/system/src/clock.c estimated size: 24

ADC_int.c
		_ADC_int       		CODE           	030C	0000	318

ADC_int.c estimated size: 318

mcc_generated_files/timer/src/tmr0.c
		_Timer_OverflowISR		CODE           	086C	0000	84
		_Timer_Initialize		CODE           	09BA	0000	54
		_Timer_DefaultOverflowCallback		CODE           	0D74	0000	2
		_Timer_OverflowCallbackRegister		CODE           	0CFC	0000	10

mcc_generated_files/timer/src/tmr0.c estimated size: 150

main.c
		_main          		CODE           	09F0	0000	52

main.c estimated size: 52

mcc_generated_files/fvr/src/fvr.c
		_FVR_Initialize		CODE           	0D42	0000	8

mcc_generated_files/fvr/src/fvr.c estimated size: 8

mcc_generated_files/system/src/system.c
		_SYSTEM_Initialize		CODE           	0BCA	0000	42

mcc_generated_files/system/src/system.c estimated size: 42

mcc_generated_files/spi/src/spi1.c
		_SPI1_ByteWrite		CODE           	0D38	0000	10
		_SPI1_Open     		CODE           	0BF4	0000	42
		_SPI1_Initialize		CODE           	0C78	0000	26

mcc_generated_files/spi/src/spi1.c estimated size: 78

