Microchip MPLAB XC8 Compiler V2.40

Linker command line:

-W-3 \
  --edf=C:\Program Files\Microchip\xc8\v2.40\pic\dat\20220703182018_en.msgs \
  -pivt0x8=08h -cn -h+dist/default/production\Practica_2a.X.production.sym \
  --cmf=dist/default/production\Practica_2a.X.production.cmf -z -Q18F46K42 \
  -oC:\Users\AULASI~1\AppData\Local\Temp\xcAs1pk.4 --defsym=__MPLAB_BUILD=1 \
  --fixupoverflow=error \
  -Mdist/default/production/Practica_2a.X.production.map \
  --md=C:\Users\AULASI~1\AppData\Local\Temp\xcAs1pk.dat -E1 \
  -ver=XC8 Compiler --acfsm=1493 -ACODE=00h-0FFFFh -ACONST=00h-0FFFFh \
  -ASMALLCONST=01000h-010FFhx240 -AMEDIUMCONST=01000h-0FFFFh \
  -ACOMRAM=01h-05Fh -AABS1=00h-0FFFh -ABIGRAM=01h-0FFFh \
  -ARAM=060h-0FFh,0100h-01FFhx15 -ABANK0=060h-0FFh -ABANK1=0100h-01FFh \
  -ABANK2=0200h-02FFh -ABANK3=0300h-03FFh -ABANK4=0400h-04FFh \
  -ABANK5=0500h-05FFh -ABANK6=0600h-06FFh -ABANK7=0700h-07FFh \
  -ABANK8=0800h-08FFh -ABANK9=0900h-09FFh -ABANK10=0A00h-0AFFh \
  -ABANK11=0B00h-0BFFh -ABANK12=0C00h-0CFFh -ABANK13=0D00h-0DFFh \
  -ABANK14=0E00h-0EFFh -ABANK15=0F00h-0FFFh \
  -ASFR=03800h-038FFhx7,03F00h-03F5Fh,03F60h-03FFFh -ABIGSFR=03800h-03FFFh \
  -ACONFIG=0300000h-0300009h -AIDLOC=0200000h-020000Fh \
  -AEEDATA=0310000h-03103FFh -peeprom_data=EEDATA -preset_vec=00h \
  -ppowerup=CODE,init -pramtop=01000h -psmallconst=SMALLCONST \
  -pmediumconst=MEDIUMCONST -pconst=CONST -AFARRAM=00h-00h \
  -prdata=COMRAM,nvrram=COMRAM,nvbit=COMRAM,rbss=COMRAM,rbit=COMRAM \
  -pfarbss=FARRAM,fardata=FARRAM,nvFARRAM=FARRAM \
  -pintsave_regs=BIGRAM,bigbss=BIGRAM,bigdata=BIGRAM -pbss=RAM \
  -pidata=CODE,irdata=CODE,ibigdata=CODE,ifardata=CODE -prparam=COMRAM \
  C:\Users\AULASI~1\AppData\Local\Temp\xcAs1pk.o \
  dist/default/production\Practica_2a.X.production.o 

Object code version is 3.11

Machine type is 18F46K42



                Name                               Link     Load   Length Selector   Space Scale
C:\Users\AULASI~1\AppData\Local\Temp\xcAs1pk.o
                idloc                            200000   200000       10        0       5
                config                           300000   300000        A        0       4
                init                                 AE       AE        4        4       0
                reset_vec                             0        0        4        0       0
dist/default/production\Practica_2a.X.production.o
                idloc                            200000   200000       10        0       5
                config                           300000   300000        A        0       4
                smallconst                         1000     1000       6A      800       0
                ivt0x8                                8        8       A6        4       0
                text76                             1E32     1E32        2      786       0
                text75                             1E30     1E30        2      786       0
                text74                             128E     128E       F0      41B       0
                text73                             1C60     1C60       1E      689       0
                text72                             1AD6     1AD6       2C      689       0
                text71                             1E2E     1E2E        2      786       0
                text70                             1704     1704       52      4E0       0
                text69                             1E2C     1E2C        2      786       0
                text68                             1D72     1D72        E      689       0
                text67                             1DE4     1DE4        A      689       0
                text66                             1756     1756       50      4E0       0
                text65                             15A6     15A6       86      4E0       0
                text64                             1E2A     1E2A        2      786       0
                text63                             17A8     17A8       4A      5EA       0
                text62                             18BE     18BE       3A      5EA       0
                text61                             1D60     1D60       12      689       0
                text60                             1E28     1E28        2      786       0
                text59                             1AAA     1AAA       2C      689       0
                text58                             1A24     1A24       2E      689       0
                text57                             1E26     1E26        2      786       0
                text56                             1A7E     1A7E       2C      689       0
                text55                             19F4     19F4       2E      67D       0
                text54                             1E24     1E24        2      786       0
                text53                             1A52     1A52       2C      689       0
                text52                             19C4     19C4       2E      671       0
                text51                             1E22     1E22        2      786       0
                text50                             1E18     1E18        6      786       0
                text49                             1BC4     1BC4       24      689       0
                text48                             1E10     1E10        6      689       0
                text47                             1BA0     1BA0       24      689       0
                text46                             1D4A     1D4A       16      689       0
                text45                             1D34     1D34       16      689       0
                text44                             1880     1880       3E      5EA       0
                text43                             1E20     1E20        2      786       0
                text42                             1D1E     1D1E       16      689       0
                text41                             1D08     1D08       16      689       0
                text40                             1CF2     1CF2       16      689       0
                text39                             1CDC     1CDC       16      689       0
                text38                             1CC6     1CC6       16      689       0
                text37                             106C     106C      132      41B       0
                text36                             1DDA     1DDA        A      689       0
                text35                             1DD0     1DD0        A      689       0
                text34                             1DF6     1DF6        8      689       0
                text33                             1B2C     1B2C       28      689       0
                text32                             1DC6     1DC6        A      689       0
                text31                             1DBC     1DBC        A      689       0
                text30                             1E0A     1E0A        6      689       0
                text29                             1B7A     1B7A       26      689       0
                text28                             1E04     1E04        6      689       0
                text27                             1DB2     1DB2        A      689       0
                text26                             1DFE     1DFE        6      689       0
                text25                             1B54     1B54       26      689       0
                text24                             1380     1380       E4      4E0       0
                text23                             1B02     1B02       2A      689       0
                text22                             1DA8     1DA8        A      689       0
                text21                             162C     162C       74      4E0       0
                text20                             1C98     1C98       18      689       0
                text19                             1DEE     1DEE        8      689       0
                text18                             17F2     17F2       48      5EA       0
                text17                             1C42     1C42       1E      689       0
                text16                             1CB0     1CB0       16      689       0
                text15                             16A0     16A0       64      4E0       0
                text14                             1D9E     1D9E        A      689       0
                text13                             1D94     1D94        A      689       0
                text12                             1D8A     1D8A        A      689       0
                text11                             151E     151E       88      4E0       0
                text10                             119E     119E       F0      41B       0
                text9                              1C7E     1C7E       1A      689       0
                text8                              1D80     1D80        A      689       0
                text7                              1962     1962       32      5EA       0
                text6                              1C24     1C24       1E      689       0
                text5                              1C06     1C06       1E      689       0
                text4                              1BE8     1BE8       1E      689       0
                text3                              1464     1464       BA      4E0       0
                text2                              18F8     18F8       38      5EA       0
                text1                              1994     1994       2E      5EA       0
                text0                              1930     1930       32      5EA       0
                cstackCOMRAM                         30       30       18        1       1
                cstackBANK0                          86       86       16       60       1
                bssBANK0                             60       60       26       60       1
                dataCOMRAM                           48       48        2        1       1
                bssCOMRAM                             1        1       2F        1       1
                cinit                              183A     183A       46      5EA       0
                nvBANK0                              9C       9C        2       60       1
                idataCOMRAM                        1E1E     1E1E        2      786       0

TOTAL           Name                               Link     Load   Length     Space
        CLASS   CODE           
                init                                 AE       AE        4         0
                reset_vec                             0        0        4         0
                ivt0x8                                8        8       A6         0
                text76                             1E32     1E32        2         0
                text75                             1E30     1E30        2         0
                text74                             128E     128E       F0         0
                text73                             1C60     1C60       1E         0
                text72                             1AD6     1AD6       2C         0
                text71                             1E2E     1E2E        2         0
                text70                             1704     1704       52         0
                text69                             1E2C     1E2C        2         0
                text68                             1D72     1D72        E         0
                text67                             1DE4     1DE4        A         0
                text66                             1756     1756       50         0
                text65                             15A6     15A6       86         0
                text64                             1E2A     1E2A        2         0
                text63                             17A8     17A8       4A         0
                text62                             18BE     18BE       3A         0
                text61                             1D60     1D60       12         0
                text60                             1E28     1E28        2         0
                text59                             1AAA     1AAA       2C         0
                text58                             1A24     1A24       2E         0
                text57                             1E26     1E26        2         0
                text56                             1A7E     1A7E       2C         0
                text55                             19F4     19F4       2E         0
                text54                             1E24     1E24        2         0
                text53                             1A52     1A52       2C         0
                text52                             19C4     19C4       2E         0
                text51                             1E22     1E22        2         0
                text50                             1E18     1E18        6         0
                text49                             1BC4     1BC4       24         0
                text48                             1E10     1E10        6         0
                text47                             1BA0     1BA0       24         0
                text46                             1D4A     1D4A       16         0
                text45                             1D34     1D34       16         0
                text44                             1880     1880       3E         0
                text43                             1E20     1E20        2         0
                text42                             1D1E     1D1E       16         0
                text41                             1D08     1D08       16         0
                text40                             1CF2     1CF2       16         0
                text39                             1CDC     1CDC       16         0
                text38                             1CC6     1CC6       16         0
                text37                             106C     106C      132         0
                text36                             1DDA     1DDA        A         0
                text35                             1DD0     1DD0        A         0
                text34                             1DF6     1DF6        8         0
                text33                             1B2C     1B2C       28         0
                text32                             1DC6     1DC6        A         0
                text31                             1DBC     1DBC        A         0
                text30                             1E0A     1E0A        6         0
                text29                             1B7A     1B7A       26         0
                text28                             1E04     1E04        6         0
                text27                             1DB2     1DB2        A         0
                text26                             1DFE     1DFE        6         0
                text25                             1B54     1B54       26         0
                text24                             1380     1380       E4         0
                text23                             1B02     1B02       2A         0
                text22                             1DA8     1DA8        A         0
                text21                             162C     162C       74         0
                text20                             1C98     1C98       18         0
                text19                             1DEE     1DEE        8         0
                text18                             17F2     17F2       48         0
                text17                             1C42     1C42       1E         0
                text16                             1CB0     1CB0       16         0
                text15                             16A0     16A0       64         0
                text14                             1D9E     1D9E        A         0
                text13                             1D94     1D94        A         0
                text12                             1D8A     1D8A        A         0
                text11                             151E     151E       88         0
                text10                             119E     119E       F0         0
                text9                              1C7E     1C7E       1A         0
                text8                              1D80     1D80        A         0
                text7                              1962     1962       32         0
                text6                              1C24     1C24       1E         0
                text5                              1C06     1C06       1E         0
                text4                              1BE8     1BE8       1E         0
                text3                              1464     1464       BA         0
                text2                              18F8     18F8       38         0
                text1                              1994     1994       2E         0
                text0                              1930     1930       32         0
                cinit                              183A     183A       46         0
                idataCOMRAM                        1E1E     1E1E        2         0

        CLASS   CONST          

        CLASS   SMALLCONST     
                smallconst                         1000     1000       6A         0

        CLASS   MEDIUMCONST    

        CLASS   COMRAM         
                cstackCOMRAM                         30       30       18         1
                dataCOMRAM                           48       48        2         1
                bssCOMRAM                             1        1       2F         1

        CLASS   ABS1           

        CLASS   BIGRAM         

        CLASS   RAM            

        CLASS   BANK0          
                cstackBANK0                          86       86       16         1
                bssBANK0                             60       60       26         1
                nvBANK0                              9C       9C        2         1

        CLASS   BANK1          

        CLASS   BANK2          

        CLASS   BANK3          

        CLASS   BANK4          

        CLASS   BANK5          

        CLASS   BANK6          

        CLASS   BANK7          

        CLASS   BANK8          

        CLASS   BANK9          

        CLASS   BANK10         

        CLASS   BANK11         

        CLASS   BANK12         

        CLASS   BANK13         

        CLASS   BANK14         

        CLASS   BANK15         

        CLASS   SFR            

        CLASS   BIGSFR         

        CLASS   CONFIG         
                config                           300000   300000        A         4

        CLASS   IDLOC          
                idloc                            200000   200000       10         5

        CLASS   EEDATA         

        CLASS   FARRAM         

        CLASS   HEAP           

        CLASS   STACK          



SEGMENTS        Name                           Load    Length   Top    Selector   Space  Class

                reset_vec                      000000  000004  000004         0       0  CODE    
                bssCOMRAM                      000001  000049  00004A         1       1  COMRAM  
                ivt0x8                         000008  0000AA  0000B2         4       0  CODE    
                bssBANK0                       000060  00003E  00009E        60       1  BANK0   
                smallconst                     001000  00006A  00106A       800       0  SMALLCON
                text37                         00106C  000312  00137E       41B       0  CODE    
                text24                         001380  000426  0017A6       4E0       0  CODE    
                text63                         0017A8  00021A  0019C2       5EA       0  CODE    
                text52                         0019C4  00002E  0019F2       671       0  CODE    
                text55                         0019F4  00002E  001A22       67D       0  CODE    
                text58                         001A24  0003F2  001E16       689       0  CODE    
                text50                         001E18  00001C  001E34       786       0  CODE    


UNUSED ADDRESS RANGES

        Name                Unused          Largest block    Delta
        BANK0            00009E-0000FF               62
        BANK1            000100-0001FF              100
        BANK10           000A00-000AFF              100
        BANK11           000B00-000BFF              100
        BANK12           000C00-000CFF              100
        BANK13           000D00-000DFF              100
        BANK14           000E00-000EFF              100
        BANK15           000F00-000FFF              100
        BANK2            000200-0002FF              100
        BANK3            000300-0003FF              100
        BANK4            000400-0004FF              100
        BANK5            000500-0005FF              100
        BANK6            000600-0006FF              100
        BANK7            000700-0007FF              100
        BANK8            000800-0008FF              100
        BANK9            000900-0009FF              100
        BIGRAM           00004A-00005F               16
                         00009E-000FFF              F62
        BIGSFR           003800-003FFF              800
        CODE             000004-000007                4
                         0000B2-000FFF              F4E
                         00106A-00106B                2
                         00137E-00137F                2
                         0017A6-0017A7                2
                         0019C2-0019C3                2
                         0019F2-0019F3                2
                         001A22-001A23                2
                         001E16-001E17                2
                         001E34-00FFFF             E1CC
        COMRAM           00004A-00005F               16
        CONST            000004-000007                4
                         0000B2-000FFF              F4E
                         00106A-00106B                2
                         00137E-00137F                2
                         0017A6-0017A7                2
                         0019C2-0019C3                2
                         0019F2-0019F3                2
                         001A22-001A23                2
                         001E16-001E17                2
                         001E34-00FFFF             E1CC
        EEDATA           310000-3103FF              400
        MEDIUMCONST      00106A-00106B                2
                         00137E-00137F                2
                         0017A6-0017A7                2
                         0019C2-0019C3                2
                         0019F2-0019F3                2
                         001A22-001A23                2
                         001E16-001E17                2
                         001E34-00FFFF             E1CC
        RAM              00009E-000FFF              100
        SFR              003800-003FFF              100
        SMALLCONST       00106A-00106B                2
                         00137E-00137F                2
                         0017A6-0017A7                2
                         0019C2-0019C3                2
                         0019F2-0019F3                2
                         001A22-001A23                2
                         001E16-001E17                2
                         001E34-00FFFF              100

                                  Symbol Table

ADCC_SetADIInterruptHandler@InterruptHandler       cstackBANK0  000098
ADCC_StartConversion@channel                       cstackCOMRAM 000035
I2C2_AddrTransmit@addr                             cstackCOMRAM 00003C
I2C2_CallbackRegister@callbackHandler              cstackBANK0  000098
I2C2_CounterSet@counter                            cstackCOMRAM 000044
I2C2_DataTransmit@data                             cstackCOMRAM 000046
INT0_SetInterruptHandler@InterruptHandler          cstackBANK0  000098
INT1_SetInterruptHandler@InterruptHandler          cstackBANK0  000098
INT2_SetInterruptHandler@InterruptHandler          cstackBANK0  000098
INTERRUPT_Initialize@state                         cstackBANK0  00009A
IVTBASEH                                           (abs)        003FD6
IVTBASEL                                           (abs)        003FD5
IVTBASEU                                           (abs)        003FD7
SPI1_ByteWrite@byte                                cstackCOMRAM 000030
Timer_OverflowCallbackRegister@CallbackHandler     cstackBANK0  000098
Timer_int@count                                    bssCOMRAM    00000E
UART1_FramingErrorCallbackRegister@callbackHandler cstackBANK0  000098
UART1_OverrunErrorCallbackRegister@callbackHandler cstackBANK0  000098
UART1_ParityErrorCallbackRegister@callbackHandler  cstackBANK0  000098
UART1_ReceiveISR@regValue                          cstackCOMRAM 000038
UART1_ReceiveISR@tempRxHead                        cstackCOMRAM 000039
UART1_TransmitISR@tempTxTail                       cstackBANK0  000096
UART1_Write@tempTxHead                             cstackCOMRAM 000030
UART1_Write@txData                                 cstackCOMRAM 000031
UART_RX_int@mesage                                 bssCOMRAM    000010
UART_RX_int@opcode                                 bssCOMRAM    000028
UART_RX_int@status                                 bssCOMRAM    000029
_ADACCH                                            (abs)        003EE9
_ADACCL                                            (abs)        003EE8
_ADACCU                                            (abs)        003EEA
_ADACQH                                            (abs)        003EF4
_ADACQL                                            (abs)        003EF3
_ADACT                                             (abs)        003EFE
_ADCAP                                             (abs)        003EF5
_ADCC_ADI_InterruptHandler                         nvBANK0      00009C
_ADCC_DefaultADI_ISR                               text64       001E2A
_ADCC_ISR                                          text63       0017A8
_ADCC_Initialize                                   text21       00162C
_ADCC_SetADIInterruptHandler                       text22       001DA8
_ADCC_StartConversion                              text68       001D72
_ADCLK                                             (abs)        003EFF
_ADCNT                                             (abs)        003EEB
_ADCON0                                            (abs)        003EF8
_ADCON0bits                                        (abs)        003EF8
_ADCON1                                            (abs)        003EF9
_ADCON1bits                                        (abs)        003EF9
_ADCON2                                            (abs)        003EFA
_ADCON2bits                                        (abs)        003EFA
_ADCON3                                            (abs)        003EFB
_ADCON3bits                                        (abs)        003EFB
_ADC_int                                           text65       0015A6
_ADERRH                                            (abs)        003EE3
_ADERRL                                            (abs)        003EE2
_ADFLTRH                                           (abs)        003EE7
_ADFLTRL                                           (abs)        003EE6
_ADLTHH                                            (abs)        003EDF
_ADLTHL                                            (abs)        003EDE
_ADPCH                                             (abs)        003EF1
_ADPREH                                            (abs)        003EF7
_ADPREL                                            (abs)        003EF6
_ADPREVH                                           (abs)        003EEE
_ADPREVL                                           (abs)        003EED
_ADREF                                             (abs)        003EFD
_ADRESH                                            (abs)        003EF0
_ADRESL                                            (abs)        003EEF
_ADRPT                                             (abs)        003EEC
_ADSTAT                                            (abs)        003EFC
_ADSTATbits                                        (abs)        003EFC
_ADSTPTH                                           (abs)        003EE5
_ADSTPTL                                           (abs)        003EE4
_ADUTHH                                            (abs)        003EE1
_ADUTHL                                            (abs)        003EE0
_ANSELA                                            (abs)        003A40
_ANSELB                                            (abs)        003A50
_ANSELC                                            (abs)        003A60
_ANSELD                                            (abs)        003A70
_ANSELE                                            (abs)        003A80
_CLOCK_Initialize                                  text20       001C98
_Default_ISR                                       text69       001E2C
_FVRCON                                            (abs)        003EC1
_FVRCONbits                                        (abs)        003EC1
_FVR_Initialize                                    text19       001DEE
_GIE                                               (abs)        01FE97
_I2C1ADB0                                          (abs)        003D6D
_I2C1ADB1                                          (abs)        003D6E
_I2C1ADR0                                          (abs)        003D6F
_I2C1ADR1                                          (abs)        003D70
_I2C1ADR2                                          (abs)        003D71
_I2C1ADR3                                          (abs)        003D72
_I2C1BTO                                           (abs)        003D7C
_I2C1CLK                                           (abs)        003D7B
_I2C1CNT                                           (abs)        003D6C
_I2C1CON0                                          (abs)        003D73
_I2C1CON1                                          (abs)        003D74
_I2C1CON2                                          (abs)        003D75
_I2C1ERR                                           (abs)        003D76
_I2C1PIE                                           (abs)        003D7A
_I2C1PIR                                           (abs)        003D79
_I2C1STAT1                                         (abs)        003D78
_I2C1TXB                                           (abs)        003D6B
_I2C1_Initialize                                   text18       0017F2
_I2C2ADB1                                          (abs)        003D58
_I2C2CLK                                           (abs)        003D65
_I2C2CNT                                           (abs)        003D56
_I2C2CON0                                          (abs)        003D5D
_I2C2CON0bits                                      (abs)        003D5D
_I2C2CON1                                          (abs)        003D5E
_I2C2CON1bits                                      (abs)        003D5E
_I2C2CON2                                          (abs)        003D5F
_I2C2ERR                                           (abs)        003D60
_I2C2ERRbits                                       (abs)        003D60
_I2C2PIE                                           (abs)        003D64
_I2C2PIEbits                                       (abs)        003D64
_I2C2PIR                                           (abs)        003D63
_I2C2PIRbits                                       (abs)        003D63
_I2C2RXB                                           (abs)        003D54
_I2C2SCLPPS                                        (abs)        003AE3
_I2C2SDAPPS                                        (abs)        003AE4
_I2C2STAT0bits                                     (abs)        003D61
_I2C2STAT1                                         (abs)        003D62
_I2C2STAT1bits                                     (abs)        003D62
_I2C2TXB                                           (abs)        003D55
_I2C2_AddrTransmit                                 text32       001DC6
_I2C2_BufferClear                                  text36       001DDA
_I2C2_BusReset                                     text44       001880
_I2C2_Callback                                     bssCOMRAM    000026
_I2C2_CallbackRegister                             text17       001C42
_I2C2_Close                                        text33       001B2C
_I2C2_CounterGet                                   text28       001E04
_I2C2_CounterSet                                   text31       001DBC
_I2C2_DataReceive                                  text48       001E10
_I2C2_DataTransmit                                 text27       001DB2
_I2C2_DefaultCallback                              text43       001E20
_I2C2_Deinitialize                                 (abs)        000000
_I2C2_ERROR_ISR                                    text37       00106C
_I2C2_ErrorFlagsClear                              text35       001DD0
_I2C2_ErrorGet                                     (abs)        000000
_I2C2_ISR                                          text24       001380
_I2C2_Initialize                                   text15       0016A0
_I2C2_InterruptsClear                              text34       001DF6
_I2C2_InterruptsDisable                            text46       001D4A
_I2C2_InterruptsEnable                             text16       001CB0
_I2C2_IsAddr                                       text42       001D1E
_I2C2_IsBusCol                                     text41       001D08
_I2C2_IsBusTimeOut                                 text40       001CF2
_I2C2_IsBusy                                       (abs)        000000
_I2C2_IsData                                       text39       001CDC
_I2C2_IsNack                                       text38       001CC6
_I2C2_RX_ISR                                       text47       001BA0
_I2C2_Read                                         (abs)        000000
_I2C2_ReadStart                                    text29       001B7A
_I2C2_RestartDisable                               text26       001DFE
_I2C2_StartSend                                    text30       001E0A
_I2C2_StopSend                                     text25       001B54
_I2C2_TX_ISR                                       text49       001BC4
_I2C2_Write                                        (abs)        000000
_I2C2_WriteRead                                    (abs)        000000
_I2C_Host                                          smallconst   001031
_INLVLA                                            (abs)        003A44
_INLVLB                                            (abs)        003A54
_INLVLC                                            (abs)        003A64
_INLVLD                                            (abs)        003A74
_INLVLE                                            (abs)        003A84
_INT0_CallBack                                     text53       001A52
_INT0_DefaultInterruptHandler                      text54       001E24
_INT0_ISR                                          text52       0019C4
_INT0_InterruptHandler                             bssCOMRAM    000022
_INT0_SetInterruptHandler                          text14       001D9E
_INT1_CallBack                                     text56       001A7E
_INT1_DefaultInterruptHandler                      text57       001E26
_INT1_ISR                                          text55       0019F4
_INT1_InterruptHandler                             bssCOMRAM    000020
_INT1_SetInterruptHandler                          text13       001D94
_INT2_CallBack                                     text59       001AAA
_INT2_DefaultInterruptHandler                      text60       001E28
_INT2_ISR                                          text58       001A24
_INT2_InterruptHandler                             bssCOMRAM    00001E
_INT2_SetInterruptHandler                          text12       001D8A
_INTCON0bits                                       (abs)        003FD2
_INTERRUPT_Initialize                              text11       00151E
_IOCAF                                             (abs)        003A47
_IOCAN                                             (abs)        003A46
_IOCAP                                             (abs)        003A45
_IOCBF                                             (abs)        003A57
_IOCBN                                             (abs)        003A56
_IOCBP                                             (abs)        003A55
_IOCCF                                             (abs)        003A67
_IOCCN                                             (abs)        003A66
_IOCCP                                             (abs)        003A65
_IOCEF                                             (abs)        003A87
_IOCEN                                             (abs)        003A86
_IOCEP                                             (abs)        003A85
_IOC_ISR                                           text50       001E18
_IPR0bits                                          (abs)        003980
_IPR1bits                                          (abs)        003981
_IPR3bits                                          (abs)        003983
_IPR5bits                                          (abs)        003985
_IPR6bits                                          (abs)        003986
_IVTBASEH                                          (abs)        003FD6
_IVTBASEL                                          (abs)        003FD5
_IVTBASEU                                          (abs)        003FD7
_IVTLOCK                                           (abs)        003FD4
_IVTLOCKbits                                       (abs)        003FD4
_LATA                                              (abs)        003FBA
_LATB                                              (abs)        003FBB
_LATC                                              (abs)        003FBC
_LATD                                              (abs)        003FBD
_LATDbits                                          (abs)        003FBD
_LATE                                              (abs)        003FBE
_ODCONA                                            (abs)        003A42
_ODCONB                                            (abs)        003A52
_ODCONC                                            (abs)        003A62
_ODCOND                                            (abs)        003A72
_ODCONE                                            (abs)        003A82
_OSCCON1                                           (abs)        0039D9
_OSCCON3                                           (abs)        0039DB
_OSCEN                                             (abs)        0039DD
_OSCFRQ                                            (abs)        0039DF
_OSCTUNE                                           (abs)        0039DE
_PERIOD                                            dataCOMRAM   000048
_PIE1bits                                          (abs)        003991
_PIE3bits                                          (abs)        003993
_PIE5bits                                          (abs)        003995
_PIE6bits                                          (abs)        003996
_PIN_MANAGER_IOC                                   text51       001E22
_PIN_MANAGER_Initialize                            text10       00119E
_PIR1bits                                          (abs)        0039A1
_PIR2bits                                          (abs)        0039A2
_PIR3bits                                          (abs)        0039A3
_PIR5bits                                          (abs)        0039A5
_PIR7bits                                          (abs)        0039A7
_RB1I2C                                            (abs)        003A5A
_RB1PPS                                            (abs)        003A09
_RB2I2C                                            (abs)        003A5B
_RB2PPS                                            (abs)        003A0A
_RC3I2C                                            (abs)        003A6A
_RC3PPS                                            (abs)        003A13
_RC4I2C                                            (abs)        003A6B
_RC5PPS                                            (abs)        003A15
_RC6PPS                                            (abs)        003A16
_RD0I2C                                            (abs)        003A7A
_RD1I2C                                            (abs)        003A7B
_SLRCONA                                           (abs)        003A43
_SLRCONB                                           (abs)        003A53
_SLRCONC                                           (abs)        003A63
_SLRCOND                                           (abs)        003A73
_SLRCONE                                           (abs)        003A83
_SPI1                                              smallconst   001045
_SPI1BAUD                                          (abs)        003D19
_SPI1CLK                                           (abs)        003D1C
_SPI1CON0                                          (abs)        003D14
_SPI1CON0bits                                      (abs)        003D14
_SPI1CON1                                          (abs)        003D15
_SPI1CON2                                          (abs)        003D16
_SPI1RXB                                           (abs)        003D10
_SPI1SCKPPS                                        (abs)        003ADE
_SPI1SDIPPS                                        (abs)        003ADF
_SPI1TCNTL                                         (abs)        003D12
_SPI1TXB                                           (abs)        003D11
_SPI1_BufferExchange                               (abs)        000000
_SPI1_BufferRead                                   (abs)        000000
_SPI1_BufferWrite                                  (abs)        000000
_SPI1_ByteExchange                                 (abs)        000000
_SPI1_ByteRead                                     (abs)        000000
_SPI1_ByteWrite                                    text67       001DE4
_SPI1_Close                                        (abs)        000000
_SPI1_Initialize                                   text9        001C7E
_SPI1_Open                                         text23       001B02
_SYSTEM_Initialize                                 text1        001994
_T0CON0                                            (abs)        003FB8
_T0CON0bits                                        (abs)        003FB8
_T0CON1                                            (abs)        003FB9
_TMR0H                                             (abs)        003FB7
_TMR0L                                             (abs)        003FB6
_TRISA                                             (abs)        003FC2
_TRISB                                             (abs)        003FC3
_TRISC                                             (abs)        003FC4
_TRISCbits                                         (abs)        003FC4
_TRISD                                             (abs)        003FC5
_TRISE                                             (abs)        003FC6
_Timer                                             smallconst   001057
_Timer_DefaultOverflowCallback                     text71       001E2E
_Timer_Initialize                                  text7        001962
_Timer_OverflowCallback                            bssCOMRAM    00001A
_Timer_OverflowCallbackRegister                    text8        001D80
_Timer_OverflowISR                                 text70       001704
_Timer_PeriodCountSet                              (abs)        000000
_Timer_Start                                       (abs)        000000
_Timer_Stop                                        (abs)        000000
_Timer_int                                         text72       001AD6
_U1BRGH                                            (abs)        003DF6
_U1BRGL                                            (abs)        003DF5
_U1CON0                                            (abs)        003DF2
_U1CON0bits                                        (abs)        003DF2
_U1CON1                                            (abs)        003DF3
_U1CON1bits                                        (abs)        003DF3
_U1CON2                                            (abs)        003DF4
_U1ERRIE                                           (abs)        003DFA
_U1ERRIR                                           (abs)        003DF9
_U1ERRIRbits                                       (abs)        003DF9
_U1FIFO                                            (abs)        003DF7
_U1P1H                                             (abs)        003DED
_U1P1L                                             (abs)        003DEC
_U1P2H                                             (abs)        003DEF
_U1P2L                                             (abs)        003DEE
_U1P3H                                             (abs)        003DF1
_U1P3L                                             (abs)        003DF0
_U1RXB                                             (abs)        003DE8
_U1RXCHK                                           (abs)        003DE9
_U1RXPPS                                           (abs)        003AE5
_U1TXB                                             (abs)        003DEA
_U1TXCHK                                           (abs)        003DEB
_U1UIR                                             (abs)        003DF8
_U1UIRbits                                         (abs)        003DF8
_U2BRGH                                            (abs)        003DDE
_U2BRGL                                            (abs)        003DDD
_U2CON0                                            (abs)        003DDA
_U2CON1                                            (abs)        003DDB
_U2CON2                                            (abs)        003DDC
_U2ERRIE                                           (abs)        003DE2
_U2ERRIR                                           (abs)        003DE1
_U2FIFO                                            (abs)        003DDF
_U2P1L                                             (abs)        003DD4
_U2P2L                                             (abs)        003DD6
_U2P3L                                             (abs)        003DD8
_U2TXB                                             (abs)        003DD2
_U2UIR                                             (abs)        003DE0
_UART                                              smallconst   001001
_UART1_AutoBaudQuery                               (abs)        000000
_UART1_AutoBaudSet                                 (abs)        000000
_UART1_DefaultFramingErrorCallback                 text76       001E32
_UART1_DefaultOverrunErrorCallback                 text75       001E30
_UART1_DefaultParityErrorCallback                  (abs)        000000
_UART1_Deinitialize                                (abs)        000000
_UART1_ErrorGet                                    (abs)        000000
_UART1_FramingErrorCallbackRegister                text6        001C24
_UART1_FramingErrorHandler                         bssCOMRAM    000018
_UART1_Initialize                                  text3        001464
_UART1_IsRxReady                                   (abs)        000000
_UART1_IsTxDone                                    (abs)        000000
_UART1_IsTxReady                                   (abs)        000000
_UART1_OverrunErrorCallbackRegister                text5        001C06
_UART1_OverrunErrorHandler                         bssCOMRAM    000016
_UART1_ParityErrorCallbackRegister                 text4        001BE8
_UART1_ParityErrorHandler                          bssBANK0     000080
_UART1_Read                                        (abs)        000000
_UART1_ReceiveISR                                  text74       00128E
_UART1_Receive_Vector_ISR                          text73       001C60
_UART1_RxCompleteCallbackRegister                  (abs)        000000
_UART1_RxCompleteInterruptHandler                  bssCOMRAM    000012
_UART1_RxInterruptHandler                          bssBANK0     000084
_UART1_TransmitDisable                             (abs)        000000
_UART1_TransmitEnable                              (abs)        000000
_UART1_TransmitISR                                 text62       0018BE
_UART1_Transmit_Vector_ISR                         text61       001D60
_UART1_TxCompleteCallbackRegister                  (abs)        000000
_UART1_TxCompleteInterruptHandler                  bssCOMRAM    000014
_UART1_TxInterruptHandler                          bssCOMRAM    000024
_UART1_Write                                       text66       001756
_UART2_Initialize                                  text2        0018F8
_WPUA                                              (abs)        003A41
_WPUB                                              (abs)        003A51
_WPUC                                              (abs)        003A61
_WPUD                                              (abs)        003A71
_WPUE                                              (abs)        003A81
__HRAM                                             (abs)        000000
__Habs1                                            abs1         000000
__Hbank0                                           bank0        000000
__Hbank1                                           bank1        000000
__Hbank10                                          bank10       000000
__Hbank11                                          bank11       000000
__Hbank12                                          bank12       000000
__Hbank13                                          bank13       000000
__Hbank14                                          bank14       000000
__Hbank15                                          bank15       000000
__Hbank2                                           bank2        000000
__Hbank3                                           bank3        000000
__Hbank4                                           bank4        000000
__Hbank5                                           bank5        000000
__Hbank6                                           bank6        000000
__Hbank7                                           bank7        000000
__Hbank8                                           bank8        000000
__Hbank9                                           bank9        000000
__Hbigbss                                          bigbss       000000
__Hbigdata                                         bigdata      000000
__Hbigram                                          bigram       000000
__Hbigsfr                                          bigsfr       000000
__Hbss                                             bss          000000
__HbssBANK0                                        bssBANK0     000000
__HbssCOMRAM                                       bssCOMRAM    000000
__Hcinit                                           cinit        000000
__Hclrtext                                         clrtext      000000
__Hcomram                                          comram       000000
__Hconfig                                          config       30000A
__Hconst                                           const        000000
__HcstackBANK0                                     cstackBANK0  000000
__HcstackCOMRAM                                    cstackCOMRAM 000000
__Hdata                                            data         000000
__HdataCOMRAM                                      dataCOMRAM   000000
__Heeprom_data                                     eeprom_data  000000
__Hfarbss                                          farbss       000000
__Hfardata                                         fardata      000000
__Hheap                                            heap         000000
__Hibigdata                                        ibigdata     000000
__Hidata                                           idata        000000
__HidataCOMRAM                                     idataCOMRAM  000000
__Hidloc                                           idloc        200010
__Hifardata                                        ifardata     000000
__Hinit                                            init         0000B2
__Hintsave_regs                                    intsave_regs 000000
__Hirdata                                          irdata       000000
__Hivt0x8                                          ivt0x8       0000AE
__Hmediumconst                                     mediumconst  000000
__HnvBANK0                                         nvBANK0      000000
__HnvFARRAM                                        nvFARRAM     000000
__Hnvbit                                           nvbit        000000
__Hnvrram                                          nvrram       000000
__Hparam                                           rparam       000000
__Hpowerup                                         powerup      000000
__Hram                                             ram          000000
__Hramtop                                          ramtop       001000
__Hrbit                                            rbit         000000
__Hrbss                                            rbss         000000
__Hrdata                                           rdata        000000
__Hreset_vec                                       reset_vec    000004
__Hrparam                                          rparam       000000
__Hsfr                                             sfr          000000
__Hsmallconst                                      smallconst   00106A
__Hspace_0                                         (abs)        001E34
__Hspace_1                                         (abs)        00009E
__Hspace_2                                         (abs)        000000
__Hspace_4                                         (abs)        60000A
__Hstack                                           stack        000000
__Hstruct                                          struct       000000
__Htemp                                            temp         000000
__Htext                                            text         000000
__Htext0                                           text0        000000
__Htext1                                           text1        000000
__Htext10                                          text10       000000
__Htext11                                          text11       000000
__Htext12                                          text12       000000
__Htext13                                          text13       000000
__Htext14                                          text14       000000
__Htext15                                          text15       000000
__Htext16                                          text16       000000
__Htext17                                          text17       000000
__Htext18                                          text18       000000
__Htext19                                          text19       000000
__Htext2                                           text2        000000
__Htext20                                          text20       000000
__Htext21                                          text21       000000
__Htext22                                          text22       000000
__Htext23                                          text23       000000
__Htext24                                          text24       000000
__Htext25                                          text25       000000
__Htext26                                          text26       000000
__Htext27                                          text27       000000
__Htext28                                          text28       000000
__Htext29                                          text29       000000
__Htext3                                           text3        000000
__Htext30                                          text30       000000
__Htext31                                          text31       000000
__Htext32                                          text32       000000
__Htext33                                          text33       000000
__Htext34                                          text34       000000
__Htext35                                          text35       000000
__Htext36                                          text36       000000
__Htext37                                          text37       000000
__Htext38                                          text38       000000
__Htext39                                          text39       000000
__Htext4                                           text4        000000
__Htext40                                          text40       000000
__Htext41                                          text41       000000
__Htext42                                          text42       000000
__Htext43                                          text43       000000
__Htext44                                          text44       000000
__Htext45                                          text45       000000
__Htext46                                          text46       000000
__Htext47                                          text47       000000
__Htext48                                          text48       000000
__Htext49                                          text49       000000
__Htext5                                           text5        000000
__Htext50                                          text50       000000
__Htext51                                          text51       000000
__Htext52                                          text52       000000
__Htext53                                          text53       000000
__Htext54                                          text54       000000
__Htext55                                          text55       000000
__Htext56                                          text56       000000
__Htext57                                          text57       000000
__Htext58                                          text58       000000
__Htext59                                          text59       000000
__Htext6                                           text6        000000
__Htext60                                          text60       000000
__Htext61                                          text61       000000
__Htext62                                          text62       000000
__Htext63                                          text63       000000
__Htext64                                          text64       000000
__Htext65                                          text65       000000
__Htext66                                          text66       000000
__Htext67                                          text67       000000
__Htext68                                          text68       000000
__Htext69                                          text69       000000
__Htext7                                           text7        000000
__Htext70                                          text70       000000
__Htext71                                          text71       000000
__Htext72                                          text72       000000
__Htext73                                          text73       000000
__Htext74                                          text74       000000
__Htext75                                          text75       000000
__Htext76                                          text76       000000
__Htext77                                          text77       000000
__Htext8                                           text8        000000
__Htext9                                           text9        000000
__LRAM                                             (abs)        000001
__Labs1                                            abs1         000000
__Lbank0                                           bank0        000000
__Lbank1                                           bank1        000000
__Lbank10                                          bank10       000000
__Lbank11                                          bank11       000000
__Lbank12                                          bank12       000000
__Lbank13                                          bank13       000000
__Lbank14                                          bank14       000000
__Lbank15                                          bank15       000000
__Lbank2                                           bank2        000000
__Lbank3                                           bank3        000000
__Lbank4                                           bank4        000000
__Lbank5                                           bank5        000000
__Lbank6                                           bank6        000000
__Lbank7                                           bank7        000000
__Lbank8                                           bank8        000000
__Lbank9                                           bank9        000000
__Lbigbss                                          bigbss       000000
__Lbigdata                                         bigdata      000000
__Lbigram                                          bigram       000000
__Lbigsfr                                          bigsfr       000000
__Lbss                                             bss          000000
__LbssBANK0                                        bssBANK0     000000
__LbssCOMRAM                                       bssCOMRAM    000000
__Lcinit                                           cinit        000000
__Lclrtext                                         clrtext      000000
__Lcomram                                          comram       000000
__Lconfig                                          config       000000
__Lconst                                           const        000000
__LcstackBANK0                                     cstackBANK0  000000
__LcstackCOMRAM                                    cstackCOMRAM 000000
__Ldata                                            data         000000
__LdataCOMRAM                                      dataCOMRAM   000000
__Leeprom_data                                     eeprom_data  000000
__Lfarbss                                          farbss       000000
__Lfardata                                         fardata      000000
__Lheap                                            heap         000000
__Libigdata                                        ibigdata     000000
__Lidata                                           idata        000000
__LidataCOMRAM                                     idataCOMRAM  000000
__Lidloc                                           idloc        000000
__Lifardata                                        ifardata     000000
__Linit                                            init         0000AE
__Lintsave_regs                                    intsave_regs 000000
__Lirdata                                          irdata       000000
__Livt0x8                                          ivt0x8       000008
__Lmediumconst                                     mediumconst  000000
__LnvBANK0                                         nvBANK0      000000
__LnvFARRAM                                        nvFARRAM     000000
__Lnvbit                                           nvbit        000000
__Lnvrram                                          nvrram       000000
__Lparam                                           rparam       000000
__Lpowerup                                         powerup      000000
__Lram                                             ram          000000
__Lramtop                                          ramtop       001000
__Lrbit                                            rbit         000000
__Lrbss                                            rbss         000000
__Lrdata                                           rdata        000000
__Lreset_vec                                       reset_vec    000000
__Lrparam                                          rparam       000000
__Lsfr                                             sfr          000000
__Lsmallconst                                      smallconst   001000
__Lspace_0                                         (abs)        000000
__Lspace_1                                         (abs)        000000
__Lspace_2                                         (abs)        000000
__Lspace_4                                         (abs)        000000
__Lstack                                           stack        000000
__Lstruct                                          struct       000000
__Ltemp                                            temp         000000
__Ltext                                            text         000000
__Ltext0                                           text0        000000
__Ltext1                                           text1        000000
__Ltext10                                          text10       000000
__Ltext11                                          text11       000000
__Ltext12                                          text12       000000
__Ltext13                                          text13       000000
__Ltext14                                          text14       000000
__Ltext15                                          text15       000000
__Ltext16                                          text16       000000
__Ltext17                                          text17       000000
__Ltext18                                          text18       000000
__Ltext19                                          text19       000000
__Ltext2                                           text2        000000
__Ltext20                                          text20       000000
__Ltext21                                          text21       000000
__Ltext22                                          text22       000000
__Ltext23                                          text23       000000
__Ltext24                                          text24       000000
__Ltext25                                          text25       000000
__Ltext26                                          text26       000000
__Ltext27                                          text27       000000
__Ltext28                                          text28       000000
__Ltext29                                          text29       000000
__Ltext3                                           text3        000000
__Ltext30                                          text30       000000
__Ltext31                                          text31       000000
__Ltext32                                          text32       000000
__Ltext33                                          text33       000000
__Ltext34                                          text34       000000
__Ltext35                                          text35       000000
__Ltext36                                          text36       000000
__Ltext37                                          text37       000000
__Ltext38                                          text38       000000
__Ltext39                                          text39       000000
__Ltext4                                           text4        000000
__Ltext40                                          text40       000000
__Ltext41                                          text41       000000
__Ltext42                                          text42       000000
__Ltext43                                          text43       000000
__Ltext44                                          text44       000000
__Ltext45                                          text45       000000
__Ltext46                                          text46       000000
__Ltext47                                          text47       000000
__Ltext48                                          text48       000000
__Ltext49                                          text49       000000
__Ltext5                                           text5        000000
__Ltext50                                          text50       000000
__Ltext51                                          text51       000000
__Ltext52                                          text52       000000
__Ltext53                                          text53       000000
__Ltext54                                          text54       000000
__Ltext55                                          text55       000000
__Ltext56                                          text56       000000
__Ltext57                                          text57       000000
__Ltext58                                          text58       000000
__Ltext59                                          text59       000000
__Ltext6                                           text6        000000
__Ltext60                                          text60       000000
__Ltext61                                          text61       000000
__Ltext62                                          text62       000000
__Ltext63                                          text63       000000
__Ltext64                                          text64       000000
__Ltext65                                          text65       000000
__Ltext66                                          text66       000000
__Ltext67                                          text67       000000
__Ltext68                                          text68       000000
__Ltext69                                          text69       000000
__Ltext7                                           text7        000000
__Ltext70                                          text70       000000
__Ltext71                                          text71       000000
__Ltext72                                          text72       000000
__Ltext73                                          text73       000000
__Ltext74                                          text74       000000
__Ltext75                                          text75       000000
__Ltext76                                          text76       000000
__Ltext77                                          text77       000000
__Ltext8                                           text8        000000
__Ltext9                                           text9        000000
__S0                                               (abs)        001E34
__S1                                               (abs)        00009E
__S4                                               (abs)        000000
__S5                                               (abs)        000000
___heap_hi                                         (abs)        000000
___heap_lo                                         (abs)        000000
___inthi_sp                                        stack        000000
___intlo_sp                                        stack        000000
___param_bank                                      (abs)        000000
___rparam_used                                     (abs)        000001
___sp                                              stack        000000
__accesstop                                        (abs)        000060
__activetblptr                                     (abs)        000003
__end_of_ADCC_DefaultADI_ISR                       text64       001E2C
__end_of_ADCC_ISR                                  text63       0017F2
__end_of_ADCC_Initialize                           text21       0016A0
__end_of_ADCC_SetADIInterruptHandler               text22       001DB2
__end_of_ADCC_StartConversion                      text68       001D80
__end_of_ADC_int                                   text65       00162C
__end_of_CLOCK_Initialize                          text20       001CB0
__end_of_Default_ISR                               text69       001E2E
__end_of_FVR_Initialize                            text19       001DF6
__end_of_I2C1_Initialize                           text18       00183A
__end_of_I2C2_AddrTransmit                         text32       001DD0
__end_of_I2C2_BufferClear                          text36       001DE4
__end_of_I2C2_BusReset                             text44       0018BE
__end_of_I2C2_CallbackRegister                     text17       001C60
__end_of_I2C2_Close                                text33       001B54
__end_of_I2C2_CounterGet                           text28       001E0A
__end_of_I2C2_CounterSet                           text31       001DC6
__end_of_I2C2_DataReceive                          text48       001E16
__end_of_I2C2_DataTransmit                         text27       001DBC
__end_of_I2C2_DefaultCallback                      text43       001E22
__end_of_I2C2_ERROR_ISR                            text37       00119E
__end_of_I2C2_ErrorFlagsClear                      text35       001DDA
__end_of_I2C2_ISR                                  text24       001464
__end_of_I2C2_Initialize                           text15       001704
__end_of_I2C2_InterruptsClear                      text34       001DFE
__end_of_I2C2_InterruptsDisable                    text46       001D60
__end_of_I2C2_InterruptsEnable                     text16       001CC6
__end_of_I2C2_IsAddr                               text42       001D34
__end_of_I2C2_IsBusCol                             text41       001D1E
__end_of_I2C2_IsBusTimeOut                         text40       001D08
__end_of_I2C2_IsData                               text39       001CF2
__end_of_I2C2_IsNack                               text38       001CDC
__end_of_I2C2_RX_ISR                               text47       001BC4
__end_of_I2C2_ReadStart                            text29       001BA0
__end_of_I2C2_RestartDisable                       text26       001E04
__end_of_I2C2_StartSend                            text30       001E10
__end_of_I2C2_StopSend                             text25       001B7A
__end_of_I2C2_TX_ISR                               text49       001BE8
__end_of_I2C_Host                                  smallconst   001045
__end_of_INT0_CallBack                             text53       001A7E
__end_of_INT0_DefaultInterruptHandler              text54       001E26
__end_of_INT0_ISR                                  text52       0019F2
__end_of_INT0_SetInterruptHandler                  text14       001DA8
__end_of_INT1_CallBack                             text56       001AAA
__end_of_INT1_DefaultInterruptHandler              text57       001E28
__end_of_INT1_ISR                                  text55       001A22
__end_of_INT1_SetInterruptHandler                  text13       001D9E
__end_of_INT2_CallBack                             text59       001AD6
__end_of_INT2_DefaultInterruptHandler              text60       001E2A
__end_of_INT2_ISR                                  text58       001A52
__end_of_INT2_SetInterruptHandler                  text12       001D94
__end_of_INTERRUPT_Initialize                      text11       0015A6
__end_of_IOC_ISR                                   text50       001E1E
__end_of_PIN_MANAGER_IOC                           text51       001E24
__end_of_PIN_MANAGER_Initialize                    text10       00128E
__end_of_SPI1                                      smallconst   001057
__end_of_SPI1_ByteWrite                            text67       001DEE
__end_of_SPI1_Initialize                           text9        001C98
__end_of_SPI1_Open                                 text23       001B2C
__end_of_SYSTEM_Initialize                         text1        0019C2
__end_of_Timer                                     smallconst   001063
__end_of_Timer_DefaultOverflowCallback             text71       001E30
__end_of_Timer_Initialize                          text7        001994
__end_of_Timer_OverflowCallbackRegister            text8        001D8A
__end_of_Timer_OverflowISR                         text70       001756
__end_of_Timer_int                                 text72       001B02
__end_of_UART                                      smallconst   001031
__end_of_UART1_DefaultFramingErrorCallback         text76       001E34
__end_of_UART1_DefaultOverrunErrorCallback         text75       001E32
__end_of_UART1_FramingErrorCallbackRegister        text6        001C42
__end_of_UART1_Initialize                          text3        00151E
__end_of_UART1_OverrunErrorCallbackRegister        text5        001C24
__end_of_UART1_ParityErrorCallbackRegister         text4        001C06
__end_of_UART1_ReceiveISR                          text74       00137E
__end_of_UART1_Receive_Vector_ISR                  text73       001C7E
__end_of_UART1_TransmitISR                         text62       0018F8
__end_of_UART1_Transmit_Vector_ISR                 text61       001D72
__end_of_UART1_Write                               text66       0017A6
__end_of_UART2_Initialize                          text2        001930
__end_of__initialization                           cinit        00187A
__end_of_main                                      text0        001962
__end_of_spi1_configuration                        smallconst   001068
__end_ofi1_I2C2_InterruptsEnable                   text45       001D4A
__initialization                                   cinit        00183A
__mediumconst                                      mediumconst  000000
__pbssBANK0                                        bssBANK0     000060
__pbssCOMRAM                                       bssCOMRAM    000001
__pcinit                                           cinit        00183A
__pcstackBANK0                                     cstackBANK0  000086
__pcstackCOMRAM                                    cstackCOMRAM 000030
__pdataCOMRAM                                      dataCOMRAM   000048
__pidataCOMRAM                                     idataCOMRAM  001E1E
__pivt0x8                                          ivt0x8       000008
__pnvBANK0                                         nvBANK0      00009C
__psmallconst                                      smallconst   001000
__ptext0                                           text0        001930
__ptext1                                           text1        001994
__ptext10                                          text10       00119E
__ptext11                                          text11       00151E
__ptext12                                          text12       001D8A
__ptext13                                          text13       001D94
__ptext14                                          text14       001D9E
__ptext15                                          text15       0016A0
__ptext16                                          text16       001CB0
__ptext17                                          text17       001C42
__ptext18                                          text18       0017F2
__ptext19                                          text19       001DEE
__ptext2                                           text2        0018F8
__ptext20                                          text20       001C98
__ptext21                                          text21       00162C
__ptext22                                          text22       001DA8
__ptext23                                          text23       001B02
__ptext24                                          text24       001380
__ptext25                                          text25       001B54
__ptext26                                          text26       001DFE
__ptext27                                          text27       001DB2
__ptext28                                          text28       001E04
__ptext29                                          text29       001B7A
__ptext3                                           text3        001464
__ptext30                                          text30       001E0A
__ptext31                                          text31       001DBC
__ptext32                                          text32       001DC6
__ptext33                                          text33       001B2C
__ptext34                                          text34       001DF6
__ptext35                                          text35       001DD0
__ptext36                                          text36       001DDA
__ptext37                                          text37       00106C
__ptext38                                          text38       001CC6
__ptext39                                          text39       001CDC
__ptext4                                           text4        001BE8
__ptext40                                          text40       001CF2
__ptext41                                          text41       001D08
__ptext42                                          text42       001D1E
__ptext43                                          text43       001E20
__ptext44                                          text44       001880
__ptext45                                          text45       001D34
__ptext46                                          text46       001D4A
__ptext47                                          text47       001BA0
__ptext48                                          text48       001E10
__ptext49                                          text49       001BC4
__ptext5                                           text5        001C06
__ptext50                                          text50       001E18
__ptext51                                          text51       001E22
__ptext52                                          text52       0019C4
__ptext53                                          text53       001A52
__ptext54                                          text54       001E24
__ptext55                                          text55       0019F4
__ptext56                                          text56       001A7E
__ptext57                                          text57       001E26
__ptext58                                          text58       001A24
__ptext59                                          text59       001AAA
__ptext6                                           text6        001C24
__ptext60                                          text60       001E28
__ptext61                                          text61       001D60
__ptext62                                          text62       0018BE
__ptext63                                          text63       0017A8
__ptext64                                          text64       001E2A
__ptext65                                          text65       0015A6
__ptext66                                          text66       001756
__ptext67                                          text67       001DE4
__ptext68                                          text68       001D72
__ptext69                                          text69       001E2C
__ptext7                                           text7        001962
__ptext70                                          text70       001704
__ptext71                                          text71       001E2E
__ptext72                                          text72       001AD6
__ptext73                                          text73       001C60
__ptext74                                          text74       00128E
__ptext75                                          text75       001E30
__ptext76                                          text76       001E32
__ptext77                                          text77       000000
__ptext8                                           text8        001D80
__ptext9                                           text9        001C7E
__ramtop                                           ramtop       001000
__smallconst                                       smallconst   001000
_i2c2Status                                        bssCOMRAM    000001
_main                                              text0        001930
_timerTMR0ReloadVal16bit                           bssCOMRAM    00001C
_uart1RxBuffer                                     bssBANK0     000070
_uart1RxCount                                      bssCOMRAM    00002A
_uart1RxHead                                       bssCOMRAM    00002C
_uart1RxLastError                                  bssBANK0     000082
_uart1RxStatusBuffer                               bssBANK0     000060
_uart1RxTail                                       bssCOMRAM    00002B
_uart1TxBuffer                                     bssBANK0     000078
_uart1TxBufferRemaining                            bssCOMRAM    00002D
_uart1TxHead                                       bssCOMRAM    00002F
_uart1TxTail                                       bssCOMRAM    00002E
end_of_initialization                              cinit        00187A
i1_I2C2_InterruptsEnable                           text45       001D34
intlevel0                                          text         000000
intlevel1                                          text         000000
intlevel2                                          text         000000
intlevel3                                          text         000000
isa$std                                            (abs)        000001
isa$xinst                                          (abs)        000000
ivt0x8_base                                        ivt0x8       000008
ivt0x8_undefint                                    ivt0x8       0000AC
stackhi                                            (abs)        000000
stacklo                                            (abs)        000000
start                                              init         0000AE
start_initialization                               cinit        00183A


MODULE INFORMATION

Module		Function		Class		Link	Load	Size
mcc_generated_files/peripheral/src/uart2.c
		_UART2_Initialize		CODE           	18F8	0000	56

mcc_generated_files/peripheral/src/uart2.c estimated size: 56

mcc_generated_files/peripheral/src/i2c1.c
		_I2C1_Initialize		CODE           	17F2	0000	72

mcc_generated_files/peripheral/src/i2c1.c estimated size: 72

mcc_generated_files/system/src/interrupt.c
		_IOC_ISR       		CODE           	1E18	0000	6
		_INT0_SetInterruptHandler		CODE           	1D9E	0000	10
		_INT1_SetInterruptHandler		CODE           	1D94	0000	10
		_INT2_SetInterruptHandler		CODE           	1D8A	0000	10
		_INTERRUPT_Initialize		CODE           	151E	0000	136
		_INT0_DefaultInterruptHandler		CODE           	1E24	0000	2
		_INT0_CallBack 		CODE           	1A52	0000	44
		_INT1_DefaultInterruptHandler		CODE           	1E26	0000	2
		_INT1_CallBack 		CODE           	1A7E	0000	44
		_INT2_DefaultInterruptHandler		CODE           	1E28	0000	2
		_INT2_CallBack 		CODE           	1AAA	0000	44
		_Default_ISR   		CODE           	1E2C	0000	2
		_INT0_ISR      		CODE           	19C4	0000	46
		_INT1_ISR      		CODE           	19F4	0000	46
		_INT2_ISR      		CODE           	1A24	0000	46

mcc_generated_files/system/src/interrupt.c estimated size: 450

mcc_generated_files/adc/src/adcc.c
		_ADCC_DefaultADI_ISR		CODE           	1E2A	0000	2
		_ADCC_SetADIInterruptHandler		CODE           	1DA8	0000	10
		_ADCC_ISR      		CODE           	17A8	0000	74
		_ADCC_StartConversion		CODE           	1D72	0000	14
		_ADCC_Initialize		CODE           	162C	0000	116

mcc_generated_files/adc/src/adcc.c estimated size: 216

mcc_generated_files/uart/src/uart1.c
		_UART1_DefaultOverrunErrorCallback		CODE           	1E30	0000	2
		_UART1_Write   		CODE           	1756	0000	80
		_UART1_FramingErrorCallbackRegister		CODE           	1C24	0000	30
		_UART1_Transmit_Vector_ISR		CODE           	1D60	0000	18
		_UART1_Receive_Vector_ISR		CODE           	1C60	0000	30
		_UART1_OverrunErrorCallbackRegister		CODE           	1C06	0000	30
		_UART1_ReceiveISR		CODE           	128E	0000	240
		_UART1_Initialize		CODE           	1464	0000	186
		_UART1_DefaultFramingErrorCallback		CODE           	1E32	0000	2
		_UART1_TransmitISR		CODE           	18BE	0000	58
		_UART1_ParityErrorCallbackRegister		CODE           	1BE8	0000	30

mcc_generated_files/uart/src/uart1.c estimated size: 706

mcc_generated_files/system/src/pins.c
		_PIN_MANAGER_Initialize		CODE           	119E	0000	240
		_PIN_MANAGER_IOC		CODE           	1E22	0000	2

mcc_generated_files/system/src/pins.c estimated size: 242

Timer_int.c
		_Timer_int     		CODE           	1AD6	0000	44

Timer_int.c estimated size: 44

shared
		_SPI1          		SMALLCONST     	1045	0000	18
		_UART          		SMALLCONST     	1001	0000	48
		_Timer         		SMALLCONST     	1057	0000	12
		__initialization		CODE           	183A	0000	64
		_I2C_Host      		SMALLCONST     	1031	0000	20
		i1_I2C2_InterruptsEnable		CODE           	1D34	0000	22
		_spi1_configuration		SMALLCONST     	0000	0000	0

shared estimated size: 184

mcc_generated_files/system/src/clock.c
		_CLOCK_Initialize		CODE           	1C98	0000	24

mcc_generated_files/system/src/clock.c estimated size: 24

ADC_int.c
		_ADC_int       		CODE           	15A6	0000	134

ADC_int.c estimated size: 134

mcc_generated_files/timer/src/tmr0.c
		_Timer_OverflowISR		CODE           	1704	0000	82
		_Timer_Initialize		CODE           	1962	0000	50
		_Timer_DefaultOverflowCallback		CODE           	1E2E	0000	2
		_Timer_OverflowCallbackRegister		CODE           	1D80	0000	10

mcc_generated_files/timer/src/tmr0.c estimated size: 144

main.c
		_main          		CODE           	1930	0000	50

main.c estimated size: 50

mcc_generated_files/fvr/src/fvr.c
		_FVR_Initialize		CODE           	1DEE	0000	8

mcc_generated_files/fvr/src/fvr.c estimated size: 8

mcc_generated_files/i2c_host/src/i2c2.c
		_I2C2_AddrTransmit		CODE           	1DC6	0000	10
		_I2C2_IsBusTimeOut		CODE           	1CF2	0000	22
		_I2C2_DefaultCallback		CODE           	1E20	0000	2
		_I2C2_StartSend		CODE           	1E0A	0000	6
		_I2C2_CallbackRegister		CODE           	1C42	0000	30
		_I2C2_RX_ISR   		CODE           	1BA0	0000	36
		_I2C2_InterruptsEnable		CODE           	1CB0	0000	22
		_I2C2_CounterGet		CODE           	1E04	0000	6
		_I2C2_CounterSet		CODE           	1DBC	0000	10
		_I2C2_ReadStart		CODE           	1B7A	0000	38
		_I2C2_InterruptsClear		CODE           	1DF6	0000	8
		_I2C2_ISR      		CODE           	1380	0000	228
		_I2C2_DataReceive		CODE           	1E10	0000	6
		_I2C2_IsData   		CODE           	1CDC	0000	22
		_I2C2_IsNack   		CODE           	1CC6	0000	22
		_I2C2_IsAddr   		CODE           	1D1E	0000	22
		_I2C2_InterruptsDisable		CODE           	1D4A	0000	22
		_I2C2_BufferClear		CODE           	1DDA	0000	10
		_I2C2_BusReset 		CODE           	1880	0000	62
		_I2C2_Initialize		CODE           	16A0	0000	100
		_I2C2_Close    		CODE           	1B2C	0000	40
		_I2C2_IsBusCol 		CODE           	1D08	0000	22
		_I2C2_ERROR_ISR		CODE           	106C	0000	306
		_I2C2_ErrorFlagsClear		CODE           	1DD0	0000	10
		_I2C2_TX_ISR   		CODE           	1BC4	0000	36
		_I2C2_StopSend 		CODE           	1B54	0000	38
		_I2C2_RestartDisable		CODE           	1DFE	0000	6
		_I2C2_DataTransmit		CODE           	1DB2	0000	10

mcc_generated_files/i2c_host/src/i2c2.c estimated size: 1152

mcc_generated_files/system/src/system.c
		_SYSTEM_Initialize		CODE           	1994	0000	46

mcc_generated_files/system/src/system.c estimated size: 46

mcc_generated_files/spi/src/spi1.c
		_SPI1_ByteWrite		CODE           	1DE4	0000	10
		_SPI1_Open     		CODE           	1B02	0000	42
		_SPI1_Initialize		CODE           	1C7E	0000	26

mcc_generated_files/spi/src/spi1.c estimated size: 78

