Microchip MPLAB XC8 Compiler V2.40

Linker command line:

-W-3 \
  --edf=C:\Program Files\Microchip\xc8\v2.40\pic\dat\20220703182018_en.msgs \
  -pivt0x8=08h -cn -h+dist/default/production\Practica_2a.X.production.sym \
  --cmf=dist/default/production\Practica_2a.X.production.cmf -z -Q18F46K42 \
  -oC:\Users\AULASI~1\AppData\Local\Temp\xcAsffs.4 --defsym=__MPLAB_BUILD=1 \
  --fixupoverflow=error \
  -Mdist/default/production/Practica_2a.X.production.map \
  --md=C:\Users\AULASI~1\AppData\Local\Temp\xcAsffs.dat -E1 \
  -ver=XC8 Compiler --acfsm=1493 -ACODE=00h-0FFFFh -ACONST=00h-0FFFFh \
  -ASMALLCONST=01000h-010FFhx240 -AMEDIUMCONST=01000h-0FFFFh \
  -ACOMRAM=01h-05Fh -AABS1=00h-0FFFh -ABIGRAM=01h-0FFFh \
  -ARAM=060h-0FFh,0100h-01FFhx15 -ABANK0=060h-0FFh -ABANK1=0100h-01FFh \
  -ABANK2=0200h-02FFh -ABANK3=0300h-03FFh -ABANK4=0400h-04FFh \
  -ABANK5=0500h-05FFh -ABANK6=0600h-06FFh -ABANK7=0700h-07FFh \
  -ABANK8=0800h-08FFh -ABANK9=0900h-09FFh -ABANK10=0A00h-0AFFh \
  -ABANK11=0B00h-0BFFh -ABANK12=0C00h-0CFFh -ABANK13=0D00h-0DFFh \
  -ABANK14=0E00h-0EFFh -ABANK15=0F00h-0FFFh \
  -ASFR=03800h-038FFhx7,03F00h-03F5Fh,03F60h-03FFFh -ABIGSFR=03800h-03FFFh \
  -ACONFIG=0300000h-0300009h -AIDLOC=0200000h-020000Fh \
  -AEEDATA=0310000h-03103FFh -peeprom_data=EEDATA -preset_vec=00h \
  -ppowerup=CODE,init -pramtop=01000h -psmallconst=SMALLCONST \
  -pmediumconst=MEDIUMCONST -pconst=CONST -AFARRAM=00h-00h \
  -prdata=COMRAM,nvrram=COMRAM,nvbit=COMRAM,rbss=COMRAM,rbit=COMRAM \
  -pfarbss=FARRAM,fardata=FARRAM,nvFARRAM=FARRAM \
  -pintsave_regs=BIGRAM,bigbss=BIGRAM,bigdata=BIGRAM -pbss=RAM \
  -pidata=CODE,irdata=CODE,ibigdata=CODE,ifardata=CODE -prparam=COMRAM \
  C:\Users\AULASI~1\AppData\Local\Temp\xcAsffs.o \
  dist/default/production\Practica_2a.X.production.o 

Object code version is 3.11

Machine type is 18F46K42



                Name                               Link     Load   Length Selector   Space Scale
C:\Users\AULASI~1\AppData\Local\Temp\xcAsffs.o
                idloc                            200000   200000       10        0       5
                config                           300000   300000        A        0       4
                init                                 AE       AE        4        4       0
                reset_vec                             0        0        4        0       0
dist/default/production\Practica_2a.X.production.o
                idloc                            200000   200000       10        0       5
                config                           300000   300000        A        0       4
                smallconst                         1000     1000       6A      800       0
                ivt0x8                                8        8       A6        4       0
                text74                             1DB2     1DB2        2      662       0
                text73                             1DB0     1DB0        2      662       0
                text72                             119E     119E       F0      41B       0
                text71                             1BEC     1BEC       1E      662       0
                text70                             1A66     1A66       2C      662       0
                text69                             1DAE     1DAE        2      662       0
                text68                             17C0     17C0       48      5F0       0
                text67                             1DAC     1DAC        2      662       0
                text66                             1CFE     1CFE        E      662       0
                text65                             160E     160E       74      4DE       0
                text64                             1776     1776       48      5B9       0
                text63                             1DAA     1DAA        2      662       0
                text62                             16E4     16E4       4A      5B9       0
                text61                             1888     1888       3A      5F0       0
                text60                             1CEC     1CEC       12      662       0
                text59                             1DA8     1DA8        2      662       0
                text58                             1A3A     1A3A       2C      662       0
                text57                             1988     1988       2E      662       0
                text56                             1DA6     1DA6        2      662       0
                text55                             1A0E     1A0E       2C      662       0
                text54                             1958     1958       2E      656       0
                text53                             1DA4     1DA4        2      662       0
                text52                             19E2     19E2       2C      662       0
                text51                             1928     1928       2E      5F0       0
                text50                             1DA2     1DA2        2      662       0
                text49                             1D98     1D98        6      662       0
                text48                             1B50     1B50       24      662       0
                text47                             1D92     1D92        6      662       0
                text46                             1B2C     1B2C       24      662       0
                text45                             1CD6     1CD6       16      662       0
                text44                             1CC0     1CC0       16      662       0
                text43                             184E     184E       3A      5F0       0
                text42                             1DA0     1DA0        2      662       0
                text41                             1CAA     1CAA       16      662       0
                text40                             1C94     1C94       16      662       0
                text39                             1C7E     1C7E       16      662       0
                text38                             1C68     1C68       16      662       0
                text37                             1C52     1C52       16      662       0
                text36                             106C     106C      132      41B       0
                text35                             1D66     1D66        A      662       0
                text34                             1D5C     1D5C        A      662       0
                text33                             1D78     1D78        8      662       0
                text32                             1A92     1A92       28      662       0
                text31                             1D52     1D52        A      662       0
                text30                             1D48     1D48        A      662       0
                text29                             1D8C     1D8C        6      662       0
                text28                             1B06     1B06       26      662       0
                text27                             1D86     1D86        6      662       0
                text26                             1D3E     1D3E        A      662       0
                text25                             1D80     1D80        6      662       0
                text24                             1AE0     1AE0       26      662       0
                text23                             1378     1378       E4      4DE       0
                text22                             1D34     1D34        A      662       0
                text21                             159A     159A       74      4DE       0
                text20                             1C24     1C24       18      662       0
                text19                             1D70     1D70        8      662       0
                text18                             172E     172E       48      5B9       0
                text17                             1BCE     1BCE       1E      662       0
                text16                             1C3C     1C3C       16      662       0
                text15                             1682     1682       60      4DE       0
                text14                             1D2A     1D2A        A      662       0
                text13                             1D20     1D20        A      662       0
                text12                             1D16     1D16        A      662       0
                text11                             1512     1512       88      4DE       0
                text10                             128E     128E       E8      41B       0
                text9                              1C0A     1C0A       1A      662       0
                text8                              1D0C     1D0C        A      662       0
                text7                              1ABA     1ABA       26      662       0
                text6                              1BB0     1BB0       1E      662       0
                text5                              1B92     1B92       1E      662       0
                text4                              1B74     1B74       1E      662       0
                text3                              145C     145C       B6      4DE       0
                text2                              18C2     18C2       38      5F0       0
                text1                              18FA     18FA       2E      5F0       0
                text0                              19B6     19B6       2C      662       0
                cstackCOMRAM                         30       30       18        1       1
                cstackBANK0                          84       84       15       60       1
                bssBANK0                             60       60       24       60       1
                dataCOMRAM                           48       48        2        1       1
                bssCOMRAM                             1        1       2F        1       1
                cinit                              1808     1808       46      5F0       0
                nvBANK0                              99       99        2       60       1
                idataCOMRAM                        1D9E     1D9E        2      662       0

TOTAL           Name                               Link     Load   Length     Space
        CLASS   CODE           
                init                                 AE       AE        4         0
                reset_vec                             0        0        4         0
                ivt0x8                                8        8       A6         0
                text74                             1DB2     1DB2        2         0
                text73                             1DB0     1DB0        2         0
                text72                             119E     119E       F0         0
                text71                             1BEC     1BEC       1E         0
                text70                             1A66     1A66       2C         0
                text69                             1DAE     1DAE        2         0
                text68                             17C0     17C0       48         0
                text67                             1DAC     1DAC        2         0
                text66                             1CFE     1CFE        E         0
                text65                             160E     160E       74         0
                text64                             1776     1776       48         0
                text63                             1DAA     1DAA        2         0
                text62                             16E4     16E4       4A         0
                text61                             1888     1888       3A         0
                text60                             1CEC     1CEC       12         0
                text59                             1DA8     1DA8        2         0
                text58                             1A3A     1A3A       2C         0
                text57                             1988     1988       2E         0
                text56                             1DA6     1DA6        2         0
                text55                             1A0E     1A0E       2C         0
                text54                             1958     1958       2E         0
                text53                             1DA4     1DA4        2         0
                text52                             19E2     19E2       2C         0
                text51                             1928     1928       2E         0
                text50                             1DA2     1DA2        2         0
                text49                             1D98     1D98        6         0
                text48                             1B50     1B50       24         0
                text47                             1D92     1D92        6         0
                text46                             1B2C     1B2C       24         0
                text45                             1CD6     1CD6       16         0
                text44                             1CC0     1CC0       16         0
                text43                             184E     184E       3A         0
                text42                             1DA0     1DA0        2         0
                text41                             1CAA     1CAA       16         0
                text40                             1C94     1C94       16         0
                text39                             1C7E     1C7E       16         0
                text38                             1C68     1C68       16         0
                text37                             1C52     1C52       16         0
                text36                             106C     106C      132         0
                text35                             1D66     1D66        A         0
                text34                             1D5C     1D5C        A         0
                text33                             1D78     1D78        8         0
                text32                             1A92     1A92       28         0
                text31                             1D52     1D52        A         0
                text30                             1D48     1D48        A         0
                text29                             1D8C     1D8C        6         0
                text28                             1B06     1B06       26         0
                text27                             1D86     1D86        6         0
                text26                             1D3E     1D3E        A         0
                text25                             1D80     1D80        6         0
                text24                             1AE0     1AE0       26         0
                text23                             1378     1378       E4         0
                text22                             1D34     1D34        A         0
                text21                             159A     159A       74         0
                text20                             1C24     1C24       18         0
                text19                             1D70     1D70        8         0
                text18                             172E     172E       48         0
                text17                             1BCE     1BCE       1E         0
                text16                             1C3C     1C3C       16         0
                text15                             1682     1682       60         0
                text14                             1D2A     1D2A        A         0
                text13                             1D20     1D20        A         0
                text12                             1D16     1D16        A         0
                text11                             1512     1512       88         0
                text10                             128E     128E       E8         0
                text9                              1C0A     1C0A       1A         0
                text8                              1D0C     1D0C        A         0
                text7                              1ABA     1ABA       26         0
                text6                              1BB0     1BB0       1E         0
                text5                              1B92     1B92       1E         0
                text4                              1B74     1B74       1E         0
                text3                              145C     145C       B6         0
                text2                              18C2     18C2       38         0
                text1                              18FA     18FA       2E         0
                text0                              19B6     19B6       2C         0
                cinit                              1808     1808       46         0
                idataCOMRAM                        1D9E     1D9E        2         0

        CLASS   CONST          

        CLASS   SMALLCONST     
                smallconst                         1000     1000       6A         0

        CLASS   MEDIUMCONST    

        CLASS   COMRAM         
                cstackCOMRAM                         30       30       18         1
                dataCOMRAM                           48       48        2         1
                bssCOMRAM                             1        1       2F         1

        CLASS   ABS1           

        CLASS   BIGRAM         

        CLASS   RAM            

        CLASS   BANK0          
                cstackBANK0                          84       84       15         1
                bssBANK0                             60       60       24         1
                nvBANK0                              99       99        2         1

        CLASS   BANK1          

        CLASS   BANK2          

        CLASS   BANK3          

        CLASS   BANK4          

        CLASS   BANK5          

        CLASS   BANK6          

        CLASS   BANK7          

        CLASS   BANK8          

        CLASS   BANK9          

        CLASS   BANK10         

        CLASS   BANK11         

        CLASS   BANK12         

        CLASS   BANK13         

        CLASS   BANK14         

        CLASS   BANK15         

        CLASS   SFR            

        CLASS   BIGSFR         

        CLASS   CONFIG         
                config                           300000   300000        A         4

        CLASS   IDLOC          
                idloc                            200000   200000       10         5

        CLASS   EEDATA         

        CLASS   FARRAM         

        CLASS   HEAP           

        CLASS   STACK          



SEGMENTS        Name                           Load    Length   Top    Selector   Space  Class

                reset_vec                      000000  000004  000004         0       0  CODE    
                bssCOMRAM                      000001  000049  00004A         1       1  COMRAM  
                ivt0x8                         000008  0000AA  0000B2         4       0  CODE    
                bssBANK0                       000060  00003B  00009B        60       1  BANK0   
                smallconst                     001000  00006A  00106A       800       0  SMALLCON
                text36                         00106C  00030A  001376       41B       0  CODE    
                text23                         001378  00036A  0016E2       4DE       0  CODE    
                text62                         0016E4  0000DA  0017BE       5B9       0  CODE    
                text68                         0017C0  000196  001956       5F0       0  CODE    
                text54                         001958  00002E  001986       656       0  CODE    
                text57                         001988  00042C  001DB4       662       0  CODE    


UNUSED ADDRESS RANGES

        Name                Unused          Largest block    Delta
        BANK0            00009B-0000FF               65
        BANK1            000100-0001FF              100
        BANK10           000A00-000AFF              100
        BANK11           000B00-000BFF              100
        BANK12           000C00-000CFF              100
        BANK13           000D00-000DFF              100
        BANK14           000E00-000EFF              100
        BANK15           000F00-000FFF              100
        BANK2            000200-0002FF              100
        BANK3            000300-0003FF              100
        BANK4            000400-0004FF              100
        BANK5            000500-0005FF              100
        BANK6            000600-0006FF              100
        BANK7            000700-0007FF              100
        BANK8            000800-0008FF              100
        BANK9            000900-0009FF              100
        BIGRAM           00004A-00005F               16
                         00009B-000FFF              F65
        BIGSFR           003800-003FFF              800
        CODE             000004-000007                4
                         0000B2-000FFF              F4E
                         00106A-00106B                2
                         001376-001377                2
                         0016E2-0016E3                2
                         0017BE-0017BF                2
                         001956-001957                2
                         001986-001987                2
                         001DB4-00FFFF             E24C
        COMRAM           00004A-00005F               16
        CONST            000004-000007                4
                         0000B2-000FFF              F4E
                         00106A-00106B                2
                         001376-001377                2
                         0016E2-0016E3                2
                         0017BE-0017BF                2
                         001956-001957                2
                         001986-001987                2
                         001DB4-00FFFF             E24C
        EEDATA           310000-3103FF              400
        MEDIUMCONST      00106A-00106B                2
                         001376-001377                2
                         0016E2-0016E3                2
                         0017BE-0017BF                2
                         001956-001957                2
                         001986-001987                2
                         001DB4-00FFFF             E24C
        RAM              00009B-000FFF              100
        SFR              003800-003FFF              100
        SMALLCONST       00106A-00106B                2
                         001376-001377                2
                         0016E2-0016E3                2
                         0017BE-0017BF                2
                         001956-001957                2
                         001986-001987                2
                         001DB4-00FFFF              100

                                  Symbol Table

ADCC_SetADIInterruptHandler@InterruptHandler       cstackBANK0  000096
ADCC_StartConversion@channel                       cstackCOMRAM 000035
I2C2_AddrTransmit@addr                             cstackCOMRAM 00003C
I2C2_CallbackRegister@callbackHandler              cstackBANK0  000096
I2C2_CounterSet@counter                            cstackCOMRAM 000044
I2C2_DataTransmit@data                             cstackCOMRAM 000046
INT0_SetInterruptHandler@InterruptHandler          cstackBANK0  000096
INT1_SetInterruptHandler@InterruptHandler          cstackBANK0  000096
INT2_SetInterruptHandler@InterruptHandler          cstackBANK0  000096
INTERRUPT_Initialize@state                         cstackBANK0  000098
IVTBASEH                                           (abs)        003FD6
IVTBASEL                                           (abs)        003FD5
IVTBASEU                                           (abs)        003FD7
Timer_OverflowCallbackRegister@CallbackHandler     cstackBANK0  000096
Timer_int@count                                    bssCOMRAM    00000E
UART1_FramingErrorCallbackRegister@callbackHandler cstackBANK0  000096
UART1_OverrunErrorCallbackRegister@callbackHandler cstackBANK0  000096
UART1_ParityErrorCallbackRegister@callbackHandler  cstackBANK0  000096
UART1_ReceiveISR@regValue                          cstackCOMRAM 000038
UART1_ReceiveISR@tempRxHead                        cstackCOMRAM 000039
UART1_TransmitISR@tempTxTail                       cstackBANK0  000094
UART1_Write@tempTxHead                             cstackCOMRAM 000031
UART1_Write@txData                                 cstackCOMRAM 000032
UART_RX_int@mesage                                 bssCOMRAM    000010
UART_RX_int@opcode                                 bssCOMRAM    000028
UART_RX_int@status                                 bssCOMRAM    000029
_ADACCH                                            (abs)        003EE9
_ADACCL                                            (abs)        003EE8
_ADACCU                                            (abs)        003EEA
_ADACQH                                            (abs)        003EF4
_ADACQL                                            (abs)        003EF3
_ADACT                                             (abs)        003EFE
_ADCAP                                             (abs)        003EF5
_ADCC_ADI_InterruptHandler                         nvBANK0      000099
_ADCC_DefaultADI_ISR                               text63       001DAA
_ADCC_ISR                                          text62       0016E4
_ADCC_Initialize                                   text21       00159A
_ADCC_SetADIInterruptHandler                       text22       001D34
_ADCC_StartConversion                              text66       001CFE
_ADCLK                                             (abs)        003EFF
_ADCNT                                             (abs)        003EEB
_ADCON0                                            (abs)        003EF8
_ADCON0bits                                        (abs)        003EF8
_ADCON1                                            (abs)        003EF9
_ADCON1bits                                        (abs)        003EF9
_ADCON2                                            (abs)        003EFA
_ADCON2bits                                        (abs)        003EFA
_ADCON3                                            (abs)        003EFB
_ADCON3bits                                        (abs)        003EFB
_ADC_int                                           text64       001776
_ADERRH                                            (abs)        003EE3
_ADERRL                                            (abs)        003EE2
_ADFLTRH                                           (abs)        003EE7
_ADFLTRL                                           (abs)        003EE6
_ADLTHH                                            (abs)        003EDF
_ADLTHL                                            (abs)        003EDE
_ADPCH                                             (abs)        003EF1
_ADPREH                                            (abs)        003EF7
_ADPREL                                            (abs)        003EF6
_ADPREVH                                           (abs)        003EEE
_ADPREVL                                           (abs)        003EED
_ADREF                                             (abs)        003EFD
_ADRESH                                            (abs)        003EF0
_ADRESL                                            (abs)        003EEF
_ADRPT                                             (abs)        003EEC
_ADSTAT                                            (abs)        003EFC
_ADSTATbits                                        (abs)        003EFC
_ADSTPTH                                           (abs)        003EE5
_ADSTPTL                                           (abs)        003EE4
_ADUTHH                                            (abs)        003EE1
_ADUTHL                                            (abs)        003EE0
_ANSELA                                            (abs)        003A40
_ANSELB                                            (abs)        003A50
_ANSELC                                            (abs)        003A60
_ANSELD                                            (abs)        003A70
_ANSELE                                            (abs)        003A80
_CLOCK_Initialize                                  text20       001C24
_Default_ISR                                       text67       001DAC
_FVRCON                                            (abs)        003EC1
_FVRCONbits                                        (abs)        003EC1
_FVR_Initialize                                    text19       001D70
_GIE                                               (abs)        01FE97
_I2C1ADB0                                          (abs)        003D6D
_I2C1ADB1                                          (abs)        003D6E
_I2C1ADR0                                          (abs)        003D6F
_I2C1ADR1                                          (abs)        003D70
_I2C1ADR2                                          (abs)        003D71
_I2C1ADR3                                          (abs)        003D72
_I2C1BTO                                           (abs)        003D7C
_I2C1CLK                                           (abs)        003D7B
_I2C1CNT                                           (abs)        003D6C
_I2C1CON0                                          (abs)        003D73
_I2C1CON1                                          (abs)        003D74
_I2C1CON2                                          (abs)        003D75
_I2C1ERR                                           (abs)        003D76
_I2C1PIE                                           (abs)        003D7A
_I2C1PIR                                           (abs)        003D79
_I2C1STAT1                                         (abs)        003D78
_I2C1TXB                                           (abs)        003D6B
_I2C1_Initialize                                   text18       00172E
_I2C2ADB1                                          (abs)        003D58
_I2C2CLK                                           (abs)        003D65
_I2C2CNT                                           (abs)        003D56
_I2C2CON0                                          (abs)        003D5D
_I2C2CON0bits                                      (abs)        003D5D
_I2C2CON1                                          (abs)        003D5E
_I2C2CON1bits                                      (abs)        003D5E
_I2C2CON2                                          (abs)        003D5F
_I2C2ERR                                           (abs)        003D60
_I2C2ERRbits                                       (abs)        003D60
_I2C2PIE                                           (abs)        003D64
_I2C2PIEbits                                       (abs)        003D64
_I2C2PIR                                           (abs)        003D63
_I2C2PIRbits                                       (abs)        003D63
_I2C2RXB                                           (abs)        003D54
_I2C2SCLPPS                                        (abs)        003AE3
_I2C2SDAPPS                                        (abs)        003AE4
_I2C2STAT0bits                                     (abs)        003D61
_I2C2STAT1                                         (abs)        003D62
_I2C2STAT1bits                                     (abs)        003D62
_I2C2TXB                                           (abs)        003D55
_I2C2_AddrTransmit                                 text31       001D52
_I2C2_BufferClear                                  text35       001D66
_I2C2_BusReset                                     text43       00184E
_I2C2_Callback                                     bssCOMRAM    000026
_I2C2_CallbackRegister                             text17       001BCE
_I2C2_Close                                        text32       001A92
_I2C2_CounterGet                                   text27       001D86
_I2C2_CounterSet                                   text30       001D48
_I2C2_DataReceive                                  text47       001D92
_I2C2_DataTransmit                                 text26       001D3E
_I2C2_DefaultCallback                              text42       001DA0
_I2C2_Deinitialize                                 (abs)        000000
_I2C2_ERROR_ISR                                    text36       00106C
_I2C2_ErrorFlagsClear                              text34       001D5C
_I2C2_ErrorGet                                     (abs)        000000
_I2C2_ISR                                          text23       001378
_I2C2_Initialize                                   text15       001682
_I2C2_InterruptsClear                              text33       001D78
_I2C2_InterruptsDisable                            text45       001CD6
_I2C2_InterruptsEnable                             text16       001C3C
_I2C2_IsAddr                                       text41       001CAA
_I2C2_IsBusCol                                     text40       001C94
_I2C2_IsBusTimeOut                                 text39       001C7E
_I2C2_IsBusy                                       (abs)        000000
_I2C2_IsData                                       text38       001C68
_I2C2_IsNack                                       text37       001C52
_I2C2_RX_ISR                                       text46       001B2C
_I2C2_Read                                         (abs)        000000
_I2C2_ReadStart                                    text28       001B06
_I2C2_RestartDisable                               text25       001D80
_I2C2_StartSend                                    text29       001D8C
_I2C2_StopSend                                     text24       001AE0
_I2C2_TX_ISR                                       text48       001B50
_I2C2_Write                                        (abs)        000000
_I2C2_WriteRead                                    (abs)        000000
_I2C_Host                                          smallconst   001031
_INLVLA                                            (abs)        003A44
_INLVLB                                            (abs)        003A54
_INLVLC                                            (abs)        003A64
_INLVLD                                            (abs)        003A74
_INLVLE                                            (abs)        003A84
_INT0_CallBack                                     text52       0019E2
_INT0_DefaultInterruptHandler                      text53       001DA4
_INT0_ISR                                          text51       001928
_INT0_InterruptHandler                             bssCOMRAM    000020
_INT0_SetInterruptHandler                          text14       001D2A
_INT1_CallBack                                     text55       001A0E
_INT1_DefaultInterruptHandler                      text56       001DA6
_INT1_ISR                                          text54       001958
_INT1_InterruptHandler                             bssCOMRAM    00001E
_INT1_SetInterruptHandler                          text13       001D20
_INT2_CallBack                                     text58       001A3A
_INT2_DefaultInterruptHandler                      text59       001DA8
_INT2_ISR                                          text57       001988
_INT2_InterruptHandler                             bssCOMRAM    00001C
_INT2_SetInterruptHandler                          text12       001D16
_INTCON0bits                                       (abs)        003FD2
_INTERRUPT_Initialize                              text11       001512
_IOCAF                                             (abs)        003A47
_IOCAN                                             (abs)        003A46
_IOCAP                                             (abs)        003A45
_IOCBF                                             (abs)        003A57
_IOCBN                                             (abs)        003A56
_IOCBP                                             (abs)        003A55
_IOCCF                                             (abs)        003A67
_IOCCN                                             (abs)        003A66
_IOCCP                                             (abs)        003A65
_IOCEF                                             (abs)        003A87
_IOCEN                                             (abs)        003A86
_IOCEP                                             (abs)        003A85
_IOC_ISR                                           text49       001D98
_IPR0bits                                          (abs)        003980
_IPR1bits                                          (abs)        003981
_IPR3bits                                          (abs)        003983
_IPR5bits                                          (abs)        003985
_IPR6bits                                          (abs)        003986
_IVTBASEH                                          (abs)        003FD6
_IVTBASEL                                          (abs)        003FD5
_IVTBASEU                                          (abs)        003FD7
_IVTLOCK                                           (abs)        003FD4
_IVTLOCKbits                                       (abs)        003FD4
_LATA                                              (abs)        003FBA
_LATB                                              (abs)        003FBB
_LATC                                              (abs)        003FBC
_LATD                                              (abs)        003FBD
_LATDbits                                          (abs)        003FBD
_LATE                                              (abs)        003FBE
_ODCONA                                            (abs)        003A42
_ODCONB                                            (abs)        003A52
_ODCONC                                            (abs)        003A62
_ODCOND                                            (abs)        003A72
_ODCONE                                            (abs)        003A82
_OSCCON1                                           (abs)        0039D9
_OSCCON3                                           (abs)        0039DB
_OSCEN                                             (abs)        0039DD
_OSCFRQ                                            (abs)        0039DF
_OSCTUNE                                           (abs)        0039DE
_PERIOD                                            dataCOMRAM   000048
_PIE1bits                                          (abs)        003991
_PIE3bits                                          (abs)        003993
_PIE5bits                                          (abs)        003995
_PIE6bits                                          (abs)        003996
_PIN_MANAGER_IOC                                   text50       001DA2
_PIN_MANAGER_Initialize                            text10       00128E
_PIR1bits                                          (abs)        0039A1
_PIR2bits                                          (abs)        0039A2
_PIR3bits                                          (abs)        0039A3
_PIR5bits                                          (abs)        0039A5
_PIR7bits                                          (abs)        0039A7
_RB1I2C                                            (abs)        003A5A
_RB1PPS                                            (abs)        003A09
_RB2I2C                                            (abs)        003A5B
_RB2PPS                                            (abs)        003A0A
_RC3I2C                                            (abs)        003A6A
_RC3PPS                                            (abs)        003A13
_RC4I2C                                            (abs)        003A6B
_RD0I2C                                            (abs)        003A7A
_RD1I2C                                            (abs)        003A7B
_SLRCONA                                           (abs)        003A43
_SLRCONB                                           (abs)        003A53
_SLRCONC                                           (abs)        003A63
_SLRCOND                                           (abs)        003A73
_SLRCONE                                           (abs)        003A83
_SPI                                               smallconst   001045
_SPI1BAUD                                          (abs)        003D19
_SPI1CLK                                           (abs)        003D1C
_SPI1CON0                                          (abs)        003D14
_SPI1CON0bits                                      (abs)        003D14
_SPI1CON1                                          (abs)        003D15
_SPI1CON2                                          (abs)        003D16
_SPI1RXB                                           (abs)        003D10
_SPI1SCKPPS                                        (abs)        003ADE
_SPI1SDIPPS                                        (abs)        003ADF
_SPI1TCNTL                                         (abs)        003D12
_SPI1TXB                                           (abs)        003D11
_SPI_BufferExchange                                (abs)        000000
_SPI_BufferRead                                    (abs)        000000
_SPI_BufferWrite                                   (abs)        000000
_SPI_ByteExchange                                  (abs)        000000
_SPI_ByteRead                                      (abs)        000000
_SPI_ByteWrite                                     (abs)        000000
_SPI_Close                                         (abs)        000000
_SPI_Initialize                                    text9        001C0A
_SPI_Open                                          (abs)        000000
_SYSTEM_Initialize                                 text1        0018FA
_T0CON0                                            (abs)        003FB8
_T0CON0bits                                        (abs)        003FB8
_T0CON1                                            (abs)        003FB9
_TMR0H                                             (abs)        003FB7
_TMR0L                                             (abs)        003FB6
_TRISA                                             (abs)        003FC2
_TRISB                                             (abs)        003FC3
_TRISC                                             (abs)        003FC4
_TRISCbits                                         (abs)        003FC4
_TRISD                                             (abs)        003FC5
_TRISE                                             (abs)        003FC6
_Timer                                             smallconst   001057
_Timer_DefaultOverflowCallback                     text69       001DAE
_Timer_Initialize                                  text7        001ABA
_Timer_OverflowCallback                            bssCOMRAM    00001A
_Timer_OverflowCallbackRegister                    text8        001D0C
_Timer_OverflowISR                                 text68       0017C0
_Timer_Reload                                      (abs)        000000
_Timer_Start                                       (abs)        000000
_Timer_Stop                                        (abs)        000000
_Timer_int                                         text70       001A66
_U1BRGH                                            (abs)        003DF6
_U1BRGL                                            (abs)        003DF5
_U1CON0                                            (abs)        003DF2
_U1CON0bits                                        (abs)        003DF2
_U1CON1                                            (abs)        003DF3
_U1CON1bits                                        (abs)        003DF3
_U1CON2                                            (abs)        003DF4
_U1ERRIE                                           (abs)        003DFA
_U1ERRIR                                           (abs)        003DF9
_U1ERRIRbits                                       (abs)        003DF9
_U1FIFO                                            (abs)        003DF7
_U1P1H                                             (abs)        003DED
_U1P1L                                             (abs)        003DEC
_U1P2H                                             (abs)        003DEF
_U1P2L                                             (abs)        003DEE
_U1P3H                                             (abs)        003DF1
_U1P3L                                             (abs)        003DF0
_U1RXB                                             (abs)        003DE8
_U1RXCHK                                           (abs)        003DE9
_U1RXPPS                                           (abs)        003AE5
_U1TXB                                             (abs)        003DEA
_U1TXCHK                                           (abs)        003DEB
_U1UIR                                             (abs)        003DF8
_U1UIRbits                                         (abs)        003DF8
_U2BRGH                                            (abs)        003DDE
_U2BRGL                                            (abs)        003DDD
_U2CON0                                            (abs)        003DDA
_U2CON1                                            (abs)        003DDB
_U2CON2                                            (abs)        003DDC
_U2ERRIE                                           (abs)        003DE2
_U2ERRIR                                           (abs)        003DE1
_U2FIFO                                            (abs)        003DDF
_U2P1L                                             (abs)        003DD4
_U2P2L                                             (abs)        003DD6
_U2P3L                                             (abs)        003DD8
_U2TXB                                             (abs)        003DD2
_U2UIR                                             (abs)        003DE0
_UART                                              smallconst   001001
_UART1_AutoBaudQuery                               (abs)        000000
_UART1_AutoBaudSet                                 (abs)        000000
_UART1_DefaultFramingErrorCallback                 text74       001DB2
_UART1_DefaultOverrunErrorCallback                 text73       001DB0
_UART1_DefaultParityErrorCallback                  (abs)        000000
_UART1_Deinitialize                                (abs)        000000
_UART1_ErrorGet                                    (abs)        000000
_UART1_FramingErrorCallbackRegister                text6        001BB0
_UART1_FramingErrorHandler                         bssCOMRAM    000018
_UART1_Initialize                                  text3        00145C
_UART1_IsRxReady                                   (abs)        000000
_UART1_IsTxDone                                    (abs)        000000
_UART1_IsTxReady                                   (abs)        000000
_UART1_OverrunErrorCallbackRegister                text5        001B92
_UART1_OverrunErrorHandler                         bssCOMRAM    000016
_UART1_ParityErrorCallbackRegister                 text4        001B74
_UART1_ParityErrorHandler                          bssBANK0     000080
_UART1_Read                                        (abs)        000000
_UART1_ReceiveISR                                  text72       00119E
_UART1_Receive_Vector_ISR                          text71       001BEC
_UART1_RxCompleteCallbackRegister                  (abs)        000000
_UART1_RxCompleteInterruptHandler                  bssCOMRAM    000012
_UART1_RxInterruptHandler                          bssCOMRAM    000022
_UART1_TransmitDisable                             (abs)        000000
_UART1_TransmitEnable                              (abs)        000000
_UART1_TransmitISR                                 text61       001888
_UART1_Transmit_Vector_ISR                         text60       001CEC
_UART1_TxCompleteCallbackRegister                  (abs)        000000
_UART1_TxCompleteInterruptHandler                  bssCOMRAM    000014
_UART1_TxInterruptHandler                          bssCOMRAM    000024
_UART1_Write                                       text65       00160E
_UART2_Initialize                                  text2        0018C2
_WPUA                                              (abs)        003A41
_WPUB                                              (abs)        003A51
_WPUC                                              (abs)        003A61
_WPUD                                              (abs)        003A71
_WPUE                                              (abs)        003A81
__HRAM                                             (abs)        000000
__Habs1                                            abs1         000000
__Hbank0                                           bank0        000000
__Hbank1                                           bank1        000000
__Hbank10                                          bank10       000000
__Hbank11                                          bank11       000000
__Hbank12                                          bank12       000000
__Hbank13                                          bank13       000000
__Hbank14                                          bank14       000000
__Hbank15                                          bank15       000000
__Hbank2                                           bank2        000000
__Hbank3                                           bank3        000000
__Hbank4                                           bank4        000000
__Hbank5                                           bank5        000000
__Hbank6                                           bank6        000000
__Hbank7                                           bank7        000000
__Hbank8                                           bank8        000000
__Hbank9                                           bank9        000000
__Hbigbss                                          bigbss       000000
__Hbigdata                                         bigdata      000000
__Hbigram                                          bigram       000000
__Hbigsfr                                          bigsfr       000000
__Hbss                                             bss          000000
__HbssBANK0                                        bssBANK0     000000
__HbssCOMRAM                                       bssCOMRAM    000000
__Hcinit                                           cinit        000000
__Hclrtext                                         clrtext      000000
__Hcomram                                          comram       000000
__Hconfig                                          config       30000A
__Hconst                                           const        000000
__HcstackBANK0                                     cstackBANK0  000000
__HcstackCOMRAM                                    cstackCOMRAM 000000
__Hdata                                            data         000000
__HdataCOMRAM                                      dataCOMRAM   000000
__Heeprom_data                                     eeprom_data  000000
__Hfarbss                                          farbss       000000
__Hfardata                                         fardata      000000
__Hheap                                            heap         000000
__Hibigdata                                        ibigdata     000000
__Hidata                                           idata        000000
__HidataCOMRAM                                     idataCOMRAM  000000
__Hidloc                                           idloc        200010
__Hifardata                                        ifardata     000000
__Hinit                                            init         0000B2
__Hintsave_regs                                    intsave_regs 000000
__Hirdata                                          irdata       000000
__Hivt0x8                                          ivt0x8       0000AE
__Hmediumconst                                     mediumconst  000000
__HnvBANK0                                         nvBANK0      000000
__HnvFARRAM                                        nvFARRAM     000000
__Hnvbit                                           nvbit        000000
__Hnvrram                                          nvrram       000000
__Hparam                                           rparam       000000
__Hpowerup                                         powerup      000000
__Hram                                             ram          000000
__Hramtop                                          ramtop       001000
__Hrbit                                            rbit         000000
__Hrbss                                            rbss         000000
__Hrdata                                           rdata        000000
__Hreset_vec                                       reset_vec    000004
__Hrparam                                          rparam       000000
__Hsfr                                             sfr          000000
__Hsmallconst                                      smallconst   00106A
__Hspace_0                                         (abs)        001DB4
__Hspace_1                                         (abs)        00009B
__Hspace_2                                         (abs)        000000
__Hspace_4                                         (abs)        60000A
__Hstack                                           stack        000000
__Hstruct                                          struct       000000
__Htemp                                            temp         000000
__Htext                                            text         000000
__Htext0                                           text0        000000
__Htext1                                           text1        000000
__Htext10                                          text10       000000
__Htext11                                          text11       000000
__Htext12                                          text12       000000
__Htext13                                          text13       000000
__Htext14                                          text14       000000
__Htext15                                          text15       000000
__Htext16                                          text16       000000
__Htext17                                          text17       000000
__Htext18                                          text18       000000
__Htext19                                          text19       000000
__Htext2                                           text2        000000
__Htext20                                          text20       000000
__Htext21                                          text21       000000
__Htext22                                          text22       000000
__Htext23                                          text23       000000
__Htext24                                          text24       000000
__Htext25                                          text25       000000
__Htext26                                          text26       000000
__Htext27                                          text27       000000
__Htext28                                          text28       000000
__Htext29                                          text29       000000
__Htext3                                           text3        000000
__Htext30                                          text30       000000
__Htext31                                          text31       000000
__Htext32                                          text32       000000
__Htext33                                          text33       000000
__Htext34                                          text34       000000
__Htext35                                          text35       000000
__Htext36                                          text36       000000
__Htext37                                          text37       000000
__Htext38                                          text38       000000
__Htext39                                          text39       000000
__Htext4                                           text4        000000
__Htext40                                          text40       000000
__Htext41                                          text41       000000
__Htext42                                          text42       000000
__Htext43                                          text43       000000
__Htext44                                          text44       000000
__Htext45                                          text45       000000
__Htext46                                          text46       000000
__Htext47                                          text47       000000
__Htext48                                          text48       000000
__Htext49                                          text49       000000
__Htext5                                           text5        000000
__Htext50                                          text50       000000
__Htext51                                          text51       000000
__Htext52                                          text52       000000
__Htext53                                          text53       000000
__Htext54                                          text54       000000
__Htext55                                          text55       000000
__Htext56                                          text56       000000
__Htext57                                          text57       000000
__Htext58                                          text58       000000
__Htext59                                          text59       000000
__Htext6                                           text6        000000
__Htext60                                          text60       000000
__Htext61                                          text61       000000
__Htext62                                          text62       000000
__Htext63                                          text63       000000
__Htext64                                          text64       000000
__Htext65                                          text65       000000
__Htext66                                          text66       000000
__Htext67                                          text67       000000
__Htext68                                          text68       000000
__Htext69                                          text69       000000
__Htext7                                           text7        000000
__Htext70                                          text70       000000
__Htext71                                          text71       000000
__Htext72                                          text72       000000
__Htext73                                          text73       000000
__Htext74                                          text74       000000
__Htext75                                          text75       000000
__Htext8                                           text8        000000
__Htext9                                           text9        000000
__LRAM                                             (abs)        000001
__Labs1                                            abs1         000000
__Lbank0                                           bank0        000000
__Lbank1                                           bank1        000000
__Lbank10                                          bank10       000000
__Lbank11                                          bank11       000000
__Lbank12                                          bank12       000000
__Lbank13                                          bank13       000000
__Lbank14                                          bank14       000000
__Lbank15                                          bank15       000000
__Lbank2                                           bank2        000000
__Lbank3                                           bank3        000000
__Lbank4                                           bank4        000000
__Lbank5                                           bank5        000000
__Lbank6                                           bank6        000000
__Lbank7                                           bank7        000000
__Lbank8                                           bank8        000000
__Lbank9                                           bank9        000000
__Lbigbss                                          bigbss       000000
__Lbigdata                                         bigdata      000000
__Lbigram                                          bigram       000000
__Lbigsfr                                          bigsfr       000000
__Lbss                                             bss          000000
__LbssBANK0                                        bssBANK0     000000
__LbssCOMRAM                                       bssCOMRAM    000000
__Lcinit                                           cinit        000000
__Lclrtext                                         clrtext      000000
__Lcomram                                          comram       000000
__Lconfig                                          config       000000
__Lconst                                           const        000000
__LcstackBANK0                                     cstackBANK0  000000
__LcstackCOMRAM                                    cstackCOMRAM 000000
__Ldata                                            data         000000
__LdataCOMRAM                                      dataCOMRAM   000000
__Leeprom_data                                     eeprom_data  000000
__Lfarbss                                          farbss       000000
__Lfardata                                         fardata      000000
__Lheap                                            heap         000000
__Libigdata                                        ibigdata     000000
__Lidata                                           idata        000000
__LidataCOMRAM                                     idataCOMRAM  000000
__Lidloc                                           idloc        000000
__Lifardata                                        ifardata     000000
__Linit                                            init         0000AE
__Lintsave_regs                                    intsave_regs 000000
__Lirdata                                          irdata       000000
__Livt0x8                                          ivt0x8       000008
__Lmediumconst                                     mediumconst  000000
__LnvBANK0                                         nvBANK0      000000
__LnvFARRAM                                        nvFARRAM     000000
__Lnvbit                                           nvbit        000000
__Lnvrram                                          nvrram       000000
__Lparam                                           rparam       000000
__Lpowerup                                         powerup      000000
__Lram                                             ram          000000
__Lramtop                                          ramtop       001000
__Lrbit                                            rbit         000000
__Lrbss                                            rbss         000000
__Lrdata                                           rdata        000000
__Lreset_vec                                       reset_vec    000000
__Lrparam                                          rparam       000000
__Lsfr                                             sfr          000000
__Lsmallconst                                      smallconst   001000
__Lspace_0                                         (abs)        000000
__Lspace_1                                         (abs)        000000
__Lspace_2                                         (abs)        000000
__Lspace_4                                         (abs)        000000
__Lstack                                           stack        000000
__Lstruct                                          struct       000000
__Ltemp                                            temp         000000
__Ltext                                            text         000000
__Ltext0                                           text0        000000
__Ltext1                                           text1        000000
__Ltext10                                          text10       000000
__Ltext11                                          text11       000000
__Ltext12                                          text12       000000
__Ltext13                                          text13       000000
__Ltext14                                          text14       000000
__Ltext15                                          text15       000000
__Ltext16                                          text16       000000
__Ltext17                                          text17       000000
__Ltext18                                          text18       000000
__Ltext19                                          text19       000000
__Ltext2                                           text2        000000
__Ltext20                                          text20       000000
__Ltext21                                          text21       000000
__Ltext22                                          text22       000000
__Ltext23                                          text23       000000
__Ltext24                                          text24       000000
__Ltext25                                          text25       000000
__Ltext26                                          text26       000000
__Ltext27                                          text27       000000
__Ltext28                                          text28       000000
__Ltext29                                          text29       000000
__Ltext3                                           text3        000000
__Ltext30                                          text30       000000
__Ltext31                                          text31       000000
__Ltext32                                          text32       000000
__Ltext33                                          text33       000000
__Ltext34                                          text34       000000
__Ltext35                                          text35       000000
__Ltext36                                          text36       000000
__Ltext37                                          text37       000000
__Ltext38                                          text38       000000
__Ltext39                                          text39       000000
__Ltext4                                           text4        000000
__Ltext40                                          text40       000000
__Ltext41                                          text41       000000
__Ltext42                                          text42       000000
__Ltext43                                          text43       000000
__Ltext44                                          text44       000000
__Ltext45                                          text45       000000
__Ltext46                                          text46       000000
__Ltext47                                          text47       000000
__Ltext48                                          text48       000000
__Ltext49                                          text49       000000
__Ltext5                                           text5        000000
__Ltext50                                          text50       000000
__Ltext51                                          text51       000000
__Ltext52                                          text52       000000
__Ltext53                                          text53       000000
__Ltext54                                          text54       000000
__Ltext55                                          text55       000000
__Ltext56                                          text56       000000
__Ltext57                                          text57       000000
__Ltext58                                          text58       000000
__Ltext59                                          text59       000000
__Ltext6                                           text6        000000
__Ltext60                                          text60       000000
__Ltext61                                          text61       000000
__Ltext62                                          text62       000000
__Ltext63                                          text63       000000
__Ltext64                                          text64       000000
__Ltext65                                          text65       000000
__Ltext66                                          text66       000000
__Ltext67                                          text67       000000
__Ltext68                                          text68       000000
__Ltext69                                          text69       000000
__Ltext7                                           text7        000000
__Ltext70                                          text70       000000
__Ltext71                                          text71       000000
__Ltext72                                          text72       000000
__Ltext73                                          text73       000000
__Ltext74                                          text74       000000
__Ltext75                                          text75       000000
__Ltext8                                           text8        000000
__Ltext9                                           text9        000000
__S0                                               (abs)        001DB4
__S1                                               (abs)        00009B
__S4                                               (abs)        000000
__S5                                               (abs)        000000
___heap_hi                                         (abs)        000000
___heap_lo                                         (abs)        000000
___inthi_sp                                        stack        000000
___intlo_sp                                        stack        000000
___param_bank                                      (abs)        000000
___rparam_used                                     (abs)        000001
___sp                                              stack        000000
__accesstop                                        (abs)        000060
__activetblptr                                     (abs)        000003
__end_of_ADCC_DefaultADI_ISR                       text63       001DAC
__end_of_ADCC_ISR                                  text62       00172E
__end_of_ADCC_Initialize                           text21       00160E
__end_of_ADCC_SetADIInterruptHandler               text22       001D3E
__end_of_ADCC_StartConversion                      text66       001D0C
__end_of_ADC_int                                   text64       0017BE
__end_of_CLOCK_Initialize                          text20       001C3C
__end_of_Default_ISR                               text67       001DAE
__end_of_FVR_Initialize                            text19       001D78
__end_of_I2C1_Initialize                           text18       001776
__end_of_I2C2_AddrTransmit                         text31       001D5C
__end_of_I2C2_BufferClear                          text35       001D70
__end_of_I2C2_BusReset                             text43       001888
__end_of_I2C2_CallbackRegister                     text17       001BEC
__end_of_I2C2_Close                                text32       001ABA
__end_of_I2C2_CounterGet                           text27       001D8C
__end_of_I2C2_CounterSet                           text30       001D52
__end_of_I2C2_DataReceive                          text47       001D98
__end_of_I2C2_DataTransmit                         text26       001D48
__end_of_I2C2_DefaultCallback                      text42       001DA2
__end_of_I2C2_ERROR_ISR                            text36       00119E
__end_of_I2C2_ErrorFlagsClear                      text34       001D66
__end_of_I2C2_ISR                                  text23       00145C
__end_of_I2C2_Initialize                           text15       0016E2
__end_of_I2C2_InterruptsClear                      text33       001D80
__end_of_I2C2_InterruptsDisable                    text45       001CEC
__end_of_I2C2_InterruptsEnable                     text16       001C52
__end_of_I2C2_IsAddr                               text41       001CC0
__end_of_I2C2_IsBusCol                             text40       001CAA
__end_of_I2C2_IsBusTimeOut                         text39       001C94
__end_of_I2C2_IsData                               text38       001C7E
__end_of_I2C2_IsNack                               text37       001C68
__end_of_I2C2_RX_ISR                               text46       001B50
__end_of_I2C2_ReadStart                            text28       001B2C
__end_of_I2C2_RestartDisable                       text25       001D86
__end_of_I2C2_StartSend                            text29       001D92
__end_of_I2C2_StopSend                             text24       001B06
__end_of_I2C2_TX_ISR                               text48       001B74
__end_of_I2C_Host                                  smallconst   001045
__end_of_INT0_CallBack                             text52       001A0E
__end_of_INT0_DefaultInterruptHandler              text53       001DA6
__end_of_INT0_ISR                                  text51       001956
__end_of_INT0_SetInterruptHandler                  text14       001D34
__end_of_INT1_CallBack                             text55       001A3A
__end_of_INT1_DefaultInterruptHandler              text56       001DA8
__end_of_INT1_ISR                                  text54       001986
__end_of_INT1_SetInterruptHandler                  text13       001D2A
__end_of_INT2_CallBack                             text58       001A66
__end_of_INT2_DefaultInterruptHandler              text59       001DAA
__end_of_INT2_ISR                                  text57       0019B6
__end_of_INT2_SetInterruptHandler                  text12       001D20
__end_of_INTERRUPT_Initialize                      text11       00159A
__end_of_IOC_ISR                                   text49       001D9E
__end_of_PIN_MANAGER_IOC                           text50       001DA4
__end_of_PIN_MANAGER_Initialize                    text10       001376
__end_of_SPI                                       smallconst   001057
__end_of_SPI_Initialize                            text9        001C24
__end_of_SYSTEM_Initialize                         text1        001928
__end_of_Timer                                     smallconst   001063
__end_of_Timer_DefaultOverflowCallback             text69       001DB0
__end_of_Timer_Initialize                          text7        001AE0
__end_of_Timer_OverflowCallbackRegister            text8        001D16
__end_of_Timer_OverflowISR                         text68       001808
__end_of_Timer_int                                 text70       001A92
__end_of_UART                                      smallconst   001031
__end_of_UART1_DefaultFramingErrorCallback         text74       001DB4
__end_of_UART1_DefaultOverrunErrorCallback         text73       001DB2
__end_of_UART1_FramingErrorCallbackRegister        text6        001BCE
__end_of_UART1_Initialize                          text3        001512
__end_of_UART1_OverrunErrorCallbackRegister        text5        001BB0
__end_of_UART1_ParityErrorCallbackRegister         text4        001B92
__end_of_UART1_ReceiveISR                          text72       00128E
__end_of_UART1_Receive_Vector_ISR                  text71       001C0A
__end_of_UART1_TransmitISR                         text61       0018C2
__end_of_UART1_Transmit_Vector_ISR                 text60       001CFE
__end_of_UART1_Write                               text65       001682
__end_of_UART2_Initialize                          text2        0018FA
__end_of__initialization                           cinit        001848
__end_of_main                                      text0        0019E2
__end_of_spi1_configuration                        smallconst   001068
__end_ofi1_I2C2_InterruptsEnable                   text44       001CD6
__initialization                                   cinit        001808
__mediumconst                                      mediumconst  000000
__pbssBANK0                                        bssBANK0     000060
__pbssCOMRAM                                       bssCOMRAM    000001
__pcinit                                           cinit        001808
__pcstackBANK0                                     cstackBANK0  000084
__pcstackCOMRAM                                    cstackCOMRAM 000030
__pdataCOMRAM                                      dataCOMRAM   000048
__pidataCOMRAM                                     idataCOMRAM  001D9E
__pivt0x8                                          ivt0x8       000008
__pnvBANK0                                         nvBANK0      000099
__psmallconst                                      smallconst   001000
__ptext0                                           text0        0019B6
__ptext1                                           text1        0018FA
__ptext10                                          text10       00128E
__ptext11                                          text11       001512
__ptext12                                          text12       001D16
__ptext13                                          text13       001D20
__ptext14                                          text14       001D2A
__ptext15                                          text15       001682
__ptext16                                          text16       001C3C
__ptext17                                          text17       001BCE
__ptext18                                          text18       00172E
__ptext19                                          text19       001D70
__ptext2                                           text2        0018C2
__ptext20                                          text20       001C24
__ptext21                                          text21       00159A
__ptext22                                          text22       001D34
__ptext23                                          text23       001378
__ptext24                                          text24       001AE0
__ptext25                                          text25       001D80
__ptext26                                          text26       001D3E
__ptext27                                          text27       001D86
__ptext28                                          text28       001B06
__ptext29                                          text29       001D8C
__ptext3                                           text3        00145C
__ptext30                                          text30       001D48
__ptext31                                          text31       001D52
__ptext32                                          text32       001A92
__ptext33                                          text33       001D78
__ptext34                                          text34       001D5C
__ptext35                                          text35       001D66
__ptext36                                          text36       00106C
__ptext37                                          text37       001C52
__ptext38                                          text38       001C68
__ptext39                                          text39       001C7E
__ptext4                                           text4        001B74
__ptext40                                          text40       001C94
__ptext41                                          text41       001CAA
__ptext42                                          text42       001DA0
__ptext43                                          text43       00184E
__ptext44                                          text44       001CC0
__ptext45                                          text45       001CD6
__ptext46                                          text46       001B2C
__ptext47                                          text47       001D92
__ptext48                                          text48       001B50
__ptext49                                          text49       001D98
__ptext5                                           text5        001B92
__ptext50                                          text50       001DA2
__ptext51                                          text51       001928
__ptext52                                          text52       0019E2
__ptext53                                          text53       001DA4
__ptext54                                          text54       001958
__ptext55                                          text55       001A0E
__ptext56                                          text56       001DA6
__ptext57                                          text57       001988
__ptext58                                          text58       001A3A
__ptext59                                          text59       001DA8
__ptext6                                           text6        001BB0
__ptext60                                          text60       001CEC
__ptext61                                          text61       001888
__ptext62                                          text62       0016E4
__ptext63                                          text63       001DAA
__ptext64                                          text64       001776
__ptext65                                          text65       00160E
__ptext66                                          text66       001CFE
__ptext67                                          text67       001DAC
__ptext68                                          text68       0017C0
__ptext69                                          text69       001DAE
__ptext7                                           text7        001ABA
__ptext70                                          text70       001A66
__ptext71                                          text71       001BEC
__ptext72                                          text72       00119E
__ptext73                                          text73       001DB0
__ptext74                                          text74       001DB2
__ptext75                                          text75       000000
__ptext8                                           text8        001D0C
__ptext9                                           text9        001C0A
__ramtop                                           ramtop       001000
__smallconst                                       smallconst   001000
_i2c2Status                                        bssCOMRAM    000001
_main                                              text0        0019B6
_spi1_configuration                                smallconst   001063
_uart1RxBuffer                                     bssBANK0     000070
_uart1RxCount                                      bssCOMRAM    00002A
_uart1RxHead                                       bssCOMRAM    00002C
_uart1RxLastError                                  bssBANK0     000082
_uart1RxStatusBuffer                               bssBANK0     000060
_uart1RxTail                                       bssCOMRAM    00002B
_uart1TxBuffer                                     bssBANK0     000078
_uart1TxBufferRemaining                            bssCOMRAM    00002D
_uart1TxHead                                       bssCOMRAM    00002F
_uart1TxTail                                       bssCOMRAM    00002E
end_of_initialization                              cinit        001848
i1_I2C2_InterruptsEnable                           text44       001CC0
intlevel0                                          text         000000
intlevel1                                          text         000000
intlevel2                                          text         000000
intlevel3                                          text         000000
isa$std                                            (abs)        000001
isa$xinst                                          (abs)        000000
ivt0x8_base                                        ivt0x8       000008
ivt0x8_undefint                                    ivt0x8       0000AC
stackhi                                            (abs)        000000
stacklo                                            (abs)        000000
start                                              init         0000AE
start_initialization                               cinit        001808


MODULE INFORMATION

Module		Function		Class		Link	Load	Size
mcc_generated_files/peripheral/src/uart2.c
		_UART2_Initialize		CODE           	18C2	0000	56

mcc_generated_files/peripheral/src/uart2.c estimated size: 56

mcc_generated_files/peripheral/src/i2c1.c
		_I2C1_Initialize		CODE           	172E	0000	72

mcc_generated_files/peripheral/src/i2c1.c estimated size: 72

mcc_generated_files/system/src/interrupt.c
		_IOC_ISR       		CODE           	1D98	0000	6
		_INT0_SetInterruptHandler		CODE           	1D2A	0000	10
		_INT1_SetInterruptHandler		CODE           	1D20	0000	10
		_INT2_SetInterruptHandler		CODE           	1D16	0000	10
		_INTERRUPT_Initialize		CODE           	1512	0000	136
		_INT0_DefaultInterruptHandler		CODE           	1DA4	0000	2
		_INT0_CallBack 		CODE           	19E2	0000	44
		_INT1_DefaultInterruptHandler		CODE           	1DA6	0000	2
		_INT1_CallBack 		CODE           	1A0E	0000	44
		_INT2_DefaultInterruptHandler		CODE           	1DA8	0000	2
		_INT2_CallBack 		CODE           	1A3A	0000	44
		_Default_ISR   		CODE           	1DAC	0000	2
		_INT0_ISR      		CODE           	1928	0000	46
		_INT1_ISR      		CODE           	1958	0000	46
		_INT2_ISR      		CODE           	1988	0000	46

mcc_generated_files/system/src/interrupt.c estimated size: 450

mcc_generated_files/adc/src/adcc.c
		_ADCC_DefaultADI_ISR		CODE           	1DAA	0000	2
		_ADCC_SetADIInterruptHandler		CODE           	1D34	0000	10
		_ADCC_ISR      		CODE           	16E4	0000	74
		_ADCC_StartConversion		CODE           	1CFE	0000	14
		_ADCC_Initialize		CODE           	159A	0000	116

mcc_generated_files/adc/src/adcc.c estimated size: 216

mcc_generated_files/uart/src/uart1.c
		_UART1_DefaultOverrunErrorCallback		CODE           	1DB0	0000	2
		_UART1_Write   		CODE           	160E	0000	116
		_UART1_FramingErrorCallbackRegister		CODE           	1BB0	0000	30
		_UART1_Transmit_Vector_ISR		CODE           	1CEC	0000	18
		_UART1_Receive_Vector_ISR		CODE           	1BEC	0000	30
		_UART1_OverrunErrorCallbackRegister		CODE           	1B92	0000	30
		_UART1_ReceiveISR		CODE           	119E	0000	240
		_UART1_Initialize		CODE           	145C	0000	182
		_UART1_DefaultFramingErrorCallback		CODE           	1DB2	0000	2
		_UART1_TransmitISR		CODE           	1888	0000	58
		_UART1_ParityErrorCallbackRegister		CODE           	1B74	0000	30

mcc_generated_files/uart/src/uart1.c estimated size: 738

mcc_generated_files/system/src/pins.c
		_PIN_MANAGER_Initialize		CODE           	128E	0000	232
		_PIN_MANAGER_IOC		CODE           	1DA2	0000	2

mcc_generated_files/system/src/pins.c estimated size: 234

Timer_int.c
		_Timer_int     		CODE           	1A66	0000	44

Timer_int.c estimated size: 44

shared
		_UART          		SMALLCONST     	1001	0000	48
		_Timer         		SMALLCONST     	1057	0000	12
		__initialization		CODE           	1808	0000	64
		_I2C_Host      		SMALLCONST     	1031	0000	20
		i1_I2C2_InterruptsEnable		CODE           	1CC0	0000	22
		_SPI           		SMALLCONST     	1045	0000	18
		_spi1_configuration		SMALLCONST     	1063	0000	5

shared estimated size: 189

mcc_generated_files/system/src/clock.c
		_CLOCK_Initialize		CODE           	1C24	0000	24

mcc_generated_files/system/src/clock.c estimated size: 24

ADC_int.c
		_ADC_int       		CODE           	1776	0000	72

ADC_int.c estimated size: 72

mcc_generated_files/timer/src/tmr0.c
		_Timer_OverflowISR		CODE           	17C0	0000	72
		_Timer_Initialize		CODE           	1ABA	0000	38
		_Timer_DefaultOverflowCallback		CODE           	1DAE	0000	2
		_Timer_OverflowCallbackRegister		CODE           	1D0C	0000	10

mcc_generated_files/timer/src/tmr0.c estimated size: 122

main.c
		_main          		CODE           	19B6	0000	44

main.c estimated size: 44

mcc_generated_files/fvr/src/fvr.c
		_FVR_Initialize		CODE           	1D70	0000	8

mcc_generated_files/fvr/src/fvr.c estimated size: 8

mcc_generated_files/i2c_host/src/i2c2.c
		_I2C2_AddrTransmit		CODE           	1D52	0000	10
		_I2C2_IsBusTimeOut		CODE           	1C7E	0000	22
		_I2C2_DefaultCallback		CODE           	1DA0	0000	2
		_I2C2_StartSend		CODE           	1D8C	0000	6
		_I2C2_CallbackRegister		CODE           	1BCE	0000	30
		_I2C2_RX_ISR   		CODE           	1B2C	0000	36
		_I2C2_InterruptsEnable		CODE           	1C3C	0000	22
		_I2C2_CounterGet		CODE           	1D86	0000	6
		_I2C2_CounterSet		CODE           	1D48	0000	10
		_I2C2_ReadStart		CODE           	1B06	0000	38
		_I2C2_InterruptsClear		CODE           	1D78	0000	8
		_I2C2_ISR      		CODE           	1378	0000	228
		_I2C2_DataReceive		CODE           	1D92	0000	6
		_I2C2_IsData   		CODE           	1C68	0000	22
		_I2C2_IsNack   		CODE           	1C52	0000	22
		_I2C2_IsAddr   		CODE           	1CAA	0000	22
		_I2C2_InterruptsDisable		CODE           	1CD6	0000	22
		_I2C2_BufferClear		CODE           	1D66	0000	10
		_I2C2_BusReset 		CODE           	184E	0000	58
		_I2C2_Initialize		CODE           	1682	0000	96
		_I2C2_Close    		CODE           	1A92	0000	40
		_I2C2_IsBusCol 		CODE           	1C94	0000	22
		_I2C2_ERROR_ISR		CODE           	106C	0000	306
		_I2C2_ErrorFlagsClear		CODE           	1D5C	0000	10
		_I2C2_TX_ISR   		CODE           	1B50	0000	36
		_I2C2_StopSend 		CODE           	1AE0	0000	38
		_I2C2_RestartDisable		CODE           	1D80	0000	6
		_I2C2_DataTransmit		CODE           	1D3E	0000	10

mcc_generated_files/i2c_host/src/i2c2.c estimated size: 1144

mcc_generated_files/system/src/system.c
		_SYSTEM_Initialize		CODE           	18FA	0000	46

mcc_generated_files/system/src/system.c estimated size: 46

mcc_generated_files/spi/src/spi1.c
		_SPI_Initialize		CODE           	1C0A	0000	26

mcc_generated_files/spi/src/spi1.c estimated size: 26

