Microchip MPLAB XC8 Compiler V2.40

Linker command line:

-W-3 \
  --edf=C:\Program Files\Microchip\xc8\v2.40\pic\dat\20220703182018_en.msgs \
  -pivt0x8=08h -cn -h+dist/default/production\Practica_2a.X.production.sym \
  --cmf=dist/default/production\Practica_2a.X.production.cmf -z -Q18F46K42 \
  -oC:\Users\AULASI~1\AppData\Local\Temp\xcAsbp8.4 --defsym=__MPLAB_BUILD=1 \
  --fixupoverflow=error \
  -Mdist/default/production/Practica_2a.X.production.map \
  --md=C:\Users\AULASI~1\AppData\Local\Temp\xcAsbp8.dat -E1 \
  -ver=XC8 Compiler --acfsm=1493 -ACODE=00h-0FFFFh -ACONST=00h-0FFFFh \
  -ASMALLCONST=01000h-010FFhx240 -AMEDIUMCONST=01000h-0FFFFh \
  -ACOMRAM=01h-05Fh -AABS1=00h-0FFFh -ABIGRAM=01h-0FFFh \
  -ARAM=060h-0FFh,0100h-01FFhx15 -ABANK0=060h-0FFh -ABANK1=0100h-01FFh \
  -ABANK2=0200h-02FFh -ABANK3=0300h-03FFh -ABANK4=0400h-04FFh \
  -ABANK5=0500h-05FFh -ABANK6=0600h-06FFh -ABANK7=0700h-07FFh \
  -ABANK8=0800h-08FFh -ABANK9=0900h-09FFh -ABANK10=0A00h-0AFFh \
  -ABANK11=0B00h-0BFFh -ABANK12=0C00h-0CFFh -ABANK13=0D00h-0DFFh \
  -ABANK14=0E00h-0EFFh -ABANK15=0F00h-0FFFh \
  -ASFR=03800h-038FFhx7,03F00h-03F5Fh,03F60h-03FFFh -ABIGSFR=03800h-03FFFh \
  -ACONFIG=0300000h-0300009h -AIDLOC=0200000h-020000Fh \
  -AEEDATA=0310000h-03103FFh -peeprom_data=EEDATA -preset_vec=00h \
  -ppowerup=CODE,init -pramtop=01000h -psmallconst=SMALLCONST \
  -pmediumconst=MEDIUMCONST -pconst=CONST -AFARRAM=00h-00h \
  -prdata=COMRAM,nvrram=COMRAM,nvbit=COMRAM,rbss=COMRAM,rbit=COMRAM \
  -pfarbss=FARRAM,fardata=FARRAM,nvFARRAM=FARRAM \
  -pintsave_regs=BIGRAM,bigbss=BIGRAM,bigdata=BIGRAM -pbss=RAM \
  -pidata=CODE,irdata=CODE,ibigdata=CODE,ifardata=CODE -prparam=COMRAM \
  C:\Users\AULASI~1\AppData\Local\Temp\xcAsbp8.o \
  dist/default/production\Practica_2a.X.production.o 

Object code version is 3.11

Machine type is 18F46K42



                Name                               Link     Load   Length Selector   Space Scale
C:\Users\AULASI~1\AppData\Local\Temp\xcAsbp8.o
                idloc                            200000   200000       10        0       5
                config                           300000   300000        A        0       4
                init                                 AE       AE        4        4       0
                reset_vec                             0        0        4        0       0
dist/default/production\Practica_2a.X.production.o
                idloc                            200000   200000       10        0       5
                config                           300000   300000        A        0       4
                smallconst                         1000     1000       82      800       0
                ivt0x8                                8        8       A6        4       0
                text86                             19D2     19D2       38      5AA       0
                text85                             1F44     1F44        6      7D1       0
                text84                             1960     1960       3A      5AA       0
                text83                             1BEC     1BEC       2C      6B6       0
                text82                             17A4     17A4       54      5AA       0
                text81                             1F52     1F52        4      7D1       0
                text80                             1750     1750       54      5AA       0
                text79                             1E78     1E78        E      72E       0
                text78                             1848     1848       4C      5AA       0
                text77                             1F6A     1F6A        2      7D9       0
                text76                             1F68     1F68        2      7D9       0
                text75                             1F66     1F66        2      7D9       0
                text74                             16FC     16FC       54      5AA       0
                text73                             1F64     1F64        2      7D9       0
                text72                             1F3C     1F3C        6      7CF       0
                text71                             1F60     1F60        2      7D1       0
                text70                             1BBE     1BBE       2E      6B6       0
                text69                             1B90     1B90       2E      6B6       0
                text68                             1F5E     1F5E        2      7D1       0
                text67                             1B62     1B62       2E      6B6       0
                text66                             1B34     1B34       2E      6B6       0
                text65                             1F5C     1F5C        2      7D1       0
                text64                             1B06     1B06       2E      6B6       0
                text63                             1AD8     1AD8       2E      6B6       0
                text62                             1F5A     1F5A        2      7D1       0
                text61                             1F34     1F34        6      7CD       0
                text60                             1CDC     1CDC       24      72E       0
                text59                             1F2C     1F2C        6      72E       0
                text58                             1CB8     1CB8       24      72E       0
                text57                             1E44     1E44       16      72E       0
                text56                             1E2E     1E2E       16      72E       0
                text55                             1922     1922       3E      5AA       0
                text54                             1F58     1F58        2      7D1       0
                text53                             1E18     1E18       16      72E       0
                text52                             1E02     1E02       16      72E       0
                text51                             1DEC     1DEC       16      72E       0
                text50                             1DD6     1DD6       16      72E       0
                text49                             1DC0     1DC0       16      72E       0
                text48                             1188     1188      104      841       0
                text47                             1F00     1F00        A      72E       0
                text46                             1EF6     1EF6        A      72E       0
                text45                             1F12     1F12        8      72E       0
                text44                             1C42     1C42       28      6B6       0
                text43                             1EEC     1EEC        A      72E       0
                text42                             1EE2     1EE2        A      72E       0
                text41                             1F26     1F26        6      72E       0
                text40                             1C90     1C90       26      6B6       0
                text39                             1F20     1F20        6      72E       0
                text38                             1E86     1E86        C      72E       0
                text37                             1F1A     1F1A        6      72E       0
                text36                             1C6A     1C6A       26      6B6       0
                text35                             1438     1438       9C      841       0
                text34                             1E6A     1E6A        E      72E       0
                text33                             1ED8     1ED8        A      72E       0
                text32                             1F4E     1F4E        4      7D1       0
                text31                             17F8     17F8       50      5AA       0
                text30                             1082     1082      106      841       0
                text29                             1F56     1F56        2      7D1       0
                text28                             16A8     16A8       54      5AA       0
                text27                             1C18     1C18       2A      6B6       0
                text26                             1ECE     1ECE        A      72E       0
                text25                             1560     1560       74      841       0
                text24                             1D92     1D92       18      72E       0
                text23                             1F0A     1F0A        8      72E       0
                text22                             1894     1894       48      5AA       0
                text21                             1D5A     1D5A       1E      72E       0
                text20                             1DAA     1DAA       16      72E       0
                text19                             1642     1642       64      841       0
                text18                             1EC4     1EC4        A      72E       0
                text17                             1EBA     1EBA        A      72E       0
                text16                             1EB0     1EB0        A      72E       0
                text15                             14D4     14D4       8C      841       0
                text14                             128C     128C       F0      841       0
                text13                             1D78     1D78       1A      72E       0
                text12                             1EA6     1EA6        A      72E       0
                text11                             18DC     18DC       46      5AA       0
                text10                             1E9C     1E9C        A      72E       0
                text9                              1AA8     1AA8       2E      5AA       0
                text8                              1E92     1E92        A      72E       0
                text7                              1A76     1A76       32      5AA       0
                text6                              1D3C     1D3C       1E      72E       0
                text5                              1D1E     1D1E       1E      72E       0
                text4                              1D00     1D00       1E      72E       0
                text3                              137C     137C       BC      841       0
                text2                              199A     199A       38      5AA       0
                text1                              1A40     1A40       36      5AA       0
                text0                              1A0A     1A0A       36      5AA       0
                cstackCOMRAM                         29       29       19        1       1
                cstackBANK0                          9E       9E       15       60       1
                dataBANK0                            B3       B3       10       60       1
                bssBANK0                             60       60       3E       60       1
                dataCOMRAM                           42       42        4        1       1
                bssCOMRAM                             1        1       28        1       1
                cinit                              15D4     15D4       6E      841       0
                nvCOMRAM                             46       46        2        1       1
                idataBANK0                         1E5A     1E5A       10      72E       0
                idataCOMRAM                        1F4A     1F4A        4      7D1       0

TOTAL           Name                               Link     Load   Length     Space
        CLASS   CODE           
                init                                 AE       AE        4         0
                reset_vec                             0        0        4         0
                ivt0x8                                8        8       A6         0
                text86                             19D2     19D2       38         0
                text85                             1F44     1F44        6         0
                text84                             1960     1960       3A         0
                text83                             1BEC     1BEC       2C         0
                text82                             17A4     17A4       54         0
                text81                             1F52     1F52        4         0
                text80                             1750     1750       54         0
                text79                             1E78     1E78        E         0
                text78                             1848     1848       4C         0
                text77                             1F6A     1F6A        2         0
                text76                             1F68     1F68        2         0
                text75                             1F66     1F66        2         0
                text74                             16FC     16FC       54         0
                text73                             1F64     1F64        2         0
                text72                             1F3C     1F3C        6         0
                text71                             1F60     1F60        2         0
                text70                             1BBE     1BBE       2E         0
                text69                             1B90     1B90       2E         0
                text68                             1F5E     1F5E        2         0
                text67                             1B62     1B62       2E         0
                text66                             1B34     1B34       2E         0
                text65                             1F5C     1F5C        2         0
                text64                             1B06     1B06       2E         0
                text63                             1AD8     1AD8       2E         0
                text62                             1F5A     1F5A        2         0
                text61                             1F34     1F34        6         0
                text60                             1CDC     1CDC       24         0
                text59                             1F2C     1F2C        6         0
                text58                             1CB8     1CB8       24         0
                text57                             1E44     1E44       16         0
                text56                             1E2E     1E2E       16         0
                text55                             1922     1922       3E         0
                text54                             1F58     1F58        2         0
                text53                             1E18     1E18       16         0
                text52                             1E02     1E02       16         0
                text51                             1DEC     1DEC       16         0
                text50                             1DD6     1DD6       16         0
                text49                             1DC0     1DC0       16         0
                text48                             1188     1188      104         0
                text47                             1F00     1F00        A         0
                text46                             1EF6     1EF6        A         0
                text45                             1F12     1F12        8         0
                text44                             1C42     1C42       28         0
                text43                             1EEC     1EEC        A         0
                text42                             1EE2     1EE2        A         0
                text41                             1F26     1F26        6         0
                text40                             1C90     1C90       26         0
                text39                             1F20     1F20        6         0
                text38                             1E86     1E86        C         0
                text37                             1F1A     1F1A        6         0
                text36                             1C6A     1C6A       26         0
                text35                             1438     1438       9C         0
                text34                             1E6A     1E6A        E         0
                text33                             1ED8     1ED8        A         0
                text32                             1F4E     1F4E        4         0
                text31                             17F8     17F8       50         0
                text30                             1082     1082      106         0
                text29                             1F56     1F56        2         0
                text28                             16A8     16A8       54         0
                text27                             1C18     1C18       2A         0
                text26                             1ECE     1ECE        A         0
                text25                             1560     1560       74         0
                text24                             1D92     1D92       18         0
                text23                             1F0A     1F0A        8         0
                text22                             1894     1894       48         0
                text21                             1D5A     1D5A       1E         0
                text20                             1DAA     1DAA       16         0
                text19                             1642     1642       64         0
                text18                             1EC4     1EC4        A         0
                text17                             1EBA     1EBA        A         0
                text16                             1EB0     1EB0        A         0
                text15                             14D4     14D4       8C         0
                text14                             128C     128C       F0         0
                text13                             1D78     1D78       1A         0
                text12                             1EA6     1EA6        A         0
                text11                             18DC     18DC       46         0
                text10                             1E9C     1E9C        A         0
                text9                              1AA8     1AA8       2E         0
                text8                              1E92     1E92        A         0
                text7                              1A76     1A76       32         0
                text6                              1D3C     1D3C       1E         0
                text5                              1D1E     1D1E       1E         0
                text4                              1D00     1D00       1E         0
                text3                              137C     137C       BC         0
                text2                              199A     199A       38         0
                text1                              1A40     1A40       36         0
                text0                              1A0A     1A0A       36         0
                cinit                              15D4     15D4       6E         0
                idataBANK0                         1E5A     1E5A       10         0
                idataCOMRAM                        1F4A     1F4A        4         0

        CLASS   CONST          

        CLASS   SMALLCONST     
                smallconst                         1000     1000       82         0

        CLASS   MEDIUMCONST    

        CLASS   COMRAM         
                cstackCOMRAM                         29       29       19         1
                dataCOMRAM                           42       42        4         1
                bssCOMRAM                             1        1       28         1
                nvCOMRAM                             46       46        2         1

        CLASS   ABS1           

        CLASS   BIGRAM         

        CLASS   RAM            

        CLASS   BANK0          
                cstackBANK0                          9E       9E       15         1
                dataBANK0                            B3       B3       10         1
                bssBANK0                             60       60       3E         1

        CLASS   BANK1          

        CLASS   BANK2          

        CLASS   BANK3          

        CLASS   BANK4          

        CLASS   BANK5          

        CLASS   BANK6          

        CLASS   BANK7          

        CLASS   BANK8          

        CLASS   BANK9          

        CLASS   BANK10         

        CLASS   BANK11         

        CLASS   BANK12         

        CLASS   BANK13         

        CLASS   BANK14         

        CLASS   BANK15         

        CLASS   SFR            

        CLASS   BIGSFR         

        CLASS   CONFIG         
                config                           300000   300000        A         4

        CLASS   IDLOC          
                idloc                            200000   200000       10         5

        CLASS   EEDATA         

        CLASS   FARRAM         

        CLASS   HEAP           

        CLASS   STACK          



SEGMENTS        Name                           Load    Length   Top    Selector   Space  Class

                reset_vec                      000000  000004  000004         0       0  CODE    
                bssCOMRAM                      000001  000047  000048         1       1  COMRAM  
                ivt0x8                         000008  0000AA  0000B2         4       0  CODE    
                bssBANK0                       000060  000063  0000C3        60       1  BANK0   
                smallconst                     001000  000082  001082       800       0  SMALLCON
                text30                         001082  000624  0016A6       841       0  CODE    
                text28                         0016A8  00042E  001AD6       5AA       0  CODE    
                text63                         001AD8  0001DE  001CB6       6B6       0  CODE    
                text58                         001CB8  00027A  001F32       72E       0  CODE    
                text61                         001F34  000006  001F3A       7CD       0  CODE    
                text72                         001F3C  000006  001F42       7CF       0  CODE    
                text85                         001F44  00001E  001F62       7D1       0  CODE    
                text73                         001F64  000008  001F6C       7D9       0  CODE    


UNUSED ADDRESS RANGES

        Name                Unused          Largest block    Delta
        BANK0            0000C3-0000FF               3D
        BANK1            000100-0001FF              100
        BANK10           000A00-000AFF              100
        BANK11           000B00-000BFF              100
        BANK12           000C00-000CFF              100
        BANK13           000D00-000DFF              100
        BANK14           000E00-000EFF              100
        BANK15           000F00-000FFF              100
        BANK2            000200-0002FF              100
        BANK3            000300-0003FF              100
        BANK4            000400-0004FF              100
        BANK5            000500-0005FF              100
        BANK6            000600-0006FF              100
        BANK7            000700-0007FF              100
        BANK8            000800-0008FF              100
        BANK9            000900-0009FF              100
        BIGRAM           000048-00005F               18
                         0000C3-000FFF              F3D
        BIGSFR           003800-003FFF              800
        CODE             000004-000007                4
                         0000B2-000FFF              F4E
                         0016A6-0016A7                2
                         001AD6-001AD7                2
                         001CB6-001CB7                2
                         001F32-001F33                2
                         001F3A-001F3B                2
                         001F42-001F43                2
                         001F62-001F63                2
                         001F6C-00FFFF             E094
        COMRAM           000048-00005F               18
        CONST            000004-000007                4
                         0000B2-000FFF              F4E
                         0016A6-0016A7                2
                         001AD6-001AD7                2
                         001CB6-001CB7                2
                         001F32-001F33                2
                         001F3A-001F3B                2
                         001F42-001F43                2
                         001F62-001F63                2
                         001F6C-00FFFF             E094
        EEDATA           310000-3103FF              400
        MEDIUMCONST      0016A6-0016A7                2
                         001AD6-001AD7                2
                         001CB6-001CB7                2
                         001F32-001F33                2
                         001F3A-001F3B                2
                         001F42-001F43                2
                         001F62-001F63                2
                         001F6C-00FFFF             E094
        RAM              0000C3-000FFF              100
        SFR              003800-003FFF              100
        SMALLCONST       0016A6-0016A7                2
                         001AD6-001AD7                2
                         001CB6-001CB7                2
                         001F32-001F33                2
                         001F3A-001F3B                2
                         001F42-001F43                2
                         001F62-001F63                2
                         001F6C-00FFFF              100

                                  Symbol Table

ADCC_SetADIInterruptHandler@InterruptHandler       cstackBANK0  0000AF
ADCC_StartConversion@channel                       cstackCOMRAM 000038
I2C2_AddrTransmit@addr                             cstackCOMRAM 00003F
I2C2_CallbackRegister@callbackHandler              cstackBANK0  0000AF
I2C2_CounterSet@counter                            cstackCOMRAM 000041
I2C2_DataTransmit@data                             cstackBANK0  0000A4
INT0_SetInterruptHandler@InterruptHandler          cstackBANK0  0000AF
INT1_SetInterruptHandler@InterruptHandler          cstackBANK0  0000AF
INT2_SetInterruptHandler@InterruptHandler          cstackBANK0  0000AF
INTERRUPT_Initialize@state                         cstackBANK0  0000B1
IVTBASEH                                           (abs)        003FD6
IVTBASEL                                           (abs)        003FD5
IVTBASEU                                           (abs)        003FD7
SPI1_ByteWrite@byte                                cstackCOMRAM 000038
Timer1_OverflowCallbackRegister@CallbackHandler    cstackBANK0  0000AF
Timer1_Write@timerVal                              cstackCOMRAM 000031
Timer2_OverflowCallbackRegister@InterruptHandler   cstackBANK0  0000AF
Timer_OverflowCallbackRegister@CallbackHandler     cstackBANK0  0000AF
Timer_int@count                                    bssCOMRAM    00000E
UART1_FramingErrorCallbackRegister@callbackHandler cstackBANK0  0000AF
UART1_OverrunErrorCallbackRegister@callbackHandler cstackBANK0  0000AF
UART1_ParityErrorCallbackRegister@callbackHandler  cstackBANK0  0000AF
UART1_Receive_Vector_ISR@mesage                    dataCOMRAM   000042
UART1_Receive_Vector_ISR@status                    bssCOMRAM    000022
UART1_TransmitISR@tempTxTail                       cstackCOMRAM 000037
UART1_Write@tempTxHead                             cstackCOMRAM 000038
UART1_Write@txData                                 cstackCOMRAM 000039
UART_RX_int@mesage                                 bssCOMRAM    000010
UART_RX_int@opcode                                 bssCOMRAM    000020
UART_RX_int@status                                 bssCOMRAM    000021
_ADACCH                                            (abs)        003EE9
_ADACCL                                            (abs)        003EE8
_ADACCU                                            (abs)        003EEA
_ADACQH                                            (abs)        003EF4
_ADACQL                                            (abs)        003EF3
_ADACT                                             (abs)        003EFE
_ADCAP                                             (abs)        003EF5
_ADCC_ADI_InterruptHandler                         nvCOMRAM     000046
_ADCC_DefaultADI_ISR                               text29       001F56
_ADCC_ISR                                          text28       0016A8
_ADCC_Initialize                                   text25       001560
_ADCC_SetADIInterruptHandler                       text26       001ECE
_ADCC_StartConversion                              text34       001E6A
_ADCLK                                             (abs)        003EFF
_ADCNT                                             (abs)        003EEB
_ADCON0                                            (abs)        003EF8
_ADCON0bits                                        (abs)        003EF8
_ADCON1                                            (abs)        003EF9
_ADCON1bits                                        (abs)        003EF9
_ADCON2                                            (abs)        003EFA
_ADCON2bits                                        (abs)        003EFA
_ADCON3                                            (abs)        003EFB
_ADCON3bits                                        (abs)        003EFB
_ADC_int                                           text30       001082
_ADERRH                                            (abs)        003EE3
_ADERRL                                            (abs)        003EE2
_ADFLTRH                                           (abs)        003EE7
_ADFLTRL                                           (abs)        003EE6
_ADLTHH                                            (abs)        003EDF
_ADLTHL                                            (abs)        003EDE
_ADPCH                                             (abs)        003EF1
_ADPREH                                            (abs)        003EF7
_ADPREL                                            (abs)        003EF6
_ADPREVH                                           (abs)        003EEE
_ADPREVL                                           (abs)        003EED
_ADREF                                             (abs)        003EFD
_ADRESH                                            (abs)        003EF0
_ADRESL                                            (abs)        003EEF
_ADRPT                                             (abs)        003EEC
_ADSTAT                                            (abs)        003EFC
_ADSTATbits                                        (abs)        003EFC
_ADSTPTH                                           (abs)        003EE5
_ADSTPTL                                           (abs)        003EE4
_ADUTHH                                            (abs)        003EE1
_ADUTHL                                            (abs)        003EE0
_ANSELA                                            (abs)        003A40
_ANSELB                                            (abs)        003A50
_ANSELC                                            (abs)        003A60
_ANSELD                                            (abs)        003A70
_ANSELE                                            (abs)        003A80
_CLOCK_Initialize                                  text24       001D92
_Default_ISR                                       text73       001F64
_FVRCON                                            (abs)        003EC1
_FVRCONbits                                        (abs)        003EC1
_FVR_Initialize                                    text23       001F0A
_GIE                                               (abs)        01FE97
_I2C1ADB0                                          (abs)        003D6D
_I2C1ADB1                                          (abs)        003D6E
_I2C1ADR0                                          (abs)        003D6F
_I2C1ADR1                                          (abs)        003D70
_I2C1ADR2                                          (abs)        003D71
_I2C1ADR3                                          (abs)        003D72
_I2C1BTO                                           (abs)        003D7C
_I2C1CLK                                           (abs)        003D7B
_I2C1CNT                                           (abs)        003D6C
_I2C1CON0                                          (abs)        003D73
_I2C1CON1                                          (abs)        003D74
_I2C1CON2                                          (abs)        003D75
_I2C1ERR                                           (abs)        003D76
_I2C1PIE                                           (abs)        003D7A
_I2C1PIR                                           (abs)        003D79
_I2C1STAT1                                         (abs)        003D78
_I2C1TXB                                           (abs)        003D6B
_I2C1_Initialize                                   text22       001894
_I2C2ADB1                                          (abs)        003D58
_I2C2CLK                                           (abs)        003D65
_I2C2CNT                                           (abs)        003D56
_I2C2CON0                                          (abs)        003D5D
_I2C2CON0bits                                      (abs)        003D5D
_I2C2CON1                                          (abs)        003D5E
_I2C2CON1bits                                      (abs)        003D5E
_I2C2CON2                                          (abs)        003D5F
_I2C2ERR                                           (abs)        003D60
_I2C2ERRbits                                       (abs)        003D60
_I2C2PIE                                           (abs)        003D64
_I2C2PIEbits                                       (abs)        003D64
_I2C2PIR                                           (abs)        003D63
_I2C2PIRbits                                       (abs)        003D63
_I2C2RXB                                           (abs)        003D54
_I2C2SCLPPS                                        (abs)        003AE3
_I2C2SDAPPS                                        (abs)        003AE4
_I2C2STAT0bits                                     (abs)        003D61
_I2C2STAT1                                         (abs)        003D62
_I2C2STAT1bits                                     (abs)        003D62
_I2C2TXB                                           (abs)        003D55
_I2C2_AddrTransmit                                 text43       001EEC
_I2C2_BufferClear                                  text47       001F00
_I2C2_BusReset                                     text55       001922
_I2C2_Callback                                     bssBANK0     00009C
_I2C2_CallbackRegister                             text21       001D5A
_I2C2_Close                                        text44       001C42
_I2C2_CounterGet                                   text39       001F20
_I2C2_CounterSet                                   text42       001EE2
_I2C2_DataReceive                                  text59       001F2C
_I2C2_DataTransmit                                 text38       001E86
_I2C2_DefaultCallback                              text54       001F58
_I2C2_Deinitialize                                 (abs)        000000
_I2C2_ERROR_ISR                                    text48       001188
_I2C2_ErrorFlagsClear                              text46       001EF6
_I2C2_ErrorGet                                     (abs)        000000
_I2C2_ISR                                          text35       001438
_I2C2_Initialize                                   text19       001642
_I2C2_InterruptsClear                              text45       001F12
_I2C2_InterruptsDisable                            text57       001E44
_I2C2_InterruptsEnable                             text20       001DAA
_I2C2_IsAddr                                       text53       001E18
_I2C2_IsBusCol                                     text52       001E02
_I2C2_IsBusTimeOut                                 text51       001DEC
_I2C2_IsBusy                                       (abs)        000000
_I2C2_IsData                                       text50       001DD6
_I2C2_IsNack                                       text49       001DC0
_I2C2_RX_ISR                                       text58       001CB8
_I2C2_Read                                         (abs)        000000
_I2C2_ReadStart                                    text40       001C90
_I2C2_RestartDisable                               text37       001F1A
_I2C2_StartSend                                    text41       001F26
_I2C2_StopSend                                     text36       001C6A
_I2C2_TX_ISR                                       text60       001CDC
_I2C2_Write                                        (abs)        000000
_I2C2_WriteRead                                    (abs)        000000
_I2C_Host                                          smallconst   001031
_INLVLA                                            (abs)        003A44
_INLVLB                                            (abs)        003A54
_INLVLC                                            (abs)        003A64
_INLVLD                                            (abs)        003A74
_INLVLE                                            (abs)        003A84
_INT0_CallBack                                     text64       001B06
_INT0_DefaultInterruptHandler                      text65       001F5C
_INT0_ISR                                          text63       001AD8
_INT0_InterruptHandler                             bssBANK0     000096
_INT0_SetInterruptHandler                          text18       001EC4
_INT1_CallBack                                     text67       001B62
_INT1_DefaultInterruptHandler                      text68       001F5E
_INT1_ISR                                          text66       001B34
_INT1_InterruptHandler                             bssBANK0     000094
_INT1_SetInterruptHandler                          text17       001EBA
_INT2_CallBack                                     text70       001BBE
_INT2_DefaultInterruptHandler                      text71       001F60
_INT2_ISR                                          text69       001B90
_INT2_InterruptHandler                             bssBANK0     000092
_INT2_SetInterruptHandler                          text16       001EB0
_INTCON0bits                                       (abs)        003FD2
_INTERRUPT_Initialize                              text15       0014D4
_IOCAF                                             (abs)        003A47
_IOCAN                                             (abs)        003A46
_IOCAP                                             (abs)        003A45
_IOCBF                                             (abs)        003A57
_IOCBN                                             (abs)        003A56
_IOCBP                                             (abs)        003A55
_IOCCF                                             (abs)        003A67
_IOCCN                                             (abs)        003A66
_IOCCP                                             (abs)        003A65
_IOCEF                                             (abs)        003A87
_IOCEN                                             (abs)        003A86
_IOCEP                                             (abs)        003A85
_IOC_ISR                                           text61       001F34
_IPR0bits                                          (abs)        003980
_IPR1bits                                          (abs)        003981
_IPR3bits                                          (abs)        003983
_IPR4bits                                          (abs)        003984
_IPR5bits                                          (abs)        003985
_IPR6bits                                          (abs)        003986
_IVTBASEH                                          (abs)        003FD6
_IVTBASEL                                          (abs)        003FD5
_IVTBASEU                                          (abs)        003FD7
_IVTLOCK                                           (abs)        003FD4
_IVTLOCKbits                                       (abs)        003FD4
_LATA                                              (abs)        003FBA
_LATB                                              (abs)        003FBB
_LATBbits                                          (abs)        003FBB
_LATC                                              (abs)        003FBC
_LATD                                              (abs)        003FBD
_LATDbits                                          (abs)        003FBD
_LATE                                              (abs)        003FBE
_LATEbits                                          (abs)        003FBE
_ODCONA                                            (abs)        003A42
_ODCONB                                            (abs)        003A52
_ODCONC                                            (abs)        003A62
_ODCOND                                            (abs)        003A72
_ODCONE                                            (abs)        003A82
_OSCCON1                                           (abs)        0039D9
_OSCCON3                                           (abs)        0039DB
_OSCEN                                             (abs)        0039DD
_OSCFRQ                                            (abs)        0039DF
_OSCTUNE                                           (abs)        0039DE
_PERIOD                                            dataCOMRAM   000044
_PIE1bits                                          (abs)        003991
_PIE3bits                                          (abs)        003993
_PIE4bits                                          (abs)        003994
_PIE5bits                                          (abs)        003995
_PIE6bits                                          (abs)        003996
_PIN_MANAGER_IOC                                   text62       001F5A
_PIN_MANAGER_Initialize                            text14       00128C
_PIR1bits                                          (abs)        0039A1
_PIR2bits                                          (abs)        0039A2
_PIR3bits                                          (abs)        0039A3
_PIR4bits                                          (abs)        0039A4
_PIR5bits                                          (abs)        0039A5
_PIR7bits                                          (abs)        0039A7
_PR2                                               (abs)        003FAB
_RB1I2C                                            (abs)        003A5A
_RB1PPS                                            (abs)        003A09
_RB2I2C                                            (abs)        003A5B
_RB2PPS                                            (abs)        003A0A
_RC3I2C                                            (abs)        003A6A
_RC3PPS                                            (abs)        003A13
_RC4I2C                                            (abs)        003A6B
_RC5PPS                                            (abs)        003A15
_RC6PPS                                            (abs)        003A16
_RD0I2C                                            (abs)        003A7A
_RD1I2C                                            (abs)        003A7B
_SLRCONA                                           (abs)        003A43
_SLRCONB                                           (abs)        003A53
_SLRCONC                                           (abs)        003A63
_SLRCOND                                           (abs)        003A73
_SLRCONE                                           (abs)        003A83
_SPI1                                              smallconst   001045
_SPI1BAUD                                          (abs)        003D19
_SPI1CLK                                           (abs)        003D1C
_SPI1CON0                                          (abs)        003D14
_SPI1CON0bits                                      (abs)        003D14
_SPI1CON1                                          (abs)        003D15
_SPI1CON2                                          (abs)        003D16
_SPI1RXB                                           (abs)        003D10
_SPI1SCKPPS                                        (abs)        003ADE
_SPI1SDIPPS                                        (abs)        003ADF
_SPI1TCNTL                                         (abs)        003D12
_SPI1TXB                                           (abs)        003D11
_SPI1_BufferExchange                               (abs)        000000
_SPI1_BufferRead                                   (abs)        000000
_SPI1_BufferWrite                                  (abs)        000000
_SPI1_ByteExchange                                 (abs)        000000
_SPI1_ByteRead                                     (abs)        000000
_SPI1_ByteWrite                                    text33       001ED8
_SPI1_Close                                        (abs)        000000
_SPI1_Initialize                                   text13       001D78
_SPI1_Open                                         text27       001C18
_SYSTEM_Initialize                                 text1        001A40
_T0CON0                                            (abs)        003FB8
_T0CON0bits                                        (abs)        003FB8
_T0CON1                                            (abs)        003FB9
_T1CLK                                             (abs)        003FB5
_T1CON                                             (abs)        003FB2
_T1CONbits                                         (abs)        003FB2
_T1GATE                                            (abs)        003FB4
_T1GCON                                            (abs)        003FB3
_T1GCONbits                                        (abs)        003FB3
_T2CLKCON                                          (abs)        003FAE
_T2CON                                             (abs)        003FAC
_T2CONbits                                         (abs)        003FAC
_T2HLT                                             (abs)        003FAD
_T2HLTbits                                         (abs)        003FAD
_T2PR                                              (abs)        003FAB
_T2RST                                             (abs)        003FAF
_T2RSTbits                                         (abs)        003FAF
_T2TMR                                             (abs)        003FAA
_TMR0H                                             (abs)        003FB7
_TMR0L                                             (abs)        003FB6
_TMR1H                                             (abs)        003FB1
_TMR1L                                             (abs)        003FB0
_TMR2                                              (abs)        003FAA
_TRISA                                             (abs)        003FC2
_TRISB                                             (abs)        003FC3
_TRISC                                             (abs)        003FC4
_TRISCbits                                         (abs)        003FC4
_TRISD                                             (abs)        003FC5
_TRISE                                             (abs)        003FC6
_Timer                                             smallconst   00106F
_Timer1                                            smallconst   001057
_Timer1_DefaultOverflowCallback                    text75       001F66
_Timer1_GateISR                                    text72       001F3C
_Timer1_Initialize                                 text11       0018DC
_Timer1_InterruptHandler                           bssCOMRAM    00001C
_Timer1_OverflowCallback                           bssCOMRAM    00001A
_Timer1_OverflowCallbackRegister                   text12       001EA6
_Timer1_OverflowISR                                text82       0017A4
_Timer1_PeriodCountSet                             (abs)        000000
_Timer1_Start                                      (abs)        000000
_Timer1_Stop                                       (abs)        000000
_Timer1_Write                                      text83       001BEC
_Timer2                                            smallconst   001063
_Timer2_DefaultOverflowCallback                    text76       001F68
_Timer2_ISR                                        text80       001750
_Timer2_Initialize                                 text9        001AA8
_Timer2_OverflowCallback                           bssBANK0     00008C
_Timer2_OverflowCallbackRegister                   text10       001E9C
_Timer2_PeriodCountSet                             (abs)        000000
_Timer2_Start                                      text32       001F4E
_Timer2_Stop                                       text81       001F52
_Timer_DefaultOverflowCallback                     text77       001F6A
_Timer_Initialize                                  text7        001A76
_Timer_OverflowCallback                            bssBANK0     00008E
_Timer_OverflowCallbackRegister                    text8        001E92
_Timer_OverflowISR                                 text74       0016FC
_Timer_PeriodCountSet                              (abs)        000000
_Timer_Start                                       (abs)        000000
_Timer_Stop                                        (abs)        000000
_Timer_int                                         text78       001848
_U1BRGH                                            (abs)        003DF6
_U1BRGL                                            (abs)        003DF5
_U1CON0                                            (abs)        003DF2
_U1CON0bits                                        (abs)        003DF2
_U1CON1                                            (abs)        003DF3
_U1CON1bits                                        (abs)        003DF3
_U1CON2                                            (abs)        003DF4
_U1ERRIE                                           (abs)        003DFA
_U1ERRIR                                           (abs)        003DF9
_U1ERRIRbits                                       (abs)        003DF9
_U1FIFO                                            (abs)        003DF7
_U1P1H                                             (abs)        003DED
_U1P1L                                             (abs)        003DEC
_U1P2H                                             (abs)        003DEF
_U1P2L                                             (abs)        003DEE
_U1P3H                                             (abs)        003DF1
_U1P3L                                             (abs)        003DF0
_U1RXB                                             (abs)        003DE8
_U1RXCHK                                           (abs)        003DE9
_U1RXPPS                                           (abs)        003AE5
_U1TXB                                             (abs)        003DEA
_U1TXCHK                                           (abs)        003DEB
_U1UIR                                             (abs)        003DF8
_U1UIRbits                                         (abs)        003DF8
_U2BRGH                                            (abs)        003DDE
_U2BRGL                                            (abs)        003DDD
_U2CON0                                            (abs)        003DDA
_U2CON1                                            (abs)        003DDB
_U2CON2                                            (abs)        003DDC
_U2ERRIE                                           (abs)        003DE2
_U2ERRIR                                           (abs)        003DE1
_U2FIFO                                            (abs)        003DDF
_U2P1L                                             (abs)        003DD4
_U2P2L                                             (abs)        003DD6
_U2P3L                                             (abs)        003DD8
_U2TXB                                             (abs)        003DD2
_U2UIR                                             (abs)        003DE0
_UART                                              smallconst   001001
_UART1_AutoBaudQuery                               (abs)        000000
_UART1_AutoBaudSet                                 (abs)        000000
_UART1_DefaultFramingErrorCallback                 (abs)        000000
_UART1_DefaultOverrunErrorCallback                 (abs)        000000
_UART1_DefaultParityErrorCallback                  (abs)        000000
_UART1_Deinitialize                                (abs)        000000
_UART1_ErrorGet                                    (abs)        000000
_UART1_FramingErrorCallbackRegister                text6        001D3C
_UART1_FramingErrorHandler                         bssCOMRAM    000018
_UART1_Initialize                                  text3        00137C
_UART1_IsRxReady                                   (abs)        000000
_UART1_IsTxDone                                    (abs)        000000
_UART1_IsTxReady                                   (abs)        000000
_UART1_OverrunErrorCallbackRegister                text5        001D1E
_UART1_OverrunErrorHandler                         bssCOMRAM    000016
_UART1_ParityErrorCallbackRegister                 text4        001D00
_UART1_ParityErrorHandler                          bssBANK0     000088
_UART1_Read                                        (abs)        000000
_UART1_ReceiveISR                                  (abs)        000000
_UART1_Receive_Vector_ISR                          text84       001960
_UART1_RxCompleteCallbackRegister                  (abs)        000000
_UART1_RxCompleteInterruptHandler                  bssCOMRAM    000012
_UART1_RxInterruptHandler                          bssBANK0     000098
_UART1_TransmitDisable                             (abs)        000000
_UART1_TransmitEnable                              (abs)        000000
_UART1_TransmitISR                                 text86       0019D2
_UART1_Transmit_Vector_ISR                         text85       001F44
_UART1_TxCompleteCallbackRegister                  (abs)        000000
_UART1_TxCompleteInterruptHandler                  bssCOMRAM    000014
_UART1_TxInterruptHandler                          bssBANK0     00009A
_UART1_Write                                       text31       0017F8
_UART2_Initialize                                  text2        00199A
_WPUA                                              (abs)        003A41
_WPUB                                              (abs)        003A51
_WPUC                                              (abs)        003A61
_WPUD                                              (abs)        003A71
_WPUE                                              (abs)        003A81
__HRAM                                             (abs)        000000
__Habs1                                            abs1         000000
__Hbank0                                           bank0        000000
__Hbank1                                           bank1        000000
__Hbank10                                          bank10       000000
__Hbank11                                          bank11       000000
__Hbank12                                          bank12       000000
__Hbank13                                          bank13       000000
__Hbank14                                          bank14       000000
__Hbank15                                          bank15       000000
__Hbank2                                           bank2        000000
__Hbank3                                           bank3        000000
__Hbank4                                           bank4        000000
__Hbank5                                           bank5        000000
__Hbank6                                           bank6        000000
__Hbank7                                           bank7        000000
__Hbank8                                           bank8        000000
__Hbank9                                           bank9        000000
__Hbigbss                                          bigbss       000000
__Hbigdata                                         bigdata      000000
__Hbigram                                          bigram       000000
__Hbigsfr                                          bigsfr       000000
__Hbss                                             bss          000000
__HbssBANK0                                        bssBANK0     000000
__HbssCOMRAM                                       bssCOMRAM    000000
__Hcinit                                           cinit        000000
__Hclrtext                                         clrtext      000000
__Hcomram                                          comram       000000
__Hconfig                                          config       30000A
__Hconst                                           const        000000
__HcstackBANK0                                     cstackBANK0  000000
__HcstackCOMRAM                                    cstackCOMRAM 000000
__Hdata                                            data         000000
__HdataBANK0                                       dataBANK0    000000
__HdataCOMRAM                                      dataCOMRAM   000000
__Heeprom_data                                     eeprom_data  000000
__Hfarbss                                          farbss       000000
__Hfardata                                         fardata      000000
__Hheap                                            heap         000000
__Hibigdata                                        ibigdata     000000
__Hidata                                           idata        000000
__HidataBANK0                                      idataBANK0   000000
__HidataCOMRAM                                     idataCOMRAM  000000
__Hidloc                                           idloc        200010
__Hifardata                                        ifardata     000000
__Hinit                                            init         0000B2
__Hintsave_regs                                    intsave_regs 000000
__Hirdata                                          irdata       000000
__Hivt0x8                                          ivt0x8       0000AE
__Hmediumconst                                     mediumconst  000000
__HnvCOMRAM                                        nvCOMRAM     000000
__HnvFARRAM                                        nvFARRAM     000000
__Hnvbit                                           nvbit        000000
__Hnvrram                                          nvrram       000000
__Hparam                                           rparam       000000
__Hpowerup                                         powerup      000000
__Hram                                             ram          000000
__Hramtop                                          ramtop       001000
__Hrbit                                            rbit         000000
__Hrbss                                            rbss         000000
__Hrdata                                           rdata        000000
__Hreset_vec                                       reset_vec    000004
__Hrparam                                          rparam       000000
__Hsfr                                             sfr          000000
__Hsmallconst                                      smallconst   001082
__Hspace_0                                         (abs)        001F6C
__Hspace_1                                         (abs)        0000C3
__Hspace_2                                         (abs)        000000
__Hspace_4                                         (abs)        60000A
__Hstack                                           stack        000000
__Hstruct                                          struct       000000
__Htemp                                            temp         000000
__Htext                                            text         000000
__Htext0                                           text0        000000
__Htext1                                           text1        000000
__Htext10                                          text10       000000
__Htext11                                          text11       000000
__Htext12                                          text12       000000
__Htext13                                          text13       000000
__Htext14                                          text14       000000
__Htext15                                          text15       000000
__Htext16                                          text16       000000
__Htext17                                          text17       000000
__Htext18                                          text18       000000
__Htext19                                          text19       000000
__Htext2                                           text2        000000
__Htext20                                          text20       000000
__Htext21                                          text21       000000
__Htext22                                          text22       000000
__Htext23                                          text23       000000
__Htext24                                          text24       000000
__Htext25                                          text25       000000
__Htext26                                          text26       000000
__Htext27                                          text27       000000
__Htext28                                          text28       000000
__Htext29                                          text29       000000
__Htext3                                           text3        000000
__Htext30                                          text30       000000
__Htext31                                          text31       000000
__Htext32                                          text32       000000
__Htext33                                          text33       000000
__Htext34                                          text34       000000
__Htext35                                          text35       000000
__Htext36                                          text36       000000
__Htext37                                          text37       000000
__Htext38                                          text38       000000
__Htext39                                          text39       000000
__Htext4                                           text4        000000
__Htext40                                          text40       000000
__Htext41                                          text41       000000
__Htext42                                          text42       000000
__Htext43                                          text43       000000
__Htext44                                          text44       000000
__Htext45                                          text45       000000
__Htext46                                          text46       000000
__Htext47                                          text47       000000
__Htext48                                          text48       000000
__Htext49                                          text49       000000
__Htext5                                           text5        000000
__Htext50                                          text50       000000
__Htext51                                          text51       000000
__Htext52                                          text52       000000
__Htext53                                          text53       000000
__Htext54                                          text54       000000
__Htext55                                          text55       000000
__Htext56                                          text56       000000
__Htext57                                          text57       000000
__Htext58                                          text58       000000
__Htext59                                          text59       000000
__Htext6                                           text6        000000
__Htext60                                          text60       000000
__Htext61                                          text61       000000
__Htext62                                          text62       000000
__Htext63                                          text63       000000
__Htext64                                          text64       000000
__Htext65                                          text65       000000
__Htext66                                          text66       000000
__Htext67                                          text67       000000
__Htext68                                          text68       000000
__Htext69                                          text69       000000
__Htext7                                           text7        000000
__Htext70                                          text70       000000
__Htext71                                          text71       000000
__Htext72                                          text72       000000
__Htext73                                          text73       000000
__Htext74                                          text74       000000
__Htext75                                          text75       000000
__Htext76                                          text76       000000
__Htext77                                          text77       000000
__Htext78                                          text78       000000
__Htext79                                          text79       000000
__Htext8                                           text8        000000
__Htext80                                          text80       000000
__Htext81                                          text81       000000
__Htext82                                          text82       000000
__Htext83                                          text83       000000
__Htext84                                          text84       000000
__Htext85                                          text85       000000
__Htext86                                          text86       000000
__Htext87                                          text87       000000
__Htext9                                           text9        000000
__LRAM                                             (abs)        000001
__Labs1                                            abs1         000000
__Lbank0                                           bank0        000000
__Lbank1                                           bank1        000000
__Lbank10                                          bank10       000000
__Lbank11                                          bank11       000000
__Lbank12                                          bank12       000000
__Lbank13                                          bank13       000000
__Lbank14                                          bank14       000000
__Lbank15                                          bank15       000000
__Lbank2                                           bank2        000000
__Lbank3                                           bank3        000000
__Lbank4                                           bank4        000000
__Lbank5                                           bank5        000000
__Lbank6                                           bank6        000000
__Lbank7                                           bank7        000000
__Lbank8                                           bank8        000000
__Lbank9                                           bank9        000000
__Lbigbss                                          bigbss       000000
__Lbigdata                                         bigdata      000000
__Lbigram                                          bigram       000000
__Lbigsfr                                          bigsfr       000000
__Lbss                                             bss          000000
__LbssBANK0                                        bssBANK0     000000
__LbssCOMRAM                                       bssCOMRAM    000000
__Lcinit                                           cinit        000000
__Lclrtext                                         clrtext      000000
__Lcomram                                          comram       000000
__Lconfig                                          config       000000
__Lconst                                           const        000000
__LcstackBANK0                                     cstackBANK0  000000
__LcstackCOMRAM                                    cstackCOMRAM 000000
__Ldata                                            data         000000
__LdataBANK0                                       dataBANK0    000000
__LdataCOMRAM                                      dataCOMRAM   000000
__Leeprom_data                                     eeprom_data  000000
__Lfarbss                                          farbss       000000
__Lfardata                                         fardata      000000
__Lheap                                            heap         000000
__Libigdata                                        ibigdata     000000
__Lidata                                           idata        000000
__LidataBANK0                                      idataBANK0   000000
__LidataCOMRAM                                     idataCOMRAM  000000
__Lidloc                                           idloc        000000
__Lifardata                                        ifardata     000000
__Linit                                            init         0000AE
__Lintsave_regs                                    intsave_regs 000000
__Lirdata                                          irdata       000000
__Livt0x8                                          ivt0x8       000008
__Lmediumconst                                     mediumconst  000000
__LnvCOMRAM                                        nvCOMRAM     000000
__LnvFARRAM                                        nvFARRAM     000000
__Lnvbit                                           nvbit        000000
__Lnvrram                                          nvrram       000000
__Lparam                                           rparam       000000
__Lpowerup                                         powerup      000000
__Lram                                             ram          000000
__Lramtop                                          ramtop       001000
__Lrbit                                            rbit         000000
__Lrbss                                            rbss         000000
__Lrdata                                           rdata        000000
__Lreset_vec                                       reset_vec    000000
__Lrparam                                          rparam       000000
__Lsfr                                             sfr          000000
__Lsmallconst                                      smallconst   001000
__Lspace_0                                         (abs)        000000
__Lspace_1                                         (abs)        000000
__Lspace_2                                         (abs)        000000
__Lspace_4                                         (abs)        000000
__Lstack                                           stack        000000
__Lstruct                                          struct       000000
__Ltemp                                            temp         000000
__Ltext                                            text         000000
__Ltext0                                           text0        000000
__Ltext1                                           text1        000000
__Ltext10                                          text10       000000
__Ltext11                                          text11       000000
__Ltext12                                          text12       000000
__Ltext13                                          text13       000000
__Ltext14                                          text14       000000
__Ltext15                                          text15       000000
__Ltext16                                          text16       000000
__Ltext17                                          text17       000000
__Ltext18                                          text18       000000
__Ltext19                                          text19       000000
__Ltext2                                           text2        000000
__Ltext20                                          text20       000000
__Ltext21                                          text21       000000
__Ltext22                                          text22       000000
__Ltext23                                          text23       000000
__Ltext24                                          text24       000000
__Ltext25                                          text25       000000
__Ltext26                                          text26       000000
__Ltext27                                          text27       000000
__Ltext28                                          text28       000000
__Ltext29                                          text29       000000
__Ltext3                                           text3        000000
__Ltext30                                          text30       000000
__Ltext31                                          text31       000000
__Ltext32                                          text32       000000
__Ltext33                                          text33       000000
__Ltext34                                          text34       000000
__Ltext35                                          text35       000000
__Ltext36                                          text36       000000
__Ltext37                                          text37       000000
__Ltext38                                          text38       000000
__Ltext39                                          text39       000000
__Ltext4                                           text4        000000
__Ltext40                                          text40       000000
__Ltext41                                          text41       000000
__Ltext42                                          text42       000000
__Ltext43                                          text43       000000
__Ltext44                                          text44       000000
__Ltext45                                          text45       000000
__Ltext46                                          text46       000000
__Ltext47                                          text47       000000
__Ltext48                                          text48       000000
__Ltext49                                          text49       000000
__Ltext5                                           text5        000000
__Ltext50                                          text50       000000
__Ltext51                                          text51       000000
__Ltext52                                          text52       000000
__Ltext53                                          text53       000000
__Ltext54                                          text54       000000
__Ltext55                                          text55       000000
__Ltext56                                          text56       000000
__Ltext57                                          text57       000000
__Ltext58                                          text58       000000
__Ltext59                                          text59       000000
__Ltext6                                           text6        000000
__Ltext60                                          text60       000000
__Ltext61                                          text61       000000
__Ltext62                                          text62       000000
__Ltext63                                          text63       000000
__Ltext64                                          text64       000000
__Ltext65                                          text65       000000
__Ltext66                                          text66       000000
__Ltext67                                          text67       000000
__Ltext68                                          text68       000000
__Ltext69                                          text69       000000
__Ltext7                                           text7        000000
__Ltext70                                          text70       000000
__Ltext71                                          text71       000000
__Ltext72                                          text72       000000
__Ltext73                                          text73       000000
__Ltext74                                          text74       000000
__Ltext75                                          text75       000000
__Ltext76                                          text76       000000
__Ltext77                                          text77       000000
__Ltext78                                          text78       000000
__Ltext79                                          text79       000000
__Ltext8                                           text8        000000
__Ltext80                                          text80       000000
__Ltext81                                          text81       000000
__Ltext82                                          text82       000000
__Ltext83                                          text83       000000
__Ltext84                                          text84       000000
__Ltext85                                          text85       000000
__Ltext86                                          text86       000000
__Ltext87                                          text87       000000
__Ltext9                                           text9        000000
__S0                                               (abs)        001F6C
__S1                                               (abs)        0000C3
__S4                                               (abs)        000000
__S5                                               (abs)        000000
___heap_hi                                         (abs)        000000
___heap_lo                                         (abs)        000000
___inthi_sp                                        stack        000000
___intlo_sp                                        stack        000000
___param_bank                                      (abs)        000000
___rparam_used                                     (abs)        000001
___sp                                              stack        000000
__accesstop                                        (abs)        000060
__activetblptr                                     (abs)        000003
__end_of_ADCC_DefaultADI_ISR                       text29       001F58
__end_of_ADCC_ISR                                  text28       0016FC
__end_of_ADCC_Initialize                           text25       0015D4
__end_of_ADCC_SetADIInterruptHandler               text26       001ED8
__end_of_ADCC_StartConversion                      text34       001E78
__end_of_ADC_int                                   text30       001188
__end_of_CLOCK_Initialize                          text24       001DAA
__end_of_Default_ISR                               text73       001F66
__end_of_FVR_Initialize                            text23       001F12
[...]
__end_of_INT0_ISR                                  text63       001B06
__end_of_INT0_SetInterruptHandler                  text18       001ECE
__end_of_INT1_CallBack                             text67       001B90
__end_of_INT1_DefaultInterruptHandler              text68       001F60
__end_of_INT1_ISR                                  text66       001B62
__end_of_INT1_SetInterruptHandler                  text17       001EC4
__end_of_INT2_CallBack                             text70       001BEC
__end_of_INT2_DefaultInterruptHandler              text71       001F62
__end_of_INT2_ISR                                  text69       001BBE
__end_of_INT2_SetInterruptHandler                  text16       001EBA
__end_of_INTERRUPT_Initialize                      text15       001560
__end_of_IOC_ISR                                   text61       001F3A
__end_of_PIN_MANAGER_IOC                           text62       001F5C
__end_of_PIN_MANAGER_Initialize                    text14       00137C
__end_of_SPI1                                      smallconst   001057
__end_of_SPI1_ByteWrite                            text33       001EE2
__end_of_SPI1_Initialize                           text13       001D92
__end_of_SPI1_Open                                 text27       001C42
__end_of_SYSTEM_Initialize                         text1        001A76
__end_of_Timer                                     smallconst   00107B
__end_of_Timer1                                    smallconst   001063
__end_of_Timer1_DefaultOverflowCallback            text75       001F68
__end_of_Timer1_GateISR                            text72       001F42
__end_of_Timer1_Initialize                         text11       001922
__end_of_Timer1_OverflowCallbackRegister           text12       001EB0
__end_of_Timer1_OverflowISR                        text82       0017F8
__end_of_Timer1_Write                              text83       001C18
__end_of_Timer2                                    smallconst   00106F
__end_of_Timer2_DefaultOverflowCallback            text76       001F6A
__end_of_Timer2_ISR                                text80       0017A4
__end_of_Timer2_Initialize                         text9        001AD6
__end_of_Timer2_OverflowCallbackRegister           text10       001EA6
__end_of_Timer2_Start                              text32       001F52
__end_of_Timer2_Stop                               text81       001F56
__end_of_Timer_DefaultOverflowCallback             text77       001F6C
__end_of_Timer_Initialize                          text7        001AA8
__end_of_Timer_OverflowCallbackRegister            text8        001E9C
__end_of_Timer_OverflowISR                         text74       001750
__end_of_Timer_int                                 text78       001894
__end_of_UART                                      smallconst   001031
__end_of_UART1_FramingErrorCallbackRegister        text6        001D5A
__end_of_UART1_Initialize                          text3        001438
__end_of_UART1_OverrunErrorCallbackRegister        text5        001D3C
__end_of_UART1_ParityErrorCallbackRegister         text4        001D1E
__end_of_UART1_Receive_Vector_ISR                  text84       00199A
__end_of_UART1_TransmitISR                         text86       001A0A
__end_of_UART1_Transmit_Vector_ISR                 text85       001F4A
__end_of_UART1_Write                               text31       001848
__end_of_UART2_Initialize                          text2        0019D2
__end_of__initialization                           cinit        00163C
__end_of_main                                      text0        001A40
__end_of_spi1_configuration                        smallconst   001080
__end_ofi1_I2C2_InterruptsEnable                   text56       001E44
__end_ofi2_ADCC_StartConversion                    text79       001E86
__initialization                                   cinit        0015D4
__mediumconst                                      mediumconst  000000
__pbssBANK0                                        bssBANK0     000060
__pbssCOMRAM                                       bssCOMRAM    000001
__pcinit                                           cinit        0015D4
__pcstackBANK0                                     cstackBANK0  00009E
__pcstackCOMRAM                                    cstackCOMRAM 000029
__pdataBANK0                                       dataBANK0    0000B3
__pdataCOMRAM                                      dataCOMRAM   000042
__pidataBANK0                                      idataBANK0   001E5A
__pidataCOMRAM                                     idataCOMRAM  001F4A
__pivt0x8                                          ivt0x8       000008
__pnvCOMRAM                                        nvCOMRAM     000046
__psmallconst                                      smallconst   001000
__ptext0                                           text0        001A0A
__ptext1                                           text1        001A40
__ptext10                                          text10       001E9C
__ptext11                                          text11       0018DC
__ptext12                                          text12       001EA6
__ptext13                                          text13       001D78
__ptext14                                          text14       00128C
__ptext15                                          text15       0014D4
__ptext16                                          text16       001EB0
__ptext17                                          text17       001EBA
__ptext18                                          text18       001EC4
__ptext19                                          text19       001642
__ptext2                                           text2        00199A
__ptext20                                          text20       001DAA
__ptext21                                          text21       001D5A
__ptext22                                          text22       001894
__ptext23                                          text23       001F0A
__ptext24                                          text24       001D92
__ptext25                                          text25       001560
__ptext26                                          text26       001ECE
__ptext27                                          text27       001C18
__ptext28                                          text28       0016A8
__ptext29                                          text29       001F56
__ptext3                                           text3        00137C
__ptext30                                          text30       001082
__ptext31                                          text31       0017F8
__ptext32                                          text32       001F4E
__ptext33                                          text33       001ED8
__ptext34                                          text34       001E6A
__ptext35                                          text35       001438
__ptext36                                          text36       001C6A
__ptext37                                          text37       001F1A
__ptext38                                          text38       001E86
__ptext39                                          text39       001F20
__ptext4                                           text4        001D00
__ptext40                                          text40       001C90
__ptext41                                          text41       001F26
__ptext42                                          text42       001EE2
__ptext43                                          text43       001EEC
__ptext44                                          text44       001C42
__ptext45                                          text45       001F12
__ptext46                                          text46       001EF6
__ptext47                                          text47       001F00
__ptext48                                          text48       001188
__ptext49                                          text49       001DC0
__ptext5                                           text5        001D1E
__ptext50                                          text50       001DD6
__ptext51                                          text51       001DEC
__ptext52                                          text52       001E02
__ptext53                                          text53       001E18
__ptext54                                          text54       001F58
__ptext55                                          text55       001922
__ptext56                                          text56       001E2E
__ptext57                                          text57       001E44
__ptext58                                          text58       001CB8
__ptext59                                          text59       001F2C
__ptext6                                           text6        001D3C
__ptext60                                          text60       001CDC
__ptext61                                          text61       001F34
__ptext62                                          text62       001F5A
__ptext63                                          text63       001AD8
__ptext64                                          text64       001B06
__ptext65                                          text65       001F5C
__ptext66                                          text66       001B34
__ptext67                                          text67       001B62
__ptext68                                          text68       001F5E
__ptext69                                          text69       001B90
__ptext7                                           text7        001A76
__ptext70                                          text70       001BBE
__ptext71                                          text71       001F60
__ptext72                                          text72       001F3C
__ptext73                                          text73       001F64
__ptext74                                          text74       0016FC
__ptext75                                          text75       001F66
__ptext76                                          text76       001F68
__ptext77                                          text77       001F6A
__ptext78                                          text78       001848
__ptext79                                          text79       001E78
__ptext8                                           text8        001E92
__ptext80                                          text80       001750
__ptext81                                          text81       001F52
__ptext82                                          text82       0017A4
__ptext83                                          text83       001BEC
__ptext84                                          text84       001960
__ptext85                                          text85       001F44
__ptext86                                          text86       0019D2
__ptext87                                          text87       000000
__ptext9                                           text9        001AA8
__ramtop                                           ramtop       001000
__smallconst                                       smallconst   001000
_i2c2Status                                        bssCOMRAM    000001
_main                                              text0        001A0A
_timer1ReloadVal                                   bssCOMRAM    00001E
_timerTMR0ReloadVal16bit                           bssBANK0     000090
_uart1RxBuffer                                     bssBANK0     000080
_uart1RxCount                                      bssCOMRAM    000023
_uart1RxHead                                       bssCOMRAM    000025
_uart1RxLastError                                  bssBANK0     00008A
_uart1RxStatusBuffer                               bssBANK0     000060
_uart1RxTail                                       bssCOMRAM    000024
_uart1TxBuffer                                     bssBANK0     000070
_uart1TxBufferRemaining                            bssCOMRAM    000026
_uart1TxHead                                       bssCOMRAM    000028
_uart1TxTail                                       bssCOMRAM    000027
_valp                                              dataBANK0    0000B3
end_of_initialization                              cinit        00163C
i1_I2C2_InterruptsEnable                           text56       001E2E
i2ADCC_StartConversion@channel                     cstackCOMRAM 000031
i2_ADCC_StartConversion                            text79       001E78
intlevel0                                          text         000000
intlevel1                                          text         000000
intlevel2                                          text         000000
intlevel3                                          text         000000
isa$std                                            (abs)        000001
isa$xinst                                          (abs)        000000
ivt0x8_base                                        ivt0x8       000008
ivt0x8_undefint                                    ivt0x8       0000AC
stackhi                                            (abs)        000000
stacklo                                            (abs)        000000
start                                              init         0000AE
start_initialization                               cinit        0015D4


MODULE INFORMATION

Module		Function		Class		Link	Load	Size
mcc_generated_files/peripheral/src/uart2.c
		_UART2_Initialize		CODE           	199A	0000	56

mcc_generated_files/peripheral/src/uart2.c estimated size: 56

mcc_generated_files/peripheral/src/i2c1.c
		_I2C1_Initialize		CODE           	1894	0000	72

mcc_generated_files/peripheral/src/i2c1.c estimated size: 72

mcc_generated_files/timer/src/tmr1.c
		_Timer1_OverflowISR		CODE           	17A4	0000	84
		_Timer1_DefaultOverflowCallback		CODE           	1F66	0000	2
		_Timer1_Write  		CODE           	1BEC	0000	44
		_Timer1_GateISR		CODE           	1F3C	0000	6
		_Timer1_Initialize		CODE           	18DC	0000	70
		_Timer1_OverflowCallbackRegister		CODE           	1EA6	0000	10

mcc_generated_files/timer/src/tmr1.c estimated size: 216

mcc_generated_files/system/src/interrupt.c
		_IOC_ISR       		CODE           	1F34	0000	6
		_INT0_SetInterruptHandler		CODE           	1EC4	0000	10
		_INT1_SetInterruptHandler		CODE           	1EBA	0000	10
		_INT2_SetInterruptHandler		CODE           	1EB0	0000	10
		_INTERRUPT_Initialize		CODE           	14D4	0000	140
		_INT0_DefaultInterruptHandler		CODE           	1F5C	0000	2
		_INT0_CallBack 		CODE           	1B06	0000	46
		_INT1_DefaultInterruptHandler		CODE           	1F5E	0000	2
		_INT1_CallBack 		CODE           	1B62	0000	46
		_INT2_DefaultInterruptHandler		CODE           	1F60	0000	2
		_INT2_CallBack 		CODE           	1BBE	0000	46
		_Default_ISR   		CODE           	1F64	0000	2
		_INT0_ISR      		CODE           	1AD8	0000	46
		_INT1_ISR      		CODE           	1B34	0000	46
		_INT2_ISR      		CODE           	1B90	0000	46

mcc_generated_files/system/src/interrupt.c estimated size: 460

mcc_generated_files/adc/src/adcc.c
		_ADCC_DefaultADI_ISR		CODE           	1F56	0000	2
		_ADCC_SetADIInterruptHandler		CODE           	1ECE	0000	10
		_ADCC_ISR      		CODE           	16A8	0000	84
		_ADCC_StartConversion		CODE           	1E6A	0000	14
		_ADCC_Initialize		CODE           	1560	0000	116

mcc_generated_files/adc/src/adcc.c estimated size: 226

mcc_generated_files/uart/src/uart1.c
		_UART1_Write   		CODE           	17F8	0000	80
		_UART1_FramingErrorCallbackRegister		CODE           	1D3C	0000	30
		_UART1_Transmit_Vector_ISR		CODE           	1F44	0000	6
		_UART1_Receive_Vector_ISR		CODE           	1960	0000	58
		_UART1_OverrunErrorCallbackRegister		CODE           	1D1E	0000	30
		_UART1_Initialize		CODE           	137C	0000	188
		_UART1_TransmitISR		CODE           	19D2	0000	56
		_UART1_ParityErrorCallbackRegister		CODE           	1D00	0000	30

mcc_generated_files/uart/src/uart1.c estimated size: 478

mcc_generated_files/system/src/pins.c
		_PIN_MANAGER_Initialize		CODE           	128C	0000	240
		_PIN_MANAGER_IOC		CODE           	1F5A	0000	2

mcc_generated_files/system/src/pins.c estimated size: 242

Timer_int.c
		_Timer_int     		CODE           	1848	0000	76

Timer_int.c estimated size: 76

shared
		_SPI1          		SMALLCONST     	1045	0000	18
		_Timer1        		SMALLCONST     	1057	0000	12
		_UART          		SMALLCONST     	1001	0000	48
		_Timer         		SMALLCONST     	106F	0000	12
		_Timer2        		SMALLCONST     	1063	0000	12
		__initialization		CODE           	15D4	0000	104
		_I2C_Host      		SMALLCONST     	1031	0000	20
		i1_I2C2_InterruptsEnable		CODE           	1E2E	0000	22
		i2_ADCC_StartConversion		CODE           	1E78	0000	14
		_spi1_configuration		SMALLCONST     	0000	0000	0

shared estimated size: 262

mcc_generated_files/timer/src/tmr2.c
		_Timer2_Initialize		CODE           	1AA8	0000	46
		_Timer2_OverflowCallbackRegister		CODE           	1E9C	0000	10
		_Timer2_DefaultOverflowCallback		CODE           	1F68	0000	2
		_Timer2_ISR    		CODE           	1750	0000	84
		_Timer2_Stop   		CODE           	1F52	0000	4
		_Timer2_Start  		CODE           	1F4E	0000	4

mcc_generated_files/timer/src/tmr2.c estimated size: 150

mcc_generated_files/system/src/clock.c
		_CLOCK_Initialize		CODE           	1D92	0000	24

mcc_generated_files/system/src/clock.c estimated size: 24

ADC_int.c
		_ADC_int       		CODE           	1082	0000	262

ADC_int.c estimated size: 262

mcc_generated_files/timer/src/tmr0.c
		_Timer_OverflowISR		CODE           	16FC	0000	84
		_Timer_Initialize		CODE           	1A76	0000	50
		_Timer_DefaultOverflowCallback		CODE           	1F6A	0000	2
		_Timer_OverflowCallbackRegister		CODE           	1E92	0000	10

mcc_generated_files/timer/src/tmr0.c estimated size: 146

main.c
		_main          		CODE           	1A0A	0000	54

main.c estimated size: 54

mcc_generated_files/fvr/src/fvr.c
		_FVR_Initialize		CODE           	1F0A	0000	8

mcc_generated_files/fvr/src/fvr.c estimated size: 8

mcc_generated_files/i2c_host/src/i2c2.c
		_I2C2_AddrTransmit		CODE           	1EEC	0000	10
		_I2C2_IsBusTimeOut		CODE           	1DEC	0000	22
		_I2C2_DefaultCallback		CODE           	1F58	0000	2
		_I2C2_StartSend		CODE           	1F26	0000	6
		_I2C2_CallbackRegister		CODE           	1D5A	0000	30
		_I2C2_RX_ISR   		CODE           	1CB8	0000	36
		_I2C2_InterruptsEnable		CODE           	1DAA	0000	22
		_I2C2_CounterGet		CODE           	1F20	0000	6
		_I2C2_CounterSet		CODE           	1EE2	0000	10
		_I2C2_ReadStart		CODE           	1C90	0000	38
		_I2C2_InterruptsClear		CODE           	1F12	0000	8
		_I2C2_ISR      		CODE           	1438	0000	156
		_I2C2_DataReceive		CODE           	1F2C	0000	6
		_I2C2_IsData   		CODE           	1DD6	0000	22
		_I2C2_IsNack   		CODE           	1DC0	0000	22
		_I2C2_IsAddr   		CODE           	1E18	0000	22
		_I2C2_InterruptsDisable		CODE           	1E44	0000	22
		_I2C2_BufferClear		CODE           	1F00	0000	10
		_I2C2_BusReset 		CODE           	1922	0000	62
		_I2C2_Initialize		CODE           	1642	0000	100
		_I2C2_Close    		CODE           	1C42	0000	40
		_I2C2_IsBusCol 		CODE           	1E02	0000	22
		_I2C2_ERROR_ISR		CODE           	1188	0000	260
		_I2C2_ErrorFlagsClear		CODE           	1EF6	0000	10
		_I2C2_TX_ISR   		CODE           	1CDC	0000	36
		_I2C2_StopSend 		CODE           	1C6A	0000	38
		_I2C2_RestartDisable		CODE           	1F1A	0000	6
		_I2C2_DataTransmit		CODE           	1E86	0000	12

mcc_generated_files/i2c_host/src/i2c2.c estimated size: 1036

mcc_generated_files/system/src/system.c
		_SYSTEM_Initialize		CODE           	1A40	0000	54

mcc_generated_files/system/src/system.c estimated size: 54

mcc_generated_files/spi/src/spi1.c
		_SPI1_ByteWrite		CODE           	1ED8	0000	10
		_SPI1_Open     		CODE           	1C18	0000	42
		_SPI1_Initialize		CODE           	1D78	0000	26

mcc_generated_files/spi/src/spi1.c estimated size: 78

