Microchip MPLAB XC8 Compiler V2.40

Linker command line:

-W-3 \
  --edf=C:\Program Files\Microchip\xc8\v2.40\pic\dat\20220703182018_en.msgs \
  -pivt0x8=08h -cn -h+dist/default/production\Practica_2a.X.production.sym \
  --cmf=dist/default/production\Practica_2a.X.production.cmf -z -Q18F46K42 \
  -oC:\Users\rrtc2\AppData\Local\Temp\xcAsgeg.4 --defsym=__MPLAB_BUILD=1 \
  --fixupoverflow=error \
  -Mdist/default/production/Practica_2a.X.production.map \
  --md=C:\Users\rrtc2\AppData\Local\Temp\xcAsgeg.dat -E1 -ver=XC8 Compiler \
  --acfsm=1493 -ACODE=00h-0FFFFh -ACONST=00h-0FFFFh \
  -ASMALLCONST=01000h-010FFhx240 -AMEDIUMCONST=01000h-0FFFFh \
  -ACOMRAM=01h-05Fh -AABS1=00h-0FFFh -ABIGRAM=01h-0FFFh \
  -ARAM=060h-0FFh,0100h-01FFhx15 -ABANK0=060h-0FFh -ABANK1=0100h-01FFh \
  -ABANK2=0200h-02FFh -ABANK3=0300h-03FFh -ABANK4=0400h-04FFh \
  -ABANK5=0500h-05FFh -ABANK6=0600h-06FFh -ABANK7=0700h-07FFh \
  -ABANK8=0800h-08FFh -ABANK9=0900h-09FFh -ABANK10=0A00h-0AFFh \
  -ABANK11=0B00h-0BFFh -ABANK12=0C00h-0CFFh -ABANK13=0D00h-0DFFh \
  -ABANK14=0E00h-0EFFh -ABANK15=0F00h-0FFFh \
  -ASFR=03800h-038FFhx7,03F00h-03F5Fh,03F60h-03FFFh -ABIGSFR=03800h-03FFFh \
  -ACONFIG=0300000h-0300009h -AIDLOC=0200000h-020000Fh \
  -AEEDATA=0310000h-03103FFh -peeprom_data=EEDATA -preset_vec=00h \
  -ppowerup=CODE,init -pramtop=01000h -psmallconst=SMALLCONST \
  -pmediumconst=MEDIUMCONST -pconst=CONST -AFARRAM=00h-00h \
  -prdata=COMRAM,nvrram=COMRAM,nvbit=COMRAM,rbss=COMRAM,rbit=COMRAM \
  -pfarbss=FARRAM,fardata=FARRAM,nvFARRAM=FARRAM \
  -pintsave_regs=BIGRAM,bigbss=BIGRAM,bigdata=BIGRAM -pbss=RAM \
  -pidata=CODE,irdata=CODE,ibigdata=CODE,ifardata=CODE -prparam=COMRAM \
  C:\Users\rrtc2\AppData\Local\Temp\xcAsgeg.o \
  dist/default/production\Practica_2a.X.production.o 

Object code version is 3.11

Machine type is 18F46K42



                Name                               Link     Load   Length Selector   Space Scale
C:\Users\rrtc2\AppData\Local\Temp\xcAsgeg.o
                idloc                            200000   200000       10        0       5
                config                           300000   300000        A        0       4
                init                                 AE       AE        4        4       0
                reset_vec                             0        0        4        0       0
dist/default/production\Practica_2a.X.production.o
                idloc                            200000   200000       10        0       5
                config                           300000   300000        A        0       4
                mediumconst                        FECE     FECE      132     7F67       0
                ivt0x8                                8        8       A6        4       0
                text82                              FB0      FB0       18      3E6       0
                text81                             115C     115C        6      451       0
                text80                              F98      F98       18      3E6       0
                text79                             1062     1062       16      3E6       0
                text78                             104C     104C       16      3E6       0
                text77                              B4C      B4C       3E      228       0
                text76                             117E     117E        2      45E       0
                text75                             1036     1036       16      3E6       0
                text74                             1020     1020       16      3E6       0
                text73                             100A     100A       16      3E6       0
                text72                              FF4      FF4       16      3E6       0
                text71                              FDE      FDE       16      3E6       0
                text70                              44C      44C       F8        4       0
                text69                             1122     1122        A      3E6       0
                text68                             1118     1118        A      3E6       0
                text67                             1134     1134        8      3E6       0
                text66                              E60      E60       28      228       0
                text65                             110E     110E        A      3E6       0
                text64                             1104     1104        A      3E6       0
                text63                             1156     1156        6      451       0
                text62                              EAE      EAE       26      228       0
                text61                             1150     1150        6      451       0
                text60                             10FA     10FA        A      3E6       0
                text59                             114A     114A        6      451       0
                text58                              E88      E88       26      228       0
                text57                              784      784       90      1E1       0
                text56                              BC2      BC2       38      228       0
                text55                             1144     1144        6      451       0
                text54                              B0C      B0C       40      228       0
                text53                             1166     1166        4      451       0
                text52                             1088     1088       10      3E6       0
                text51                             10A6     10A6        E      3E6       0
                text50                              E08      E08       2E      228       0
                text49                             117C     117C        2      45E       0
                text48                             117A     117A        2      45E       0
                text47                              A68      A68       54      228       0
                text46                             1178     1178        2      45E       0
                text45                             1174     1174        2      451       0
                text44                              DDA      DDA       2E      228       0
                text43                              DAC      DAC       2E      228       0
                text42                             1172     1172        2      451       0
                text41                              D7E      D7E       2E      228       0
                text40                              D50      D50       2E      228       0
                text39                             1170     1170        2      451       0
                text38                              D22      D22       2E      228       0
                text37                              CF4      CF4       2E      228       0
                text36                             116E     116E        2      451       0
                text35                             113C     113C        6      3E6       0
                text34                             1098     1098        E      3E6       0
                text33                              99A      99A       6A      228       0
                text32                               B2       B2      25C        4       0
                text31                              C64      C64       34      228       0
                text30                             10F0     10F0        A      3E6       0
                text29                             1162     1162        4      451       0
                text28                              ABC      ABC       50      228       0
                text27                              30E      30E      13E        4       0
                text26                             116C     116C        2      451       0
                text25                              8A0      8A0       86      228       0
                text24                              E36      E36       2A      228       0
                text23                             10E6     10E6        A      3E6       0
                text22                              926      926       74      228       0
                text21                              F7E      F7E       18      228       0
                text20                             112C     112C        8      3E6       0
                text19                              F2E      F2E       1E      228       0
                text18                              FC8      FC8       16      3E6       0
                text17                              A04      A04       64      228       0
                text16                             10DC     10DC        A      3E6       0
                text15                             10D2     10D2        A      3E6       0
                text14                             10C8     10C8        A      3E6       0
                text13                              814      814       8A      1E1       0
                text12                              544      544       EC        4       0
                text11                              F4C      F4C       1A      228       0
                text10                             10BE     10BE        A      3E6       0
                text9                               CC6      CC6       2E      228       0
                text8                              10B4     10B4        A      3E6       0
                text7                               BFA      BFA       36      228       0
                text6                               F10      F10       1E      228       0
                text5                               EF2      EF2       1E      228       0
                text4                               ED4      ED4       1E      228       0
                text3                               630      630       BC        4       0
                text2                               B8A      B8A       38      228       0
                text1                               C98      C98       2E      228       0
                text0                               C30      C30       34      228       0
                cstackCOMRAM                          1        1       34        1       1
                cstackBANK0                          EF       EF        8       60       1
                cstackBANK1                         1C0      1C0        D      100       1
                dataBANK1                           1B0      1B0       10      100       1
                bssBANK1                            100      100       B0      100       1
                dataBANK0                            D7       D7       18       60       1
                bssBANK0                             60       60       77       60       1
                dataCOMRAM                           4D       4D        2        1       1
                bssCOMRAM                            35       35       18        1       1
                cinit                               6EC      6EC       96        4       0
                nvBANK0                              F7       F7        2       60       1
                idataBANK1                         1078     1078       10      3E6       0
                idataBANK0                          F66      F66       18      228       0
                idataCOMRAM                        116A     116A        2      451       0

TOTAL           Name                               Link     Load   Length     Space
        CLASS   CODE           
                init                                 AE       AE        4         0
                reset_vec                             0        0        4         0
                ivt0x8                                8        8       A6         0
                text82                              FB0      FB0       18         0
                text81                             115C     115C        6         0
                text80                              F98      F98       18         0
                text79                             1062     1062       16         0
                text78                             104C     104C       16         0
                text77                              B4C      B4C       3E         0
                text76                             117E     117E        2         0
                text75                             1036     1036       16         0
                text74                             1020     1020       16         0
                text73                             100A     100A       16         0
                text72                              FF4      FF4       16         0
                text71                              FDE      FDE       16         0
                text70                              44C      44C       F8         0
                text69                             1122     1122        A         0
                text68                             1118     1118        A         0
                text67                             1134     1134        8         0
                text66                              E60      E60       28         0
                text65                             110E     110E        A         0
                text64                             1104     1104        A         0
                text63                             1156     1156        6         0
                text62                              EAE      EAE       26         0
                text61                             1150     1150        6         0
                text60                             10FA     10FA        A         0
                text59                             114A     114A        6         0
                text58                              E88      E88       26         0
                text57                              784      784       90         0
                text56                              BC2      BC2       38         0
                text55                             1144     1144        6         0
                text54                              B0C      B0C       40         0
                text53                             1166     1166        4         0
                text52                             1088     1088       10         0
                text51                             10A6     10A6        E         0
                text50                              E08      E08       2E         0
                text49                             117C     117C        2         0
                text48                             117A     117A        2         0
                text47                              A68      A68       54         0
                text46                             1178     1178        2         0
                text45                             1174     1174        2         0
                text44                              DDA      DDA       2E         0
                text43                              DAC      DAC       2E         0
                text42                             1172     1172        2         0
                text41                              D7E      D7E       2E         0
                text40                              D50      D50       2E         0
                text39                             1170     1170        2         0
                text38                              D22      D22       2E         0
                text37                              CF4      CF4       2E         0
                text36                             116E     116E        2         0
                text35                             113C     113C        6         0
                text34                             1098     1098        E         0
                text33                              99A      99A       6A         0
                text32                               B2       B2      25C         0
                text31                              C64      C64       34         0
                text30                             10F0     10F0        A         0
                text29                             1162     1162        4         0
                text28                              ABC      ABC       50         0
                text27                              30E      30E      13E         0
                text26                             116C     116C        2         0
                text25                              8A0      8A0       86         0
                text24                              E36      E36       2A         0
                text23                             10E6     10E6        A         0
                text22                              926      926       74         0
                text21                              F7E      F7E       18         0
                text20                             112C     112C        8         0
                text19                              F2E      F2E       1E         0
                text18                              FC8      FC8       16         0
                text17                              A04      A04       64         0
                text16                             10DC     10DC        A         0
                text15                             10D2     10D2        A         0
                text14                             10C8     10C8        A         0
                text13                              814      814       8A         0
                text12                              544      544       EC         0
                text11                              F4C      F4C       1A         0
                text10                             10BE     10BE        A         0
                text9                               CC6      CC6       2E         0
                text8                              10B4     10B4        A         0
                text7                               BFA      BFA       36         0
                text6                               F10      F10       1E         0
                text5                               EF2      EF2       1E         0
                text4                               ED4      ED4       1E         0
                text3                               630      630       BC         0
                text2                               B8A      B8A       38         0
                text1                               C98      C98       2E         0
                text0                               C30      C30       34         0
                cinit                               6EC      6EC       96         0
                idataBANK1                         1078     1078       10         0
                idataBANK0                          F66      F66       18         0
                idataCOMRAM                        116A     116A        2         0

        CLASS   CONST          

        CLASS   SMALLCONST     

        CLASS   MEDIUMCONST    
                mediumconst                        FECE     FECE      132         0

        CLASS   COMRAM         
                cstackCOMRAM                          1        1       34         1
                dataCOMRAM                           4D       4D        2         1
                bssCOMRAM                            35       35       18         1

        CLASS   ABS1           

        CLASS   BIGRAM         

        CLASS   RAM            

        CLASS   BANK0          
                cstackBANK0                          EF       EF        8         1
                dataBANK0                            D7       D7       18         1
                bssBANK0                             60       60       77         1
                nvBANK0                              F7       F7        2         1

        CLASS   BANK1          
                cstackBANK1                         1C0      1C0        D         1
                dataBANK1                           1B0      1B0       10         1
                bssBANK1                            100      100       B0         1

        CLASS   BANK2          

        CLASS   BANK3          

        CLASS   BANK4          

        CLASS   BANK5          

        CLASS   BANK6          

        CLASS   BANK7          

        CLASS   BANK8          

        CLASS   BANK9          

        CLASS   BANK10         

        CLASS   BANK11         

        CLASS   BANK12         

        CLASS   BANK13         

        CLASS   BANK14         

        CLASS   BANK15         

        CLASS   SFR            

        CLASS   BIGSFR         

        CLASS   CONFIG         
                config                           300000   300000        A         4

        CLASS   IDLOC          
                idloc                            200000   200000       10         5

        CLASS   EEDATA         

        CLASS   FARRAM         

        CLASS   HEAP           

        CLASS   STACK          



SEGMENTS        Name                           Load    Length   Top    Selector   Space  Class

                reset_vec                      000000  000004  000004         0       0  CODE    
                cstackCOMRAM                   000001  00004E  00004F         1       1  COMRAM  
                ivt0x8                         000008  00077A  000782         4       0  CODE    
                bssBANK0                       000060  000099  0000F9        60       1  BANK0   
                bssBANK1                       000100  0000CD  0001CD       100       1  BANK1   
                text57                         000784  00011A  00089E       1E1       0  CODE    
                text25                         0008A0  0006F6  000F96       228       0  CODE    
                text80                         000F98  0001AA  001142       3E6       0  CODE    
                text55                         001144  000032  001176       451       0  CODE    
                text46                         001178  000008  001180       45E       0  CODE    
                mediumconst                    00FECE  000132  010000      7F67       0  MEDIUMCO


UNUSED ADDRESS RANGES

        Name                Unused          Largest block    Delta
        BANK0            0000F9-0000FF                7
        BANK1            0001CD-0001FF               33
        BANK10           000A00-000AFF              100
        BANK11           000B00-000BFF              100
        BANK12           000C00-000CFF              100
        BANK13           000D00-000DFF              100
        BANK14           000E00-000EFF              100
        BANK15           000F00-000FFF              100
        BANK2            000200-0002FF              100
        BANK3            000300-0003FF              100
        BANK4            000400-0004FF              100
        BANK5            000500-0005FF              100
        BANK6            000600-0006FF              100
        BANK7            000700-0007FF              100
        BANK8            000800-0008FF              100
        BANK9            000900-0009FF              100
        BIGRAM           00004F-00005F               11
                         0000F9-0000FF                7
                         0001CD-000FFF              E33
        BIGSFR           003800-003FFF              800
        CODE             000004-000007                4
                         000782-000783                2
                         00089E-00089F                2
                         000F96-000F97                2
                         001142-001143                2
                         001176-001177                2
                         001180-00FECD             ED4E
        COMRAM           00004F-00005F               11
        CONST            000004-000007                4
                         000782-000783                2
                         00089E-00089F                2
                         000F96-000F97                2
                         001142-001143                2
                         001176-001177                2
                         001180-00FECD             ED4E
        EEDATA           310000-3103FF              400
        MEDIUMCONST      001142-001143                2
                         001176-001177                2
                         001180-00FECD             ED4E
        RAM              0000F9-0000FF                7
                         0001CD-000FFF              100
        SFR              003800-003FFF              100
        SMALLCONST       001142-001143                2
                         001176-001177                2
                         001180-00FECD              100

                                  Symbol Table

?_FIR_p                                            cstackCOMRAM 000018
?_FilterFIR                                        cstackCOMRAM 00002E
?___lmul                                           cstackCOMRAM 00000C
ADCC_SetADIInterruptHandler@InterruptHandler       cstackBANK1  0001C9
ADCC_StartConversion@channel                       cstackCOMRAM 00000C
ADC_int@result                                     cstackCOMRAM 000033
FIR@buffer                                         bssBANK1     000100
FIR@index                                          bssBANK0     00009E
FIR_p@buffer                                       bssBANK1     000158
FIR_p@coeffs                                       cstackCOMRAM 000018
FIR_p@endBuffer                                    dataBANK0    0000E7
FIR_p@head                                         dataBANK0    0000E5
FIR_p@head_i                                       dataCOMRAM   00004D
FIR_p@i                                            cstackCOMRAM 00002C
FIR_p@indexHead                                    bssBANK0     00009A
FIR_p@indexTail                                    dataBANK0    0000DF
FIR_p@input                                        cstackCOMRAM 00001A
FIR_p@output                                       cstackCOMRAM 000028
FIR_p@startBuffer                                  dataBANK0    0000E9
FIR_p@tail                                         dataBANK0    0000E3
FIR_p@tail_i                                       dataBANK0    0000E1
FilterFIR@input                                    cstackCOMRAM 00002E
FilterIIR@W_1                                      bssBANK0     00007C
FilterIIR@W_2                                      bssBANK0     000070
I2C1_AddrTransmit@addr                             cstackCOMRAM 000007
I2C1_CallbackRegister@callbackHandler              cstackBANK1  0001C9
I2C1_CounterSet@counter                            cstackCOMRAM 000008
I2C1_DataTransmit@data                             cstackCOMRAM 00000B
IIR_p1@W                                           bssBANK0     0000CB
IIR_p1@W_i                                         dataBANK0    0000DB
IIR_p1@X                                           bssBANK1     0001A4
IIR_p1@X_i                                         dataBANK0    0000DD
IIR_p1@Y                                           bssBANK0     000094
IIR_p2@W                                           bssBANK0     0000BF
IIR_p2@W_i                                         dataBANK0    0000D7
IIR_p2@X                                           bssBANK1     000198
IIR_p2@X_i                                         dataBANK0    0000D9
IIR_p2@Y                                           bssBANK0     000090
INT0_SetInterruptHandler@InterruptHandler          cstackBANK1  0001C9
INT1_SetInterruptHandler@InterruptHandler          cstackBANK1  0001C9
INT2_SetInterruptHandler@InterruptHandler          cstackBANK1  0001C9
INTERRUPT_Initialize@state                         cstackBANK0  0000F6
IVTBASEH                                           (abs)        003FD6
IVTBASEL                                           (abs)        003FD5
IVTBASEU                                           (abs)        003FD7
SPI1_ByteWrite@byte                                cstackCOMRAM 00000C
Timer2_OverflowCallbackRegister@InterruptHandler   cstackBANK1  0001C9
Timer_OverflowCallbackRegister@CallbackHandler     cstackBANK1  0001C9
Timer_int@count                                    bssBANK0     0000A0
UART1_FramingErrorCallbackRegister@callbackHandler cstackBANK1  0001C9
UART1_OverrunErrorCallbackRegister@callbackHandler cstackBANK1  0001C9
UART1_ParityErrorCallbackRegister@callbackHandler  cstackBANK1  0001C9
UART1_Receive_Vector_ISR@mesage                    dataBANK0    0000EB
UART1_Receive_Vector_ISR@status                    bssCOMRAM    000046
UART1_TransmitISR@tempTxTail                       cstackCOMRAM 000006
UART1_Write@tempTxHead                             cstackCOMRAM 00000C
UART1_Write@txData                                 cstackCOMRAM 00000D
UART_RX_int@Addres                                 bssCOMRAM    000042
UART_RX_int@OperationV                             bssCOMRAM    000044
UART_RX_int@TypeV                                  bssCOMRAM    000043
UART_RX_int@status                                 bssCOMRAM    000045
_ADACCH                                            (abs)        003EE9
_ADACCL                                            (abs)        003EE8
_ADACCU                                            (abs)        003EEA
_ADACQH                                            (abs)        003EF4
_ADACQL                                            (abs)        003EF3
_ADACT                                             (abs)        003EFE
_ADCAP                                             (abs)        003EF5
_ADCC_ADI_InterruptHandler                         nvBANK0      0000F7
_ADCC_DefaultADI_ISR                               text26       00116C
_ADCC_ISR                                          text25       0008A0
_ADCC_Initialize                                   text22       000926
_ADCC_SetADIInterruptHandler                       text23       0010E6
_ADCC_StartConversion                              text34       001098
_ADCLK                                             (abs)        003EFF
_ADCNT                                             (abs)        003EEB
_ADCON0                                            (abs)        003EF8
_ADCON0bits                                        (abs)        003EF8
_ADCON1                                            (abs)        003EF9
_ADCON1bits                                        (abs)        003EF9
_ADCON2                                            (abs)        003EFA
_ADCON2bits                                        (abs)        003EFA
_ADCON3                                            (abs)        003EFB
_ADCON3bits                                        (abs)        003EFB
_ADC_int                                           text27       00030E
_ADERRH                                            (abs)        003EE3
_ADERRL                                            (abs)        003EE2
_ADFLTRH                                           (abs)        003EE7
_ADFLTRL                                           (abs)        003EE6
_ADLTHH                                            (abs)        003EDF
_ADLTHL                                            (abs)        003EDE
_ADPCH                                             (abs)        003EF1
_ADPREH                                            (abs)        003EF7
_ADPREL                                            (abs)        003EF6
_ADPREVH                                           (abs)        003EEE
_ADPREVL                                           (abs)        003EED
_ADREF                                             (abs)        003EFD
_ADRESH                                            (abs)        003EF0
_ADRESL                                            (abs)        003EEF
_ADRPT                                             (abs)        003EEC
_ADSTAT                                            (abs)        003EFC
_ADSTATbits                                        (abs)        003EFC
_ADSTPTH                                           (abs)        003EE5
_ADSTPTL                                           (abs)        003EE4
_ADUTHH                                            (abs)        003EE1
_ADUTHL                                            (abs)        003EE0
_ANSELA                                            (abs)        003A40
_ANSELB                                            (abs)        003A50
_ANSELC                                            (abs)        003A60
_ANSELD                                            (abs)        003A70
_ANSELE                                            (abs)        003A80
_B                                                 mediumconst  00FFCE
_CLOCK_Initialize                                  text21       000F7E
_DEN                                               mediumconst  00FECF
_DL                                                mediumconst  00FFB5
_Default_ISR                                       text46       001178
_FIR_p                                             text32       0000B2
_FVRCON                                            (abs)        003EC1
_FVRCONbits                                        (abs)        003EC1
_FVR_Initialize                                    text20       00112C
_FilterFIR                                         text31       000C64
_GIE                                               (abs)        01FE97
_I2C1ADB1                                          (abs)        003D6E
_I2C1CLK                                           (abs)        003D7B
_I2C1CNT                                           (abs)        003D6C
_I2C1CON0                                          (abs)        003D73
_I2C1CON0bits                                      (abs)        003D73
_I2C1CON1                                          (abs)        003D74
_I2C1CON1bits                                      (abs)        003D74
_I2C1CON2                                          (abs)        003D75
_I2C1ERR                                           (abs)        003D76
_I2C1ERRbits                                       (abs)        003D76
_I2C1PIE                                           (abs)        003D7A
_I2C1PIEbits                                       (abs)        003D7A
_I2C1PIR                                           (abs)        003D79
_I2C1PIRbits                                       (abs)        003D79
_I2C1RXB                                           (abs)        003D6A
_I2C1SCLPPS                                        (abs)        003AE1
_I2C1SDAPPS                                        (abs)        003AE2
_I2C1STAT0bits                                     (abs)        003D77
_I2C1STAT1                                         (abs)        003D78
_I2C1STAT1bits                                     (abs)        003D78
_I2C1TXB                                           (abs)        003D6B
_I2C1_AddrTransmit                                 text65       00110E
_I2C1_BufferClear                                  text69       001122
_I2C1_BusReset                                     text77       000B4C
_I2C1_Callback                                     bssBANK0     000098
_I2C1_CallbackRegister                             text19       000F2E
_I2C1_Close                                        text66       000E60
_I2C1_CounterGet                                   text61       001150
_I2C1_CounterSet                                   text64       001104
_I2C1_DataReceive                                  text81       00115C
_I2C1_DataTransmit                                 text60       0010FA
_I2C1_DefaultCallback                              text76       00117E
_I2C1_Deinitialize                                 (abs)        000000
_I2C1_ERROR_ISR                                    text70       00044C
_I2C1_ErrorFlagsClear                              text68       001118
_I2C1_ErrorGet                                     (abs)        000000
_I2C1_Host                                         mediumconst  00FF77
_I2C1_ISR                                          text57       000784
_I2C1_Initialize                                   text17       000A04
_I2C1_InterruptsClear                              text67       001134
_I2C1_InterruptsDisable                            text79       001062
_I2C1_InterruptsEnable                             text18       000FC8
_I2C1_IsAddr                                       text75       001036
_I2C1_IsBusCol                                     text74       001020
_I2C1_IsBusTimeOut                                 text73       00100A
_I2C1_IsBusy                                       (abs)        000000
_I2C1_IsData                                       text72       000FF4
_I2C1_IsNack                                       text71       000FDE
_I2C1_RX_ISR                                       text80       000F98
_I2C1_Read                                         (abs)        000000
_I2C1_ReadStart                                    text62       000EAE
_I2C1_RestartDisable                               text59       00114A
_I2C1_StartSend                                    text63       001156
_I2C1_StopSend                                     text58       000E88
_I2C1_TX_ISR                                       text82       000FB0
_I2C1_Write                                        (abs)        000000
_I2C1_WriteRead                                    (abs)        000000
_INLVLA                                            (abs)        003A44
_INLVLB                                            (abs)        003A54
_INLVLC                                            (abs)        003A64
_INLVLD                                            (abs)        003A74
_INLVLE                                            (abs)        003A84
_INT0_CallBack                                     text38       000D22
_INT0_DefaultInterruptHandler                      text39       001170
_INT0_ISR                                          text37       000CF4
_INT0_InterruptHandler                             bssBANK0     0000B8
_INT0_SetInterruptHandler                          text16       0010DC
_INT1_CallBack                                     text41       000D7E
_INT1_DefaultInterruptHandler                      text42       001172
_INT1_ISR                                          text40       000D50
_INT1_InterruptHandler                             bssBANK0     0000B6
_INT1_SetInterruptHandler                          text15       0010D2
_INT2_CallBack                                     text44       000DDA
_INT2_DefaultInterruptHandler                      text45       001174
_INT2_ISR                                          text43       000DAC
_INT2_InterruptHandler                             bssBANK0     0000B4
_INT2_SetInterruptHandler                          text14       0010C8
_INTCON0bits                                       (abs)        003FD2
_INTERRUPT_Initialize                              text13       000814
_IOCAF                                             (abs)        003A47
_IOCAN                                             (abs)        003A46
_IOCAP                                             (abs)        003A45
_IOCBF                                             (abs)        003A57
_IOCBN                                             (abs)        003A56
_IOCBP                                             (abs)        003A55
_IOCCF                                             (abs)        003A67
_IOCCN                                             (abs)        003A66
_IOCCP                                             (abs)        003A65
_IOCEF                                             (abs)        003A87
_IOCEN                                             (abs)        003A86
_IOCEP                                             (abs)        003A85
_IOC_ISR                                           text35       00113C
_IPR0bits                                          (abs)        003980
_IPR1bits                                          (abs)        003981
_IPR2bits                                          (abs)        003982
_IPR3bits                                          (abs)        003983
_IPR4bits                                          (abs)        003984
_IVTBASEH                                          (abs)        003FD6
_IVTBASEL                                          (abs)        003FD5
_IVTBASEU                                          (abs)        003FD7
_IVTLOCK                                           (abs)        003FD4
_IVTLOCKbits                                       (abs)        003FD4
_LATA                                              (abs)        003FBA
_LATB                                              (abs)        003FBB
_LATBbits                                          (abs)        003FBB
_LATC                                              (abs)        003FBC
_LATD                                              (abs)        003FBD
_LATE                                              (abs)        003FBE
_LATEbits                                          (abs)        003FBE
_NL                                                mediumconst  00FFBF
_NUM                                               mediumconst  00FF0B
_ODCONA                                            (abs)        003A42
_ODCONB                                            (abs)        003A52
_ODCONC                                            (abs)        003A62
_ODCOND                                            (abs)        003A72
_ODCONE                                            (abs)        003A82
_OSCCON1                                           (abs)        0039D9
_OSCCON3                                           (abs)        0039DB
_OSCEN                                             (abs)        0039DD
_OSCFRQ                                            (abs)        0039DF
_OSCTUNE                                           (abs)        0039DE
_PERIOD                                            dataBANK0    0000ED
_PIE1bits                                          (abs)        003991
_PIE2bits                                          (abs)        003992
_PIE3bits                                          (abs)        003993
_PIE4bits                                          (abs)        003994
_PIN_MANAGER_IOC                                   text36       00116E
_PIN_MANAGER_Initialize                            text12       000544
_PIR1bits                                          (abs)        0039A1
_PIR2bits                                          (abs)        0039A2
_PIR3bits                                          (abs)        0039A3
_PIR4bits                                          (abs)        0039A4
_PIR5bits                                          (abs)        0039A5
_PIR7bits                                          (abs)        0039A7
_PR2                                               (abs)        003FAB
_RB1I2C                                            (abs)        003A5A
_RB2I2C                                            (abs)        003A5B
_RC3I2C                                            (abs)        003A6A
_RC3PPS                                            (abs)        003A13
_RC4I2C                                            (abs)        003A6B
_RC4PPS                                            (abs)        003A14
_RC5PPS                                            (abs)        003A15
_RC6PPS                                            (abs)        003A16
_RD0I2C                                            (abs)        003A7A
_RD1I2C                                            (abs)        003A7B
_SLRCONA                                           (abs)        003A43
_SLRCONB                                           (abs)        003A53
_SLRCONC                                           (abs)        003A63
_SLRCOND                                           (abs)        003A73
_SLRCONE                                           (abs)        003A83
_SPI1                                              mediumconst  00FF8B
_SPI1BAUD                                          (abs)        003D19
_SPI1CLK                                           (abs)        003D1C
_SPI1CON0                                          (abs)        003D14
_SPI1CON0bits                                      (abs)        003D14
_SPI1CON1                                          (abs)        003D15
_SPI1CON2                                          (abs)        003D16
_SPI1RXB                                           (abs)        003D10
_SPI1SCKPPS                                        (abs)        003ADE
_SPI1SDIPPS                                        (abs)        003ADF
_SPI1TCNTL                                         (abs)        003D12
_SPI1TXB                                           (abs)        003D11
_SPI1_BufferExchange                               (abs)        000000
_SPI1_BufferRead                                   (abs)        000000
_SPI1_BufferWrite                                  (abs)        000000
_SPI1_ByteExchange                                 (abs)        000000
_SPI1_ByteRead                                     (abs)        000000
_SPI1_ByteWrite                                    text30       0010F0
_SPI1_Close                                        (abs)        000000
_SPI1_Initialize                                   text11       000F4C
_SPI1_Open                                         text24       000E36
_SYSTEM_Initialize                                 text1        000C98
_T0CON0                                            (abs)        003FB8
_T0CON0bits                                        (abs)        003FB8
_T0CON1                                            (abs)        003FB9
_T2CLKCON                                          (abs)        003FAE
_T2CON                                             (abs)        003FAC
_T2CONbits                                         (abs)        003FAC
_T2HLT                                             (abs)        003FAD
_T2HLTbits                                         (abs)        003FAD
_T2PR                                              (abs)        003FAB
_T2RST                                             (abs)        003FAF
_T2RSTbits                                         (abs)        003FAF
_T2TMR                                             (abs)        003FAA
_TMR0H                                             (abs)        003FB7
_TMR0L                                             (abs)        003FB6
_TMR2                                              (abs)        003FAA
_TRISA                                             (abs)        003FC2
_TRISB                                             (abs)        003FC3
_TRISC                                             (abs)        003FC4
_TRISCbits                                         (abs)        003FC4
_TRISD                                             (abs)        003FC5
_TRISE                                             (abs)        003FC6
_Timer                                             mediumconst  00FFA9
_Timer2                                            mediumconst  00FF9D
_Timer2_DefaultOverflowCallback                    text48       00117A
_Timer2_ISR                                        text52       001088
_Timer2_Initialize                                 text9        000CC6
_Timer2_OverflowCallback                           bssBANK0     0000AE
_Timer2_OverflowCallbackRegister                   text10       0010BE
_Timer2_PeriodCountSet                             (abs)        000000
_Timer2_Start                                      text29       001162
_Timer2_Stop                                       text53       001166
_Timer_DefaultOverflowCallback                     text49       00117C
_Timer_Initialize                                  text7        000BFA
_Timer_OverflowCallback                            bssBANK0     0000B0
_Timer_OverflowCallbackRegister                    text8        0010B4
_Timer_OverflowISR                                 text47       000A68
_Timer_PeriodCountSet                              (abs)        000000
_Timer_Start                                       (abs)        000000
_Timer_Stop                                        (abs)        000000
_Timer_int                                         text50       000E08
_U1BRGH                                            (abs)        003DF6
_U1BRGL                                            (abs)        003DF5
_U1CON0                                            (abs)        003DF2
_U1CON0bits                                        (abs)        003DF2
_U1CON1                                            (abs)        003DF3
_U1CON1bits                                        (abs)        003DF3
_U1CON2                                            (abs)        003DF4
_U1ERRIE                                           (abs)        003DFA
_U1ERRIR                                           (abs)        003DF9
_U1ERRIRbits                                       (abs)        003DF9
_U1FIFO                                            (abs)        003DF7
_U1P1H                                             (abs)        003DED
_U1P1L                                             (abs)        003DEC
_U1P2H                                             (abs)        003DEF
_U1P2L                                             (abs)        003DEE
_U1P3H                                             (abs)        003DF1
_U1P3L                                             (abs)        003DF0
_U1RXB                                             (abs)        003DE8
_U1RXCHK                                           (abs)        003DE9
_U1RXPPS                                           (abs)        003AE5
_U1TXB                                             (abs)        003DEA
_U1TXCHK                                           (abs)        003DEB
_U1UIR                                             (abs)        003DF8
_U1UIRbits                                         (abs)        003DF8
_U2BRGH                                            (abs)        003DDE
_U2BRGL                                            (abs)        003DDD
_U2CON0                                            (abs)        003DDA
_U2CON1                                            (abs)        003DDB
_U2CON2                                            (abs)        003DDC
_U2ERRIE                                           (abs)        003DE2
_U2ERRIR                                           (abs)        003DE1
_U2FIFO                                            (abs)        003DDF
_U2P1L                                             (abs)        003DD4
_U2P2L                                             (abs)        003DD6
_U2P3L                                             (abs)        003DD8
_U2TXB                                             (abs)        003DD2
_U2UIR                                             (abs)        003DE0
_UART                                              mediumconst  00FF47
_UART1_AutoBaudQuery                               (abs)        000000
_UART1_AutoBaudSet                                 (abs)        000000
_UART1_DefaultFramingErrorCallback                 (abs)        000000
_UART1_DefaultOverrunErrorCallback                 (abs)        000000
_UART1_DefaultParityErrorCallback                  (abs)        000000
_UART1_Deinitialize                                (abs)        000000
_UART1_ErrorGet                                    (abs)        000000
_UART1_FramingErrorCallbackRegister                text6        000F10
_UART1_FramingErrorHandler                         bssBANK0     0000AA
_UART1_Initialize                                  text3        000630
_UART1_IsRxReady                                   (abs)        000000
_UART1_IsTxDone                                    (abs)        000000
_UART1_IsTxReady                                   (abs)        000000
_UART1_OverrunErrorCallbackRegister                text5        000EF2
_UART1_OverrunErrorHandler                         bssBANK0     0000A8
_UART1_ParityErrorCallbackRegister                 text4        000ED4
_UART1_ParityErrorHandler                          bssBANK0     0000A6
_UART1_Read                                        (abs)        000000
_UART1_ReceiveISR                                  (abs)        000000
_UART1_Receive_Vector_ISR                          text54       000B0C
_UART1_RxCompleteCallbackRegister                  (abs)        000000
_UART1_RxCompleteInterruptHandler                  bssBANK0     0000A2
_UART1_RxInterruptHandler                          bssBANK0     0000BA
_UART1_TransmitDisable                             (abs)        000000
_UART1_TransmitEnable                              (abs)        000000
_UART1_TransmitISR                                 text56       000BC2
_UART1_Transmit_Vector_ISR                         text55       001144
_UART1_TxCompleteCallbackRegister                  (abs)        000000
_UART1_TxCompleteInterruptHandler                  bssBANK0     0000A4
_UART1_TxInterruptHandler                          bssBANK0     0000BC
_UART1_Write                                       text28       000ABC
_UART2_Initialize                                  text2        000B8A
_WPUA                                              (abs)        003A41
_WPUB                                              (abs)        003A51
_WPUC                                              (abs)        003A61
_WPUD                                              (abs)        003A71
_WPUE                                              (abs)        003A81
__HRAM                                             (abs)        000000
__Habs1                                            abs1         000000
__Hbank0                                           bank0        000000
__Hbank1                                           bank1        000000
__Hbank10                                          bank10       000000
__Hbank11                                          bank11       000000
__Hbank12                                          bank12       000000
__Hbank13                                          bank13       000000
__Hbank14                                          bank14       000000
__Hbank15                                          bank15       000000
__Hbank2                                           bank2        000000
__Hbank3                                           bank3        000000
__Hbank4                                           bank4        000000
__Hbank5                                           bank5        000000
__Hbank6                                           bank6        000000
__Hbank7                                           bank7        000000
__Hbank8                                           bank8        000000
__Hbank9                                           bank9        000000
__Hbigbss                                          bigbss       000000
__Hbigdata                                         bigdata      000000
__Hbigram                                          bigram       000000
__Hbigsfr                                          bigsfr       000000
__Hbss                                             bss          000000
__HbssBANK0                                        bssBANK0     000000
__HbssBANK1                                        bssBANK1     000000
__HbssCOMRAM                                       bssCOMRAM    000000
__Hcinit                                           cinit        000000
__Hclrtext                                         clrtext      000000
__Hcomram                                          comram       000000
__Hconfig                                          config       30000A
__Hconst                                           const        000000
__HcstackBANK0                                     cstackBANK0  000000
__HcstackBANK1                                     cstackBANK1  000000
__HcstackCOMRAM                                    cstackCOMRAM 000000
__Hdata                                            data         000000
__HdataBANK0                                       dataBANK0    000000
__HdataBANK1                                       dataBANK1    000000
__HdataCOMRAM                                      dataCOMRAM   000000
__Heeprom_data                                     eeprom_data  000000
__Hfarbss                                          farbss       000000
__Hfardata                                         fardata      000000
__Hheap                                            heap         000000
__Hibigdata                                        ibigdata     000000
__Hidata                                           idata        000000
__HidataBANK0                                      idataBANK0   000000
__HidataBANK1                                      idataBANK1   000000
__HidataCOMRAM                                     idataCOMRAM  000000
__Hidloc                                           idloc        200010
__Hifardata                                        ifardata     000000
__Hinit                                            init         0000B2
__Hintsave_regs                                    intsave_regs 000000
__Hirdata                                          irdata       000000
__Hivt0x8                                          ivt0x8       0000AE
__Hmediumconst                                     mediumconst  010000
__HnvBANK0                                         nvBANK0      000000
__HnvFARRAM                                        nvFARRAM     000000
__Hnvbit                                           nvbit        000000
__Hnvrram                                          nvrram       000000
__Hparam                                           rparam       000000
__Hpowerup                                         powerup      000000
__Hram                                             ram          000000
__Hramtop                                          ramtop       001000
__Hrbit                                            rbit         000000
__Hrbss                                            rbss         000000
__Hrdata                                           rdata        000000
__Hreset_vec                                       reset_vec    000004
__Hrparam                                          rparam       000000
__Hsfr                                             sfr          000000
__Hsmallconst                                      smallconst   000000
__Hspace_0                                         (abs)        010000
__Hspace_1                                         (abs)        0001CD
__Hspace_2                                         (abs)        000000
__Hspace_4                                         (abs)        60000A
__Hstack                                           stack        000000
__Hstruct                                          struct       000000
__Htemp                                            temp         000000
__Htext                                            text         000000
__Htext0                                           text0        000000
__Htext1                                           text1        000000
__Htext10                                          text10       000000
__Htext11                                          text11       000000
__Htext12                                          text12       000000
__Htext13                                          text13       000000
__Htext14                                          text14       000000
__Htext15                                          text15       000000
__Htext16                                          text16       000000
__Htext17                                          text17       000000
__Htext18                                          text18       000000
__Htext19                                          text19       000000
__Htext2                                           text2        000000
__Htext20                                          text20       000000
__Htext21                                          text21       000000
__Htext22                                          text22       000000
__Htext23                                          text23       000000
__Htext24                                          text24       000000
__Htext25                                          text25       000000
__Htext26                                          text26       000000
__Htext27                                          text27       000000
__Htext28                                          text28       000000
__Htext29                                          text29       000000
__Htext3                                           text3        000000
__Htext30                                          text30       000000
__Htext31                                          text31       000000
__Htext32                                          text32       000000
__Htext33                                          text33       000000
__Htext34                                          text34       000000
__Htext35                                          text35       000000
__Htext36                                          text36       000000
__Htext37                                          text37       000000
__Htext38                                          text38       000000
__Htext39                                          text39       000000
__Htext4                                           text4        000000
__Htext40                                          text40       000000
__Htext41                                          text41       000000
__Htext42                                          text42       000000
__Htext43                                          text43       000000
__Htext44                                          text44       000000
__Htext45                                          text45       000000
__Htext46                                          text46       000000
__Htext47                                          text47       000000
__Htext48                                          text48       000000
__Htext49                                          text49       000000
__Htext5                                           text5        000000
__Htext50                                          text50       000000
__Htext51                                          text51       000000
__Htext52                                          text52       000000
__Htext53                                          text53       000000
__Htext54                                          text54       000000
__Htext55                                          text55       000000
__Htext56                                          text56       000000
__Htext57                                          text57       000000
__Htext58                                          text58       000000
__Htext59                                          text59       000000
__Htext6                                           text6        000000
__Htext60                                          text60       000000
__Htext61                                          text61       000000
__Htext62                                          text62       000000
__Htext63                                          text63       000000
__Htext64                                          text64       000000
__Htext65                                          text65       000000
__Htext66                                          text66       000000
__Htext67                                          text67       000000
__Htext68                                          text68       000000
__Htext69                                          text69       000000
__Htext7                                           text7        000000
__Htext70                                          text70       000000
__Htext71                                          text71       000000
__Htext72                                          text72       000000
__Htext73                                          text73       000000
__Htext74                                          text74       000000
__Htext75                                          text75       000000
__Htext76                                          text76       000000
__Htext77                                          text77       000000
__Htext78                                          text78       000000
__Htext79                                          text79       000000
__Htext8                                           text8        000000
__Htext80                                          text80       000000
__Htext81                                          text81       000000
__Htext82                                          text82       000000
__Htext83                                          text83       000000
__Htext9                                           text9        000000
__LRAM                                             (abs)        000001
__Labs1                                            abs1         000000
__Lbank0                                           bank0        000000
__Lbank1                                           bank1        000000
__Lbank10                                          bank10       000000
__Lbank11                                          bank11       000000
__Lbank12                                          bank12       000000
__Lbank13                                          bank13       000000
__Lbank14                                          bank14       000000
__Lbank15                                          bank15       000000
__Lbank2                                           bank2        000000
__Lbank3                                           bank3        000000
__Lbank4                                           bank4        000000
__Lbank5                                           bank5        000000
__Lbank6                                           bank6        000000
__Lbank7                                           bank7        000000
__Lbank8                                           bank8        000000
__Lbank9                                           bank9        000000
__Lbigbss                                          bigbss       000000
__Lbigdata                                         bigdata      000000
__Lbigram                                          bigram       000000
__Lbigsfr                                          bigsfr       000000
__Lbss                                             bss          000000
__LbssBANK0                                        bssBANK0     000000
__LbssBANK1                                        bssBANK1     000000
__LbssCOMRAM                                       bssCOMRAM    000000
__Lcinit                                           cinit        000000
__Lclrtext                                         clrtext      000000
__Lcomram                                          comram       000000
__Lconfig                                          config       000000
__Lconst                                           const        000000
__LcstackBANK0                                     cstackBANK0  000000
__LcstackBANK1                                     cstackBANK1  000000
__LcstackCOMRAM                                    cstackCOMRAM 000000
__Ldata                                            data         000000
__LdataBANK0                                       dataBANK0    000000
__LdataBANK1                                       dataBANK1    000000
__LdataCOMRAM                                      dataCOMRAM   000000
__Leeprom_data                                     eeprom_data  000000
__Lfarbss                                          farbss       000000
__Lfardata                                         fardata      000000
__Lheap                                            heap         000000
__Libigdata                                        ibigdata     000000
__Lidata                                           idata        000000
__LidataBANK0                                      idataBANK0   000000
__LidataBANK1                                      idataBANK1   000000
__LidataCOMRAM                                     idataCOMRAM  000000
__Lidloc                                           idloc        000000
__Lifardata                                        ifardata     000000
__Linit                                            init         0000AE
__Lintsave_regs                                    intsave_regs 000000
__Lirdata                                          irdata       000000
__Livt0x8                                          ivt0x8       000008
__Lmediumconst                                     mediumconst  00FECE
__LnvBANK0                                         nvBANK0      000000
__LnvFARRAM                                        nvFARRAM     000000
__Lnvbit                                           nvbit        000000
__Lnvrram                                          nvrram       000000
__Lparam                                           rparam       000000
__Lpowerup                                         powerup      000000
__Lram                                             ram          000000
__Lramtop                                          ramtop       001000
__Lrbit                                            rbit         000000
__Lrbss                                            rbss         000000
__Lrdata                                           rdata        000000
__Lreset_vec                                       reset_vec    000000
__Lrparam                                          rparam       000000
__Lsfr                                             sfr          000000
__Lsmallconst                                      smallconst   000000
__Lspace_0                                         (abs)        000000
__Lspace_1                                         (abs)        000000
__Lspace_2                                         (abs)        000000
__Lspace_4                                         (abs)        000000
__Lstack                                           stack        000000
__Lstruct                                          struct       000000
__Ltemp                                            temp         000000
__Ltext                                            text         000000
__Ltext0                                           text0        000000
__Ltext1                                           text1        000000
__Ltext10                                          text10       000000
__Ltext11                                          text11       000000
__Ltext12                                          text12       000000
__Ltext13                                          text13       000000
__Ltext14                                          text14       000000
__Ltext15                                          text15       000000
__Ltext16                                          text16       000000
__Ltext17                                          text17       000000
__Ltext18                                          text18       000000
__Ltext19                                          text19       000000
__Ltext2                                           text2        000000
__Ltext20                                          text20       000000
__Ltext21                                          text21       000000
__Ltext22                                          text22       000000
__Ltext23                                          text23       000000
__Ltext24                                          text24       000000
__Ltext25                                          text25       000000
__Ltext26                                          text26       000000
__Ltext27                                          text27       000000
__Ltext28                                          text28       000000
__Ltext29                                          text29       000000
__Ltext3                                           text3        000000
__Ltext30                                          text30       000000
__Ltext31                                          text31       000000
__Ltext32                                          text32       000000
__Ltext33                                          text33       000000
__Ltext34                                          text34       000000
__Ltext35                                          text35       000000
__Ltext36                                          text36       000000
__Ltext37                                          text37       000000
__Ltext38                                          text38       000000
__Ltext39                                          text39       000000
__Ltext4                                           text4        000000
__Ltext40                                          text40       000000
__Ltext41                                          text41       000000
__Ltext42                                          text42       000000
__Ltext43                                          text43       000000
__Ltext44                                          text44       000000
__Ltext45                                          text45       000000
__Ltext46                                          text46       000000
__Ltext47                                          text47       000000
__Ltext48                                          text48       000000
__Ltext49                                          text49       000000
__Ltext5                                           text5        000000
__Ltext50                                          text50       000000
__Ltext51                                          text51       000000
__Ltext52                                          text52       000000
__Ltext53                                          text53       000000
__Ltext54                                          text54       000000
__Ltext55                                          text55       000000
__Ltext56                                          text56       000000
__Ltext57                                          text57       000000
__Ltext58                                          text58       000000
__Ltext59                                          text59       000000
__Ltext6                                           text6        000000
__Ltext60                                          text60       000000
__Ltext61                                          text61       000000
__Ltext62                                          text62       000000
__Ltext63                                          text63       000000
__Ltext64                                          text64       000000
__Ltext65                                          text65       000000
__Ltext66                                          text66       000000
__Ltext67                                          text67       000000
__Ltext68                                          text68       000000
__Ltext69                                          text69       000000
__Ltext7                                           text7        000000
__Ltext70                                          text70       000000
__Ltext71                                          text71       000000
__Ltext72                                          text72       000000
__Ltext73                                          text73       000000
__Ltext74                                          text74       000000
__Ltext75                                          text75       000000
__Ltext76                                          text76       000000
__Ltext77                                          text77       000000
__Ltext78                                          text78       000000
__Ltext79                                          text79       000000
__Ltext8                                           text8        000000
__Ltext80                                          text80       000000
__Ltext81                                          text81       000000
__Ltext82                                          text82       000000
__Ltext83                                          text83       000000
__Ltext9                                           text9        000000
__S0                                               (abs)        010000
__S1                                               (abs)        0001CD
__S4                                               (abs)        000000
__S5                                               (abs)        000000
___heap_hi                                         (abs)        000000
___heap_lo                                         (abs)        000000
___inthi_sp                                        stack        000000
___intlo_sp                                        stack        000000
___lmul                                            text33       00099A
___lmul@multiplicand                               cstackCOMRAM 000010
___lmul@multiplier                                 cstackCOMRAM 00000C
___lmul@product                                    cstackCOMRAM 000014
___param_bank                                      (abs)        000000
___rparam_used                                     (abs)        000001
___sp                                              stack        000000
__accesstop                                        (abs)        000060
__activetblptr                                     (abs)        000003
__end_of_ADCC_DefaultADI_ISR                       text26       00116E
__end_of_ADCC_ISR                                  text25       000926
__end_of_ADCC_Initialize                           text22       00099A
__end_of_ADCC_SetADIInterruptHandler               text23       0010F0
__end_of_ADCC_StartConversion                      text34       0010A6
__end_of_ADC_int                                   text27       00044C
__end_of_B                                         mediumconst  00FFFE
__end_of_CLOCK_Initialize                          text21       000F96
__end_of_DEN                                       mediumconst  00FF0B
__end_of_DL                                        mediumconst  00FFBF
__end_of_Default_ISR                               text46       00117A
__end_of_FIR_p                                     text32       00030E
__end_of_FVR_Initialize                            text20       001134
__end_of_FilterFIR                                 text31       000C98
__end_of_I2C1_AddrTransmit                         text65       001118
__end_of_I2C1_BufferClear                          text69       00112C
__end_of_I2C1_BusReset                             text77       000B8A
__end_of_I2C1_CallbackRegister                     text19       000F4C
__end_of_I2C1_Close                                text66       000E88
__end_of_I2C1_CounterGet                           text61       001156
__end_of_I2C1_CounterSet                           text64       00110E
__end_of_I2C1_DataReceive                          text81       001162
__end_of_I2C1_DataTransmit                         text60       001104
[...]
__end_of_I2C1_RestartDisable                       text59       001150
__end_of_I2C1_StartSend                            text63       00115C
__end_of_I2C1_StopSend                             text58       000EAE
__end_of_I2C1_TX_ISR                               text82       000FC8
__end_of_INT0_CallBack                             text38       000D50
__end_of_INT0_DefaultInterruptHandler              text39       001172
__end_of_INT0_ISR                                  text37       000D22
__end_of_INT0_SetInterruptHandler                  text16       0010E6
__end_of_INT1_CallBack                             text41       000DAC
__end_of_INT1_DefaultInterruptHandler              text42       001174
__end_of_INT1_ISR                                  text40       000D7E
__end_of_INT1_SetInterruptHandler                  text15       0010DC
__end_of_INT2_CallBack                             text44       000E08
__end_of_INT2_DefaultInterruptHandler              text45       001176
__end_of_INT2_ISR                                  text43       000DDA
__end_of_INT2_SetInterruptHandler                  text14       0010D2
__end_of_INTERRUPT_Initialize                      text13       00089E
__end_of_IOC_ISR                                   text35       001142
__end_of_NL                                        mediumconst  00FFC9
__end_of_NUM                                       mediumconst  00FF47
__end_of_PIN_MANAGER_IOC                           text36       001170
__end_of_PIN_MANAGER_Initialize                    text12       000630
__end_of_SPI1                                      mediumconst  00FF9D
__end_of_SPI1_ByteWrite                            text30       0010FA
__end_of_SPI1_Initialize                           text11       000F66
__end_of_SPI1_Open                                 text24       000E60
__end_of_SYSTEM_Initialize                         text1        000CC6
__end_of_Timer                                     mediumconst  00FFB5
__end_of_Timer2                                    mediumconst  00FFA9
__end_of_Timer2_DefaultOverflowCallback            text48       00117C
__end_of_Timer2_ISR                                text52       001098
__end_of_Timer2_Initialize                         text9        000CF4
__end_of_Timer2_OverflowCallbackRegister           text10       0010C8
__end_of_Timer2_Start                              text29       001166
__end_of_Timer2_Stop                               text53       00116A
__end_of_Timer_DefaultOverflowCallback             text49       00117E
__end_of_Timer_Initialize                          text7        000C30
__end_of_Timer_OverflowCallbackRegister            text8        0010BE
__end_of_Timer_OverflowISR                         text47       000ABC
__end_of_Timer_int                                 text50       000E36
__end_of_UART                                      mediumconst  00FF77
__end_of_UART1_FramingErrorCallbackRegister        text6        000F2E
__end_of_UART1_Initialize                          text3        0006EC
__end_of_UART1_OverrunErrorCallbackRegister        text5        000F10
__end_of_UART1_ParityErrorCallbackRegister         text4        000EF2
__end_of_UART1_Receive_Vector_ISR                  text54       000B4C
__end_of_UART1_TransmitISR                         text56       000BFA
__end_of_UART1_Transmit_Vector_ISR                 text55       00114A
__end_of_UART1_Write                               text28       000B0C
__end_of_UART2_Initialize                          text2        000BC2
__end_of___lmul                                    text33       000A04
__end_of__initialization                           cinit        00077C
__end_of_main                                      text0        000C64
__end_of_spi1_configuration                        mediumconst  00FFCE
__end_ofi2_ADCC_StartConversion                    text51       0010B4
__end_ofi2_I2C1_InterruptsEnable                   text78       001062
__initialization                                   cinit        0006EC
__mediumconst                                      mediumconst  00FECE
__pbssBANK0                                        bssBANK0     000060
__pbssBANK1                                        bssBANK1     000100
__pbssCOMRAM                                       bssCOMRAM    000035
__pcinit                                           cinit        0006EC
__pcstackBANK0                                     cstackBANK0  0000EF
__pcstackBANK1                                     cstackBANK1  0001C0
__pcstackCOMRAM                                    cstackCOMRAM 000001
__pdataBANK0                                       dataBANK0    0000D7
__pdataBANK1                                       dataBANK1    0001B0
__pdataCOMRAM                                      dataCOMRAM   00004D
__pidataBANK0                                      idataBANK0   000F66
__pidataBANK1                                      idataBANK1   001078
__pidataCOMRAM                                     idataCOMRAM  00116A
__pivt0x8                                          ivt0x8       000008
__pmediumconst                                     mediumconst  00FECE
__pnvBANK0                                         nvBANK0      0000F7
__ptext0                                           text0        000C30
__ptext1                                           text1        000C98
__ptext10                                          text10       0010BE
__ptext11                                          text11       000F4C
__ptext12                                          text12       000544
__ptext13                                          text13       000814
__ptext14                                          text14       0010C8
__ptext15                                          text15       0010D2
__ptext16                                          text16       0010DC
__ptext17                                          text17       000A04
__ptext18                                          text18       000FC8
__ptext19                                          text19       000F2E
__ptext2                                           text2        000B8A
__ptext20                                          text20       00112C
__ptext21                                          text21       000F7E
__ptext22                                          text22       000926
__ptext23                                          text23       0010E6
__ptext24                                          text24       000E36
__ptext25                                          text25       0008A0
__ptext26                                          text26       00116C
__ptext27                                          text27       00030E
__ptext28                                          text28       000ABC
__ptext29                                          text29       001162
__ptext3                                           text3        000630
__ptext30                                          text30       0010F0
__ptext31                                          text31       000C64
__ptext32                                          text32       0000B2
__ptext33                                          text33       00099A
__ptext34                                          text34       001098
__ptext35                                          text35       00113C
__ptext36                                          text36       00116E
__ptext37                                          text37       000CF4
__ptext38                                          text38       000D22
__ptext39                                          text39       001170
__ptext4                                           text4        000ED4
__ptext40                                          text40       000D50
__ptext41                                          text41       000D7E
__ptext42                                          text42       001172
__ptext43                                          text43       000DAC
__ptext44                                          text44       000DDA
__ptext45                                          text45       001174
__ptext46                                          text46       001178
__ptext47                                          text47       000A68
__ptext48                                          text48       00117A
__ptext49                                          text49       00117C
__ptext5                                           text5        000EF2
__ptext50                                          text50       000E08
__ptext51                                          text51       0010A6
__ptext52                                          text52       001088
__ptext53                                          text53       001166
__ptext54                                          text54       000B0C
__ptext55                                          text55       001144
__ptext56                                          text56       000BC2
__ptext57                                          text57       000784
__ptext58                                          text58       000E88
__ptext59                                          text59       00114A
__ptext6                                           text6        000F10
__ptext60                                          text60       0010FA
__ptext61                                          text61       001150
__ptext62                                          text62       000EAE
__ptext63                                          text63       001156
__ptext64                                          text64       001104
__ptext65                                          text65       00110E
__ptext66                                          text66       000E60
__ptext67                                          text67       001134
__ptext68                                          text68       001118
__ptext69                                          text69       001122
__ptext7                                           text7        000BFA
__ptext70                                          text70       00044C
__ptext71                                          text71       000FDE
__ptext72                                          text72       000FF4
__ptext73                                          text73       00100A
__ptext74                                          text74       001020
__ptext75                                          text75       001036
__ptext76                                          text76       00117E
__ptext77                                          text77       000B4C
__ptext78                                          text78       00104C
__ptext79                                          text79       001062
__ptext8                                           text8        0010B4
__ptext80                                          text80       000F98
__ptext81                                          text81       00115C
__ptext82                                          text82       000FB0
__ptext83                                          text83       000000
__ptext9                                           text9        000CC6
__ramtop                                           ramtop       001000
__smallconst                                       smallconst   000000
_char_hex                                          dataBANK1    0001B0
_i2c1Status                                        bssCOMRAM    000035
_main                                              text0        000C30
_timerTMR0ReloadVal16bit                           bssBANK0     0000B2
_uart1RxBuffer                                     bssBANK0     000088
_uart1RxCount                                      bssCOMRAM    000047
_uart1RxHead                                       bssCOMRAM    000049
_uart1RxLastError                                  bssBANK0     0000AC
_uart1RxStatusBuffer                               bssBANK0     000060
_uart1RxTail                                       bssCOMRAM    000048
_uart1TxBuffer                                     bssBANK1     000140
_uart1TxBufferRemaining                            bssCOMRAM    00004A
_uart1TxHead                                       bssCOMRAM    00004C
_uart1TxTail                                       bssCOMRAM    00004B
end_of_initialization                              cinit        00077C
i2ADCC_StartConversion@channel                     cstackCOMRAM 000001
i2_ADCC_StartConversion                            text51       0010A6
i2_I2C1_InterruptsEnable                           text78       00104C
intlevel0                                          text         000000
intlevel1                                          text         000000
intlevel2                                          text         000000
intlevel3                                          text         000000
isa$std                                            (abs)        000001
isa$xinst                                          (abs)        000000
ivt0x8_base                                        ivt0x8       000008
ivt0x8_undefint                                    ivt0x8       0000AC
stackhi                                            (abs)        000000
stacklo                                            (abs)        000000
start                                              init         0000AE
start_initialization                               cinit        0006EC


MODULE INFORMATION

Module		Function		Class		Link	Load	Size
mcc_generated_files/peripheral/src/uart2.c
		_UART2_Initialize		CODE           	0B8A	0000	56

mcc_generated_files/peripheral/src/uart2.c estimated size: 56

mcc_generated_files/system/src/interrupt.c
		_IOC_ISR       		CODE           	113C	0000	6
		_INT0_SetInterruptHandler		CODE           	10DC	0000	10
		_INT1_SetInterruptHandler		CODE           	10D2	0000	10
		_INT2_SetInterruptHandler		CODE           	10C8	0000	10
		_INTERRUPT_Initialize		CODE           	0814	0000	138
		_INT0_DefaultInterruptHandler		CODE           	1170	0000	2
		_INT0_CallBack 		CODE           	0D22	0000	46
		_INT1_DefaultInterruptHandler		CODE           	1172	0000	2
		_INT1_CallBack 		CODE           	0D7E	0000	46
		_INT2_DefaultInterruptHandler		CODE           	1174	0000	2
		_INT2_CallBack 		CODE           	0DDA	0000	46
		_Default_ISR   		CODE           	1178	0000	2
		_INT0_ISR      		CODE           	0CF4	0000	46
		_INT1_ISR      		CODE           	0D50	0000	46
		_INT2_ISR      		CODE           	0DAC	0000	46

mcc_generated_files/system/src/interrupt.c estimated size: 458

mcc_generated_files/adc/src/adcc.c
		_ADCC_DefaultADI_ISR		CODE           	116C	0000	2
		_ADCC_SetADIInterruptHandler		CODE           	10E6	0000	10
		_ADCC_ISR      		CODE           	08A0	0000	134
		_ADCC_StartConversion		CODE           	1098	0000	14
		_ADCC_Initialize		CODE           	0926	0000	116

mcc_generated_files/adc/src/adcc.c estimated size: 276

C:\Program Files\Microchip\xc8\v2.40\pic\sources\c99\common\Umul32.c
		___lmul        		CODE           	099A	0000	106

C:\Program Files\Microchip\xc8\v2.40\pic\sources\c99\common\Umul32.c estimated size: 106

mcc_generated_files/uart/src/uart1.c
		_UART1_Write   		CODE           	0ABC	0000	80
		_UART1_FramingErrorCallbackRegister		CODE           	0F10	0000	30
		_UART1_Transmit_Vector_ISR		CODE           	1144	0000	6
		_UART1_Receive_Vector_ISR		CODE           	0B0C	0000	64
		_UART1_OverrunErrorCallbackRegister		CODE           	0EF2	0000	30
		_UART1_Initialize		CODE           	0630	0000	188
		_UART1_TransmitISR		CODE           	0BC2	0000	56
		_UART1_ParityErrorCallbackRegister		CODE           	0ED4	0000	30

mcc_generated_files/uart/src/uart1.c estimated size: 484

mcc_generated_files/i2c_host/src/i2c1.c
		_I2C1_CallbackRegister		CODE           	0F2E	0000	30
		_I2C1_RX_ISR   		CODE           	0F98	0000	24
		_I2C1_InterruptsEnable		CODE           	0FC8	0000	22
		_I2C1_CounterGet		CODE           	1150	0000	6
		_I2C1_CounterSet		CODE           	1104	0000	10
		_I2C1_ReadStart		CODE           	0EAE	0000	38
		_I2C1_InterruptsClear		CODE           	1134	0000	8
		_I2C1_ISR      		CODE           	0784	0000	144
		_I2C1_DataReceive		CODE           	115C	0000	6
		_I2C1_IsData   		CODE           	0FF4	0000	22
		_I2C1_IsNack   		CODE           	0FDE	0000	22
		_I2C1_IsAddr   		CODE           	1036	0000	22
		_I2C1_InterruptsDisable		CODE           	1062	0000	22
		_I2C1_BufferClear		CODE           	1122	0000	10
		_I2C1_BusReset 		CODE           	0B4C	0000	62
		_I2C1_Initialize		CODE           	0A04	0000	100
		_I2C1_Close    		CODE           	0E60	0000	40
		_I2C1_IsBusCol 		CODE           	1020	0000	22
		_I2C1_ERROR_ISR		CODE           	044C	0000	248
		_I2C1_ErrorFlagsClear		CODE           	1118	0000	10
		_I2C1_TX_ISR   		CODE           	0FB0	0000	24
		_I2C1_StopSend 		CODE           	0E88	0000	38
		_I2C1_RestartDisable		CODE           	114A	0000	6
		_I2C1_DataTransmit		CODE           	10FA	0000	10
		_I2C1_AddrTransmit		CODE           	110E	0000	10
		_I2C1_IsBusTimeOut		CODE           	100A	0000	22
		_I2C1_DefaultCallback		CODE           	117E	0000	2
		_I2C1_StartSend		CODE           	1156	0000	6

mcc_generated_files/i2c_host/src/i2c1.c estimated size: 986

mcc_generated_files/system/src/pins.c
		_PIN_MANAGER_Initialize		CODE           	0544	0000	236
		_PIN_MANAGER_IOC		CODE           	116E	0000	2

mcc_generated_files/system/src/pins.c estimated size: 238

Timer_int.c
		_Timer_int     		CODE           	0E08	0000	46

Timer_int.c estimated size: 46

shared
		_SPI1          		MEDIUMCONST    	FF8B	0000	18
		_NUM           		MEDIUMCONST    	FF0B	0000	60
		_UART          		MEDIUMCONST    	FF47	0000	48
		_Timer         		MEDIUMCONST    	FFA9	0000	12
		i2_I2C1_InterruptsEnable		CODE           	104C	0000	22
		_Timer2        		MEDIUMCONST    	FF9D	0000	12
		_DL            		MEDIUMCONST    	FFB5	0000	10
		__initialization		CODE           	06EC	0000	144
		_I2C1_Host     		MEDIUMCONST    	FF77	0000	20
		_NL            		MEDIUMCONST    	FFBF	0000	10
		_DEN           		MEDIUMCONST    	FECF	0000	60
		_B             		MEDIUMCONST    	FFCE	0000	48
		i2_ADCC_StartConversion		CODE           	10A6	0000	14
		_spi1_configuration		MEDIUMCONST    	0000	0000	0

shared estimated size: 478

FIR.c
		_FIR_p         		CODE           	00B2	0000	604
		_FilterFIR     		CODE           	0C64	0000	52

FIR.c estimated size: 656

mcc_generated_files/timer/src/tmr2.c
		_Timer2_Initialize		CODE           	0CC6	0000	46
		_Timer2_OverflowCallbackRegister		CODE           	10BE	0000	10
		_Timer2_DefaultOverflowCallback		CODE           	117A	0000	2
		_Timer2_ISR    		CODE           	1088	0000	16
		_Timer2_Stop   		CODE           	1166	0000	4
		_Timer2_Start  		CODE           	1162	0000	4

mcc_generated_files/timer/src/tmr2.c estimated size: 82

mcc_generated_files/system/src/clock.c
		_CLOCK_Initialize		CODE           	0F7E	0000	24

mcc_generated_files/system/src/clock.c estimated size: 24

ADC_int.c
		_ADC_int       		CODE           	030E	0000	318

ADC_int.c estimated size: 318

mcc_generated_files/timer/src/tmr0.c
		_Timer_OverflowISR		CODE           	0A68	0000	84
		_Timer_Initialize		CODE           	0BFA	0000	54
		_Timer_DefaultOverflowCallback		CODE           	117C	0000	2
		_Timer_OverflowCallbackRegister		CODE           	10B4	0000	10

mcc_generated_files/timer/src/tmr0.c estimated size: 150

main.c
		_main          		CODE           	0C30	0000	52

main.c estimated size: 52

mcc_generated_files/fvr/src/fvr.c
		_FVR_Initialize		CODE           	112C	0000	8

mcc_generated_files/fvr/src/fvr.c estimated size: 8

mcc_generated_files/system/src/system.c
		_SYSTEM_Initialize		CODE           	0C98	0000	46

mcc_generated_files/system/src/system.c estimated size: 46

mcc_generated_files/spi/src/spi1.c
		_SPI1_ByteWrite		CODE           	10F0	0000	10
		_SPI1_Open     		CODE           	0E36	0000	42
		_SPI1_Initialize		CODE           	0F4C	0000	26

mcc_generated_files/spi/src/spi1.c estimated size: 78

